schema_version: '2.0'
architecture_generation: v2
evaluator_id: fam_teb_v2_02_evaluator_1
formal_result: false
runtime_ready: false
scene_id: v2-04g-r1-maneuver-s4933
family: MANEUVER
split: calibration
seed: 4933
instance_sha256: 99d3c1523628e58b1cfc45cd68624733bc6a7a8df0ba33fa8d7b6a8d2a3b17ff
raw_trace_sha256: 5ec4b7403b16c8408311990abdb4a471cc1a8b87cac3afbf3ac2bb280552ac00
termination: SUCCESS
metrics:
  common:
    success: true
    collision: false
    navigation_time_s: 23.9
    path_length_m: 4.214978038064709
    mean_abs_speed_mps: 0.1764414465248884
    minimum_clearance_m: 0.3271231772745816
    stop_count: 6
    reverse_distance_m: 2.332362612683433
  family:
    gear_switch_count: 5
    gear_switch_while_moving_count: 4
    reverse_distance_m: 2.332362612683433
stage: V2-04G-R2
method: rule_multi_anchor
episode_timeout_s: 60.0
tracker_message_count: 366
tracker_health_valid_fraction: 1.0
finite_ttc_sample_count: 0
ttc_status: NO_CONFLICT_IN_HORIZON
context_message_count: 120
context_valid_count: 119
context_geometry_sequence:
- MANEUVER
- STATIC_DENSE
- BALANCED
- STATIC_DENSE
context_geometry_switch_count: 3
transaction_message_count: 24
transaction_valid_count: 24
transaction_activated_count: 24
transaction_fault_count: 0
transaction_backends:
- simulation_teb_dynamic_reconfigure
active_anchor_sequence:
- anchor_maneuver_reverse
- anchor_static_dense
- anchor_balanced
- anchor_static_dense
active_anchor_switch_count: 3
typed_transaction_expected: true
typed_transaction_valid: true
training_used: false
runtime_policy_manifest_access: false
runtime_scene_labels_available: false
experiment_manager_validation_manifest_access: false
runner_fault_reason: ''
supervisor_profile_id: r2_target_balanced
context_geometry_sample_counts:
  BALANCED: 17
  CRUISE: 0
  STATIC_DENSE: 52
  CORRIDOR: 0
  MANEUVER: 50
context_geometry_sample_fractions:
  BALANCED: 0.14285714285714285
  CRUISE: 0.0
  STATIC_DENSE: 0.4369747899159664
  CORRIDOR: 0.0
  MANEUVER: 0.42016806722689076
context_overlay_sample_counts:
  NONE: 119
  CROSSING: 0
  HEAD_ON: 0
  FOLLOW: 0
  OVERTAKE_OR_YIELD: 0
context_overlay_sample_fractions:
  NONE: 1.0
  CROSSING: 0.0
  HEAD_ON: 0.0
  FOLLOW: 0.0
  OVERTAKE_OR_YIELD: 0.0
experiment_manager_calibration_manifest_access: true
mode_measurement_window: post_readiness_goal_execution_only
clearance_audit:
  schema_version: '2.0'
  stage: V2-04G-R2
  evaluator_only_gazebo_truth_used: true
  runtime_policy_received_truth: false
  minimum_signed_scan_clearance_m: 0.3271231772745816
  minimum_truth_box_clearance_m: 0.34402664641975583
  classification: CLEARANCE_POSITIVE
  minimum_scan_detail:
    stamp_s: 13.464
    robot_x_m: 0.24064997048562992
    robot_y_m: 0.42357796208458653
    signed_scan_clearance_m: 0.3271231772745816
    clipped_scan_clearance_m: 0.3271231772745816
    raw_range_m: 0.9528642892837524
    ray_index: 427
    ray_angle_rad: 0.58986712154001
    footprint_boundary_range_m: 0.6257411120091708
  minimum_truth_detail:
    stamp_s: 14.464
    clearance_m: 0.34402664641975583
    closest_model: bay-left
    model_x_m: 3.001465966
    model_y_m: 1.493831697
  contact_count: 0
mechanism_message_count: 24
mechanism_join_valid_count: 24
mechanism_join_valid_fraction: 1.0
mechanism_join_reason_counts:
  EXACT_SEQUENCE_JOIN: 24
mechanism_topology_locked_sample_count: 10
mechanism_corridor_centerline_sample_count: 0
mechanism_maneuver_reverse_sample_count: 10
mechanism_topology_switch_count: 0

