schema_version: '2.0'
architecture_generation: v2
evaluator_id: fam_teb_v2_02_evaluator_1
formal_result: false
runtime_ready: false
scene_id: v2-04e3-dynamic-s4722
family: DYNAMIC
split: calibration
seed: 4722
instance_sha256: fc3daab3a258c7a3c1928a27192eb8f318657269575f72f13650325561420511
raw_trace_sha256: c9d26834c90ebf6c6a3f1ed3d178965db1da6172d1924b1437dd915a5b1d7773
termination: SUCCESS
metrics:
  common:
    success: true
    collision: false
    navigation_time_s: 18.8
    path_length_m: 18.116364757564984
    mean_abs_speed_mps: 0.963732610759263
    minimum_clearance_m: 1.4563674909378697
    stop_count: 1
    reverse_distance_m: 0.0
  family:
    minimum_predicted_ttc_s: null
    stop_count: 1
    interaction_clearance_m: 1.4563674909378697
stage: V2-04E3
method: rule_multi_anchor
episode_timeout_s: 80.0
tracker_message_count: 281
tracker_health_valid_fraction: 1.0
finite_ttc_sample_count: 0
ttc_status: NO_CONFLICT_IN_HORIZON
context_message_count: 94
context_valid_count: 93
context_geometry_sequence:
- BALANCED
- CRUISE
- BALANCED
- CRUISE
context_geometry_switch_count: 3
transaction_message_count: 96
transaction_valid_count: 95
transaction_activated_count: 95
transaction_fault_count: 1
transaction_backends:
- simulation_teb_dynamic_reconfigure
active_anchor_sequence:
- anchor_balanced
- anchor_cruise
- anchor_balanced
- anchor_cruise
active_anchor_switch_count: 3
typed_transaction_expected: true
typed_transaction_valid: true
training_used: false
runtime_policy_manifest_access: false
runtime_scene_labels_available: false
experiment_manager_validation_manifest_access: false
runner_fault_reason: ''
supervisor_profile_id: pocket_g_wide_hold_confirmation
context_geometry_sample_counts:
  BALANCED: 31
  CRUISE: 62
  STATIC_DENSE: 0
  CORRIDOR: 0
  MANEUVER: 0
context_geometry_sample_fractions:
  BALANCED: 0.3333333333333333
  CRUISE: 0.6666666666666666
  STATIC_DENSE: 0.0
  CORRIDOR: 0.0
  MANEUVER: 0.0
context_overlay_sample_counts:
  NONE: 93
  CROSSING: 0
  HEAD_ON: 0
  FOLLOW: 0
  OVERTAKE_OR_YIELD: 0
context_overlay_sample_fractions:
  NONE: 1.0
  CROSSING: 0.0
  HEAD_ON: 0.0
  FOLLOW: 0.0
  OVERTAKE_OR_YIELD: 0.0
experiment_manager_calibration_manifest_access: true
mode_measurement_window: post_readiness_goal_execution_only

