schema_version: '2.0'
architecture_generation: v2
evaluator_id: fam_teb_v2_02_evaluator_1
formal_result: false
runtime_ready: false
scene_id: v2-04g-r4-dynamic-clear-s5066
family: DYNAMIC
split: calibration
seed: 5066
instance_sha256: 0e517e00a828ef2257a426e27ed7733defed6d24c3679cbc88fd72d872fd2fda
raw_trace_sha256: 61435846f42b4e2dcbd774a21ee382e83d2b12429a30cf4199268b0119ed1165
termination: SUCCESS
metrics:
  common:
    success: true
    collision: false
    navigation_time_s: 21.0
    path_length_m: 18.186271038429076
    mean_abs_speed_mps: 0.8659533761953259
    minimum_clearance_m: 2.894607565749357
    stop_count: 1
    reverse_distance_m: 0.0
  family:
    minimum_predicted_ttc_s: null
    stop_count: 1
    interaction_clearance_m: 2.894607565749357
stage: V2-04G-R4
method: rule_multi_anchor
episode_timeout_s: 80.0
tracker_message_count: 312
tracker_health_valid_fraction: 1.0
finite_ttc_sample_count: 0
ttc_status: NO_CONFLICT_IN_HORIZON
context_message_count: 106
context_valid_count: 106
context_geometry_sequence:
- BALANCED
- CRUISE
context_geometry_switch_count: 1
transaction_message_count: 106
transaction_valid_count: 106
transaction_activated_count: 106
transaction_fault_count: 0
transaction_backends:
- simulation_teb_dynamic_reconfigure
active_anchor_sequence:
- anchor_balanced
- anchor_cruise
active_anchor_switch_count: 1
typed_transaction_expected: true
typed_transaction_valid: true
training_used: false
runtime_policy_manifest_access: false
runtime_scene_labels_available: false
experiment_manager_validation_manifest_access: false
runner_fault_reason: ''
supervisor_profile_id: r2_control_g2
context_geometry_sample_counts:
  BALANCED: 51
  CRUISE: 55
  STATIC_DENSE: 0
  CORRIDOR: 0
  MANEUVER: 0
context_geometry_sample_fractions:
  BALANCED: 0.4811320754716981
  CRUISE: 0.5188679245283019
  STATIC_DENSE: 0.0
  CORRIDOR: 0.0
  MANEUVER: 0.0
context_overlay_sample_counts:
  NONE: 106
  CROSSING: 0
  HEAD_ON: 0
  FOLLOW: 0
  OVERTAKE_OR_YIELD: 0
context_overlay_sample_fractions:
  NONE: 1.0
  CROSSING: 0.0
  HEAD_ON: 0.0
  FOLLOW: 0.0
  OVERTAKE_OR_YIELD: 0.0
experiment_manager_calibration_manifest_access: true
mode_measurement_window: post_readiness_goal_execution_only
clearance_audit:
  schema_version: '2.0'
  stage: V2-04G-R4
  evaluator_only_gazebo_truth_used: true
  runtime_policy_received_truth: false
  minimum_signed_scan_clearance_m: 2.894607565749357
  minimum_truth_box_clearance_m: 2.8870837365694717
  classification: CLEARANCE_POSITIVE
  minimum_scan_detail:
    stamp_s: 15.398
    robot_x_m: 8.131312087339305
    robot_y_m: -0.031609498388878166
    signed_scan_clearance_m: 2.894607565749357
    clipped_scan_clearance_m: 2.894607565749357
    raw_range_m: 3.2446084022521973
    ray_index: 539
    ray_angle_rad: 1.5686100041493773
    footprint_boundary_range_m: 0.3500008365028403
  minimum_truth_detail:
    stamp_s: 15.798
    clearance_m: 2.8870837365694717
    closest_model: crossing-agent
    model_x_m: 8.0
    model_y_m: 3.5
  contact_count: 0
mechanism_message_count: 105
mechanism_join_valid_count: 105
mechanism_join_valid_fraction: 1.0
mechanism_join_reason_counts:
  EXACT_SEQUENCE_JOIN: 105
mechanism_topology_locked_sample_count: 0
mechanism_corridor_centerline_sample_count: 0
mechanism_maneuver_reverse_sample_count: 0
mechanism_topology_switch_count: 0

