schema_version: '2.0'
architecture_generation: v2
evaluator_id: fam_teb_v2_02_evaluator_1
formal_result: false
runtime_ready: false
scene_id: v2-04g-r1-corridor-s4930
family: CORRIDOR
split: calibration
seed: 4930
instance_sha256: b32fa6814d6f5797d4d096d6ee8e92124fa86e86b118998b8c4d2dcde33ec248
raw_trace_sha256: 8db3115b06ef2dd23813b9380819ac4e74c62698ff5294cf52d32a2108bb13a4
termination: SUCCESS
metrics:
  common:
    success: true
    collision: false
    navigation_time_s: 14.7
    path_length_m: 10.133440608820889
    mean_abs_speed_mps: 0.689311802287914
    minimum_clearance_m: 0.464242352271557
    stop_count: 1
    reverse_distance_m: 0.0
  family:
    lateral_rms_m: 0.0868926846920698
    heading_oscillation_rad: 1.5001303515423832
    emergency_contact_count: 0
stage: V2-04G-R1
method: rule_multi_anchor
episode_timeout_s: 45.0
tracker_message_count: 220
tracker_health_valid_fraction: 1.0
finite_ttc_sample_count: 0
ttc_status: NO_CONFLICT_IN_HORIZON
context_message_count: 74
context_valid_count: 74
context_geometry_sequence:
- CORRIDOR
context_geometry_switch_count: 0
transaction_message_count: 74
transaction_valid_count: 74
transaction_activated_count: 74
transaction_fault_count: 0
transaction_backends:
- simulation_teb_dynamic_reconfigure
active_anchor_sequence:
- anchor_corridor
active_anchor_switch_count: 0
typed_transaction_expected: true
typed_transaction_valid: true
training_used: false
runtime_policy_manifest_access: false
runtime_scene_labels_available: false
experiment_manager_validation_manifest_access: false
runner_fault_reason: ''
supervisor_profile_id: g1_mechanism_balanced
context_geometry_sample_counts:
  BALANCED: 0
  CRUISE: 0
  STATIC_DENSE: 0
  CORRIDOR: 74
  MANEUVER: 0
context_geometry_sample_fractions:
  BALANCED: 0.0
  CRUISE: 0.0
  STATIC_DENSE: 0.0
  CORRIDOR: 1.0
  MANEUVER: 0.0
context_overlay_sample_counts:
  NONE: 74
  CROSSING: 0
  HEAD_ON: 0
  FOLLOW: 0
  OVERTAKE_OR_YIELD: 0
context_overlay_sample_fractions:
  NONE: 1.0
  CROSSING: 0.0
  HEAD_ON: 0.0
  FOLLOW: 0.0
  OVERTAKE_OR_YIELD: 0.0
experiment_manager_calibration_manifest_access: true
mode_measurement_window: post_readiness_goal_execution_only
clearance_audit:
  schema_version: '2.0'
  stage: V2-04G-R1
  evaluator_only_gazebo_truth_used: true
  runtime_policy_received_truth: false
  minimum_signed_scan_clearance_m: 0.464242352271557
  minimum_truth_box_clearance_m: 0.4698258036596358
  classification: CLEARANCE_POSITIVE
  minimum_scan_detail:
    stamp_s: 6.086
    robot_x_m: 0.07365344127694606
    robot_y_m: 0.00010044480725715544
    signed_scan_clearance_m: 0.464242352271557
    clipped_scan_clearance_m: 0.464242352271557
    raw_range_m: 0.8182570934295654
    ray_index: 522
    ray_angle_rad: 1.4200508166104555
    footprint_boundary_range_m: 0.3540147411580084
  minimum_truth_detail:
    stamp_s: 7.286
    clearance_m: 0.4698258036596358
    closest_model: corridor-left
    model_x_m: 5.001329837
    model_y_m: 1.104850082
  contact_count: 0
mechanism_message_count: 73
mechanism_join_valid_count: 73
mechanism_join_valid_fraction: 1.0
mechanism_join_reason_counts:
  EXACT_SEQUENCE_JOIN: 73
mechanism_topology_locked_sample_count: 0
mechanism_corridor_centerline_sample_count: 73
mechanism_maneuver_reverse_sample_count: 0
mechanism_topology_switch_count: 0

