schema_version: '2.0'
architecture_generation: v2
evaluator_id: fam_teb_v2_02_evaluator_1
formal_result: false
runtime_ready: false
scene_id: v2-04g-maneuver-s4914
family: MANEUVER
split: calibration
seed: 4914
instance_sha256: 5e390f84f7a4f8c68cd32eb3c5eec54ea03f67686dce379322ee3fb80c1f6a9d
raw_trace_sha256: 327c54a8bbce050476295b33e60dce89a098a76869aabe59303b9fe362293d47
termination: SUCCESS
metrics:
  common:
    success: true
    collision: false
    navigation_time_s: 40.0
    path_length_m: 4.044730194691871
    mean_abs_speed_mps: 0.10117896101799398
    minimum_clearance_m: 0.4103898255890146
    stop_count: 8
    reverse_distance_m: 2.233953114117626
  family:
    gear_switch_count: 8
    gear_switch_while_moving_count: 7
    reverse_distance_m: 2.233953114117626
stage: V2-04G
method: rule_multi_anchor
episode_timeout_s: 60.0
tracker_message_count: 593
tracker_health_valid_fraction: 1.0
finite_ttc_sample_count: 0
ttc_status: NO_CONFLICT_IN_HORIZON
context_message_count: 201
context_valid_count: 201
context_geometry_sequence:
- MANEUVER
- STATIC_DENSE
context_geometry_switch_count: 1
transaction_message_count: 202
transaction_valid_count: 202
transaction_activated_count: 202
transaction_fault_count: 0
transaction_backends:
- simulation_teb_dynamic_reconfigure
active_anchor_sequence:
- anchor_maneuver_forward
- anchor_static_dense
active_anchor_switch_count: 1
typed_transaction_expected: true
typed_transaction_valid: true
training_used: false
runtime_policy_manifest_access: false
runtime_scene_labels_available: false
experiment_manager_validation_manifest_access: false
runner_fault_reason: ''
supervisor_profile_id: g0_frozen_control
context_geometry_sample_counts:
  BALANCED: 0
  CRUISE: 0
  STATIC_DENSE: 141
  CORRIDOR: 0
  MANEUVER: 60
context_geometry_sample_fractions:
  BALANCED: 0.0
  CRUISE: 0.0
  STATIC_DENSE: 0.7014925373134329
  CORRIDOR: 0.0
  MANEUVER: 0.29850746268656714
context_overlay_sample_counts:
  NONE: 201
  CROSSING: 0
  HEAD_ON: 0
  FOLLOW: 0
  OVERTAKE_OR_YIELD: 0
context_overlay_sample_fractions:
  NONE: 1.0
  CROSSING: 0.0
  HEAD_ON: 0.0
  FOLLOW: 0.0
  OVERTAKE_OR_YIELD: 0.0
experiment_manager_calibration_manifest_access: true
mode_measurement_window: post_readiness_goal_execution_only
clearance_audit:
  schema_version: '2.0'
  stage: V2-04G
  evaluator_only_gazebo_truth_used: true
  runtime_policy_received_truth: false
  minimum_signed_scan_clearance_m: 0.4103898255890146
  minimum_truth_box_clearance_m: 0.4220774888061758
  classification: CLEARANCE_POSITIVE
  minimum_scan_detail:
    stamp_s: 44.598
    robot_x_m: 0.4562714974974349
    robot_y_m: -0.0032360775439263653
    signed_scan_clearance_m: 0.4103898255890146
    clipped_scan_clearance_m: 0.4103898255890146
    raw_range_m: 0.9361814260482788
    ray_index: 17
    ray_angle_rad: -2.9930309308692813
    footprint_boundary_range_m: 0.5257916004592642
  minimum_truth_detail:
    stamp_s: 44.598
    clearance_m: 0.4220774888061758
    closest_model: bay-back
    model_x_m: 5.518490641
    model_y_m: -0.023541503
  contact_count: 0
mechanism_message_count: 0
mechanism_topology_locked_sample_count: 0
mechanism_corridor_centerline_sample_count: 0
mechanism_maneuver_reverse_sample_count: 0
mechanism_topology_switch_count: 0

