WARNING: Package name "gazebo_ros_2Dmap_plugin" does not follow the naming conventions. It should start with a lower case letter and only contain lower case letters, digits, underscores, and dashes.
xacro: in-order processing became default in ROS Melodic. You can drop the option.
WARNING: Package name "gazebo_ros_2Dmap_plugin" does not follow the naming conventions. It should start with a lower case letter and only contain lower case letters, digits, underscores, and dashes.
WARNING: Package name "gazebo_ros_2Dmap_plugin" does not follow the naming conventions. It should start with a lower case letter and only contain lower case letters, digits, underscores, and dashes.
[INFO] [1783910000.032202, 0.000000]: Loading model XML from ros parameter robot_description
[INFO] [1783910000.034793, 0.000000]: Waiting for service /gazebo/spawn_urdf_model
[INFO] [1783910000.638413, 0.000000]: Calling service /gazebo/spawn_urdf_model
[INFO] [1783910000.921416, 0.178000]: Spawn status: SpawnModel: Successfully spawned entity
[INFO] [1783910001.281766578, 0.418000000]: global_costmap: Using plugin "obstacle_layer"
[INFO] [1783910001.284596512, 0.422000000]:     Subscribed to Topics: scan
[INFO] [1783910001.289711880, 0.426000000]: global_costmap: Using plugin "inflation_layer"
[INFO] [1783910001.301069424, 0.438000000]: local_costmap: Using plugin "obstacle_layer"
[INFO] [1783910001.301829470, 0.438000000]:     Subscribed to Topics: scan
[INFO] [1783910001.306018991, 0.442000000]: local_costmap: Using plugin "inflation_layer"
[INFO] [1783910001.316040056, 0.452000000]: Created local_planner teb_local_planner/TebLocalPlannerROS
[INFO] [1783910001.332998326, 0.470000000]: Footprint model 'polygon' loaded for trajectory optimization.
[INFO] [1783910001.333180007, 0.470000000]: Parallel planning in distinctive topologies disabled.
[INFO] [1783910001.333208129, 0.470000000]: No costmap conversion plugin specified. All occupied costmap cells are treaten as point obstacles.
[INFO] [1783910001.356338545, 0.494000000]: Footprint model 'polygon' loaded for trajectory optimization.
[INFO] [1783910001.526747843, 0.660000000]: Recovery behavior will clear layer 'obstacles'
[INFO] [1783910001.528038700, 0.662000000]: Recovery behavior will clear layer 'obstacles'
[INFO] [1783910001.537849126, 0.672000000]: odom received!
[INFO] [1783910003.398620230, 2.528000000]: Footprint model 'polygon' loaded for trajectory optimization.
[INFO] [1783910003.948705135, 3.078000000]: Footprint model 'polygon' loaded for trajectory optimization.
[INFO] [1783910004.548190646, 3.676000000]: Footprint model 'polygon' loaded for trajectory optimization.
[INFO] [1783910005.148960857, 4.276000000]: Footprint model 'polygon' loaded for trajectory optimization.
[INFO] [1783910007.040972709, 6.164000000]: GOAL Reached!
[INFO] [1783910007.187554248, 6.310000000]: Footprint model 'polygon' loaded for trajectory optimization.
[INFO] [1783910008.065466734, 7.188000000]: Footprint model 'polygon' loaded for trajectory optimization.
[INFO] [1783910008.613429526, 7.734000000]: Footprint model 'polygon' loaded for trajectory optimization.
[INFO] [1783910009.262229443, 8.380000000]: Footprint model 'polygon' loaded for trajectory optimization.
[INFO] [1783910009.856645900, 8.978000000]: Footprint model 'polygon' loaded for trajectory optimization.
[INFO] [1783910010.410114883, 9.528000000]: Footprint model 'polygon' loaded for trajectory optimization.
[INFO] [1783910011.062523553, 10.180000000]: Footprint model 'polygon' loaded for trajectory optimization.
[INFO] [1783910012.500065660, 11.616000000]: GOAL Reached!
[INFO] [1783910012.635800277, 11.752000000]: Footprint model 'polygon' loaded for trajectory optimization.
[INFO] [1783910013.514523995, 12.626000000]: Footprint model 'polygon' loaded for trajectory optimization.
[INFO] [1783910014.066729054, 13.178000000]: Footprint model 'polygon' loaded for trajectory optimization.
[INFO] [1783910014.662953229, 13.772000000]: Footprint model 'polygon' loaded for trajectory optimization.
[INFO] [1783910015.258917594, 14.372000000]: Footprint model 'polygon' loaded for trajectory optimization.
[INFO] [1783910015.915144108, 15.022000000]: Footprint model 'polygon' loaded for trajectory optimization.
[INFO] [1783910016.513312815, 15.620000000]: Footprint model 'polygon' loaded for trajectory optimization.
[INFO] [1783910017.953767375, 17.058000000]: GOAL Reached!
[INFO] [1783910018.087361719, 17.192000000]: Footprint model 'polygon' loaded for trajectory optimization.
[INFO] [1783910018.966747442, 18.068000000]: Footprint model 'polygon' loaded for trajectory optimization.
[INFO] [1783910019.508186207, 18.610000000]: Footprint model 'polygon' loaded for trajectory optimization.
[INFO] [1783910020.163246697, 19.264000000]: Footprint model 'polygon' loaded for trajectory optimization.
[INFO] [1783910020.705750022, 19.804000000]: Footprint model 'polygon' loaded for trajectory optimization.
[INFO] [1783910021.354218679, 20.452000000]: Footprint model 'polygon' loaded for trajectory optimization.
[INFO] [1783910021.955345105, 21.052000000]: Footprint model 'polygon' loaded for trajectory optimization.
[INFO] [1783910022.559281585, 21.656000000]: Footprint model 'polygon' loaded for trajectory optimization.
[INFO] [1783910023.157911642, 22.254000000]: Footprint model 'polygon' loaded for trajectory optimization.
[INFO] [1783910023.759345354, 22.854000000]: Footprint model 'polygon' loaded for trajectory optimization.
[INFO] [1783910024.309982228, 23.402000000]: Footprint model 'polygon' loaded for trajectory optimization.
[INFO] [1783910024.959328283, 24.052000000]: Footprint model 'polygon' loaded for trajectory optimization.
[INFO] [1783910026.595470472, 25.688000000]: GOAL Reached!
[INFO] [1783910026.735958175, 25.826000000]: Footprint model 'polygon' loaded for trajectory optimization.
[INFO] [1783910027.598490559, 26.686000000]: Footprint model 'polygon' loaded for trajectory optimization.
[INFO] [1783910028.207354040, 27.296000000]: Footprint model 'polygon' loaded for trajectory optimization.
[INFO] [1783910028.762204254, 27.846000000]: Footprint model 'polygon' loaded for trajectory optimization.
[INFO] [1783910029.356007102, 28.440000000]: Footprint model 'polygon' loaded for trajectory optimization.
[INFO] [1783910029.954385905, 29.042000000]: Footprint model 'polygon' loaded for trajectory optimization.
[INFO] [1783910030.560623703, 29.642000000]: Footprint model 'polygon' loaded for trajectory optimization.
[INFO] [1783910031.157880215, 30.240000000]: Footprint model 'polygon' loaded for trajectory optimization.
[INFO] [1783910031.809802353, 30.890000000]: Footprint model 'polygon' loaded for trajectory optimization.
[INFO] [1783910033.648149479, 32.726000000]: GOAL Reached!
[INFO] [1783910033.790992891, 32.870000000]: Footprint model 'polygon' loaded for trajectory optimization.
[INFO] [1783910034.652376100, 33.728000000]: Footprint model 'polygon' loaded for trajectory optimization.
[INFO] [1783910035.203031329, 34.276000000]: Footprint model 'polygon' loaded for trajectory optimization.
[INFO] [1783910035.854311740, 34.926000000]: Footprint model 'polygon' loaded for trajectory optimization.
[INFO] [1783910036.405771084, 35.478000000]: Footprint model 'polygon' loaded for trajectory optimization.
[INFO] [1783910037.007613471, 36.078000000]: Footprint model 'polygon' loaded for trajectory optimization.
[INFO] [1783910037.609922300, 36.678000000]: Footprint model 'polygon' loaded for trajectory optimization.
[INFO] [1783910038.208782136, 37.278000000]: Footprint model 'polygon' loaded for trajectory optimization.
[INFO] [1783910038.857197048, 37.924000000]: Footprint model 'polygon' loaded for trajectory optimization.
[INFO] [1783910039.411196024, 38.480000000]: Footprint model 'polygon' loaded for trajectory optimization.
[INFO] [1783910041.198998390, 40.262000000]: GOAL Reached!
[INFO] [1783910041.332152840, 40.396000000]: Footprint model 'polygon' loaded for trajectory optimization.
[INFO] [1783910042.222139524, 41.288000000]: Footprint model 'polygon' loaded for trajectory optimization.
[INFO] [1783910042.766250377, 41.826000000]: Footprint model 'polygon' loaded for trajectory optimization.
[INFO] [1783910043.366114340, 42.426000000]: Footprint model 'polygon' loaded for trajectory optimization.
[INFO] [1783910044.015994917, 43.074000000]: Footprint model 'polygon' loaded for trajectory optimization.
[INFO] [1783910044.610052393, 43.668000000]: Footprint model 'polygon' loaded for trajectory optimization.
[INFO] [1783910045.167701133, 44.226000000]: Footprint model 'polygon' loaded for trajectory optimization.
[INFO] [1783910045.814776091, 44.870000000]: Footprint model 'polygon' loaded for trajectory optimization.
[INFO] [1783910047.555272307, 46.608000000]: GOAL Reached!
[INFO] [1783910047.707530236, 46.760000000]: Footprint model 'polygon' loaded for trajectory optimization.
[INFO] [1783910048.573203727, 47.626000000]: Footprint model 'polygon' loaded for trajectory optimization.
[INFO] [1783910049.177453553, 48.228000000]: Footprint model 'polygon' loaded for trajectory optimization.
[INFO] [1783910049.730381311, 48.780000000]: Footprint model 'p[WARN] [1783910067.700073, 66.714000]: training environment stop requested: safety adapter requested emergency stop
[WARN] [1783910068.774741, 67.790000]: training environment stop requested: adapter_close
schema_version: '1.0'
task: T12
status: passed
run_id: t12_t12_safety_seed101
algorithm: RL-TEB-Eta-FullSafety
training_seed: 101
safety_mode: T12Safety
episode_count: 10
step_count: 76
failure_count: 1
run_validation:
  valid: true
  run_id: t12_t12_safety_seed101
  episode_count: 10
  step_count: 76
  verified_checksum_count: 4
selected_checkpoint: /home/robot/robot_ws_base_rl/artifacts/t11/runs/t11_semantic_eta_fullsafety_seed101/checkpoints/step_000300
passed: true
acceptance_override: false

... logging to /home/robot/.ros/log/356fd1e6-7e63-11f1-91bc-3382cc4c3ed1/roslaunch-WP-537683.log
Checking log directory for disk usage. This may take a while.
Press Ctrl-C to interrupt
]2;/home/robot/robot_ws_base_rl/src/tools/thesis_experiment/launch/t11_formal_run.launch
[1mstarted roslaunch server http://WP:34427/[0m

SUMMARY
========

PARAMETERS
 * /gazebo/enable_ros_network: True
 * /m2_gazebo/simulation_only: True
 * /m2_robot_state_publisher/publish_frequency: 30.0
 * /move_base/TebLocalPlannerROS/acc_lim_theta: 0.8
 * /move_base/TebLocalPlannerROS/acc_lim_x: 0.8
 * /move_base/TebLocalPlannerROS/allow_init_with_backwards_motion: True
 * /move_base/TebLocalPlannerROS/cmd_angle_instead_rotvel: False
 * /move_base/TebLocalPlannerROS/costmap_obstacles_behind_robot_dist: 1.5
 * /move_base/TebLocalPlannerROS/dt_hysteresis: 0.1
 * /move_base/TebLocalPlannerROS/dt_ref: 0.3
 * /move_base/TebLocalPlannerROS/enable_homotopy_class_planning: False
 * /move_base/TebLocalPlannerROS/enable_multithreading: True
 * /move_base/TebLocalPlannerROS/feasibility_check_no_poses: 5
 * /move_base/TebLocalPlannerROS/footprint_model/type: polygon
 * /move_base/TebLocalPlannerROS/footprint_model/vertices: [[0.52, 0.35], [0...
 * /move_base/TebLocalPlannerROS/global_plan_overwrite_orientation: True
 * /move_base/TebLocalPlannerROS/include_costmap_obstacles: True
 * /move_base/TebLocalPlannerROS/inflation_dist: 0.55
 * /move_base/TebLocalPlannerROS/map_frame: odom
 * /move_base/TebLocalPlannerROS/max_global_plan_lookahead_dist: 8.0
 * /move_base/TebLocalPlannerROS/max_number_classes: 4
 * /move_base/TebLocalPlannerROS/max_samples: 500
 * /move_base/TebLocalPlannerROS/max_vel_theta: 1.0
 * /move_base/TebLocalPlannerROS/max_vel_x: 1.2
 * /move_base/TebLocalPlannerROS/max_vel_x_backwards: 0.6
 * /move_base/TebLocalPlannerROS/max_vel_y: 0.0
 * /move_base/TebLocalPlannerROS/min_obstacle_dist: 0.25
 * /move_base/TebLocalPlannerROS/min_turning_radius: 1.2
 * /move_base/TebLocalPlannerROS/obstacle_poses_affected: 15
 * /move_base/TebLocalPlannerROS/odom_topic: /odom
 * /move_base/TebLocalPlannerROS/teb_autosize: True
 * /move_base/TebLocalPlannerROS/weight_acc_lim_theta: 1.0
 * /move_base/TebLocalPlannerROS/weight_acc_lim_x: 1.0
 * /move_base/TebLocalPlannerROS/weight_adapt_factor: 2.0
 * /move_base/TebLocalPlannerROS/weight_inflation: 0.1
 * /move_base/TebLocalPlannerROS/weight_kinematics_forward_drive: 10.0
 * /move_base/TebLocalPlannerROS/weight_kinematics_nh: 1000.0
 * /move_base/TebLocalPlannerROS/weight_kinematics_turning_radius: 10.0
 * /move_base/TebLocalPlannerROS/weight_max_vel_theta: 1.0
 * /move_base/TebLocalPlannerROS/weight_max_vel_x: 2.0
 * /move_base/TebLocalPlannerROS/weight_obstacle: 50.0
 * /move_base/TebLocalPlannerROS/weight_optimaltime: 1.0
 * /move_base/TebLocalPlannerROS/weight_viapoint: 1.0
 * /move_base/TebLocalPlannerROS/wheelbase: 0.65
 * /move_base/base_global_planner: navfn/NavfnROS
 * /move_base/base_local_planner: teb_local_planner...
 * /move_base/clearing_rotation_allowed: False
 * /move_base/controller_frequency: 10.0
 * /move_base/controller_patience: 5.0
 * /move_base/global_costmap/footprint: [[0.52, 0.35], [0...
 * /move_base/global_costmap/footprint_padding: 0.05
 * /move_base/global_costmap/global_frame: odom
 * /move_base/global_costmap/height: 30.0
 * /move_base/global_costmap/inflation_layer/cost_scaling_factor: 4.0
 * /move_base/global_costmap/inflation_layer/enabled: True
 * /move_base/global_costmap/inflation_layer/inflation_radius: 0.55
 * /move_base/global_costmap/obstacle_layer/enabled: True
 * /move_base/global_costmap/obstacle_layer/observation_sources: scan
 * /move_base/global_costmap/obstacle_layer/scan/clearing: True
 * /move_base/global_costmap/obstacle_layer/scan/data_type: LaserScan
 * /move_base/global_costmap/obstacle_layer/scan/inf_is_valid: True
 * /move_base/global_costmap/obstacle_layer/scan/marking: True
 * /move_base/global_costmap/obstacle_layer/scan/obstacle_range: 12.0
 * /move_base/global_costmap/obstacle_layer/scan/raytrace_range: 15.0
 * /move_base/global_costmap/obstacle_layer/scan/sensor_frame: laser_link
 * /move_base/global_costmap/obstacle_layer/scan/topic: /scan
 * /move_base/global_costmap/plugins: [{'name': 'obstac...
 * /move_base/global_costmap/publish_frequency: 2.0
 * /move_base/global_costmap/resolution: 0.05
 * /move_base/global_costmap/robot_base_frame: base_link
 * /move_base/global_costmap/rolling_window: True
 * /move_base/global_costmap/transform_tolerance: 0.3
 * /move_base/global_costmap/update_frequency: 5.0
 * /move_base/global_costmap/width: 30.0
 * /move_base/local_costmap/footprint: [[0.52, 0.35], [0...
 * /move_base/local_costmap/footprint_padding: 0.05
 * /move_base/local_costmap/global_frame: odom
 * /move_base/local_costmap/height: 12.0
 * /move_base/local_costmap/inflation_layer/cost_scaling_factor: 4.0
 * /move_base/local_costmap/inflation_layer/enabled: True
 * /move_base/local_costmap/inflation_layer/inflation_radius: 0.55
 * /move_base/local_costmap/obstacle_layer/enabled: True
 * /move_base/local_costmap/obstacle_layer/observation_sources: scan
 * /move_base/local_costmap/obstacle_layer/scan/clearing: True
 * /move_base/local_costmap/obstacle_layer/scan/data_type: LaserScan
 * /move_base/local_costmap/obstacle_layer/scan/inf_is_valid: True
 * /move_base/local_costmap/obstacle_layer/scan/marking: True
 * /move_base/local_costmap/obstacle_layer/scan/obstacle_range: 12.0
 * /move_base/local_costmap/obstacle_layer/scan/raytrace_range: 15.0
 * /move_base/local_costmap/obstacle_layer/scan/sensor_frame: laser_link
 * /move_base/local_costmap/obstacle_layer/scan/topic: /scan
 * /move_base/local_costmap/plugins: [{'name': 'obstac...
 * /move_base/local_costmap/publish_frequency: 5.0
 * /move_base/local_costmap/resolution: 0.05
 * /move_base/local_costmap/robot_base_frame: base_link
 * /move_base/local_costmap/rolling_window: True
 * /move_base/local_costmap/transform_tolerance: 0.3
 * /move_base/local_costmap/update_frequency: 10.0
 * /move_base/local_costmap/width: 12.0
 * /move_base/oscillation_distance: 0.2
 * /move_base/oscillation_timeout: 10.0
 * /move_base/planner_frequency: 1.0
 * /move_base/planner_patience: 5.0
 * /move_base/recovery_behavior_enabled: False
 * /move_base/shutdown_costmaps: False
 * /robot_description: <?xml version="1....
 * /rosdistro: noetic
 * /rosversion: 1.17.4
 * /t11_formal_run/acceptance_eval_seed_limit: 0
 * /t11_formal_run/acceptance_timesteps: 0
 * /t11_formal_run/algorithm: RL-TEB-Semantic-Eta
 * /t11_formal_run/checkpoint: /home/robot/robot...
 * /t11_formal_run/config: /home/robot/robot...
 * /t11_formal_run/evaluation_seed_override: 401
 * /t11_formal_run/output_dir: /home/robot/robot...
 * /t11_formal_run/phase: ablation
 * /t11_formal_run/run_id: t12_t12_safety_se...
 * /t11_formal_run/safety_mode: T12Safety
 * /t11_formal_run/scene_manifest: /home/robot/robot...
 * /t11_formal_run/t12_safety_config: /home/robot/robot...
 * /t11_formal_run/task: T12
 * /t11_formal_run/training_seed: 101
 * /use_sim_time: True

NODES
  /
    gazebo (gazebo_ros/gzserver)
    m2_robot_state_publisher (robot_state_publisher/robot_state_publisher)
    move_base (move_base/move_base)
    spawn_m2 (gazebo_ros/spawn_model)
    t11_formal_run (thesis_experiment/t11_formal_run.py)

auto-starting new master
[1mprocess[master]: started with pid [537718][0m
[1mROS_MASTER_URI=http://localhost:11311[0m
]2;/home/robot/robot_ws_base_rl/src/tools/thesis_experiment/launch/t11_formal_run.launch http://localhost:11311
[1msetting /run_id to 356fd1e6-7e63-11f1-91bc-3382cc4c3ed1[0m
[1mprocess[rosout-1]: started with pid [537728][0m
started core service [/rosout]
[1mprocess[gazebo-2]: started with pid [537735][0m
[1mprocess[spawn_m2-3]: started with pid [537738][0m
[1mprocess[m2_robot_state_publisher-4]: started with pid [537741][0m
[1mprocess[move_base-5]: started with pid [537742][0m
[1mprocess[t11_formal_run-6]: started with pid [537743][0m
[1m[spawn_m2-3] process has finished cleanly
log file: /home/robot/.ros/log/356fd1e6-7e63-11f1-91bc-3382cc4c3ed1/spawn_m2-3*.log[0m
[t11_formal_run-6] killing on exit
[move_base-5] killing on exit
[INFO] [1783910000.133062838]: Finished loading Gazebo ROS API Plugin.
[INFO] [1783910000.133723384]: waitForService: Service [/gazebo/set_physics_properties] has not been advertised, waiting...
[INFO] [1783910000.585647979, 0.010000000]: waitForService: Service [/gazebo/set_physics_properties] is now available.
[INFO] [1783910000.611604167, 0.036000000]: Physics dynamic reconfigure ready.
[INFO] [1783910000.812855660, 0.178000000]: <initialOrientationAsReference> is unset, using default value of false to comply with REP 145 (world as orientation reference)
[INFO] [1783910000.812910207, 0.178000000]: <robotNamespace> set to: //
[INFO] [1783910000.812925747, 0.178000000]: <topicName> set to: imu/data
[INFO] [1783910000.812937681, 0.178000000]: <frameName> set to: imu_link
[INFO] [1783910000.812968641, 0.178000000]: <updateRateHZ> set to: 50
[INFO] [1783910000.812984036, 0.178000000]: <gaussianNoise> set to: 0
[INFO] [1783910000.813018711, 0.178000000]: <xyzOffset> set to: 0 0 0
[INFO] [1783910000.813047914, 0.178000000]: <rpyOffset> set to: 0 -0 0
[INFO] [1783910000.925182017, 0.178000000]: Laser Plugin: Using the 'robotNamespace' param: '/'
[INFO] [1783910000.925205034, 0.178000000]: Starting Laser Plugin (ns = /)
[INFO] [1783910000.925946063, 0.178000000]: Laser Plugin (ns = /)  <tf_prefix_>, set to ""
[INFO] [1783910001.039327253, 0.178000000]: M2 simulation-only Ackermann interface loaded; cmd_angle_instead_rotvel=false
olygon' loaded for trajectory optimization.
[INFO] [1783910050.377481749, 49.426000000]: Footprint model 'polygon' loaded for trajectory optimization.
[INFO] [1783910050.933313397, 49.980000000]: Footprint model 'polygon' loaded for trajectory optimization.
[INFO] [1783910051.530841413, 50.578000000]: Footprint model 'polygon' loaded for trajectory optimization.
[INFO] [1783910052.128743499, 51.176000000]: Footprint model 'polygon' loaded for trajectory optimization.
[INFO] [1783910052.733600308, 51.778000000]: Footprint model 'polygon' loaded for trajectory optimization.
[INFO] [1783910053.380537964, 52.424000000]: Footprint model 'polygon' loaded for trajectory optimization.
[INFO] [1783910055.225145993, 54.264000000]: GOAL Reached!
[INFO] [1783910055.375458791, 54.414000000]: Footprint model 'polygon' loaded for trajectory optimization.
[INFO] [1783910056.250660628, 55.286000000]: Footprint model 'polygon' loaded for trajectory optimization.
[INFO] [1783910056.811817761, 55.848000000]: Footprint model 'polygon' loaded for trajectory optimization.
[INFO] [1783910057.392417490, 56.428000000]: Footprint model 'polygon' loaded for trajectory optimization.
[INFO] [1783910058.044507734, 57.078000000]: Footprint model 'polygon' loaded for trajectory optimization.
[INFO] [1783910058.597576625, 57.630000000]: Footprint model 'polygon' loaded for trajectory optimization.
[INFO] [1783910059.249459543, 58.280000000]: Footprint model 'polygon' loaded for trajectory optimization.
[INFO] [1783910059.797744064, 58.828000000]: Footprint model 'polygon' loaded for trajectory optimization.
[INFO] [1783910060.401732608, 59.430000000]: Footprint model 'polygon' loaded for trajectory optimization.
[INFO] [1783910060.997041382, 60.026000000]: Footprint model 'polygon' loaded for trajectory optimization.
[INFO] [1783910063.088104833, 62.114000000]: GOAL Reached!
[INFO] [1783910063.227758939, 62.254000000]: Footprint model 'polygon' loaded for trajectory optimization.
[INFO] [1783910064.105424629, 63.128000000]: Footprint model 'polygon' loaded for trajectory optimization.
[INFO] [1783910064.705092716, 63.726000000]: Footprint model 'polygon' loaded for trajectory optimization.
[INFO] [1783910065.252157138, 64.272000000]: Footprint model 'polygon' loaded for trajectory optimization.
[INFO] [1783910065.900910135, 64.924000000]: Footprint model 'polygon' loaded for trajectory optimization.
[INFO] [1783910066.456563071, 65.478000000]: Footprint model 'polygon' loaded for trajectory optimization.
[INFO] [1783910067.103828409, 66.122000000]: Footprint model 'polygon' loaded for trajectory optimization.
[INFO] [1783910067.794169073, 66.810000000]: Footprint model 'polygon' loaded for trajectory optimization.
[INFO] [1783910068.861553593, 67.878000000]: Footprint model 'polygon' loaded for trajectory optimization.
[INFO] [1783910068.899260468, 67.916000000]: Footprint model 'polygon' loaded for trajectory optimization.
[31mWARNING: disk usage in log directory [/home/robot/.ros/log] is over 1GB.
It's recommended that you use the 'rosclean' command.[0m
WARNING: Package name "gazebo_ros_2Dmap_plugin" does not follow the naming conventions. It should start with a lower case letter and only contain lower case letters, digits, underscores, and dashes.
WARNING: Package name "gazebo_ros_2Dmap_plugin" does not follow the naming conventions. It should start with a lower case letter and only contain lower case letters, digits, underscores, and dashes.
[31m================================================================================REQUIRED process [t11_formal_run-6] has died!
process has finished cleanly
log file: /home/robot/.ros/log/356fd1e6-7e63-11f1-91bc-3382cc4c3ed1/t11_formal_run-6*.log
Initiating shutdown!
================================================================================[0m
[m2_robot_state_publisher-4] killing on exit
[gazebo-2] killing on exit
[rosout-1] killing on exit
[master] killing on exit
shutting down processing monitor...
... shutting down processing monitor complete
[1mdone[0m
