WARNING: Package name "gazebo_ros_2Dmap_plugin" does not follow the naming conventions. It should start with a lower case letter and only contain lower case letters, digits, underscores, and dashes.
xacro: in-order processing became default in ROS Melodic. You can drop the option.
WARNING: Package name "gazebo_ros_2Dmap_plugin" does not follow the naming conventions. It should start with a lower case letter and only contain lower case letters, digits, underscores, and dashes.
WARNING: Package name "gazebo_ros_2Dmap_plugin" does not follow the naming conventions. It should start with a lower case letter and only contain lower case letters, digits, underscores, and dashes.
[INFO] [1783909299.975726, 0.000000]: Loading model XML from ros parameter robot_description
[INFO] [1783909299.978486, 0.000000]: Waiting for service /gazebo/spawn_urdf_model
[INFO] [1783909300.582110, 0.000000]: Calling service /gazebo/spawn_urdf_model
[INFO] [1783909300.880265, 0.172000]: Spawn status: SpawnModel: Successfully spawned entity
[INFO] [1783909301.285657583, 0.454000000]: global_costmap: Using plugin "obstacle_layer"
[INFO] [1783909301.290304106, 0.458000000]:     Subscribed to Topics: scan
[INFO] [1783909301.297978787, 0.466000000]: global_costmap: Using plugin "inflation_layer"
[INFO] [1783909301.310875078, 0.480000000]: local_costmap: Using plugin "obstacle_layer"
[INFO] [1783909301.311773365, 0.480000000]:     Subscribed to Topics: scan
[INFO] [1783909301.316508336, 0.484000000]: local_costmap: Using plugin "inflation_layer"
[INFO] [1783909301.329324852, 0.498000000]: Created local_planner teb_local_planner/TebLocalPlannerROS
[INFO] [1783909301.346324757, 0.514000000]: Footprint model 'polygon' loaded for trajectory optimization.
[INFO] [1783909301.346427701, 0.514000000]: Parallel planning in distinctive topologies disabled.
[INFO] [1783909301.346440493, 0.514000000]: No costmap conversion plugin specified. All occupied costmap cells are treaten as point obstacles.
[INFO] [1783909301.370239594, 0.538000000]: Footprint model 'polygon' loaded for trajectory optimization.
[INFO] [1783909301.540525837, 0.708000000]: Recovery behavior will clear layer 'obstacles'
[INFO] [1783909301.543095818, 0.710000000]: Recovery behavior will clear layer 'obstacles'
[INFO] [1783909301.560069900, 0.728000000]: odom received!
[INFO] [1783909303.323206008, 2.484000000]: Footprint model 'polygon' loaded for trajectory optimization.
[INFO] [1783909303.913558370, 3.072000000]: Footprint model 'polygon' loaded for trajectory optimization.
[INFO] [1783909304.512695709, 3.672000000]: Footprint model 'polygon' loaded for trajectory optimization.
[INFO] [1783909305.110174702, 4.268000000]: Footprint model 'polygon' loaded for trajectory optimization.
[INFO] [1783909306.953722762, 6.110000000]: GOAL Reached!
[INFO] [1783909307.099361018, 6.256000000]: Footprint model 'polygon' loaded for trajectory optimization.
[INFO] [1783909307.968660790, 7.122000000]: Footprint model 'polygon' loaded for trajectory optimization.
[INFO] [1783909308.569040047, 7.724000000]: Footprint model 'polygon' loaded for trajectory optimization.
[INFO] [1783909309.115880499, 8.268000000]: Footprint model 'polygon' loaded for trajectory optimization.
[INFO] [1783909309.767584634, 8.916000000]: Footprint model 'polygon' loaded for trajectory optimization.
[INFO] [1783909310.364139532, 9.514000000]: Footprint model 'polygon' loaded for trajectory optimization.
[INFO] [1783909310.917419177, 10.066000000]: Footprint model 'polygon' loaded for trajectory optimization.
[INFO] [1783909312.608394764, 11.754000000]: GOAL Reached!
[INFO] [1783909312.751250472, 11.896000000]: Footprint model 'polygon' loaded for trajectory optimization.
[INFO] [1783909313.614977039, 12.758000000]: Footprint model 'polygon' loaded for trajectory optimization.
[INFO] [1783909314.169890296, 13.314000000]: Footprint model 'polygon' loaded for trajectory optimization.
[INFO] [1783909314.770561619, 13.914000000]: Footprint model 'polygon' loaded for trajectory optimization.
[INFO] [1783909315.371506480, 14.512000000]: Footprint model 'polygon' loaded for trajectory optimization.
[INFO] [1783909316.018478110, 15.158000000]: Footprint model 'polygon' loaded for trajectory optimization.
[INFO] [1783909316.571455119, 15.710000000]: Footprint model 'polygon' loaded for trajectory optimization.
[INFO] [1783909317.961466433, 17.098000000]: GOAL Reached!
[INFO] [1783909318.111706259, 17.246000000]: Footprint model 'polygon' loaded for trajectory optimization.
[INFO] [1783909318.986217458, 18.122000000]: Footprint model 'polygon' loaded for trajectory optimization.
[INFO] [1783909319.669061909, 18.802000000]: Footprint model 'polygon' loaded for trajectory optimization.
[INFO] [1783909320.612111565, 19.742000000]: Footprint model 'polygon' loaded for trajectory optimization.
[INFO] [1783909321.300328118, 20.430000000]: Footprint model 'polygon' loaded for trajectory optimization.
[INFO] [1783909322.253230674, 21.382000000]: Footprint model 'polygon' loaded for trajectory optimization.
[INFO] [1783909322.938528041, 22.064000000]: Footprint [WARN] [1783909319.576617, 18.708000]: training environment stop requested: safety adapter requested emergency stop
[WARN] [1783909321.160383, 20.288000]: training environment stop requested: safety adapter requested emergency stop
[WARN] [1783909322.803728, 21.930000]: training environment stop requested: safety adapter requested emergency stop
[WARN] [1783909323.931794, 23.056000]: training environment stop requested: safety adapter requested emergency stop
[WARN] [1783909332.693877, 31.802000]: training environment stop requested: safety adapter requested emergency stop
[WARN] [1783909333.750208, 32.854000]: training environment stop requested: safety adapter requested emergency stop
[WARN] [1783909334.811071, 33.912000]: training environment stop requested: adapter_close
schema_version: '1.0'
task: T12
status: passed
run_id: t12_old_full_safety_seed101
algorithm: RL-TEB-Semantic-Eta
training_seed: 101
safety_mode: FullSafety
episode_count: 10
step_count: 34
failure_count: 6
run_validation:
  valid: true
  run_id: t12_old_full_safety_seed101
  episode_count: 10
  step_count: 34
  verified_checksum_count: 4
selected_checkpoint: /home/robot/robot_ws_base_rl/artifacts/t11/runs/t11_semantic_eta_fullsafety_seed101/checkpoints/step_000300
passed: true
acceptance_override: false

... logging to /home/robot/.ros/log/94459928-7e61-11f1-91bc-3382cc4c3ed1/roslaunch-WP-505541.log
Checking log directory for disk usage. This may take a while.
Press Ctrl-C to interrupt
]2;/home/robot/robot_ws_base_rl/src/tools/thesis_experiment/launch/t11_formal_run.launch
[1mstarted roslaunch server http://WP:35275/[0m

SUMMARY
========

PARAMETERS
 * /gazebo/enable_ros_network: True
 * /m2_gazebo/simulation_only: True
 * /m2_robot_state_publisher/publish_frequency: 30.0
 * /move_base/TebLocalPlannerROS/acc_lim_theta: 0.8
 * /move_base/TebLocalPlannerROS/acc_lim_x: 0.8
 * /move_base/TebLocalPlannerROS/allow_init_with_backwards_motion: True
 * /move_base/TebLocalPlannerROS/cmd_angle_instead_rotvel: False
 * /move_base/TebLocalPlannerROS/costmap_obstacles_behind_robot_dist: 1.5
 * /move_base/TebLocalPlannerROS/dt_hysteresis: 0.1
 * /move_base/TebLocalPlannerROS/dt_ref: 0.3
 * /move_base/TebLocalPlannerROS/enable_homotopy_class_planning: False
 * /move_base/TebLocalPlannerROS/enable_multithreading: True
 * /move_base/TebLocalPlannerROS/feasibility_check_no_poses: 5
 * /move_base/TebLocalPlannerROS/footprint_model/type: polygon
 * /move_base/TebLocalPlannerROS/footprint_model/vertices: [[0.52, 0.35], [0...
 * /move_base/TebLocalPlannerROS/global_plan_overwrite_orientation: True
 * /move_base/TebLocalPlannerROS/include_costmap_obstacles: True
 * /move_base/TebLocalPlannerROS/inflation_dist: 0.55
 * /move_base/TebLocalPlannerROS/map_frame: odom
 * /move_base/TebLocalPlannerROS/max_global_plan_lookahead_dist: 8.0
 * /move_base/TebLocalPlannerROS/max_number_classes: 4
 * /move_base/TebLocalPlannerROS/max_samples: 500
 * /move_base/TebLocalPlannerROS/max_vel_theta: 1.0
 * /move_base/TebLocalPlannerROS/max_vel_x: 1.2
 * /move_base/TebLocalPlannerROS/max_vel_x_backwards: 0.6
 * /move_base/TebLocalPlannerROS/max_vel_y: 0.0
 * /move_base/TebLocalPlannerROS/min_obstacle_dist: 0.25
 * /move_base/TebLocalPlannerROS/min_turning_radius: 1.2
 * /move_base/TebLocalPlannerROS/obstacle_poses_affected: 15
 * /move_base/TebLocalPlannerROS/odom_topic: /odom
 * /move_base/TebLocalPlannerROS/teb_autosize: True
 * /move_base/TebLocalPlannerROS/weight_acc_lim_theta: 1.0
 * /move_base/TebLocalPlannerROS/weight_acc_lim_x: 1.0
 * /move_base/TebLocalPlannerROS/weight_adapt_factor: 2.0
 * /move_base/TebLocalPlannerROS/weight_inflation: 0.1
 * /move_base/TebLocalPlannerROS/weight_kinematics_forward_drive: 10.0
 * /move_base/TebLocalPlannerROS/weight_kinematics_nh: 1000.0
 * /move_base/TebLocalPlannerROS/weight_kinematics_turning_radius: 10.0
 * /move_base/TebLocalPlannerROS/weight_max_vel_theta: 1.0
 * /move_base/TebLocalPlannerROS/weight_max_vel_x: 2.0
 * /move_base/TebLocalPlannerROS/weight_obstacle: 50.0
 * /move_base/TebLocalPlannerROS/weight_optimaltime: 1.0
 * /move_base/TebLocalPlannerROS/weight_viapoint: 1.0
 * /move_base/TebLocalPlannerROS/wheelbase: 0.65
 * /move_base/base_global_planner: navfn/NavfnROS
 * /move_base/base_local_planner: teb_local_planner...
 * /move_base/clearing_rotation_allowed: False
 * /move_base/controller_frequency: 10.0
 * /move_base/controller_patience: 5.0
 * /move_base/global_costmap/footprint: [[0.52, 0.35], [0...
 * /move_base/global_costmap/footprint_padding: 0.05
 * /move_base/global_costmap/global_frame: odom
 * /move_base/global_costmap/height: 30.0
 * /move_base/global_costmap/inflation_layer/cost_scaling_factor: 4.0
 * /move_base/global_costmap/inflation_layer/enabled: True
 * /move_base/global_costmap/inflation_layer/inflation_radius: 0.55
 * /move_base/global_costmap/obstacle_layer/enabled: True
 * /move_base/global_costmap/obstacle_layer/observation_sources: scan
 * /move_base/global_costmap/obstacle_layer/scan/clearing: True
 * /move_base/global_costmap/obstacle_layer/scan/data_type: LaserScan
 * /move_base/global_costmap/obstacle_layer/scan/inf_is_valid: True
 * /move_base/global_costmap/obstacle_layer/scan/marking: True
 * /move_base/global_costmap/obstacle_layer/scan/obstacle_range: 12.0
 * /move_base/global_costmap/obstacle_layer/scan/raytrace_range: 15.0
 * /move_base/global_costmap/obstacle_layer/scan/sensor_frame: laser_link
 * /move_base/global_costmap/obstacle_layer/scan/topic: /scan
 * /move_base/global_costmap/plugins: [{'name': 'obstac...
 * /move_base/global_costmap/publish_frequency: 2.0
 * /move_base/global_costmap/resolution: 0.05
 * /move_base/global_costmap/robot_base_frame: base_link
 * /move_base/global_costmap/rolling_window: True
 * /move_base/global_costmap/transform_tolerance: 0.3
 * /move_base/global_costmap/update_frequency: 5.0
 * /move_base/global_costmap/width: 30.0
 * /move_base/local_costmap/footprint: [[0.52, 0.35], [0...
 * /move_base/local_costmap/footprint_padding: 0.05
 * /move_base/local_costmap/global_frame: odom
 * /move_base/local_costmap/height: 12.0
 * /move_base/local_costmap/inflation_layer/cost_scaling_factor: 4.0
 * /move_base/local_costmap/inflation_layer/enabled: True
 * /move_base/local_costmap/inflation_layer/inflation_radius: 0.55
 * /move_base/local_costmap/obstacle_layer/enabled: True
 * /move_base/local_costmap/obstacle_layer/observation_sources: scan
 * /move_base/local_costmap/obstacle_layer/scan/clearing: True
 * /move_base/local_costmap/obstacle_layer/scan/data_type: LaserScan
 * /move_base/local_costmap/obstacle_layer/scan/inf_is_valid: True
 * /move_base/local_costmap/obstacle_layer/scan/marking: True
 * /move_base/local_costmap/obstacle_layer/scan/obstacle_range: 12.0
 * /move_base/local_costmap/obstacle_layer/scan/raytrace_range: 15.0
 * /move_base/local_costmap/obstacle_layer/scan/sensor_frame: laser_link
 * /move_base/local_costmap/obstacle_layer/scan/topic: /scan
 * /move_base/local_costmap/plugins: [{'name': 'obstac...
 * /move_base/local_costmap/publish_frequency: 5.0
 * /move_base/local_costmap/resolution: 0.05
 * /move_base/local_costmap/robot_base_frame: base_link
 * /move_base/local_costmap/rolling_window: True
 * /move_base/local_costmap/transform_tolerance: 0.3
 * /move_base/local_costmap/update_frequency: 10.0
 * /move_base/local_costmap/width: 12.0
 * /move_base/oscillation_distance: 0.2
 * /move_base/oscillation_timeout: 10.0
 * /move_base/planner_frequency: 1.0
 * /move_base/planner_patience: 5.0
 * /move_base/recovery_behavior_enabled: False
 * /move_base/shutdown_costmaps: False
 * /robot_description: <?xml version="1....
 * /rosdistro: noetic
 * /rosversion: 1.17.4
 * /t11_formal_run/acceptance_eval_seed_limit: 0
 * /t11_formal_run/acceptance_timesteps: 0
 * /t11_formal_run/algorithm: RL-TEB-Semantic-Eta
 * /t11_formal_run/checkpoint: /home/robot/robot...
 * /t11_formal_run/config: /home/robot/robot...
 * /t11_formal_run/evaluation_seed_override: 401
 * /t11_formal_run/output_dir: /home/robot/robot...
 * /t11_formal_run/phase: ablation
 * /t11_formal_run/run_id: t12_old_full_safe...
 * /t11_formal_run/safety_mode: FullSafety
 * /t11_formal_run/scene_manifest: /home/robot/robot...
 * /t11_formal_run/t12_safety_config: /home/robot/robot...
 * /t11_formal_run/task: T12
 * /t11_formal_run/training_seed: 101
 * /use_sim_time: True

NODES
  /
    gazebo (gazebo_ros/gzserver)
    m2_robot_state_publisher (robot_state_publisher/robot_state_publisher)
    move_base (move_base/move_base)
    spawn_m2 (gazebo_ros/spawn_model)
    t11_formal_run (thesis_experiment/t11_formal_run.py)

auto-starting new master
[1mprocess[master]: started with pid [505597][0m
[1mROS_MASTER_URI=http://localhost:11311[0m
]2;/home/robot/robot_ws_base_rl/src/tools/thesis_experiment/launch/t11_formal_run.launch http://localhost:11311
[1msetting /run_id to 94459928-7e61-11f1-91bc-3382cc4c3ed1[0m
[1mprocess[rosout-1]: started with pid [505630][0m
started core service [/rosout]
[1mprocess[gazebo-2]: started with pid [505637][0m
[1mprocess[spawn_m2-3]: started with pid [505641][0m
[1mprocess[m2_robot_state_publisher-4]: started with pid [505643][0m
[1mprocess[move_base-5]: started with pid [505644][0m
[1mprocess[t11_formal_run-6]: started with pid [505645][0m
[1m[spawn_m2-3] process has finished cleanly
log file: /home/robot/.ros/log/94459928-7e61-11f1-91bc-3382cc4c3ed1/spawn_m2-3*.log[0m
[t11_formal_run-6] killing on exit
[move_base-5] killing on exit
[INFO] [1783909300.087459647]: Finished loading Gazebo ROS API Plugin.
[INFO] [1783909300.088030926]: waitForService: Service [/gazebo/set_physics_properties] has not been advertised, waiting...
[INFO] [1783909300.538322731]: waitForService: Service [/gazebo/set_physics_properties] is now available.
[INFO] [1783909300.768015700, 0.172000000]: <initialOrientationAsReference> is unset, using default value of false to comply with REP 145 (world as orientation reference)
[INFO] [1783909300.768063000, 0.172000000]: <robotNamespace> set to: //
[INFO] [1783909300.768071608, 0.172000000]: <topicName> set to: imu/data
[INFO] [1783909300.768077603, 0.172000000]: <frameName> set to: imu_link
[INFO] [1783909300.768096486, 0.172000000]: <updateRateHZ> set to: 50
[INFO] [1783909300.768104401, 0.172000000]: <gaussianNoise> set to: 0
[INFO] [1783909300.768122056, 0.172000000]: <xyzOffset> set to: 0 0 0
[INFO] [1783909300.768137014, 0.172000000]: <rpyOffset> set to: 0 -0 0
[INFO] [1783909300.883388619, 0.172000000]: Physics dynamic reconfigure ready.
[INFO] [1783909300.884961076, 0.172000000]: Laser Plugin: Using the 'robotNamespace' param: '/'
[INFO] [1783909300.884982883, 0.172000000]: Starting Laser Plugin (ns = /)
[INFO] [1783909300.885965401, 0.172000000]: Laser Plugin (ns = /)  <tf_prefix_>, set to ""
[INFO] [1783909301.003642916, 0.172000000]: M2 simulation-only Ackermann interface loaded; cmd_angle_instead_rotvel=false
model 'polygon' loaded for trajectory optimization.
[INFO] [1783909324.075992076, 23.200000000]: Footprint model 'polygon' loaded for trajectory optimization.
[INFO] [1783909325.019568632, 24.142000000]: Footprint model 'polygon' loaded for trajectory optimization.
[INFO] [1783909325.623815008, 24.746000000]: Footprint model 'polygon' loaded for trajectory optimization.
[INFO] [1783909326.179796871, 25.302000000]: Footprint model 'polygon' loaded for trajectory optimization.
[INFO] [1783909326.823068538, 25.942000000]: Footprint model 'polygon' loaded for trajectory optimization.
[INFO] [1783909327.424843376, 26.544000000]: Footprint model 'polygon' loaded for trajectory optimization.
[INFO] [1783909327.976254499, 27.094000000]: Footprint model 'polygon' loaded for trajectory optimization.
[INFO] [1783909328.625768979, 27.742000000]: Footprint model 'polygon' loaded for trajectory optimization.
[INFO] [1783909329.228198741, 28.342000000]: Footprint model 'polygon' loaded for trajectory optimization.
[INFO] [1783909331.067828248, 30.180000000]: GOAL Reached!
[INFO] [1783909331.215718042, 30.326000000]: Footprint model 'polygon' loaded for trajectory optimization.
[INFO] [1783909332.091400786, 31.200000000]: Footprint model 'polygon' loaded for trajectory optimization.
[INFO] [1783909332.781676018, 31.890000000]: Footprint model 'polygon' loaded for trajectory optimization.
[INFO] [1783909333.825922708, 32.932000000]: Footprint model 'polygon' loaded for trajectory optimization.
[INFO] [1783909334.828074944, 33.930000000]: Footprint model 'polygon' loaded for trajectory optimization.
[INFO] [1783909334.858068557, 33.960000000]: Footprint model 'polygon' loaded for trajectory optimization.
[31mWARNING: disk usage in log directory [/home/robot/.ros/log] is over 1GB.
It's recommended that you use the 'rosclean' command.[0m
WARNING: Package name "gazebo_ros_2Dmap_plugin" does not follow the naming conventions. It should start with a lower case letter and only contain lower case letters, digits, underscores, and dashes.
WARNING: Package name "gazebo_ros_2Dmap_plugin" does not follow the naming conventions. It should start with a lower case letter and only contain lower case letters, digits, underscores, and dashes.
[31m================================================================================REQUIRED process [t11_formal_run-6] has died!
process has finished cleanly
log file: /home/robot/.ros/log/94459928-7e61-11f1-91bc-3382cc4c3ed1/t11_formal_run-6*.log
Initiating shutdown!
================================================================================[0m
[m2_robot_state_publisher-4] killing on exit
[gazebo-2] killing on exit
[rosout-1] killing on exit
[master] killing on exit
shutting down processing monitor...
... shutting down processing monitor complete
[1mdone[0m
