WARNING: Package name "gazebo_ros_2Dmap_plugin" does not follow the naming conventions. It should start with a lower case letter and only contain lower case letters, digits, underscores, and dashes.
xacro: in-order processing became default in ROS Melodic. You can drop the option.
WARNING: Package name "gazebo_ros_2Dmap_plugin" does not follow the naming conventions. It should start with a lower case letter and only contain lower case letters, digits, underscores, and dashes.
WARNING: Package name "gazebo_ros_2Dmap_plugin" does not follow the naming conventions. It should start with a lower case letter and only contain lower case letters, digits, underscores, and dashes.
[INFO] [1783909686.470758, 0.000000]: Loading model XML from ros parameter robot_description
[INFO] [1783909686.474024, 0.000000]: Waiting for service /gazebo/spawn_urdf_model
[INFO] [1783909687.378334, 0.166000]: Calling service /gazebo/spawn_urdf_model
[INFO] [1783909687.584171, 0.180000]: Spawn status: SpawnModel: Successfully spawned entity
[INFO] [1783909687.880112065, 0.362000000]: global_costmap: Using plugin "obstacle_layer"
[INFO] [1783909687.883322532, 0.364000000]:     Subscribed to Topics: scan
[INFO] [1783909687.889115603, 0.370000000]: global_costmap: Using plugin "inflation_layer"
[INFO] [1783909687.902726782, 0.384000000]: local_costmap: Using plugin "obstacle_layer"
[INFO] [1783909687.904048750, 0.384000000]:     Subscribed to Topics: scan
[INFO] [1783909687.911311733, 0.392000000]: local_costmap: Using plugin "inflation_layer"
[INFO] [1783909687.923068379, 0.404000000]: Created local_planner teb_local_planner/TebLocalPlannerROS
[INFO] [1783909687.939521019, 0.420000000]: Footprint model 'polygon' loaded for trajectory optimization.
[INFO] [1783909687.939653274, 0.420000000]: Parallel planning in distinctive topologies disabled.
[INFO] [1783909687.939667103, 0.420000000]: No costmap conversion plugin specified. All occupied costmap cells are treaten as point obstacles.
[INFO] [1783909687.962756843, 0.444000000]: Footprint model 'polygon' loaded for trajectory optimization.
[INFO] [1783909688.131933043, 0.614000000]: Recovery behavior will clear layer 'obstacles'
[INFO] [1783909688.133098159, 0.614000000]: Recovery behavior will clear layer 'obstacles'
[INFO] [1783909688.146916872, 0.628000000]: odom received!
[INFO] [1783909689.927610081, 2.404000000]: Footprint model 'polygon' loaded for trajectory optimization.
[INFO] [1783909690.531518982, 3.010000000]: Footprint model 'polygon' loaded for trajectory optimization.
[INFO] [1783909691.131234466, 3.610000000]: Footprint model 'polygon' loaded for trajectory optimization.
[INFO] [1783909691.682190140, 4.160000000]: Footprint model 'polygon' loaded for trajectory optimization.
[INFO] [1783909693.579133311, 6.054000000]: GOAL Reached!
[INFO] [1783909693.689491776, 6.164000000]: Footprint model 'polygon' loaded for trajectory optimization.
[INFO] [1783909694.531729156, 7.004000000]: Footprint model 'polygon' loaded for trajectory optimization.
[INFO] [1783909695.130661697, 7.602000000]: Footprint model 'polygon' loaded for trajectory optimization.
[INFO] [1783909695.678690026, 8.150000000]: Footprint model 'polygon' loaded for trajectory optimization.
[INFO] [1783909696.277582681, 8.748000000]: Footprint model 'polygon' loaded for trajectory optimization.
[INFO] [1783909696.878923127, 9.348000000]: Footprint model 'polygon' loaded for trajectory optimization.
[INFO] [1783909697.525124910, 9.996000000]: Footprint model 'polygon' loaded for trajectory optimization.
[INFO] [1783909699.172341493, 11.642000000]: GOAL Reached!
[INFO] [1783909699.290890471, 11.760000000]: Footprint model 'polygon' loaded for trajectory optimization.
[INFO] [1783909700.136818862, 12.604000000]: Footprint model 'polygon' loaded for trajectory optimization.
[INFO] [1783909700.679721651, 13.146000000]: Footprint model 'polygon' loaded for trajectory optimization.
[INFO] [1783909701.279205111, 13.746000000]: Footprint model 'polygon' loaded for trajectory optimization.
[INFO] [1783909701.924535729, 14.392000000]: Footprint model 'polygon' loaded for trajectory optimization.
[INFO] [1783909702.524257150, 14.990000000]: Footprint model 'polygon' loaded for trajectory optimization.
[INFO] [1783909703.125780808, 15.592000000]: Footprint model 'polygon' loaded for trajectory optimization.
[INFO] [1783909703.679075048, 16.144000000]: Footprint model 'polygon' loaded for trajectory optimization.
[INFO] [1783909705.172263297, 17.636000000]: GOAL Reached!
[INFO] [1783909705.292223959, 17.754000000]: Footprint model 'polygon' loaded for trajectory optimization.
[INFO] [1783909706.125396957, 18.586000000]: Footprint model 'polygon' loaded for trajectory optimization.
[INFO] [1783909706.820560710, 19.282000000]: Footprint model 'polygon' loaded for trajectory optimization.
[INFO] [1783909707.705566222, 20.164000000]: Footprint model 'polygon' loaded for trajectory optimization.
[INFO] [1783909708.407496449, 20.866000000]: Footprint model 'polygon' loaded for trajectory optimization.
[INFO] [1783909709.307086571, 21.766000000]: Footprint m[WARN] [1783909706.677855, 19.138000]: training environment stop requested: safety adapter requested emergency stop
[WARN] [1783909708.310749, 20.770000]: training environment stop requested: safety adapter requested emergency stop
[WARN] [1783909709.897961, 22.354000]: training environment stop requested: safety adapter requested emergency stop
[WARN] [1783909710.912592, 23.368000]: training environment stop requested: safety adapter requested emergency stop
[WARN] [1783909720.032608, 32.482000]: training environment stop requested: safety adapter requested emergency stop
[WARN] [1783909721.074444, 33.522000]: training environment stop requested: safety adapter requested emergency stop
[WARN] [1783909722.089057, 34.534000]: training environment stop requested: adapter_close
schema_version: '1.0'
task: T12
status: passed
run_id: t12_old_full_safety_seed102
algorithm: RL-TEB-Semantic-Eta
training_seed: 102
safety_mode: FullSafety
episode_count: 10
step_count: 36
failure_count: 6
run_validation:
  valid: true
  run_id: t12_old_full_safety_seed102
  episode_count: 10
  step_count: 36
  verified_checksum_count: 4
selected_checkpoint: /home/robot/robot_ws_base_rl/artifacts/t11/runs/t11_semantic_eta_fullsafety_seed102/checkpoints/step_000200
passed: true
acceptance_override: false

... logging to /home/robot/.ros/log/7a85a3b0-7e62-11f1-91bc-3382cc4c3ed1/roslaunch-WP-524189.log
Checking log directory for disk usage. This may take a while.
Press Ctrl-C to interrupt
]2;/home/robot/robot_ws_base_rl/src/tools/thesis_experiment/launch/t11_formal_run.launch
[1mstarted roslaunch server http://WP:40327/[0m

SUMMARY
========

PARAMETERS
 * /gazebo/enable_ros_network: True
 * /m2_gazebo/simulation_only: True
 * /m2_robot_state_publisher/publish_frequency: 30.0
 * /move_base/TebLocalPlannerROS/acc_lim_theta: 0.8
 * /move_base/TebLocalPlannerROS/acc_lim_x: 0.8
 * /move_base/TebLocalPlannerROS/allow_init_with_backwards_motion: True
 * /move_base/TebLocalPlannerROS/cmd_angle_instead_rotvel: False
 * /move_base/TebLocalPlannerROS/costmap_obstacles_behind_robot_dist: 1.5
 * /move_base/TebLocalPlannerROS/dt_hysteresis: 0.1
 * /move_base/TebLocalPlannerROS/dt_ref: 0.3
 * /move_base/TebLocalPlannerROS/enable_homotopy_class_planning: False
 * /move_base/TebLocalPlannerROS/enable_multithreading: True
 * /move_base/TebLocalPlannerROS/feasibility_check_no_poses: 5
 * /move_base/TebLocalPlannerROS/footprint_model/type: polygon
 * /move_base/TebLocalPlannerROS/footprint_model/vertices: [[0.52, 0.35], [0...
 * /move_base/TebLocalPlannerROS/global_plan_overwrite_orientation: True
 * /move_base/TebLocalPlannerROS/include_costmap_obstacles: True
 * /move_base/TebLocalPlannerROS/inflation_dist: 0.55
 * /move_base/TebLocalPlannerROS/map_frame: odom
 * /move_base/TebLocalPlannerROS/max_global_plan_lookahead_dist: 8.0
 * /move_base/TebLocalPlannerROS/max_number_classes: 4
 * /move_base/TebLocalPlannerROS/max_samples: 500
 * /move_base/TebLocalPlannerROS/max_vel_theta: 1.0
 * /move_base/TebLocalPlannerROS/max_vel_x: 1.2
 * /move_base/TebLocalPlannerROS/max_vel_x_backwards: 0.6
 * /move_base/TebLocalPlannerROS/max_vel_y: 0.0
 * /move_base/TebLocalPlannerROS/min_obstacle_dist: 0.25
 * /move_base/TebLocalPlannerROS/min_turning_radius: 1.2
 * /move_base/TebLocalPlannerROS/obstacle_poses_affected: 15
 * /move_base/TebLocalPlannerROS/odom_topic: /odom
 * /move_base/TebLocalPlannerROS/teb_autosize: True
 * /move_base/TebLocalPlannerROS/weight_acc_lim_theta: 1.0
 * /move_base/TebLocalPlannerROS/weight_acc_lim_x: 1.0
 * /move_base/TebLocalPlannerROS/weight_adapt_factor: 2.0
 * /move_base/TebLocalPlannerROS/weight_inflation: 0.1
 * /move_base/TebLocalPlannerROS/weight_kinematics_forward_drive: 10.0
 * /move_base/TebLocalPlannerROS/weight_kinematics_nh: 1000.0
 * /move_base/TebLocalPlannerROS/weight_kinematics_turning_radius: 10.0
 * /move_base/TebLocalPlannerROS/weight_max_vel_theta: 1.0
 * /move_base/TebLocalPlannerROS/weight_max_vel_x: 2.0
 * /move_base/TebLocalPlannerROS/weight_obstacle: 50.0
 * /move_base/TebLocalPlannerROS/weight_optimaltime: 1.0
 * /move_base/TebLocalPlannerROS/weight_viapoint: 1.0
 * /move_base/TebLocalPlannerROS/wheelbase: 0.65
 * /move_base/base_global_planner: navfn/NavfnROS
 * /move_base/base_local_planner: teb_local_planner...
 * /move_base/clearing_rotation_allowed: False
 * /move_base/controller_frequency: 10.0
 * /move_base/controller_patience: 5.0
 * /move_base/global_costmap/footprint: [[0.52, 0.35], [0...
 * /move_base/global_costmap/footprint_padding: 0.05
 * /move_base/global_costmap/global_frame: odom
 * /move_base/global_costmap/height: 30.0
 * /move_base/global_costmap/inflation_layer/cost_scaling_factor: 4.0
 * /move_base/global_costmap/inflation_layer/enabled: True
 * /move_base/global_costmap/inflation_layer/inflation_radius: 0.55
 * /move_base/global_costmap/obstacle_layer/enabled: True
 * /move_base/global_costmap/obstacle_layer/observation_sources: scan
 * /move_base/global_costmap/obstacle_layer/scan/clearing: True
 * /move_base/global_costmap/obstacle_layer/scan/data_type: LaserScan
 * /move_base/global_costmap/obstacle_layer/scan/inf_is_valid: True
 * /move_base/global_costmap/obstacle_layer/scan/marking: True
 * /move_base/global_costmap/obstacle_layer/scan/obstacle_range: 12.0
 * /move_base/global_costmap/obstacle_layer/scan/raytrace_range: 15.0
 * /move_base/global_costmap/obstacle_layer/scan/sensor_frame: laser_link
 * /move_base/global_costmap/obstacle_layer/scan/topic: /scan
 * /move_base/global_costmap/plugins: [{'name': 'obstac...
 * /move_base/global_costmap/publish_frequency: 2.0
 * /move_base/global_costmap/resolution: 0.05
 * /move_base/global_costmap/robot_base_frame: base_link
 * /move_base/global_costmap/rolling_window: True
 * /move_base/global_costmap/transform_tolerance: 0.3
 * /move_base/global_costmap/update_frequency: 5.0
 * /move_base/global_costmap/width: 30.0
 * /move_base/local_costmap/footprint: [[0.52, 0.35], [0...
 * /move_base/local_costmap/footprint_padding: 0.05
 * /move_base/local_costmap/global_frame: odom
 * /move_base/local_costmap/height: 12.0
 * /move_base/local_costmap/inflation_layer/cost_scaling_factor: 4.0
 * /move_base/local_costmap/inflation_layer/enabled: True
 * /move_base/local_costmap/inflation_layer/inflation_radius: 0.55
 * /move_base/local_costmap/obstacle_layer/enabled: True
 * /move_base/local_costmap/obstacle_layer/observation_sources: scan
 * /move_base/local_costmap/obstacle_layer/scan/clearing: True
 * /move_base/local_costmap/obstacle_layer/scan/data_type: LaserScan
 * /move_base/local_costmap/obstacle_layer/scan/inf_is_valid: True
 * /move_base/local_costmap/obstacle_layer/scan/marking: True
 * /move_base/local_costmap/obstacle_layer/scan/obstacle_range: 12.0
 * /move_base/local_costmap/obstacle_layer/scan/raytrace_range: 15.0
 * /move_base/local_costmap/obstacle_layer/scan/sensor_frame: laser_link
 * /move_base/local_costmap/obstacle_layer/scan/topic: /scan
 * /move_base/local_costmap/plugins: [{'name': 'obstac...
 * /move_base/local_costmap/publish_frequency: 5.0
 * /move_base/local_costmap/resolution: 0.05
 * /move_base/local_costmap/robot_base_frame: base_link
 * /move_base/local_costmap/rolling_window: True
 * /move_base/local_costmap/transform_tolerance: 0.3
 * /move_base/local_costmap/update_frequency: 10.0
 * /move_base/local_costmap/width: 12.0
 * /move_base/oscillation_distance: 0.2
 * /move_base/oscillation_timeout: 10.0
 * /move_base/planner_frequency: 1.0
 * /move_base/planner_patience: 5.0
 * /move_base/recovery_behavior_enabled: False
 * /move_base/shutdown_costmaps: False
 * /robot_description: <?xml version="1....
 * /rosdistro: noetic
 * /rosversion: 1.17.4
 * /t11_formal_run/acceptance_eval_seed_limit: 0
 * /t11_formal_run/acceptance_timesteps: 0
 * /t11_formal_run/algorithm: RL-TEB-Semantic-Eta
 * /t11_formal_run/checkpoint: /home/robot/robot...
 * /t11_formal_run/config: /home/robot/robot...
 * /t11_formal_run/evaluation_seed_override: 402
 * /t11_formal_run/output_dir: /home/robot/robot...
 * /t11_formal_run/phase: ablation
 * /t11_formal_run/run_id: t12_old_full_safe...
 * /t11_formal_run/safety_mode: FullSafety
 * /t11_formal_run/scene_manifest: /home/robot/robot...
 * /t11_formal_run/t12_safety_config: /home/robot/robot...
 * /t11_formal_run/task: T12
 * /t11_formal_run/training_seed: 102
 * /use_sim_time: True

NODES
  /
    gazebo (gazebo_ros/gzserver)
    m2_robot_state_publisher (robot_state_publisher/robot_state_publisher)
    move_base (move_base/move_base)
    spawn_m2 (gazebo_ros/spawn_model)
    t11_formal_run (thesis_experiment/t11_formal_run.py)

auto-starting new master
[1mprocess[master]: started with pid [524275][0m
[1mROS_MASTER_URI=http://localhost:11311[0m
]2;/home/robot/robot_ws_base_rl/src/tools/thesis_experiment/launch/t11_formal_run.launch http://localhost:11311
[1msetting /run_id to 7a85a3b0-7e62-11f1-91bc-3382cc4c3ed1[0m
[1mprocess[rosout-1]: started with pid [524326][0m
started core service [/rosout]
[1mprocess[gazebo-2]: started with pid [524333][0m
[1mprocess[spawn_m2-3]: started with pid [524337][0m
[1mprocess[m2_robot_state_publisher-4]: started with pid [524339][0m
[1mprocess[move_base-5]: started with pid [524340][0m
[1mprocess[t11_formal_run-6]: started with pid [524341][0m
[1m[spawn_m2-3] process has finished cleanly
log file: /home/robot/.ros/log/7a85a3b0-7e62-11f1-91bc-3382cc4c3ed1/spawn_m2-3*.log[0m
[t11_formal_run-6] killing on exit
[INFO] [1783909686.600565527]: Finished loading Gazebo ROS API Plugin.
[INFO] [1783909686.601333261]: waitForService: Service [/gazebo/set_physics_properties] has not been advertised, waiting...
[INFO] [1783909687.217867766, 0.008000000]: waitForService: Service [/gazebo/set_physics_properties] is now available.
[INFO] [1783909687.250852960, 0.040000000]: Physics dynamic reconfigure ready.
[INFO] [1783909687.461648353, 0.180000000]: <initialOrientationAsReference> is unset, using default value of false to comply with REP 145 (world as orientation reference)
[INFO] [1783909687.461705360, 0.180000000]: <robotNamespace> set to: //
[INFO] [1783909687.461719542, 0.180000000]: <topicName> set to: imu/data
[INFO] [1783909687.461729653, 0.180000000]: <frameName> set to: imu_link
[INFO] [1783909687.461759571, 0.180000000]: <updateRateHZ> set to: 50
[INFO] [1783909687.461775422, 0.180000000]: <gaussianNoise> set to: 0
[INFO] [1783909687.461810549, 0.180000000]: <xyzOffset> set to: 0 0 0
[INFO] [1783909687.461840378, 0.180000000]: <rpyOffset> set to: 0 -0 0
[INFO] [1783909687.590740234, 0.180000000]: Laser Plugin: Using the 'robotNamespace' param: '/'
[INFO] [1783909687.590767356, 0.180000000]: Starting Laser Plugin (ns = /)
[INFO] [1783909687.591631816, 0.180000000]: Laser Plugin (ns = /)  <tf_prefix_>, set to ""
[INFO] [1783909687.697436928, 0.180000000]: M2 simulation-only Ackermann interface loaded; cmd_angle_instead_rotvel=false
odel 'polygon' loaded for trajectory optimization.
[INFO] [1783909709.995926505, 22.452000000]: Footprint model 'polygon' loaded for trajectory optimization.
[INFO] [1783909710.983377667, 23.440000000]: Footprint model 'polygon' loaded for trajectory optimization.
[INFO] [1783909711.873035059, 24.330000000]: Footprint model 'polygon' loaded for trajectory optimization.
[INFO] [1783909712.428555001, 24.884000000]: Footprint model 'polygon' loaded for trajectory optimization.
[INFO] [1783909713.075852517, 25.530000000]: Footprint model 'polygon' loaded for trajectory optimization.
[INFO] [1783909713.676309017, 26.132000000]: Footprint model 'polygon' loaded for trajectory optimization.
[INFO] [1783909714.228984194, 26.682000000]: Footprint model 'polygon' loaded for trajectory optimization.
[INFO] [1783909714.879657700, 27.330000000]: Footprint model 'polygon' loaded for trajectory optimization.
[INFO] [1783909715.476384402, 27.930000000]: Footprint model 'polygon' loaded for trajectory optimization.
[INFO] [1783909716.030290977, 28.482000000]: Footprint model 'polygon' loaded for trajectory optimization.
[INFO] [1783909716.631651131, 29.082000000]: Footprint model 'polygon' loaded for trajectory optimization.
[INFO] [1783909718.525240428, 30.974000000]: GOAL Reached!
[INFO] [1783909718.647390699, 31.096000000]: Footprint model 'polygon' loaded for trajectory optimization.
[INFO] [1783909719.475521162, 31.926000000]: Footprint model 'polygon' loaded for trajectory optimization.
[INFO] [1783909720.176916104, 32.626000000]: Footprint model 'polygon' loaded for trajectory optimization.
[INFO] [1783909721.163683746, 33.612000000]: Footprint model 'polygon' loaded for trajectory optimization.
[INFO] [1783909722.105637974, 34.550000000]: Footprint model 'polygon' loaded for trajectory optimization.
[INFO] [1783909722.120683343, 34.566000000]: Footprint model 'polygon' loaded for trajectory optimization.
[31mWARNING: disk usage in log directory [/home/robot/.ros/log] is over 1GB.
It's recommended that you use the 'rosclean' command.[0m
WARNING: Package name "gazebo_ros_2Dmap_plugin" does not follow the naming conventions. It should start with a lower case letter and only contain lower case letters, digits, underscores, and dashes.
WARNING: Package name "gazebo_ros_2Dmap_plugin" does not follow the naming conventions. It should start with a lower case letter and only contain lower case letters, digits, underscores, and dashes.
[31m================================================================================REQUIRED process [t11_formal_run-6] has died!
process has finished cleanly
log file: /home/robot/.ros/log/7a85a3b0-7e62-11f1-91bc-3382cc4c3ed1/t11_formal_run-6*.log
Initiating shutdown!
================================================================================[0m
[m2_robot_state_publisher-4] killing on exit
[gazebo-2] killing on exit
[move_base-5] killing on exit
[rosout-1] killing on exit
[master] killing on exit
shutting down processing monitor...
... shutting down processing monitor complete
[1mdone[0m
