WARNING: Package name "gazebo_ros_2Dmap_plugin" does not follow the naming conventions. It should start with a lower case letter and only contain lower case letters, digits, underscores, and dashes.
xacro: in-order processing became default in ROS Melodic. You can drop the option.
WARNING: Package name "gazebo_ros_2Dmap_plugin" does not follow the naming conventions. It should start with a lower case letter and only contain lower case letters, digits, underscores, and dashes.
WARNING: Package name "gazebo_ros_2Dmap_plugin" does not follow the naming conventions. It should start with a lower case letter and only contain lower case letters, digits, underscores, and dashes.
[INFO] [1783909255.368930, 0.000000]: Loading model XML from ros parameter robot_description
[INFO] [1783909255.373960, 0.000000]: Waiting for service /gazebo/spawn_urdf_model
[INFO] [1783909255.978593, 0.058000]: Calling service /gazebo/spawn_urdf_model
[INFO] [1783909256.267067, 0.180000]: Spawn status: SpawnModel: Successfully spawned entity
Traceback (most recent call last):
  File "/home/robot/robot_ws_base_rl/devel/lib/thesis_experiment/t11_formal_run.py", line 15, in <module>
    exec(compile(fh.read(), python_script, 'exec'), context)
  File "/home/robot/robot_ws_base_rl/src/tools/thesis_experiment/scripts/t11_formal_run.py", line 20, in <module>
    sys.exit(main())
  File "/home/robot/robot_ws_base_rl/src/tools/thesis_experiment/scripts/t11_formal_run.py", line 14, in main
    report = T11FormalRunner().run()
  File "/home/robot/robot_ws_base_rl/src/tools/thesis_experiment/src/thesis_experiment/t11_training.py", line 465, in run
    self._connect()
  File "/home/robot/robot_ws_base_rl/src/tools/thesis_experiment/src/thesis_experiment/t11_training.py", line 399, in _connect
    self.adapter = GazeboTrainingAdapter(
  File "/home/robot/robot_ws_base_rl/src/tools/thesis_experiment/src/thesis_experiment/gazebo_training_adapter.py", line 70, in __init__
    raise ValueError("at least one Gazebo scenario is required")
ValueError: at least one Gazebo scenario is required
... logging to /home/robot/.ros/log/79ac4184-7e61-11f1-91bc-3382cc4c3ed1/roslaunch-WP-505034.log
Checking log directory for disk usage. This may take a while.
Press Ctrl-C to interrupt
]2;/home/robot/robot_ws_base_rl/src/tools/thesis_experiment/launch/t11_formal_run.launch
[1mstarted roslaunch server http://WP:33435/[0m

SUMMARY
========

PARAMETERS
 * /gazebo/enable_ros_network: True
 * /m2_gazebo/simulation_only: True
 * /m2_robot_state_publisher/publish_frequency: 30.0
 * /move_base/TebLocalPlannerROS/acc_lim_theta: 0.8
 * /move_base/TebLocalPlannerROS/acc_lim_x: 0.8
 * /move_base/TebLocalPlannerROS/allow_init_with_backwards_motion: True
 * /move_base/TebLocalPlannerROS/cmd_angle_instead_rotvel: False
 * /move_base/TebLocalPlannerROS/costmap_obstacles_behind_robot_dist: 1.5
 * /move_base/TebLocalPlannerROS/dt_hysteresis: 0.1
 * /move_base/TebLocalPlannerROS/dt_ref: 0.3
 * /move_base/TebLocalPlannerROS/enable_homotopy_class_planning: False
 * /move_base/TebLocalPlannerROS/enable_multithreading: True
 * /move_base/TebLocalPlannerROS/feasibility_check_no_poses: 5
 * /move_base/TebLocalPlannerROS/footprint_model/type: polygon
 * /move_base/TebLocalPlannerROS/footprint_model/vertices: [[0.52, 0.35], [0...
 * /move_base/TebLocalPlannerROS/global_plan_overwrite_orientation: True
 * /move_base/TebLocalPlannerROS/include_costmap_obstacles: True
 * /move_base/TebLocalPlannerROS/inflation_dist: 0.55
 * /move_base/TebLocalPlannerROS/map_frame: odom
 * /move_base/TebLocalPlannerROS/max_global_plan_lookahead_dist: 8.0
 * /move_base/TebLocalPlannerROS/max_number_classes: 4
 * /move_base/TebLocalPlannerROS/max_samples: 500
 * /move_base/TebLocalPlannerROS/max_vel_theta: 1.0
 * /move_base/TebLocalPlannerROS/max_vel_x: 1.2
 * /move_base/TebLocalPlannerROS/max_vel_x_backwards: 0.6
 * /move_base/TebLocalPlannerROS/max_vel_y: 0.0
 * /move_base/TebLocalPlannerROS/min_obstacle_dist: 0.25
 * /move_base/TebLocalPlannerROS/min_turning_radius: 1.2
 * /move_base/TebLocalPlannerROS/obstacle_poses_affected: 15
 * /move_base/TebLocalPlannerROS/odom_topic: /odom
 * /move_base/TebLocalPlannerROS/teb_autosize: True
 * /move_base/TebLocalPlannerROS/weight_acc_lim_theta: 1.0
 * /move_base/TebLocalPlannerROS/weight_acc_lim_x: 1.0
 * /move_base/TebLocalPlannerROS/weight_adapt_factor: 2.0
 * /move_base/TebLocalPlannerROS/weight_inflation: 0.1
 * /move_base/TebLocalPlannerROS/weight_kinematics_forward_drive: 10.0
 * /move_base/TebLocalPlannerROS/weight_kinematics_nh: 1000.0
 * /move_base/TebLocalPlannerROS/weight_kinematics_turning_radius: 10.0
 * /move_base/TebLocalPlannerROS/weight_max_vel_theta: 1.0
 * /move_base/TebLocalPlannerROS/weight_max_vel_x: 2.0
 * /move_base/TebLocalPlannerROS/weight_obstacle: 50.0
 * /move_base/TebLocalPlannerROS/weight_optimaltime: 1.0
 * /move_base/TebLocalPlannerROS/weight_viapoint: 1.0
 * /move_base/TebLocalPlannerROS/wheelbase: 0.65
 * /move_base/base_global_planner: navfn/NavfnROS
 * /move_base/base_local_planner: teb_local_planner...
 * /move_base/clearing_rotation_allowed: False
 * /move_base/controller_frequency: 10.0
 * /move_base/controller_patience: 5.0
 * /move_base/global_costmap/footprint: [[0.52, 0.35], [0...
 * /move_base/global_costmap/footprint_padding: 0.05
 * /move_base/global_costmap/global_frame: odom
 * /move_base/global_costmap/height: 30.0
 * /move_base/global_costmap/inflation_layer/cost_scaling_factor: 4.0
 * /move_base/global_costmap/inflation_layer/enabled: True
 * /move_base/global_costmap/inflation_layer/inflation_radius: 0.55
 * /move_base/global_costmap/obstacle_layer/enabled: True
 * /move_base/global_costmap/obstacle_layer/observation_sources: scan
 * /move_base/global_costmap/obstacle_layer/scan/clearing: True
 * /move_base/global_costmap/obstacle_layer/scan/data_type: LaserScan
 * /move_base/global_costmap/obstacle_layer/scan/inf_is_valid: True
 * /move_base/global_costmap/obstacle_layer/scan/marking: True
 * /move_base/global_costmap/obstacle_layer/scan/obstacle_range: 12.0
 * /move_base/global_costmap/obstacle_layer/scan/raytrace_range: 15.0
 * /move_base/global_costmap/obstacle_layer/scan/sensor_frame: laser_link
 * /move_base/global_costmap/obstacle_layer/scan/topic: /scan
 * /move_base/global_costmap/plugins: [{'name': 'obstac...
 * /move_base/global_costmap/publish_frequency: 2.0
 * /move_base/global_costmap/resolution: 0.05
 * /move_base/global_costmap/robot_base_frame: base_link
 * /move_base/global_costmap/rolling_window: True
 * /move_base/global_costmap/transform_tolerance: 0.3
 * /move_base/global_costmap/update_frequency: 5.0
 * /move_base/global_costmap/width: 30.0
 * /move_base/local_costmap/footprint: [[0.52, 0.35], [0...
 * /move_base/local_costmap/footprint_padding: 0.05
 * /move_base/local_costmap/global_frame: odom
 * /move_base/local_costmap/height: 12.0
 * /move_base/local_costmap/inflation_layer/cost_scaling_factor: 4.0
 * /move_base/local_costmap/inflation_layer/enabled: True
 * /move_base/local_costmap/inflation_layer/inflation_radius: 0.55
 * /move_base/local_costmap/obstacle_layer/enabled: True
 * /move_base/local_costmap/obstacle_layer/observation_sources: scan
 * /move_base/local_costmap/obstacle_layer/scan/clearing: True
 * /move_base/local_costmap/obstacle_layer/scan/data_type: LaserScan
 * /move_base/local_costmap/obstacle_layer/scan/inf_is_valid: True
 * /move_base/local_costmap/obstacle_layer/scan/marking: True
 * /move_base/local_costmap/obstacle_layer/scan/obstacle_range: 12.0
 * /move_base/local_costmap/obstacle_layer/scan/raytrace_range: 15.0
 * /move_base/local_costmap/obstacle_layer/scan/sensor_frame: laser_link
 * /move_base/local_costmap/obstacle_layer/scan/topic: /scan
 * /move_base/local_costmap/plugins: [{'name': 'obstac...
 * /move_base/local_costmap/publish_frequency: 5.0
 * /move_base/local_costmap/resolution: 0.05
 * /move_base/local_costmap/robot_base_frame: base_link
 * /move_base/local_costmap/rolling_window: True
 * /move_base/local_costmap/transform_tolerance: 0.3
 * /move_base/local_costmap/update_frequency: 10.0
 * /move_base/local_costmap/width: 12.0
 * /move_base/oscillation_distance: 0.2
 * /move_base/oscillation_timeout: 10.0
 * /move_base/planner_frequency: 1.0
 * /move_base/planner_patience: 5.0
 * /move_base/recovery_behavior_enabled: False
 * /move_base/shutdown_costmaps: False
 * /robot_description: <?xml version="1....
 * /rosdistro: noetic
 * /rosversion: 1.17.4
 * /t11_formal_run/acceptance_eval_seed_limit: 0
 * /t11_formal_run/acceptance_timesteps: 0
 * /t11_formal_run/algorithm: RL-TEB-Semantic-Eta
 * /t11_formal_run/checkpoint: /home/robot/robot...
 * /t11_formal_run/config: /home/robot/robot...
 * /t11_formal_run/evaluation_seed_override: 401
 * /t11_formal_run/output_dir: /home/robot/robot...
 * /t11_formal_run/phase: ablation
 * /t11_formal_run/run_id: t12_old_full_safe...
 * /t11_formal_run/safety_mode: FullSafety
 * /t11_formal_run/scene_manifest: /home/robot/robot...
 * /t11_formal_run/t12_safety_config: /home/robot/robot...
 * /t11_formal_run/task: T12
 * /t11_formal_run/training_seed: 101
 * /use_sim_time: True

NODES
  /
    gazebo (gazebo_ros/gzserver)
    m2_robot_state_publisher (robot_state_publisher/robot_state_publisher)
    move_base (move_base/move_base)
    spawn_m2 (gazebo_ros/spawn_model)
    t11_formal_run (thesis_experiment/t11_formal_run.py)

auto-starting new master
[1mprocess[master]: started with pid [505090][0m
[1mROS_MASTER_URI=http://localhost:11311[0m
]2;/home/robot/robot_ws_base_rl/src/tools/thesis_experiment/launch/t11_formal_run.launch http://localhost:11311
[1msetting /run_id to 79ac4184-7e61-11f1-91bc-3382cc4c3ed1[0m
[1mprocess[rosout-1]: started with pid [505123][0m
started core service [/rosout]
[1mprocess[gazebo-2]: started with pid [505130][0m
[1mprocess[spawn_m2-3]: started with pid [505133][0m
[1mprocess[m2_robot_state_publisher-4]: started with pid [505136][0m
[1mprocess[move_base-5]: started with pid [505137][0m
[1mprocess[t11_formal_run-6]: started with pid [505138][0m
[1m[spawn_m2-3] process has finished cleanly
log file: /home/robot/.ros/log/79ac4184-7e61-11f1-91bc-3382cc4c3ed1/spawn_m2-3*.log[0m
[t11_formal_run-6] killing on exit
[move_base-5] killing on exit
[INFO] [1783909255.467983519]: Finished loading Gazebo ROS API Plugin.
[INFO] [1783909255.468637870]: waitForService: Service [/gazebo/set_physics_properties] has not been advertised, waiting...
[INFO] [1783909255.919801976, 0.002000000]: waitForService: Service [/gazebo/set_physics_properties] is now available.
[INFO] [1783909255.957960616, 0.040000000]: Physics dynamic reconfigure ready.
[INFO] [1783909256.155558964, 0.180000000]: <initialOrientationAsReference> is unset, using default value of false to comply with REP 145 (world as orientation reference)
[INFO] [1783909256.155594406, 0.180000000]: <robotNamespace> set to: //
[INFO] [1783909256.155602772, 0.180000000]: <topicName> set to: imu/data
[INFO] [1783909256.155608685, 0.180000000]: <frameName> set to: imu_link
[INFO] [1783909256.155626963, 0.180000000]: <updateRateHZ> set to: 50
[INFO] [1783909256.155633747, 0.180000000]: <gaussianNoise> set to: 0
[INFO] [1783909256.155649946, 0.180000000]: <xyzOffset> set to: 0 0 0
[INFO] [1783909256.155664028, 0.180000000]: <rpyOffset> set to: 0 -0 0
[INFO] [1783909256.270777151, 0.180000000]: Laser Plugin: Using the 'robotNamespace' param: '/'
[INFO] [1783909256.270797608, 0.180000000]: Starting Laser Plugin (ns = /)
[INFO] [1783909256.271903892, 0.180000000]: Laser Plugin (ns = /)  <tf_prefix_>, set to ""
[INFO] [1783909256.391236188, 0.180000000]: M2 simulation-only Ackermann interface loaded; cmd_angle_instead_rotvel=false
[INFO] [1783909256.652947087, 0.442000000]: global_costmap: Using plugin "obstacle_layer"
[INFO] [1783909256.655761246, 0.444000000]:     Subscribed to Topics: scan
[INFO] [1783909256.661104133, 0.450000000]: global_costmap: Using plugin "inflation_layer"
[INFO] [1783909256.672610287, 0.460000000]: local_costmap: Using plugin "obstacle_layer"
[INFO] [1783909256.673386671, 0.462000000]:     Subscribed to Topics: scan
[INFO] [1783909256.678053174, 0.466000000]: local_costmap: Using plugin "inflation_layer"
[INFO] [1783909256.688117464, 0.476000000]: Created local_planner teb_local_planner/TebLocalPlannerROS
[INFO] [1783909256.705027883, 0.494000000]: Footprint model 'polygon' loaded for trajectory optimization.
[INFO] [1783909256.705150374, 0.494000000]: Parallel planning in distinctive topologies disabled.
[INFO] [1783909256.705165163, 0.494000000]: No costmap conversion plugin specified. All occupied costmap cells are treaten as point obstacles.
[INFO] [1783909256.728553251, 0.516000000]: Footprint model 'polygon' loaded for trajectory optimization.
[INFO] [1783909256.895053569, 0.682000000]: Recovery behavior will clear layer 'obstacles'
[INFO] [1783909256.895936058, 0.684000000]: Recovery behavior will clear layer 'obstacles'
[INFO] [1783909256.910391338, 0.698000000]: Footprint model 'polygon' loaded for trajectory optimization.
[INFO] [1783909256.922831102, 0.710000000]: odom received!
[31mWARNING: disk usage in log directory [/home/robot/.ros/log] is over 1GB.
It's recommended that you use the 'rosclean' command.[0m
WARNING: Package name "gazebo_ros_2Dmap_plugin" does not follow the naming conventions. It should start with a lower case letter and only contain lower case letters, digits, underscores, and dashes.
WARNING: Package name "gazebo_ros_2Dmap_plugin" does not follow the naming conventions. It should start with a lower case letter and only contain lower case letters, digits, underscores, and dashes.
[31m================================================================================REQUIRED process [t11_formal_run-6] has died!
process has died [pid 505138, exit code 1, cmd /home/robot/robot_ws_base_rl/.venv/bin/python /home/robot/robot_ws_base_rl/devel/lib/thesis_experiment/t11_formal_run.py __name:=t11_formal_run __log:=/home/robot/.ros/log/79ac4184-7e61-11f1-91bc-3382cc4c3ed1/t11_formal_run-6.log].
log file: /home/robot/.ros/log/79ac4184-7e61-11f1-91bc-3382cc4c3ed1/t11_formal_run-6*.log
Initiating shutdown!
================================================================================[0m
[gazebo-2] killing on exit
[m2_robot_state_publisher-4] killing on exit
[rosout-1] killing on exit
[master] killing on exit
shutting down processing monitor...
... shutting down processing monitor complete
[1mdone[0m
