WARNING: Package name "gazebo_ros_2Dmap_plugin" does not follow the naming conventions. It should start with a lower case letter and only contain lower case letters, digits, underscores, and dashes.
xacro: in-order processing became default in ROS Melodic. You can drop the option.
WARNING: Package name "gazebo_ros_2Dmap_plugin" does not follow the naming conventions. It should start with a lower case letter and only contain lower case letters, digits, underscores, and dashes.
WARNING: Package name "gazebo_ros_2Dmap_plugin" does not follow the naming conventions. It should start with a lower case letter and only contain lower case letters, digits, underscores, and dashes.
[INFO] [1783909409.051983, 0.000000]: Loading model XML from ros parameter robot_description
[INFO] [1783909409.055023, 0.000000]: Waiting for service /gazebo/spawn_urdf_model
[INFO] [1783909409.658650, 0.032000]: Calling service /gazebo/spawn_urdf_model
[INFO] [1783909409.971921, 0.180000]: Spawn status: SpawnModel: Successfully spawned entity
[ERROR] [1783909425.765511171, 15.816000000]: TebOptimalPlanner::getVelocityCommand() - timediff<=0 is invalid!
[WARN] [1783909425.765627934, 15.816000000]: TebLocalPlannerROS: velocity command invalid. Resetting planner...
[INFO] [1783909410.360341296, 0.440000000]: global_costmap: Using plugin "obstacle_layer"
[INFO] [1783909410.362795280, 0.444000000]:     Subscribed to Topics: scan
[INFO] [1783909410.367555653, 0.448000000]: global_costmap: Using plugin "inflation_layer"
[INFO] [1783909410.380035134, 0.460000000]: local_costmap: Using plugin "obstacle_layer"
[INFO] [1783909410.380802309, 0.462000000]:     Subscribed to Topics: scan
[INFO] [1783909410.384898775, 0.466000000]: local_costmap: Using plugin "inflation_layer"
[INFO] [1783909410.396212474, 0.476000000]: Created local_planner teb_local_planner/TebLocalPlannerROS
[INFO] [1783909410.413988237, 0.494000000]: Footprint model 'polygon' loaded for trajectory optimization.
[INFO] [1783909410.414097987, 0.494000000]: Parallel planning in distinctive topologies disabled.
[INFO] [1783909410.414113652, 0.494000000]: No costmap conversion plugin specified. All occupied costmap cells are treaten as point obstacles.
[INFO] [1783909410.435649163, 0.516000000]: Footprint model 'polygon' loaded for trajectory optimization.
[INFO] [1783909410.597663211, 0.678000000]: Recovery behavior will clear layer 'obstacles'
[INFO] [1783909410.599207495, 0.680000000]: Recovery behavior will clear layer 'obstacles'
[INFO] [1783909410.613134312, 0.694000000]: odom received!
[INFO] [1783909412.394966252, 2.470000000]: Footprint model 'polygon' loaded for trajectory optimization.
[INFO] [1783909412.945579489, 3.020000000]: Footprint model 'polygon' loaded for trajectory optimization.
[INFO] [1783909413.545630019, 3.618000000]: Footprint model 'polygon' loaded for trajectory optimization.
[INFO] [1783909414.194103139, 4.266000000]: Footprint model 'polygon' loaded for trajectory optimization.
[INFO] [1783909416.036997548, 6.106000000]: GOAL Reached!
[INFO] [1783909416.176971278, 6.246000000]: Footprint model 'polygon' loaded for trajectory optimization.
[INFO] [1783909417.058171590, 7.124000000]: Footprint model 'polygon' loaded for trajectory optimization.
[INFO] [1783909417.599691715, 7.666000000]: Footprint model 'polygon' loaded for trajectory optimization.
[INFO] [1783909418.250692789, 8.316000000]: Footprint model 'polygon' loaded for trajectory optimization.
[INFO] [1783909418.802334030, 8.866000000]: Footprint model 'polygon' loaded for trajectory optimization.
[INFO] [1783909419.402712610, 9.466000000]: Footprint model 'polygon' loaded for trajectory optimization.
[INFO] [1783909420.054384185, 10.114000000]: Footprint model 'polygon' loaded for trajectory optimization.
[INFO] [1783909421.493527428, 11.552000000]: GOAL Reached!
[INFO] [1783909421.647167688, 11.706000000]: Footprint model 'polygon' loaded for trajectory optimization.
[INFO] [1783909422.535478192, 12.592000000]: Footprint model 'polygon' loaded for trajectory optimization.
[INFO] [1783909423.077563531, 13.132000000]: Footprint model 'polygon' loaded for trajectory optimization.
[INFO] [1783909423.675247732, 13.730000000]: Footprint model 'polygon' loaded for trajectory optimization.
[INFO] [1783909424.275359020, 14.328000000]: Footprint model 'polygon' loaded for trajectory optimization.
[INFO] [1783909424.921488976, 14.976000000]: Footprint model 'polygon' loaded for trajectory optimization.
[INFO] [1783909425.521545823, 15.574000000]: Footprint model 'polygon' loaded for trajectory optimization.
[INFO] [1783909429.072176406, 19.122000000]: Footprint model 'polygon' loaded for trajectory optimization.
[INFO] [1783909429.364563904, 19.414000000]: GOAL Reached!
[INFO] [1783909429.815696249, 19.864000000]: Footprint model 'polygon' loaded for trajectory optimization.
[INFO] [1783909430.656844164, 20.704000000]: Footprint model 'polygon' loaded for trajectory optimization.
[INFO] [1783909431.258688802, 21.306000000]: Footprint model 'polygon' loaded for trajectory optimization.
[INFO] [1783909431.859276170, 21.906000000]: Footprint model 'polygon' loaded for trajectory optimization.
[INFO] [1783909432.411012695, 22.456000000]: Footprint model 'polygon' loaded for trajectory optimization.
[INFO] [1783909433.006670882, 23.054000000]: Footprint model 'polygon' loaded for trajectory optimization.
[INFO] [1783909433.657932528, 23.702000000]: Footprint model 'polygon' loaded for trajectory optimization.
[INFO] [1783909434.256741488, 24.300000000]: Footprint model 'polygon' loaded for trajectory optimization.
[INFO] [1783909434.810982963, 24.854000000]: Footprint model 'polygon' loaded for trajectory optimization.
[INFO] [1783909435.408579622, 25.452000000]: Footprint model 'polygon' loaded for trajectory optimization.
[INFO] [1783909436.011676363, 26.052000000]: Footprint model 'polygon' loaded for trajectory optimization.
[INFO] [1783909436.659172425, 26.702000000]: Footprint model 'polygon' loaded for trajectory optimization.
[INFO] [1783909437.258902128, 27.302000000]: Footprint model 'polygon' loaded for trajectory optimization.
[INFO] [1783909439.305548520, 29.344000000]: GOAL Reached!
[INFO] [1783909439.428186479, 29.466000000]: Footprint model 'polygon' loaded for trajectory optimization.
[INFO] [1783909440.267551645, 30.306000000]: Footprint model 'polygon' loaded for trajectory optimization.
[INFO] [1783909440.819022916, 30.856000000]: Footprint model 'polygon' loaded for trajectory optimization.
[INFO] [1783909441.412711915, 31.452000000]: Footprint model 'polygon' loaded for trajectory optimization.
[INFO] [1783909442.062582702, 32.100000000]: Footprint model 'polygon' loaded for trajectory optimization.
[INFO] [1783909442.665440561, 32.702000000]: Footprint model 'polygon' loaded for trajectory optimization.
[INFO] [1783909443.266340696, 33.300000000]: Footprint model 'polygon' loaded for trajectory optimization.
[INFO] [1783909443.864732564, 33.900000000]: Footprint model 'polygon' loaded for trajectory optimization.
[INFO] [1783909444.464850912, 34.500000000]: Footprint model 'polygon' loaded for trajectory optimization.
[INFO] [1783909446.311624078, 36.344000000]: GOAL Reached!
[INFO] [1783909446.430431099, 36.464000000]: Footprint model 'polygon' loaded for trajectory optimization.
[INFO] [1783909447.273364752, 37.304000000]: Footprint model 'polygon' loaded for trajectory optimization.
[INFO] [1783909447.817795258, 37.850000000]: Footprint model 'polygon' loaded for trajectory optimization.
[INFO] [1783909448.464200172, 38.496000000]: Footprint model 'polygon' loaded for trajectory optimization.
[INFO] [1783909449.018536475, 39.048000000]: Footprint model 'polygon' loaded for trajectory optimization.
[INFO] [1783909449.618091397, 39.648000000]: Footprint model 'polygon' loaded for trajectory optimization.
[INFO] [1783909450.266915933, 40.298000000]: Footprint model 'polygon' loaded for trajectory optimization.
[INFO] [1783909450.865290770, 40.894000000]: Footprint model 'polygon' loaded for trajectory optimization.
[INFO] [1783909451.465160731, 41.494000000]: Footprint model 'polygon' loaded for trajectory optimization.
[INFO] [1783909452.070440984, 42.096000000]: Footprint model 'polygon' loaded for trajectory optimization.
[INFO] [1783909453.714762265, 43.740000000]: GOAL Reached!
[INFO] [1783909453.833672430, 43.858000000]: Footprint model 'polygon' loaded for trajectory optimization.
[INFO] [1783909454.688511643, 44.714000000]: Footprint model 'polygon' loaded for trajectory optimization.
[INFO] [1783909455.276625805, 45.300000000]: Footprint model 'polygon' loaded for trajectory optimization.
[INFO] [1783909455.826221477, 45.852000000]: Footprint model 'polygon' loaded for trajectory optimization.
[INFO] [1783909456.476190273, 46.500000000]: Footprint model 'polygon' loaded for trajectory optimization.
[INFO] [1783909457.025549615, 47.048000000]: Footprint model 'polygon' loaded for trajectory optimization.
[INFO] [1783909457.624410033, 47.648000000]: Footprint model 'polygon' loaded for trajectory optimization.
[INFO] [1783909458.224863701, 48.248000000]: Footprint model 'polygon' loaded for trajectory optimization.
[INFO] [1783909460.119780087, 50.140000000]: GOAL Reached!
[INFO] [1783909460.238637294, 50.258000000]: Footprint model 'polygon' loaded for trajectory optimization.
[INFO] [1783909461.092508998, 51.110000000]: Footprint model 'p[WARN] [1783909479.132008, 69.134000]: training environment stop requested: safety adapter requested emergency stop
[WARN] [1783909480.159939, 70.160000]: training environment stop requested: adapter_close
Traceback (most recent call last):
  File "/home/robot/robot_ws_base_rl/src/tools/thesis_experiment/src/thesis_experiment/run_artifacts.py", line 78, in write_metric_csv
    validate_metric_record(row, schema)
  File "/home/robot/robot_ws_base_rl/src/tools/thesis_experiment/src/thesis_experiment/schema.py", line 134, in validate_metric_record
    _validate_scalar(field, value)
  File "/home/robot/robot_ws_base_rl/src/tools/thesis_experiment/src/thesis_experiment/schema.py", line 93, in _validate_scalar
    raise SchemaValidationError(
thesis_experiment.schema.SchemaValidationError: algorithm must be one of ['Fixed-DWA', 'TEB-Default', 'TEB-Tuned', 'Rule-TEB', 'RL-TEB-Direct-Theta', 'RL-TEB-Semantic-Eta', 'RL-TEB-Eta-NoSafety', 'RL-TEB-Eta-ProjectionOnly', 'RL-TEB-Eta-FullSafety', 'RL-TEB-Eta-NoFallback']

During handling of the above exception, another exception occurred:

Traceback (most recent call last):
  File "/home/robot/robot_ws_base_rl/devel/lib/thesis_experiment/t11_formal_run.py", line 15, in <module>
    exec(compile(fh.read(), python_script, 'exec'), context)
  File "/home/robot/robot_ws_base_rl/src/tools/thesis_experiment/scripts/t11_formal_run.py", line 20, in <module>
    sys.exit(main())
  File "/home/robot/robot_ws_base_rl/src/tools/thesis_experiment/scripts/t11_formal_run.py", line 14, in main
    report = T11FormalRunner().run()
  File "/home/robot/robot_ws_base_rl/src/tools/thesis_experiment/src/thesis_experiment/t11_training.py", line 479, in run
    return self._ablation(raw_vec, recorded, recorder)
  File "/home/robot/robot_ws_base_rl/src/tools/thesis_experiment/src/thesis_experiment/t11_training.py", line 564, in _ablation
    return self._write_bundle(recorder, checkpoint, state, selection)
  File "/home/robot/robot_ws_base_rl/src/tools/thesis_experiment/src/thesis_experiment/t11_training.py", line 576, in _write_bundle
    write_episode_csv(episodes, recorder.episodes,
  File "/home/robot/robot_ws_base_rl/src/tools/thesis_experiment/src/thesis_experiment/run_artifacts.py", line 103, in write_episode_csv
    return write_metric_csv(path, records, load_metric_schema(schema_path))
  File "/home/robot/robot_ws_base_rl/src/tools/thesis_experiment/src/thesis_experiment/run_artifacts.py", line 81, in write_metric_csv
    raise RunValidationError("record {}: {}".format(index, exc))
thesis_experiment.run_artifacts.RunValidationError: record 1: algorithm must be one of ['Fixed-DWA', 'TEB-Default', 'TEB-Tuned', 'Rule-TEB', 'RL-TEB-Direct-Theta', 'RL-TEB-Semantic-Eta', 'RL-TEB-Eta-NoSafety', 'RL-TEB-Eta-ProjectionOnly', 'RL-TEB-Eta-FullSafety', 'RL-TEB-Eta-NoFallback']
... logging to /home/robot/.ros/log/d547234c-7e61-11f1-91bc-3382cc4c3ed1/roslaunch-WP-507771.log
Checking log directory for disk usage. This may take a while.
Press Ctrl-C to interrupt
]2;/home/robot/robot_ws_base_rl/src/tools/thesis_experiment/launch/t11_formal_run.launch
[1mstarted roslaunch server http://WP:36729/[0m

SUMMARY
========

PARAMETERS
 * /gazebo/enable_ros_network: True
 * /m2_gazebo/simulation_only: True
 * /m2_robot_state_publisher/publish_frequency: 30.0
 * /move_base/TebLocalPlannerROS/acc_lim_theta: 0.8
 * /move_base/TebLocalPlannerROS/acc_lim_x: 0.8
 * /move_base/TebLocalPlannerROS/allow_init_with_backwards_motion: True
 * /move_base/TebLocalPlannerROS/cmd_angle_instead_rotvel: False
 * /move_base/TebLocalPlannerROS/costmap_obstacles_behind_robot_dist: 1.5
 * /move_base/TebLocalPlannerROS/dt_hysteresis: 0.1
 * /move_base/TebLocalPlannerROS/dt_ref: 0.3
 * /move_base/TebLocalPlannerROS/enable_homotopy_class_planning: False
 * /move_base/TebLocalPlannerROS/enable_multithreading: True
 * /move_base/TebLocalPlannerROS/feasibility_check_no_poses: 5
 * /move_base/TebLocalPlannerROS/footprint_model/type: polygon
 * /move_base/TebLocalPlannerROS/footprint_model/vertices: [[0.52, 0.35], [0...
 * /move_base/TebLocalPlannerROS/global_plan_overwrite_orientation: True
 * /move_base/TebLocalPlannerROS/include_costmap_obstacles: True
 * /move_base/TebLocalPlannerROS/inflation_dist: 0.55
 * /move_base/TebLocalPlannerROS/map_frame: odom
 * /move_base/TebLocalPlannerROS/max_global_plan_lookahead_dist: 8.0
 * /move_base/TebLocalPlannerROS/max_number_classes: 4
 * /move_base/TebLocalPlannerROS/max_samples: 500
 * /move_base/TebLocalPlannerROS/max_vel_theta: 1.0
 * /move_base/TebLocalPlannerROS/max_vel_x: 1.2
 * /move_base/TebLocalPlannerROS/max_vel_x_backwards: 0.6
 * /move_base/TebLocalPlannerROS/max_vel_y: 0.0
 * /move_base/TebLocalPlannerROS/min_obstacle_dist: 0.25
 * /move_base/TebLocalPlannerROS/min_turning_radius: 1.2
 * /move_base/TebLocalPlannerROS/obstacle_poses_affected: 15
 * /move_base/TebLocalPlannerROS/odom_topic: /odom
 * /move_base/TebLocalPlannerROS/teb_autosize: True
 * /move_base/TebLocalPlannerROS/weight_acc_lim_theta: 1.0
 * /move_base/TebLocalPlannerROS/weight_acc_lim_x: 1.0
 * /move_base/TebLocalPlannerROS/weight_adapt_factor: 2.0
 * /move_base/TebLocalPlannerROS/weight_inflation: 0.1
 * /move_base/TebLocalPlannerROS/weight_kinematics_forward_drive: 10.0
 * /move_base/TebLocalPlannerROS/weight_kinematics_nh: 1000.0
 * /move_base/TebLocalPlannerROS/weight_kinematics_turning_radius: 10.0
 * /move_base/TebLocalPlannerROS/weight_max_vel_theta: 1.0
 * /move_base/TebLocalPlannerROS/weight_max_vel_x: 2.0
 * /move_base/TebLocalPlannerROS/weight_obstacle: 50.0
 * /move_base/TebLocalPlannerROS/weight_optimaltime: 1.0
 * /move_base/TebLocalPlannerROS/weight_viapoint: 1.0
 * /move_base/TebLocalPlannerROS/wheelbase: 0.65
 * /move_base/base_global_planner: navfn/NavfnROS
 * /move_base/base_local_planner: teb_local_planner...
 * /move_base/clearing_rotation_allowed: False
 * /move_base/controller_frequency: 10.0
 * /move_base/controller_patience: 5.0
 * /move_base/global_costmap/footprint: [[0.52, 0.35], [0...
 * /move_base/global_costmap/footprint_padding: 0.05
 * /move_base/global_costmap/global_frame: odom
 * /move_base/global_costmap/height: 30.0
 * /move_base/global_costmap/inflation_layer/cost_scaling_factor: 4.0
 * /move_base/global_costmap/inflation_layer/enabled: True
 * /move_base/global_costmap/inflation_layer/inflation_radius: 0.55
 * /move_base/global_costmap/obstacle_layer/enabled: True
 * /move_base/global_costmap/obstacle_layer/observation_sources: scan
 * /move_base/global_costmap/obstacle_layer/scan/clearing: True
 * /move_base/global_costmap/obstacle_layer/scan/data_type: LaserScan
 * /move_base/global_costmap/obstacle_layer/scan/inf_is_valid: True
 * /move_base/global_costmap/obstacle_layer/scan/marking: True
 * /move_base/global_costmap/obstacle_layer/scan/obstacle_range: 12.0
 * /move_base/global_costmap/obstacle_layer/scan/raytrace_range: 15.0
 * /move_base/global_costmap/obstacle_layer/scan/sensor_frame: laser_link
 * /move_base/global_costmap/obstacle_layer/scan/topic: /scan
 * /move_base/global_costmap/plugins: [{'name': 'obstac...
 * /move_base/global_costmap/publish_frequency: 2.0
 * /move_base/global_costmap/resolution: 0.05
 * /move_base/global_costmap/robot_base_frame: base_link
 * /move_base/global_costmap/rolling_window: True
 * /move_base/global_costmap/transform_tolerance: 0.3
 * /move_base/global_costmap/update_frequency: 5.0
 * /move_base/global_costmap/width: 30.0
 * /move_base/local_costmap/footprint: [[0.52, 0.35], [0...
 * /move_base/local_costmap/footprint_padding: 0.05
 * /move_base/local_costmap/global_frame: odom
 * /move_base/local_costmap/height: 12.0
 * /move_base/local_costmap/inflation_layer/cost_scaling_factor: 4.0
 * /move_base/local_costmap/inflation_layer/enabled: True
 * /move_base/local_costmap/inflation_layer/inflation_radius: 0.55
 * /move_base/local_costmap/obstacle_layer/enabled: True
 * /move_base/local_costmap/obstacle_layer/observation_sources: scan
 * /move_base/local_costmap/obstacle_layer/scan/clearing: True
 * /move_base/local_costmap/obstacle_layer/scan/data_type: LaserScan
 * /move_base/local_costmap/obstacle_layer/scan/inf_is_valid: True
 * /move_base/local_costmap/obstacle_layer/scan/marking: True
 * /move_base/local_costmap/obstacle_layer/scan/obstacle_range: 12.0
 * /move_base/local_costmap/obstacle_layer/scan/raytrace_range: 15.0
 * /move_base/local_costmap/obstacle_layer/scan/sensor_frame: laser_link
 * /move_base/local_costmap/obstacle_layer/scan/topic: /scan
 * /move_base/local_costmap/plugins: [{'name': 'obstac...
 * /move_base/local_costmap/publish_frequency: 5.0
 * /move_base/local_costmap/resolution: 0.05
 * /move_base/local_costmap/robot_base_frame: base_link
 * /move_base/local_costmap/rolling_window: True
 * /move_base/local_costmap/transform_tolerance: 0.3
 * /move_base/local_costmap/update_frequency: 10.0
 * /move_base/local_costmap/width: 12.0
 * /move_base/oscillation_distance: 0.2
 * /move_base/oscillation_timeout: 10.0
 * /move_base/planner_frequency: 1.0
 * /move_base/planner_patience: 5.0
 * /move_base/recovery_behavior_enabled: False
 * /move_base/shutdown_costmaps: False
 * /robot_description: <?xml version="1....
 * /rosdistro: noetic
 * /rosversion: 1.17.4
 * /t11_formal_run/acceptance_eval_seed_limit: 0
 * /t11_formal_run/acceptance_timesteps: 0
 * /t11_formal_run/algorithm: RL-TEB-Semantic-Eta
 * /t11_formal_run/checkpoint: /home/robot/robot...
 * /t11_formal_run/config: /home/robot/robot...
 * /t11_formal_run/evaluation_seed_override: 401
 * /t11_formal_run/output_dir: /home/robot/robot...
 * /t11_formal_run/phase: ablation
 * /t11_formal_run/run_id: t12_t12_safety_se...
 * /t11_formal_run/safety_mode: T12Safety
 * /t11_formal_run/scene_manifest: /home/robot/robot...
 * /t11_formal_run/t12_safety_config: /home/robot/robot...
 * /t11_formal_run/task: T12
 * /t11_formal_run/training_seed: 101
 * /use_sim_time: True

NODES
  /
    gazebo (gazebo_ros/gzserver)
    m2_robot_state_publisher (robot_state_publisher/robot_state_publisher)
    move_base (move_base/move_base)
    spawn_m2 (gazebo_ros/spawn_model)
    t11_formal_run (thesis_experiment/t11_formal_run.py)

auto-starting new master
[1mprocess[master]: started with pid [507827][0m
[1mROS_MASTER_URI=http://localhost:11311[0m
]2;/home/robot/robot_ws_base_rl/src/tools/thesis_experiment/launch/t11_formal_run.launch http://localhost:11311
[1msetting /run_id to d547234c-7e61-11f1-91bc-3382cc4c3ed1[0m
[1mprocess[rosout-1]: started with pid [507860][0m
started core service [/rosout]
[1mprocess[gazebo-2]: started with pid [507867][0m
[1mprocess[spawn_m2-3]: started with pid [507871][0m
[1mprocess[m2_robot_state_publisher-4]: started with pid [507873][0m
[1mprocess[move_base-5]: started with pid [507874][0m
[1mprocess[t11_formal_run-6]: started with pid [507875][0m
[1m[spawn_m2-3] process has finished cleanly
log file: /home/robot/.ros/log/d547234c-7e61-11f1-91bc-3382cc4c3ed1/spawn_m2-3*.log[0m
[t11_formal_run-6] killing on exit
[move_base-5] killing on exit
[INFO] [1783909409.177715530]: Finished loading Gazebo ROS API Plugin.
[INFO] [1783909409.178451184]: waitForService: Service [/gazebo/set_physics_properties] has not been advertised, waiting...
[INFO] [1783909409.628882984, 0.004000000]: waitForService: Service [/gazebo/set_physics_properties] is now available.
[INFO] [1783909409.662150926, 0.036000000]: Physics dynamic reconfigure ready.
[INFO] [1783909409.860858441, 0.180000000]: <initialOrientationAsReference> is unset, using default value of false to comply with REP 145 (world as orientation reference)
[INFO] [1783909409.860894210, 0.180000000]: <robotNamespace> set to: //
[INFO] [1783909409.860902702, 0.180000000]: <topicName> set to: imu/data
[INFO] [1783909409.860908544, 0.180000000]: <frameName> set to: imu_link
[INFO] [1783909409.860927538, 0.180000000]: <updateRateHZ> set to: 50
[INFO] [1783909409.860934981, 0.180000000]: <gaussianNoise> set to: 0
[INFO] [1783909409.860956695, 0.180000000]: <xyzOffset> set to: 0 0 0
[INFO] [1783909409.860972651, 0.180000000]: <rpyOffset> set to: 0 -0 0
[INFO] [1783909409.976826374, 0.180000000]: Laser Plugin: Using the 'robotNamespace' param: '/'
[INFO] [1783909409.976848817, 0.180000000]: Starting Laser Plugin (ns = /)
[INFO] [1783909409.977660799, 0.180000000]: Laser Plugin (ns = /)  <tf_prefix_>, set to ""
[INFO] [1783909410.094562325, 0.180000000]: M2 simulation-only Ackermann interface loaded; cmd_angle_instead_rotvel=false
olygon' loaded for trajectory optimization.
[INFO] [1783909461.636654367, 51.654000000]: Footprint model 'polygon' loaded for trajectory optimization.
[INFO] [1783909462.229802912, 52.246000000]: Footprint model 'polygon' loaded for trajectory optimization.
[INFO] [1783909462.876640491, 52.894000000]: Footprint model 'polygon' loaded for trajectory optimization.
[INFO] [1783909463.479648434, 53.496000000]: Footprint model 'polygon' loaded for trajectory optimization.
[INFO] [1783909464.035666822, 54.050000000]: Footprint model 'polygon' loaded for trajectory optimization.
[INFO] [1783909464.629535496, 54.646000000]: Footprint model 'polygon' loaded for trajectory optimization.
[INFO] [1783909465.256094580, 55.270000000]: Footprint model 'polygon' loaded for trajectory optimization.
[INFO] [1783909465.830460111, 55.844000000]: Footprint model 'polygon' loaded for trajectory optimization.
[INFO] [1783909467.625168972, 57.638000000]: GOAL Reached!
[INFO] [1783909467.744293947, 57.756000000]: Footprint model 'polygon' loaded for trajectory optimization.
[INFO] [1783909468.594178066, 58.604000000]: Footprint model 'polygon' loaded for trajectory optimization.
[INFO] [1783909469.185679535, 59.196000000]: Footprint model 'polygon' loaded for trajectory optimization.
[INFO] [1783909469.781474980, 59.792000000]: Footprint model 'polygon' loaded for trajectory optimization.
[INFO] [1783909470.380627020, 60.392000000]: Footprint model 'polygon' loaded for trajectory optimization.
[INFO] [1783909470.934699650, 60.944000000]: Footprint model 'polygon' loaded for trajectory optimization.
[INFO] [1783909471.534796739, 61.544000000]: Footprint model 'polygon' loaded for trajectory optimization.
[INFO] [1783909472.136002656, 62.144000000]: Footprint model 'polygon' loaded for trajectory optimization.
[INFO] [1783909472.735378465, 62.742000000]: Footprint model 'polygon' loaded for trajectory optimization.
[INFO] [1783909473.383917638, 63.392000000]: Footprint model 'polygon' loaded for trajectory optimization.
[INFO] [1783909475.231055043, 65.236000000]: GOAL Reached!
[INFO] [1783909475.345046477, 65.350000000]: Footprint model 'polygon' loaded for trajectory optimization.
[INFO] [1783909476.180383571, 66.184000000]: Footprint model 'polygon' loaded for trajectory optimization.
[INFO] [1783909476.736716550, 66.742000000]: Footprint model 'polygon' loaded for trajectory optimization.
[INFO] [1783909477.382831618, 67.388000000]: Footprint model 'polygon' loaded for trajectory optimization.
[INFO] [1783909477.985549999, 67.988000000]: Footprint model 'polygon' loaded for trajectory optimization.
[INFO] [1783909478.584970567, 68.588000000]: Footprint model 'polygon' loaded for trajectory optimization.
[INFO] [1783909479.279728119, 69.280000000]: Footprint model 'polygon' loaded for trajectory optimization.
[INFO] [1783909480.214137605, 70.216000000]: Footprint model 'polygon' loaded for trajectory optimization.
[INFO] [1783909480.231982186, 70.234000000]: Footprint model 'polygon' loaded for trajectory optimization.
[31mWARNING: disk usage in log directory [/home/robot/.ros/log] is over 1GB.
It's recommended that you use the 'rosclean' command.[0m
WARNING: Package name "gazebo_ros_2Dmap_plugin" does not follow the naming conventions. It should start with a lower case letter and only contain lower case letters, digits, underscores, and dashes.
WARNING: Package name "gazebo_ros_2Dmap_plugin" does not follow the naming conventions. It should start with a lower case letter and only contain lower case letters, digits, underscores, and dashes.
[31m================================================================================REQUIRED process [t11_formal_run-6] has died!
process has died [pid 507875, exit code 1, cmd /home/robot/robot_ws_base_rl/.venv/bin/python /home/robot/robot_ws_base_rl/devel/lib/thesis_experiment/t11_formal_run.py __name:=t11_formal_run __log:=/home/robot/.ros/log/d547234c-7e61-11f1-91bc-3382cc4c3ed1/t11_formal_run-6.log].
log file: /home/robot/.ros/log/d547234c-7e61-11f1-91bc-3382cc4c3ed1/t11_formal_run-6*.log
Initiating shutdown!
================================================================================[0m
[m2_robot_state_publisher-4] killing on exit
[gazebo-2] killing on exit
[rosout-1] killing on exit
[master] killing on exit
shutting down processing monitor...
... shutting down processing monitor complete
[1mdone[0m
