WARNING: Package name "gazebo_ros_2Dmap_plugin" does not follow the naming conventions. It should start with a lower case letter and only contain lower case letters, digits, underscores, and dashes.
xacro: in-order processing became default in ROS Melodic. You can drop the option.
WARNING: Package name "gazebo_ros_2Dmap_plugin" does not follow the naming conventions. It should start with a lower case letter and only contain lower case letters, digits, underscores, and dashes.
WARNING: Package name "gazebo_ros_2Dmap_plugin" does not follow the naming conventions. It should start with a lower case letter and only contain lower case letters, digits, underscores, and dashes.
[INFO] [1783909483.670214, 0.000000]: Loading model XML from ros parameter robot_description
[INFO] [1783909483.674067, 0.000000]: Waiting for service /gazebo/spawn_urdf_model
[INFO] [1783909484.579502, 0.114000]: Calling service /gazebo/spawn_urdf_model
[INFO] [1783909484.813269, 0.178000]: Spawn status: SpawnModel: Successfully spawned entity
[INFO] [1783909485.068022082, 0.320000000]: global_costmap: Using plugin "obstacle_layer"
[INFO] [1783909485.070617768, 0.322000000]:     Subscribed to Topics: scan
[INFO] [1783909485.075391405, 0.326000000]: global_costmap: Using plugin "inflation_layer"
[INFO] [1783909485.088735447, 0.340000000]: local_costmap: Using plugin "obstacle_layer"
[INFO] [1783909485.089582902, 0.340000000]:     Subscribed to Topics: scan
[INFO] [1783909485.094564187, 0.346000000]: local_costmap: Using plugin "inflation_layer"
[INFO] [1783909485.106040104, 0.358000000]: Created local_planner teb_local_planner/TebLocalPlannerROS
[INFO] [1783909485.123692126, 0.374000000]: Footprint model 'polygon' loaded for trajectory optimization.
[INFO] [1783909485.123912915, 0.374000000]: Parallel planning in distinctive topologies disabled.
[INFO] [1783909485.123940780, 0.376000000]: No costmap conversion plugin specified. All occupied costmap cells are treaten as point obstacles.
[INFO] [1783909485.149513183, 0.400000000]: Footprint model 'polygon' loaded for trajectory optimization.
[INFO] [1783909485.307909082, 0.558000000]: Recovery behavior will clear layer 'obstacles'
[INFO] [1783909485.308982599, 0.560000000]: Recovery behavior will clear layer 'obstacles'
[INFO] [1783909485.318292142, 0.570000000]: odom received!
[INFO] [1783909487.012991060, 2.262000000]: Footprint model 'polygon' loaded for trajectory optimization.
[INFO] [1783909487.561994163, 2.812000000]: Footprint model 'polygon' loaded for trajectory optimization.
[INFO] [1783909488.209899575, 3.458000000]: Footprint model 'polygon' loaded for trajectory optimization.
[INFO] [1783909488.762345221, 4.010000000]: Footprint model 'polygon' loaded for trajectory optimization.
[INFO] [1783909490.657895557, 5.904000000]: GOAL Reached!
[INFO] [1783909490.776933863, 6.022000000]: Footprint model 'polygon' loaded for trajectory optimization.
[INFO] [1783909491.619492924, 6.862000000]: Footprint model 'polygon' loaded for trajectory optimization.
[INFO] [1783909492.212076987, 7.456000000]: Footprint model 'polygon' loaded for trajectory optimization.
[INFO] [1783909492.811547545, 8.054000000]: Footprint model 'polygon' loaded for trajectory optimization.
[INFO] [1783909493.411044657, 8.654000000]: Footprint model 'polygon' loaded for trajectory optimization.
[INFO] [1783909494.012145163, 9.256000000]: Footprint model 'polygon' loaded for trajectory optimization.
[INFO] [1783909494.613660041, 9.854000000]: Footprint model 'polygon' loaded for trajectory optimization.
[INFO] [1783909496.255792238, 11.498000000]: GOAL Reached!
[INFO] [1783909496.371236373, 11.612000000]: Footprint model 'polygon' loaded for trajectory optimization.
[INFO] [1783909497.203717409, 12.442000000]: Footprint model 'polygon' loaded for trajectory optimization.
[INFO] [1783909497.807637940, 13.046000000]: Footprint model 'polygon' loaded for trajectory optimization.
[INFO] [1783909498.404964018, 13.642000000]: Footprint model 'polygon' loaded for trajectory optimization.
[INFO] [1783909498.953988997, 14.192000000]: Footprint model 'polygon' loaded for trajectory optimization.
[INFO] [1783909499.606207066, 14.842000000]: Footprint model 'polygon' loaded for trajectory optimization.
[INFO] [1783909500.208597030, 15.444000000]: Footprint model 'polygon' loaded for trajectory optimization.
[INFO] [1783909501.650543862, 16.886000000]: GOAL Reached!
[INFO] [1783909501.765980868, 17.002000000]: Footprint model 'polygon' loaded for trajectory optimization.
[INFO] [1783909502.608676367, 17.842000000]: Footprint model 'polygon' loaded for trajectory optimization.
[INFO] [1783909503.212480682, 18.446000000]: Footprint model 'polygon' loaded for trajectory optimization.
[INFO] [1783909503.811984895, 19.044000000]: Footprint model 'polygon' loaded for trajectory optimization.
[INFO] [1783909504.360010522, 19.592000000]: Footprint model 'polygon' loaded for trajectory optimization.
[INFO] [1783909505.005204091, 20.238000000]: Footprint model 'polygon' loaded for trajectory optimization.
[INFO] [1783909505.608750373, 20.838000000]: Footprint m... logging to /home/robot/.ros/log/01b7fe92-7e62-11f1-91bc-3382cc4c3ed1/roslaunch-WP-511778.log
Checking log directory for disk usage. This may take a while.
Press Ctrl-C to interrupt
]2;/home/robot/robot_ws_base_rl/src/tools/thesis_experiment/launch/t11_formal_run.launch
[1mstarted roslaunch server http://WP:42685/[0m

SUMMARY
========

PARAMETERS
 * /gazebo/enable_ros_network: True
 * /m2_gazebo/simulation_only: True
 * /m2_robot_state_publisher/publish_frequency: 30.0
 * /move_base/TebLocalPlannerROS/acc_lim_theta: 0.8
 * /move_base/TebLocalPlannerROS/acc_lim_x: 0.8
 * /move_base/TebLocalPlannerROS/allow_init_with_backwards_motion: True
 * /move_base/TebLocalPlannerROS/cmd_angle_instead_rotvel: False
 * /move_base/TebLocalPlannerROS/costmap_obstacles_behind_robot_dist: 1.5
 * /move_base/TebLocalPlannerROS/dt_hysteresis: 0.1
 * /move_base/TebLocalPlannerROS/dt_ref: 0.3
 * /move_base/TebLocalPlannerROS/enable_homotopy_class_planning: False
 * /move_base/TebLocalPlannerROS/enable_multithreading: True
 * /move_base/TebLocalPlannerROS/feasibility_check_no_poses: 5
 * /move_base/TebLocalPlannerROS/footprint_model/type: polygon
 * /move_base/TebLocalPlannerROS/footprint_model/vertices: [[0.52, 0.35], [0...
 * /move_base/TebLocalPlannerROS/global_plan_overwrite_orientation: True
 * /move_base/TebLocalPlannerROS/include_costmap_obstacles: True
 * /move_base/TebLocalPlannerROS/inflation_dist: 0.55
 * /move_base/TebLocalPlannerROS/map_frame: odom
 * /move_base/TebLocalPlannerROS/max_global_plan_lookahead_dist: 8.0
 * /move_base/TebLocalPlannerROS/max_number_classes: 4
 * /move_base/TebLocalPlannerROS/max_samples: 500
 * /move_base/TebLocalPlannerROS/max_vel_theta: 1.0
 * /move_base/TebLocalPlannerROS/max_vel_x: 1.2
 * /move_base/TebLocalPlannerROS/max_vel_x_backwards: 0.6
 * /move_base/TebLocalPlannerROS/max_vel_y: 0.0
 * /move_base/TebLocalPlannerROS/min_obstacle_dist: 0.25
 * /move_base/TebLocalPlannerROS/min_turning_radius: 1.2
 * /move_base/TebLocalPlannerROS/obstacle_poses_affected: 15
 * /move_base/TebLocalPlannerROS/odom_topic: /odom
 * /move_base/TebLocalPlannerROS/teb_autosize: True
 * /move_base/TebLocalPlannerROS/weight_acc_lim_theta: 1.0
 * /move_base/TebLocalPlannerROS/weight_acc_lim_x: 1.0
 * /move_base/TebLocalPlannerROS/weight_adapt_factor: 2.0
 * /move_base/TebLocalPlannerROS/weight_inflation: 0.1
 * /move_base/TebLocalPlannerROS/weight_kinematics_forward_drive: 10.0
 * /move_base/TebLocalPlannerROS/weight_kinematics_nh: 1000.0
 * /move_base/TebLocalPlannerROS/weight_kinematics_turning_radius: 10.0
 * /move_base/TebLocalPlannerROS/weight_max_vel_theta: 1.0
 * /move_base/TebLocalPlannerROS/weight_max_vel_x: 2.0
 * /move_base/TebLocalPlannerROS/weight_obstacle: 50.0
 * /move_base/TebLocalPlannerROS/weight_optimaltime: 1.0
 * /move_base/TebLocalPlannerROS/weight_viapoint: 1.0
 * /move_base/TebLocalPlannerROS/wheelbase: 0.65
 * /move_base/base_global_planner: navfn/NavfnROS
 * /move_base/base_local_planner: teb_local_planner...
 * /move_base/clearing_rotation_allowed: False
 * /move_base/controller_frequency: 10.0
 * /move_base/controller_patience: 5.0
 * /move_base/global_costmap/footprint: [[0.52, 0.35], [0...
 * /move_base/global_costmap/footprint_padding: 0.05
 * /move_base/global_costmap/global_frame: odom
 * /move_base/global_costmap/height: 30.0
 * /move_base/global_costmap/inflation_layer/cost_scaling_factor: 4.0
 * /move_base/global_costmap/inflation_layer/enabled: True
 * /move_base/global_costmap/inflation_layer/inflation_radius: 0.55
 * /move_base/global_costmap/obstacle_layer/enabled: True
 * /move_base/global_costmap/obstacle_layer/observation_sources: scan
 * /move_base/global_costmap/obstacle_layer/scan/clearing: True
 * /move_base/global_costmap/obstacle_layer/scan/data_type: LaserScan
 * /move_base/global_costmap/obstacle_layer/scan/inf_is_valid: True
 * /move_base/global_costmap/obstacle_layer/scan/marking: True
 * /move_base/global_costmap/obstacle_layer/scan/obstacle_range: 12.0
 * /move_base/global_costmap/obstacle_layer/scan/raytrace_range: 15.0
 * /move_base/global_costmap/obstacle_layer/scan/sensor_frame: laser_link
 * /move_base/global_costmap/obstacle_layer/scan/topic: /scan
 * /move_base/global_costmap/plugins: [{'name': 'obstac...
 * /move_base/global_costmap/publish_frequency: 2.0
 * /move_base/global_costmap/resolution: 0.05
 * /move_base/global_costmap/robot_base_frame: base_link
 * /move_base/global_costmap/rolling_window: True
 * /move_base/global_costmap/transform_tolerance: 0.3
 * /move_base/global_costmap/update_frequency: 5.0
 * /move_base/global_costmap/width: 30.0
 * /move_base/local_costmap/footprint: [[0.52, 0.35], [0...
 * /move_base/local_costmap/footprint_padding: 0.05
 * /move_base/local_costmap/global_frame: odom
 * /move_base/local_costmap/height: 12.0
 * /move_base/local_costmap/inflation_layer/cost_scaling_factor: 4.0
 * /move_base/local_costmap/inflation_layer/enabled: True
 * /move_base/local_costmap/inflation_layer/inflation_radius: 0.55
 * /move_base/local_costmap/obstacle_layer/enabled: True
 * /move_base/local_costmap/obstacle_layer/observation_sources: scan
 * /move_base/local_costmap/obstacle_layer/scan/clearing: True
 * /move_base/local_costmap/obstacle_layer/scan/data_type: LaserScan
 * /move_base/local_costmap/obstacle_layer/scan/inf_is_valid: True
 * /move_base/local_costmap/obstacle_layer/scan/marking: True
 * /move_base/local_costmap/obstacle_layer/scan/obstacle_range: 12.0
 * /move_base/local_costmap/obstacle_layer/scan/raytrace_range: 15.0
 * /move_base/local_costmap/obstacle_layer/scan/sensor_frame: laser_link
 * /move_base/local_costmap/obstacle_layer/scan/topic: /scan
 * /move_base/local_costmap/plugins: [{'name': 'obstac...
 * /move_base/local_costmap/publish_frequency: 5.0
 * /move_base/local_costmap/resolution: 0.05
 * /move_base/local_costmap/robot_base_frame: base_link
 * /move_base/local_costmap/rolling_window: True
 * /move_base/local_costmap/transform_tolerance: 0.3
 * /move_base/local_costmap/update_frequency: 10.0
 * /move_base/local_costmap/width: 12.0
 * /move_base/oscillation_distance: 0.2
 * /move_base/oscillation_timeout: 10.0
 * /move_base/planner_frequency: 1.0
 * /move_base/planner_patience: 5.0
 * /move_base/recovery_behavior_enabled: False
 * /move_base/shutdown_costmaps: False
 * /robot_description: <?xml version="1....
 * /rosdistro: noetic
 * /rosversion: 1.17.4
 * /t11_formal_run/acceptance_eval_seed_limit: 0
 * /t11_formal_run/acceptance_timesteps: 0
 * /t11_formal_run/algorithm: RL-TEB-Semantic-Eta
 * /t11_formal_run/checkpoint: /home/robot/robot...
 * /t11_formal_run/config: /home/robot/robot...
 * /t11_formal_run/evaluation_seed_override: 401
 * /t11_formal_run/output_dir: /home/robot/robot...
 * /t11_formal_run/phase: ablation
 * /t11_formal_run/run_id: t12_t12_safety_se...
 * /t11_formal_run/safety_mode: T12Safety
 * /t11_formal_run/scene_manifest: /home/robot/robot...
 * /t11_formal_run/t12_safety_config: /home/robot/robot...
 * /t11_formal_run/task: T12
 * /t11_formal_run/training_seed: 101
 * /use_sim_time: True

NODES
  /
    gazebo (gazebo_ros/gzserver)
    m2_robot_state_publisher (robot_state_publisher/robot_state_publisher)
    move_base (move_base/move_base)
    spawn_m2 (gazebo_ros/spawn_model)
    t11_formal_run (thesis_experiment/t11_formal_run.py)

auto-starting new master
[1mprocess[master]: started with pid [511870][0m
[1mROS_MASTER_URI=http://localhost:11311[0m
]2;/home/robot/robot_ws_base_rl/src/tools/thesis_experiment/launch/t11_formal_run.launch http://localhost:11311
[1msetting /run_id to 01b7fe92-7e62-11f1-91bc-3382cc4c3ed1[0m
[1mprocess[rosout-1]: started with pid [511914][0m
started core service [/rosout]
[1mprocess[gazebo-2]: started with pid [511922][0m
[1mprocess[spawn_m2-3]: started with pid [511926][0m
[1mprocess[m2_robot_state_publisher-4]: started with pid [511928][0m
[1mprocess[move_base-5]: started with pid [511929][0m
[1mprocess[t11_formal_run-6]: started with pid [511930][0m
[1m[spawn_m2-3] process has finished cleanly
log file: /home/robot/.ros/log/01b7fe92-7e62-11f1-91bc-3382cc4c3ed1/spawn_m2-3*.log[0m
[t11_formal_run-6] killing on exit
[move_base-5] killing on exit
odel 'polygon' loaded for trajectory optimization.
[INFO] [1783909506.209410685, 21.440000000]: Footprint model 'polygon' loaded for trajectory optimization.
[INFO] [1783909506.760338384, 21.990000000]: Footprint model 'polygon' loaded for trajectory optimization.
[INFO] [1783909507.408815115, 22.640000000]: Footprint model 'polygon' loaded for trajectory optimization.
[INFO] [1783909508.010058466, 23.238000000]: Footprint model 'polygon' loaded for trajectory optimization.
[INFO] [1783909508.610417419, 23.838000000]: Footprint model 'polygon' loaded for trajectory optimization.
[INFO] [1783909510.253455569, 25.482000000]: GOAL Reached!
[INFO] [1783909510.374816016, 25.602000000]: Footprint model 'polygon' loaded for trajectory optimization.
[INFO] [1783909511.218824720, 26.446000000]: Footprint model 'polygon' loaded for trajectory optimization.
[INFO] [1783909511.766318073, 26.992000000]: Footprint model 'polygon' loaded for trajectory optimization.
[INFO] [1783909512.413214781, 27.638000000]: Footprint model 'polygon' loaded for trajectory optimization.
[INFO] [1783909513.012727829, 28.236000000]: Footprint model 'polygon' loaded for trajectory optimization.
[INFO] [1783909513.563842132, 28.788000000]: Footprint model 'polygon' loaded for trajectory optimization.
[INFO] [1783909514.215252788, 29.438000000]: Footprint model 'polygon' loaded for trajectory optimization.
[INFO] [1783909514.812498135, 30.036000000]: Footprint model 'polygon' loaded for trajectory optimization.
[INFO] [1783909515.363389997, 30.586000000]: Footprint model 'polygon' loaded for trajectory optimization.
[INFO] [1783909483.837166774]: Finished loading Gazebo ROS API Plugin.
[INFO] [1783909483.837833746]: waitForService: Service [/gazebo/set_physics_properties] has not been advertised, waiting...
[INFO] [1783909484.493218068, 0.030000000]: waitForService: Service [/gazebo/set_physics_properties] is now available.
[INFO] [1783909484.503884395, 0.040000000]: Physics dynamic reconfigure ready.
[INFO] [1783909484.701640037, 0.178000000]: <initialOrientationAsReference> is unset, using default value of false to comply with REP 145 (world as orientation reference)
[INFO] [1783909484.701682590, 0.178000000]: <robotNamespace> set to: //
[INFO] [1783909484.701690103, 0.178000000]: <topicName> set to: imu/data
[INFO] [1783909484.701695964, 0.178000000]: <frameName> set to: imu_link
[INFO] [1783909484.701713711, 0.178000000]: <updateRateHZ> set to: 50
[INFO] [1783909484.701721262, 0.178000000]: <gaussianNoise> set to: 0
[INFO] [1783909484.701739690, 0.178000000]: <xyzOffset> set to: 0 0 0
[INFO] [1783909484.701755371, 0.178000000]: <rpyOffset> set to: 0 -0 0
[INFO] [1783909484.819110985, 0.178000000]: Laser Plugin: Using the 'robotNamespace' param: '/'
[INFO] [1783909484.819134735, 0.178000000]: Starting Laser Plugin (ns = /)
[INFO] [1783909484.819921578, 0.178000000]: Laser Plugin (ns = /)  <tf_prefix_>, set to ""
[INFO] [1783909484.924269272, 0.178000000]: M2 simulation-only Ackermann interface loaded; cmd_angle_instead_rotvel=false
[WARN] [1783909517.443010, 32.066000]: training environment stop requested: ROSInterruptException: ROS shutdown request
[WARN] [1783909517.503690, 32.066000]: training environment stop requested: adapter_close
Traceback (most recent call last):
  File "/home/robot/robot_ws_base_rl/src/tools/thesis_experiment/src/thesis_experiment/t11_training.py", line 479, in run
    return self._ablation(raw_vec, recorded, recorder)
  File "/home/robot/robot_ws_base_rl/src/tools/thesis_experiment/src/thesis_experiment/t11_training.py", line 554, in _ablation
    returns = self._evaluate(model, vec, recorded, scenarios, "test")
  File "/home/robot/robot_ws_base_rl/src/tools/thesis_experiment/src/thesis_experiment/t11_training.py", line 461, in _evaluate
    observation, rewards, dones, _ = vec.step(action)
  File "/home/robot/robot_ws_base_rl/.venv/lib/python3.8/site-packages/stable_baselines3/common/vec_env/base_vec_env.py", line 206, in step
    return self.step_wait()
  File "/home/robot/robot_ws_base_rl/.venv/lib/python3.8/site-packages/stable_baselines3/common/vec_env/vec_normalize.py", line 181, in step_wait
    obs, rewards, dones, infos = self.venv.step_wait()
  File "/home/robot/robot_ws_base_rl/.venv/lib/python3.8/site-packages/stable_baselines3/common/vec_env/dummy_vec_env.py", line 70, in step_wait
    obs, self.reset_infos[env_idx] = self.envs[env_idx].reset()
  File "/home/robot/robot_ws_base_rl/src/tools/thesis_experiment/src/thesis_experiment/t11_training.py", line 251, in reset
    observation, info = self.env.reset(**kwargs)
  File "/home/robot/robot_ws_base_rl/src/application/teb_rl_tuner/src/teb_rl_tuner/sac_environment.py", line 89, in reset
    observation, info = self.core.reset(seed=seed)
  File "/home/robot/robot_ws_base_rl/src/application/teb_rl_tuner/src/teb_rl_tuner/training_environment.py", line 218, in reset
    self._restore_snapshot()
  File "/home/robot/robot_ws_base_rl/src/application/teb_rl_tuner/src/teb_rl_tuner/training_environment.py", line 210, in _restore_snapshot
    self.adapter.restore_parameter_snapshot(self._snapshot)
  File "/home/robot/robot_ws_base_rl/src/tools/thesis_experiment/src/thesis_experiment/gazebo_training_adapter.py", line 308, in restore_parameter_snapshot
    self._quiesce_navigation()
  File "/home/robot/robot_ws_base_rl/src/tools/thesis_experiment/src/thesis_experiment/gazebo_training_adapter.py", line 301, in _quiesce_navigation
    rospy.sleep(0.05)
  File "/opt/ros/noetic/lib/python3/dist-packages/rospy/timer.py", line 165, in sleep
    raise rospy.exceptions.ROSInterruptException("ROS shutdown request")
rospy.exceptions.ROSInterruptException: ROS shutdown request

During handling of the above exception, another exception occurred:

Traceback (most recent call last):
  File "/home/robot/robot_ws_base_rl/src/tools/thesis_experiment/src/thesis_experiment/gazebo_training_adapter.py", line 547, in close
    self.parameter_client.restore()
  File "/home/robot/robot_ws_base_rl/src/application/teb_rl_tuner/src/teb_rl_tuner/teb_parameter_client.py", line 303, in restore
    return self._restore_snapshot()
  File "/home/robot/robot_ws_base_rl/src/application/teb_rl_tuner/src/teb_rl_tuner/teb_parameter_client.py", line 273, in _restore_snapshot
    ack_raw = self._backend.update_configuration(self._snapshot, self._timeout_s)
  File "/home/robot/robot_ws_base_rl/src/application/teb_rl_tuner/src/teb_rl_tuner/teb_parameter_client.py", line 390, in update_configuration
    return _daemon_call(lambda: self._client.update_configuration(dict(values)), timeout_s)
  File "/home/robot/robot_ws_base_rl/src/application/teb_rl_tuner/src/teb_rl_tuner/teb_parameter_client.py", line 352, in _daemon_call
    raise TebParameterError("dynamic_reconfigure service call failed: {}".format(value))
teb_rl_tuner.teb_parameter_client.TebParameterError: dynamic_reconfigure service call failed: service call failed

During handling of the above exception, another exception occurred:

Traceback (most recent call last):
  File "/home/robot/robot_ws_base_rl/devel/lib/thesis_experiment/t11_formal_run.py", line 15, in <module>
    exec(compile(fh.read(), python_script, 'exec'), context)
  File "/home/robot/robot_ws_base_rl/src/tools/thesis_experiment/scripts/t11_formal_run.py", line 20, in <module>
    sys.exit(main())
  File "/home/robot/robot_ws_base_rl/src/tools/thesis_experiment/scripts/t11_formal_run.py", line 14, in main
    report = T11FormalRunner().run()
  File "/home/robot/robot_ws_base_rl/src/tools/thesis_experiment/src/thesis_experiment/t11_training.py", line 482, in run
    self.adapter.close()
  File "/home/robot/robot_ws_base_rl/src/tools/thesis_experiment/src/thesis_experiment/gazebo_training_adapter.py", line 549, in close
    self.parameter_client.close()
  File "/home/robot/robot_ws_base_rl/src/application/teb_rl_tuner/src/teb_rl_tuner/teb_parameter_client.py", line 318, in close
    self._restore_snapshot(operation="close_restore")
  File "/home/robot/robot_ws_base_rl/src/application/teb_rl_tuner/src/teb_rl_tuner/teb_parameter_client.py", line 273, in _restore_snapshot
    ack_raw = self._backend.update_configuration(self._snapshot, self._timeout_s)
  File "/home/robot/robot_ws_base_rl/src/application/teb_rl_tuner/src/teb_rl_tuner/teb_parameter_client.py", line 390, in update_configuration
    return _daemon_call(lambda: self._client.update_configuration(dict(values)), timeout_s)
  File "/home/robot/robot_ws_base_rl/src/application/teb_rl_tuner/src/teb_rl_tuner/teb_parameter_client.py", line 352, in _daemon_call
    raise TebParameterError("dynamic_reconfigure service call failed: {}".format(value))
teb_rl_tuner.teb_parameter_client.TebParameterError: dynamic_reconfigure service call failed: service call failed
[31mWARNING: disk usage in log directory [/home/robot/.ros/log] is over 1GB.
It's recommended that you use the 'rosclean' command.[0m
WARNING: Package name "gazebo_ros_2Dmap_plugin" does not follow the naming conventions. It should start with a lower case letter and only contain lower case letters, digits, underscores, and dashes.
WARNING: Package name "gazebo_ros_2Dmap_plugin" does not follow the naming conventions. It should start with a lower case letter and only contain lower case letters, digits, underscores, and dashes.
[m2_robot_state_publisher-4] killing on exit
[gazebo-2] killing on exit
[rosout-1] killing on exit
[master] killing on exit
shutting down processing monitor...
... shutting down processing monitor complete
[1mdone[0m
