WARNING: Package name "gazebo_ros_2Dmap_plugin" does not follow the naming conventions. It should start with a lower case letter and only contain lower case letters, digits, underscores, and dashes.
xacro: in-order processing became default in ROS Melodic. You can drop the option.
WARNING: Package name "gazebo_ros_2Dmap_plugin" does not follow the naming conventions. It should start with a lower case letter and only contain lower case letters, digits, underscores, and dashes.
WARNING: Package name "gazebo_ros_2Dmap_plugin" does not follow the naming conventions. It should start with a lower case letter and only contain lower case letters, digits, underscores, and dashes.
[INFO] [1783909612.850779, 0.000000]: Loading model XML from ros parameter robot_description
[INFO] [1783909612.853875, 0.000000]: Waiting for service /gazebo/spawn_urdf_model
[INFO] [1783909613.757895, 0.000000]: Calling service /gazebo/spawn_urdf_model
[INFO] [1783909614.056589, 0.172000]: Spawn status: SpawnModel: Successfully spawned entity
[INFO] [1783909614.455749658, 0.454000000]: global_costmap: Using plugin "obstacle_layer"
[INFO] [1783909614.459214691, 0.458000000]:     Subscribed to Topics: scan
[INFO] [1783909614.467435276, 0.466000000]: global_costmap: Using plugin "inflation_layer"
[INFO] [1783909614.487307565, 0.486000000]: local_costmap: Using plugin "obstacle_layer"
[INFO] [1783909614.488695222, 0.488000000]:     Subscribed to Topics: scan
[INFO] [1783909614.495499190, 0.494000000]: local_costmap: Using plugin "inflation_layer"
[INFO] [1783909614.509025959, 0.508000000]: Created local_planner teb_local_planner/TebLocalPlannerROS
[INFO] [1783909614.526507666, 0.524000000]: Footprint model 'polygon' loaded for trajectory optimization.
[INFO] [1783909614.526646340, 0.524000000]: Parallel planning in distinctive topologies disabled.
[INFO] [1783909614.526665546, 0.524000000]: No costmap conversion plugin specified. All occupied costmap cells are treaten as point obstacles.
[INFO] [1783909614.550868854, 0.550000000]: Footprint model 'polygon' loaded for trajectory optimization.
[INFO] [1783909614.715891944, 0.714000000]: Recovery behavior will clear layer 'obstacles'
[INFO] [1783909614.716907343, 0.716000000]: Recovery behavior will clear layer 'obstacles'
[INFO] [1783909614.772646924, 0.772000000]: odom received!
[INFO] [1783909616.266646589, 2.262000000]: Footprint model 'polygon' loaded for trajectory optimization.
[INFO] [1783909616.864421266, 2.856000000]: Footprint model 'polygon' loaded for trajectory optimization.
[INFO] [1783909617.412371956, 3.404000000]: Footprint model 'polygon' loaded for trajectory optimization.
[INFO] [1783909618.011293332, 4.004000000]: Footprint model 'polygon' loaded for trajectory optimization.
[INFO] [1783909619.902867719, 5.892000000]: GOAL Reached!
[INFO] [1783909620.052474068, 6.040000000]: Footprint model 'polygon' loaded for trajectory optimization.
[INFO] [1783909620.915605070, 6.902000000]: Footprint model 'polygon' loaded for trajectory optimization.
[INFO] [1783909621.469422761, 7.454000000]: Footprint model 'polygon' loaded for trajectory optimization.
[INFO] [1783909622.116293574, 8.100000000]: Footprint model 'polygon' loaded for trajectory optimization.
[INFO] [1783909622.670241968, 8.654000000]: Footprint model 'polygon' loaded for trajectory optimization.
[INFO] [1783909623.318570337, 9.300000000]: Footprint model 'polygon' loaded for trajectory optimization.
[INFO] [1783909623.919875838, 9.900000000]: Footprint model 'polygon' loaded for trajectory optimization.
[INFO] [1783909625.459166902, 11.438000000]: GOAL Reached!
[INFO] [1783909625.617175829, 11.596000000]: Footprint model 'polygon' loaded for trajectory optimization.
[INFO] [1783909626.483161355, 12.460000000]: Footprint model 'polygon' loaded for trajectory optimization.
[INFO] [1783909627.019190374, 12.994000000]: Footprint model 'polygon' loaded for trajectory optimization.
[INFO] [1783909627.622519362, 13.596000000]: Footprint model 'polygon' loaded for trajectory optimization.
[INFO] [1783909628.267705802, 14.242000000]: Footprint model 'polygon' loaded for trajectory optimization.
[INFO] [1783909628.819218637, 14.794000000]: Footprint model 'polygon' loaded for trajectory optimization.
[INFO] [1783909629.418769933, 15.390000000]: Footprint model 'polygon' loaded for trajectory optimization.
[INFO] [1783909630.906133388, 16.880000000]: GOAL Reached!
[INFO] [1783909631.010794936, 16.984000000]: Footprint model 'polygon' loaded for trajectory optimization.
[INFO] [1783909631.863682942, 17.836000000]: Footprint model 'polygon' loaded for trajectory optimization.
[INFO] [1783909632.456102251, 18.428000000]: Footprint model 'polygon' loaded for trajectory optimization.
[INFO] [1783909633.001271208, 18.974000000]: Footprint model 'polygon' loaded for trajectory optimization.
[INFO] [1783909633.599553244, 19.570000000]: Footprint model 'polygon' loaded for trajectory optimization.
[INFO] [1783909634.199490086, 20.168000000]: Footprint model 'polygon' loaded for trajectory optimization.
[INFO] [1783909634.799937300, 20.770000000]: Footprint model 'polygon' loaded for trajectory optimization.
[INFO] [1783909635.398193424, 21.368000000]: Footprint model 'polygon' loaded for trajectory optimization.
[INFO] [1783909636.000795067, 21.970000000]: Footprint model 'polygon' loaded for trajectory optimization.
[INFO] [1783909636.647555492, 22.616000000]: Footprint model 'polygon' loaded for trajectory optimization.
[INFO] [1783909637.249722714, 23.216000000]: Footprint model 'polygon' loaded for trajectory optimization.
[INFO] [1783909637.847267697, 23.816000000]: Footprint model 'polygon' loaded for trajectory optimization.
[INFO] [1783909640.194561916, 26.160000000]: GOAL Reached!
[INFO] [1783909640.313554457, 26.278000000]: Footprint model 'polygon' loaded for trajectory optimization.
[INFO] [1783909641.151334275, 27.116000000]: Footprint model 'polygon' loaded for trajectory optimization.
[INFO] [1783909641.749273151, 27.714000000]: Footprint model 'polygon' loaded for trajectory optimization.
[INFO] [1783909642.347386572, 28.312000000]: Footprint model 'polygon' loaded for trajectory optimization.
[INFO] [1783909642.949499576, 28.912000000]: Footprint model 'polygon' loaded for trajectory optimization.
[INFO] [1783909643.549471294, 29.510000000]: Footprint model 'polygon' loaded for trajectory optimization.
[INFO] [1783909644.151706859, 30.114000000]: Footprint model 'polygon' loaded for trajectory optimization.
[INFO] [1783909644.749969930, 30.712000000]: Footprint model 'polygon' loaded for trajectory optimization.
[INFO] [1783909645.352331158, 31.312000000]: Footprint model 'polygon' loaded for trajectory optimization.
[INFO] [1783909647.298459011, 33.256000000]: GOAL Reached!
[INFO] [1783909647.408086500, 33.366000000]: Footprint model 'polygon' loaded for trajectory optimization.
[INFO] [1783909648.260936802, 34.218000000]: Footprint model 'polygon' loaded for trajectory optimization.
[INFO] [1783909648.801385168, 34.758000000]: Footprint model 'polygon' loaded for trajectory optimization.
[INFO] [1783909649.448320023, 35.404000000]: Footprint model 'polygon' loaded for trajectory optimization.
[INFO] [1783909650.046898490, 36.004000000]: Footprint model 'polygon' loaded for trajectory optimization.
[INFO] [1783909650.603461576, 36.556000000]: Footprint model 'polygon' loaded for trajectory optimization.
[INFO] [1783909651.249168788, 37.204000000]: Footprint model 'polygon' loaded for trajectory optimization.
[INFO] [1783909651.852155094, 37.804000000]: Footprint model 'polygon' loaded for trajectory optimization.
[INFO] [1783909652.450010021, 38.404000000]: Footprint model 'polygon' loaded for trajectory optimization.
[INFO] [1783909653.050459004, 39.004000000]: Footprint model 'polygon' loaded for trajectory optimization.
[INFO] [1783909654.394989051, 40.348000000]: GOAL Reached!
[INFO] [1783909654.515274750, 40.466000000]: Footprint model 'polygon' loaded for trajectory optimization.
[INFO] [1783909655.345065728, 41.298000000]: Footprint model 'polygon' loaded for trajectory optimization.
[INFO] [1783909655.906414332, 41.858000000]: Footprint model 'polygon' loaded for trajectory optimization.
[INFO] [1783909656.500821400, 42.452000000]: Footprint model 'polygon' loaded for trajectory optimization.
[INFO] [1783909657.111570349, 43.062000000]: Footprint model 'polygon' loaded for trajectory optimization.
[INFO] [1783909657.750851731, 43.700000000]: Footprint model 'polygon' loaded for trajectory optimization.
[INFO] [1783909658.304665064, 44.252000000]: Footprint model 'polygon' loaded for trajectory optimization.
[INFO] [1783909658.952437834, 44.900000000]: Footprint model 'polygon' loaded for trajectory optimization.
[INFO] [1783909660.796662221, 46.744000000]: GOAL Reached!
[INFO] [1783909660.911922113, 46.858000000]: Footprint model 'polygon' loaded for trajectory optimization.
[INFO] [1783909661.752063141, 47.698000000]: Footprint model 'polygon' loaded for trajectory optimization.
[INFO] [1783909662.299060114, 48.244000000]: Footprint model 'polygon' loaded for trajectory optimization.
[INFO] [1783909662.947363295, 48.892000000]: Footprint model 'po[WARN] [1783909682.591284, 68.518000]: training environment stop requested: adapter_close
schema_version: '1.0'
task: T12
status: passed
run_id: t12_projection_only_seed101
algorithm: RL-TEB-Eta-ProjectionOnly
training_seed: 101
safety_mode: ProjectionOnly
episode_count: 10
step_count: 75
failure_count: 0
run_validation:
  valid: true
  run_id: t12_projection_only_seed101
  episode_count: 10
  step_count: 75
  verified_checksum_count: 4
selected_checkpoint: /home/robot/robot_ws_base_rl/artifacts/t11/runs/t11_semantic_eta_fullsafety_seed101/checkpoints/step_000300
passed: true
acceptance_override: false

... logging to /home/robot/.ros/log/4eb272fe-7e62-11f1-91bc-3382cc4c3ed1/roslaunch-WP-519992.log
Checking log directory for disk usage. This may take a while.
Press Ctrl-C to interrupt
]2;/home/robot/robot_ws_base_rl/src/tools/thesis_experiment/launch/t11_formal_run.launch
[1mstarted roslaunch server http://WP:33577/[0m

SUMMARY
========

PARAMETERS
 * /gazebo/enable_ros_network: True
 * /m2_gazebo/simulation_only: True
 * /m2_robot_state_publisher/publish_frequency: 30.0
 * /move_base/TebLocalPlannerROS/acc_lim_theta: 0.8
 * /move_base/TebLocalPlannerROS/acc_lim_x: 0.8
 * /move_base/TebLocalPlannerROS/allow_init_with_backwards_motion: True
 * /move_base/TebLocalPlannerROS/cmd_angle_instead_rotvel: False
 * /move_base/TebLocalPlannerROS/costmap_obstacles_behind_robot_dist: 1.5
 * /move_base/TebLocalPlannerROS/dt_hysteresis: 0.1
 * /move_base/TebLocalPlannerROS/dt_ref: 0.3
 * /move_base/TebLocalPlannerROS/enable_homotopy_class_planning: False
 * /move_base/TebLocalPlannerROS/enable_multithreading: True
 * /move_base/TebLocalPlannerROS/feasibility_check_no_poses: 5
 * /move_base/TebLocalPlannerROS/footprint_model/type: polygon
 * /move_base/TebLocalPlannerROS/footprint_model/vertices: [[0.52, 0.35], [0...
 * /move_base/TebLocalPlannerROS/global_plan_overwrite_orientation: True
 * /move_base/TebLocalPlannerROS/include_costmap_obstacles: True
 * /move_base/TebLocalPlannerROS/inflation_dist: 0.55
 * /move_base/TebLocalPlannerROS/map_frame: odom
 * /move_base/TebLocalPlannerROS/max_global_plan_lookahead_dist: 8.0
 * /move_base/TebLocalPlannerROS/max_number_classes: 4
 * /move_base/TebLocalPlannerROS/max_samples: 500
 * /move_base/TebLocalPlannerROS/max_vel_theta: 1.0
 * /move_base/TebLocalPlannerROS/max_vel_x: 1.2
 * /move_base/TebLocalPlannerROS/max_vel_x_backwards: 0.6
 * /move_base/TebLocalPlannerROS/max_vel_y: 0.0
 * /move_base/TebLocalPlannerROS/min_obstacle_dist: 0.25
 * /move_base/TebLocalPlannerROS/min_turning_radius: 1.2
 * /move_base/TebLocalPlannerROS/obstacle_poses_affected: 15
 * /move_base/TebLocalPlannerROS/odom_topic: /odom
 * /move_base/TebLocalPlannerROS/teb_autosize: True
 * /move_base/TebLocalPlannerROS/weight_acc_lim_theta: 1.0
 * /move_base/TebLocalPlannerROS/weight_acc_lim_x: 1.0
 * /move_base/TebLocalPlannerROS/weight_adapt_factor: 2.0
 * /move_base/TebLocalPlannerROS/weight_inflation: 0.1
 * /move_base/TebLocalPlannerROS/weight_kinematics_forward_drive: 10.0
 * /move_base/TebLocalPlannerROS/weight_kinematics_nh: 1000.0
 * /move_base/TebLocalPlannerROS/weight_kinematics_turning_radius: 10.0
 * /move_base/TebLocalPlannerROS/weight_max_vel_theta: 1.0
 * /move_base/TebLocalPlannerROS/weight_max_vel_x: 2.0
 * /move_base/TebLocalPlannerROS/weight_obstacle: 50.0
 * /move_base/TebLocalPlannerROS/weight_optimaltime: 1.0
 * /move_base/TebLocalPlannerROS/weight_viapoint: 1.0
 * /move_base/TebLocalPlannerROS/wheelbase: 0.65
 * /move_base/base_global_planner: navfn/NavfnROS
 * /move_base/base_local_planner: teb_local_planner...
 * /move_base/clearing_rotation_allowed: False
 * /move_base/controller_frequency: 10.0
 * /move_base/controller_patience: 5.0
 * /move_base/global_costmap/footprint: [[0.52, 0.35], [0...
 * /move_base/global_costmap/footprint_padding: 0.05
 * /move_base/global_costmap/global_frame: odom
 * /move_base/global_costmap/height: 30.0
 * /move_base/global_costmap/inflation_layer/cost_scaling_factor: 4.0
 * /move_base/global_costmap/inflation_layer/enabled: True
 * /move_base/global_costmap/inflation_layer/inflation_radius: 0.55
 * /move_base/global_costmap/obstacle_layer/enabled: True
 * /move_base/global_costmap/obstacle_layer/observation_sources: scan
 * /move_base/global_costmap/obstacle_layer/scan/clearing: True
 * /move_base/global_costmap/obstacle_layer/scan/data_type: LaserScan
 * /move_base/global_costmap/obstacle_layer/scan/inf_is_valid: True
 * /move_base/global_costmap/obstacle_layer/scan/marking: True
 * /move_base/global_costmap/obstacle_layer/scan/obstacle_range: 12.0
 * /move_base/global_costmap/obstacle_layer/scan/raytrace_range: 15.0
 * /move_base/global_costmap/obstacle_layer/scan/sensor_frame: laser_link
 * /move_base/global_costmap/obstacle_layer/scan/topic: /scan
 * /move_base/global_costmap/plugins: [{'name': 'obstac...
 * /move_base/global_costmap/publish_frequency: 2.0
 * /move_base/global_costmap/resolution: 0.05
 * /move_base/global_costmap/robot_base_frame: base_link
 * /move_base/global_costmap/rolling_window: True
 * /move_base/global_costmap/transform_tolerance: 0.3
 * /move_base/global_costmap/update_frequency: 5.0
 * /move_base/global_costmap/width: 30.0
 * /move_base/local_costmap/footprint: [[0.52, 0.35], [0...
 * /move_base/local_costmap/footprint_padding: 0.05
 * /move_base/local_costmap/global_frame: odom
 * /move_base/local_costmap/height: 12.0
 * /move_base/local_costmap/inflation_layer/cost_scaling_factor: 4.0
 * /move_base/local_costmap/inflation_layer/enabled: True
 * /move_base/local_costmap/inflation_layer/inflation_radius: 0.55
 * /move_base/local_costmap/obstacle_layer/enabled: True
 * /move_base/local_costmap/obstacle_layer/observation_sources: scan
 * /move_base/local_costmap/obstacle_layer/scan/clearing: True
 * /move_base/local_costmap/obstacle_layer/scan/data_type: LaserScan
 * /move_base/local_costmap/obstacle_layer/scan/inf_is_valid: True
 * /move_base/local_costmap/obstacle_layer/scan/marking: True
 * /move_base/local_costmap/obstacle_layer/scan/obstacle_range: 12.0
 * /move_base/local_costmap/obstacle_layer/scan/raytrace_range: 15.0
 * /move_base/local_costmap/obstacle_layer/scan/sensor_frame: laser_link
 * /move_base/local_costmap/obstacle_layer/scan/topic: /scan
 * /move_base/local_costmap/plugins: [{'name': 'obstac...
 * /move_base/local_costmap/publish_frequency: 5.0
 * /move_base/local_costmap/resolution: 0.05
 * /move_base/local_costmap/robot_base_frame: base_link
 * /move_base/local_costmap/rolling_window: True
 * /move_base/local_costmap/transform_tolerance: 0.3
 * /move_base/local_costmap/update_frequency: 10.0
 * /move_base/local_costmap/width: 12.0
 * /move_base/oscillation_distance: 0.2
 * /move_base/oscillation_timeout: 10.0
 * /move_base/planner_frequency: 1.0
 * /move_base/planner_patience: 5.0
 * /move_base/recovery_behavior_enabled: False
 * /move_base/shutdown_costmaps: False
 * /robot_description: <?xml version="1....
 * /rosdistro: noetic
 * /rosversion: 1.17.4
 * /t11_formal_run/acceptance_eval_seed_limit: 0
 * /t11_formal_run/acceptance_timesteps: 0
 * /t11_formal_run/algorithm: RL-TEB-Semantic-Eta
 * /t11_formal_run/checkpoint: /home/robot/robot...
 * /t11_formal_run/config: /home/robot/robot...
 * /t11_formal_run/evaluation_seed_override: 401
 * /t11_formal_run/output_dir: /home/robot/robot...
 * /t11_formal_run/phase: ablation
 * /t11_formal_run/run_id: t12_projection_on...
 * /t11_formal_run/safety_mode: ProjectionOnly
 * /t11_formal_run/scene_manifest: /home/robot/robot...
 * /t11_formal_run/t12_safety_config: /home/robot/robot...
 * /t11_formal_run/task: T12
 * /t11_formal_run/training_seed: 101
 * /use_sim_time: True

NODES
  /
    gazebo (gazebo_ros/gzserver)
    m2_robot_state_publisher (robot_state_publisher/robot_state_publisher)
    move_base (move_base/move_base)
    spawn_m2 (gazebo_ros/spawn_model)
    t11_formal_run (thesis_experiment/t11_formal_run.py)

auto-starting new master
[1mprocess[master]: started with pid [520078][0m
[1mROS_MASTER_URI=http://localhost:11311[0m
]2;/home/robot/robot_ws_base_rl/src/tools/thesis_experiment/launch/t11_formal_run.launch http://localhost:11311
[1msetting /run_id to 4eb272fe-7e62-11f1-91bc-3382cc4c3ed1[0m
[1mprocess[rosout-1]: started with pid [520129][0m
started core service [/rosout]
[1mprocess[gazebo-2]: started with pid [520136][0m
[1mprocess[spawn_m2-3]: started with pid [520140][0m
[1mprocess[m2_robot_state_publisher-4]: started with pid [520142][0m
[1mprocess[move_base-5]: started with pid [520143][0m
[1mprocess[t11_formal_run-6]: started with pid [520144][0m
[1m[spawn_m2-3] process has finished cleanly
log file: /home/robot/.ros/log/4eb272fe-7e62-11f1-91bc-3382cc4c3ed1/spawn_m2-3*.log[0m
[t11_formal_run-6] killing on exit
[INFO] [1783909613.075889924]: Finished loading Gazebo ROS API Plugin.
[INFO] [1783909613.076659099]: waitForService: Service [/gazebo/set_physics_properties] has not been advertised, waiting...
[INFO] [1783909613.713251440, 0.004000000]: waitForService: Service [/gazebo/set_physics_properties] is now available.
[INFO] [1783909613.762533860, 0.052000000]: Physics dynamic reconfigure ready.
[INFO] [1783909613.945521875, 0.172000000]: <initialOrientationAsReference> is unset, using default value of false to comply with REP 145 (world as orientation reference)
[INFO] [1783909613.945560204, 0.172000000]: <robotNamespace> set to: //
[INFO] [1783909613.945568216, 0.172000000]: <topicName> set to: imu/data
[INFO] [1783909613.945574124, 0.172000000]: <frameName> set to: imu_link
[INFO] [1783909613.945594386, 0.172000000]: <updateRateHZ> set to: 50
[INFO] [1783909613.945602151, 0.172000000]: <gaussianNoise> set to: 0
[INFO] [1783909613.945624744, 0.172000000]: <xyzOffset> set to: 0 0 0
[INFO] [1783909613.945640092, 0.172000000]: <rpyOffset> set to: 0 -0 0
[INFO] [1783909614.060927562, 0.172000000]: Laser Plugin: Using the 'robotNamespace' param: '/'
[INFO] [1783909614.060951578, 0.172000000]: Starting Laser Plugin (ns = /)
[INFO] [1783909614.062009780, 0.172000000]: Laser Plugin (ns = /)  <tf_prefix_>, set to ""
[INFO] [1783909614.169162129, 0.172000000]: M2 simulation-only Ackermann interface loaded; cmd_angle_instead_rotvel=false
lygon' loaded for trajectory optimization.
[INFO] [1783909663.545162549, 49.490000000]: Footprint model 'polygon' loaded for trajectory optimization.
[INFO] [1783909664.146332432, 50.090000000]: Footprint model 'polygon' loaded for trajectory optimization.
[INFO] [1783909664.696853235, 50.640000000]: Footprint model 'polygon' loaded for trajectory optimization.
[INFO] [1783909665.298816059, 51.242000000]: Footprint model 'polygon' loaded for trajectory optimization.
[INFO] [1783909665.949835325, 51.892000000]: Footprint model 'polygon' loaded for trajectory optimization.
[INFO] [1783909667.790893712, 53.734000000]: GOAL Reached!
[INFO] [1783909667.899537416, 53.842000000]: Footprint model 'polygon' loaded for trajectory optimization.
[INFO] [1783909668.735057440, 54.676000000]: Footprint model 'polygon' loaded for trajectory optimization.
[INFO] [1783909669.341932344, 55.282000000]: Footprint model 'polygon' loaded for trajectory optimization.
[INFO] [1783909669.912224764, 55.850000000]: Footprint model 'polygon' loaded for trajectory optimization.
[INFO] [1783909670.538889393, 56.476000000]: Footprint model 'polygon' loaded for trajectory optimization.
[INFO] [1783909671.092665003, 57.032000000]: Footprint model 'polygon' loaded for trajectory optimization.
[INFO] [1783909671.688020929, 57.626000000]: Footprint model 'polygon' loaded for trajectory optimization.
[INFO] [1783909672.335433395, 58.274000000]: Footprint model 'polygon' loaded for trajectory optimization.
[INFO] [1783909672.938512932, 58.876000000]: Footprint model 'polygon' loaded for trajectory optimization.
[INFO] [1783909673.488481769, 59.424000000]: Footprint model 'polygon' loaded for trajectory optimization.
[INFO] [1783909675.384416642, 61.318000000]: GOAL Reached!
[INFO] [1783909675.503439057, 61.436000000]: Footprint model 'polygon' loaded for trajectory optimization.
[INFO] [1783909676.343972537, 62.276000000]: Footprint model 'polygon' loaded for trajectory optimization.
[INFO] [1783909676.945140995, 62.876000000]: Footprint model 'polygon' loaded for trajectory optimization.
[INFO] [1783909677.546592244, 63.478000000]: Footprint model 'polygon' loaded for trajectory optimization.
[INFO] [1783909678.096511937, 64.028000000]: Footprint model 'polygon' loaded for trajectory optimization.
[INFO] [1783909678.745916767, 64.676000000]: Footprint model 'polygon' loaded for trajectory optimization.
[INFO] [1783909679.348629141, 65.278000000]: Footprint model 'polygon' loaded for trajectory optimization.
[INFO] [1783909679.946087348, 65.874000000]: Footprint model 'polygon' loaded for trajectory optimization.
[INFO] [1783909681.588060365, 67.516000000]: GOAL Reached!
[INFO] [1783909681.708279942, 67.636000000]: Footprint model 'polygon' loaded for trajectory optimization.
[INFO] [1783909682.688512646, 68.614000000]: Footprint model 'polygon' loaded for trajectory optimization.
[INFO] [1783909682.705276785, 68.632000000]: Footprint model 'polygon' loaded for trajectory optimization.
[31mWARNING: disk usage in log directory [/home/robot/.ros/log] is over 1GB.
It's recommended that you use the 'rosclean' command.[0m
WARNING: Package name "gazebo_ros_2Dmap_plugin" does not follow the naming conventions. It should start with a lower case letter and only contain lower case letters, digits, underscores, and dashes.
WARNING: Package name "gazebo_ros_2Dmap_plugin" does not follow the naming conventions. It should start with a lower case letter and only contain lower case letters, digits, underscores, and dashes.
[31m================================================================================REQUIRED process [t11_formal_run-6] has died!
process has finished cleanly
log file: /home/robot/.ros/log/4eb272fe-7e62-11f1-91bc-3382cc4c3ed1/t11_formal_run-6*.log
Initiating shutdown!
================================================================================[0m
[m2_robot_state_publisher-4] killing on exit
[move_base-5] killing on exit
[gazebo-2] killing on exit
[rosout-1] killing on exit
[master] killing on exit
shutting down processing monitor...
... shutting down processing monitor complete
[1mdone[0m
