schema_version: '2.0'
architecture_generation: v2
evaluator_id: fam_teb_v2_02_evaluator_1
formal_result: false
runtime_ready: false
scene_id: v2-04g-r4-r1-cruise-s5091
family: CRUISE
split: calibration
seed: 5091
instance_sha256: d01c040afbe4d0e80ff9092060e6bb7b9c11f58ddfc3f24b84285c5a0b17dad9
raw_trace_sha256: 98259938ea400c6e560d549a29fc5259b1b6986b2a16aa7582f97cc4e230c728
termination: SUCCESS
metrics:
  common:
    success: true
    collision: false
    navigation_time_s: 32.0
    path_length_m: 35.09687782387205
    mean_abs_speed_mps: 1.0967653720667951
    minimum_clearance_m: 2.6885128431752428
    stop_count: 1
    reverse_distance_m: 0.0
  family:
    lateral_rms_m: 0.011313849987891108
    heading_oscillation_rad: 0.0
    unnecessary_deceleration_count: 0
stage: V2-04G-R4-R1
method: fixed_teb
episode_timeout_s: 55.0
tracker_message_count: 474
tracker_health_valid_fraction: 1.0
finite_ttc_sample_count: 0
ttc_status: NO_CONFLICT_IN_HORIZON
context_message_count: 0
context_valid_count: 0
context_geometry_sequence: []
context_geometry_switch_count: 0
transaction_message_count: 0
transaction_valid_count: 0
transaction_activated_count: 0
transaction_fault_count: 0
transaction_backends: []
active_anchor_sequence:
- fixed_teb
active_anchor_switch_count: 0
typed_transaction_expected: false
typed_transaction_valid: true
training_used: false
runtime_policy_manifest_access: false
runtime_scene_labels_available: false
experiment_manager_validation_manifest_access: false
runner_fault_reason: ''
supervisor_profile_id: fixed_reference
context_geometry_sample_counts:
  BALANCED: 0
  CRUISE: 0
  STATIC_DENSE: 0
  CORRIDOR: 0
  MANEUVER: 0
context_geometry_sample_fractions:
  BALANCED: 0.0
  CRUISE: 0.0
  STATIC_DENSE: 0.0
  CORRIDOR: 0.0
  MANEUVER: 0.0
context_overlay_sample_counts:
  NONE: 0
  CROSSING: 0
  HEAD_ON: 0
  FOLLOW: 0
  OVERTAKE_OR_YIELD: 0
context_overlay_sample_fractions:
  NONE: 0.0
  CROSSING: 0.0
  HEAD_ON: 0.0
  FOLLOW: 0.0
  OVERTAKE_OR_YIELD: 0.0
experiment_manager_calibration_manifest_access: true
mode_measurement_window: post_readiness_goal_execution_only
clearance_audit:
  schema_version: '2.0'
  stage: V2-04G-R4-R1
  evaluator_only_gazebo_truth_used: true
  runtime_policy_received_truth: false
  minimum_signed_scan_clearance_m: 2.6885128431752428
  minimum_truth_box_clearance_m: 2.7080643256228614
  classification: CLEARANCE_POSITIVE
  minimum_scan_detail:
    stamp_s: 13.384
    robot_x_m: 11.764261579642826
    robot_y_m: 0.0
    signed_scan_clearance_m: 2.6885128431752428
    clipped_scan_clearance_m: 2.6885128431752428
    raw_range_m: 3.038881540298462
    ray_index: 534
    ray_angle_rad: 1.5249161254614592
    footprint_boundary_range_m: 0.35036869712321894
  minimum_truth_detail:
    stamp_s: 13.384
    clearance_m: 2.7080643256228614
    closest_model: cruise-left
    model_x_m: 11.954336937
    model_y_m: 3.460544337
  contact_count: 0
mechanism_message_count: 0
mechanism_join_valid_count: 0
mechanism_join_valid_fraction: null
mechanism_join_reason_counts: {}
mechanism_topology_locked_sample_count: 0
mechanism_corridor_centerline_sample_count: 0
mechanism_maneuver_reverse_sample_count: 0
mechanism_topology_switch_count: 0

