schema_version: '2.0'
architecture_generation: v2
evaluator_id: fam_teb_v2_02_evaluator_1
formal_result: false
runtime_ready: false
scene_id: v2-04g-r6-i5-dynamic-conflict-multi-s5162
family: DYNAMIC
split: calibration
seed: 5162
instance_sha256: f92b56f78de28add16b416e5d669969302e41abbf62cd2562f33413c8de32939
raw_trace_sha256: 0f9df9c030ebde4cc3be6ff02114c17e3859ad0708b8aa8b0146742356d569ab
termination: SUCCESS
metrics:
  common:
    success: true
    collision: false
    navigation_time_s: 21.4
    path_length_m: 18.216126871896794
    mean_abs_speed_mps: 0.8511930039519667
    minimum_clearance_m: 0.7855916582834728
    stop_count: 1
    reverse_distance_m: 0.0
  family:
    minimum_predicted_ttc_s: 1.3359202073488794
    stop_count: 1
    interaction_clearance_m: 1.0034671716950754
stage: V2-04G-R6-I5
method: rule_multi_anchor
episode_timeout_s: 80.0
tracker_message_count: 319
tracker_health_valid_fraction: 1.0
finite_ttc_sample_count: 28
ttc_status: OBSERVED_CONFLICT
context_message_count: 107
context_valid_count: 107
context_geometry_sequence:
- BALANCED
- CRUISE
context_geometry_switch_count: 1
transaction_message_count: 109
transaction_valid_count: 109
transaction_activated_count: 109
transaction_fault_count: 0
transaction_backends:
- simulation_teb_dynamic_reconfigure
active_anchor_sequence:
- anchor_balanced
- anchor_cruise
active_anchor_switch_count: 1
typed_transaction_expected: true
typed_transaction_valid: true
training_used: false
runtime_policy_manifest_access: false
runtime_scene_labels_available: false
experiment_manager_validation_manifest_access: false
runner_fault_reason: ''
supervisor_profile_id: r6_semantics_legacy_control
context_geometry_sample_counts:
  BALANCED: 5
  CRUISE: 102
  STATIC_DENSE: 0
  CORRIDOR: 0
  MANEUVER: 0
context_geometry_sample_fractions:
  BALANCED: 0.04672897196261682
  CRUISE: 0.9532710280373832
  STATIC_DENSE: 0.0
  CORRIDOR: 0.0
  MANEUVER: 0.0
context_overlay_sample_counts:
  NONE: 77
  CROSSING: 16
  HEAD_ON: 6
  FOLLOW: 0
  OVERTAKE_OR_YIELD: 8
context_overlay_sample_fractions:
  NONE: 0.719626168224299
  CROSSING: 0.14953271028037382
  HEAD_ON: 0.056074766355140186
  FOLLOW: 0.0
  OVERTAKE_OR_YIELD: 0.07476635514018691
experiment_manager_calibration_manifest_access: true
mode_measurement_window: post_readiness_goal_execution_only
clearance_audit:
  schema_version: '2.0'
  stage: V2-04G-R6-I5
  evaluator_only_gazebo_truth_used: true
  runtime_policy_received_truth: false
  minimum_signed_scan_clearance_m: 0.7855916582834728
  minimum_truth_box_clearance_m: 0.7687030071784599
  classification: CLEARANCE_POSITIVE
  minimum_scan_detail:
    stamp_s: 15.568
    robot_x_m: 6.038474872765385
    robot_y_m: -0.09207934438026506
    signed_scan_clearance_m: 0.7855916582834728
    clipped_scan_clearance_m: 0.7855916582834728
    raw_range_m: 1.3973946571350098
    ray_index: 423
    ray_angle_rad: 0.5549120185896754
    footprint_boundary_range_m: 0.611802998851537
  minimum_truth_detail:
    stamp_s: 15.468
    clearance_m: 0.7687030071784599
    closest_model: crossing-agent-a
    model_x_m: 7.5
    model_y_m: 0.8469999999999995
  contact_count: 0
  profile_id: r6_semantics_legacy_control
  scene_id: v2-04g-r6-i5-dynamic-conflict-multi-s5162
  seed: 5162
  attempt: 1
mechanism_message_count: 107
mechanism_join_valid_count: 107
mechanism_join_valid_fraction: 1.0
mechanism_join_reason_counts:
  EXACT_SEQUENCE_JOIN: 107
mechanism_topology_locked_sample_count: 0
mechanism_corridor_centerline_sample_count: 0
mechanism_maneuver_reverse_sample_count: 0
mechanism_topology_switch_count: 0
profile_id: r6_semantics_legacy_control
attempt: 1

