schema_version: '2.0'
architecture_generation: v2
evaluator_id: fam_teb_v2_02_evaluator_1
formal_result: false
runtime_ready: false
scene_id: v2-04g-r4-r1-dynamic-conflict-s5094
family: DYNAMIC
split: calibration
seed: 5094
instance_sha256: 44c11e2a151623d974776c4096c2f6903e5209404d23b7d42c3920943537d475
raw_trace_sha256: 2d6fb567ba9429c13b336927f538dce93cffb17a246e0111dca4c13db5fbcdf1
termination: SUCCESS
metrics:
  common:
    success: true
    collision: false
    navigation_time_s: 19.599999999999998
    path_length_m: 18.170323934920766
    mean_abs_speed_mps: 0.9269815806266466
    minimum_clearance_m: 1.721375119909164
    stop_count: 1
    reverse_distance_m: 0.0
  family:
    minimum_predicted_ttc_s: null
    stop_count: 1
    interaction_clearance_m: 1.721375119909164
stage: V2-04G-R4-R1
method: rule_multi_anchor
episode_timeout_s: 80.0
tracker_message_count: 292
tracker_health_valid_fraction: 1.0
finite_ttc_sample_count: 0
ttc_status: NO_CONFLICT_IN_HORIZON
context_message_count: 98
context_valid_count: 98
context_geometry_sequence:
- BALANCED
- CRUISE
context_geometry_switch_count: 1
transaction_message_count: 100
transaction_valid_count: 100
transaction_activated_count: 100
transaction_fault_count: 0
transaction_backends:
- simulation_teb_dynamic_reconfigure
active_anchor_sequence:
- anchor_balanced
- anchor_cruise
active_anchor_switch_count: 1
typed_transaction_expected: true
typed_transaction_valid: true
training_used: false
runtime_policy_manifest_access: false
runtime_scene_labels_available: false
experiment_manager_validation_manifest_access: false
runner_fault_reason: ''
supervisor_profile_id: r4r1_clearance_m030
context_geometry_sample_counts:
  BALANCED: 5
  CRUISE: 93
  STATIC_DENSE: 0
  CORRIDOR: 0
  MANEUVER: 0
context_geometry_sample_fractions:
  BALANCED: 0.05102040816326531
  CRUISE: 0.9489795918367347
  STATIC_DENSE: 0.0
  CORRIDOR: 0.0
  MANEUVER: 0.0
context_overlay_sample_counts:
  NONE: 77
  CROSSING: 16
  HEAD_ON: 0
  FOLLOW: 0
  OVERTAKE_OR_YIELD: 5
context_overlay_sample_fractions:
  NONE: 0.7857142857142857
  CROSSING: 0.16326530612244897
  HEAD_ON: 0.0
  FOLLOW: 0.0
  OVERTAKE_OR_YIELD: 0.05102040816326531
experiment_manager_calibration_manifest_access: true
mode_measurement_window: post_readiness_goal_execution_only
clearance_audit:
  schema_version: '2.0'
  stage: V2-04G-R4-R1
  evaluator_only_gazebo_truth_used: true
  runtime_policy_received_truth: false
  minimum_signed_scan_clearance_m: 1.721375119909164
  minimum_truth_box_clearance_m: 1.7181373050884257
  classification: CLEARANCE_POSITIVE
  minimum_scan_detail:
    stamp_s: 13.11
    robot_x_m: 5.817061103677953
    robot_y_m: 0.17339629250081914
    signed_scan_clearance_m: 1.721375119909164
    clipped_scan_clearance_m: 1.721375119909164
    raw_range_m: 2.347116231918335
    ray_index: 427
    ray_angle_rad: 0.58986712154001
    footprint_boundary_range_m: 0.6257411120091708
  minimum_truth_detail:
    stamp_s: 13.11
    clearance_m: 1.7181373050884257
    closest_model: crossing-agent
    model_x_m: 8.0
    model_y_m: 1.8057413176250012
  contact_count: 0
mechanism_message_count: 98
mechanism_join_valid_count: 98
mechanism_join_valid_fraction: 1.0
mechanism_join_reason_counts:
  EXACT_SEQUENCE_JOIN: 98
mechanism_topology_locked_sample_count: 0
mechanism_corridor_centerline_sample_count: 0
mechanism_maneuver_reverse_sample_count: 0
mechanism_topology_switch_count: 0

