schema_version: '2.0'
architecture_generation: v2
evaluator_id: fam_teb_v2_02_evaluator_1
formal_result: false
runtime_ready: false
scene_id: v2-04g-r1-static-s4929
family: STATIC_DENSE
split: calibration
seed: 4929
instance_sha256: 32a3c44dc90735f4a1a9a4e768fb2bbdf9b9e89b6e1792d420cee0a4f3429beb
raw_trace_sha256: 357c6be9d9fbdd578530cba8365902fbcc0a721b0cac8b8b5e6f287a581b37a7
termination: SUCCESS
metrics:
  common:
    success: true
    collision: false
    navigation_time_s: 15.099999999999998
    path_length_m: 14.051049125417428
    mean_abs_speed_mps: 0.930803580770686
    minimum_clearance_m: 0.3793416221247337
    stop_count: 1
    reverse_distance_m: 0.0
  family:
    topology_switch_count: 0
    global_replan_count: 30
    recovery_count: 0
stage: V2-04G-R1
method: fixed_teb
episode_timeout_s: 50.0
tracker_message_count: 227
tracker_health_valid_fraction: 1.0
finite_ttc_sample_count: 70
ttc_status: OBSERVED_CONFLICT
context_message_count: 0
context_valid_count: 0
context_geometry_sequence: []
context_geometry_switch_count: 0
transaction_message_count: 0
transaction_valid_count: 0
transaction_activated_count: 0
transaction_fault_count: 0
transaction_backends: []
active_anchor_sequence:
- fixed_teb
active_anchor_switch_count: 0
typed_transaction_expected: false
typed_transaction_valid: true
training_used: false
runtime_policy_manifest_access: false
runtime_scene_labels_available: false
experiment_manager_validation_manifest_access: false
runner_fault_reason: ''
supervisor_profile_id: fixed_reference
context_geometry_sample_counts:
  BALANCED: 0
  CRUISE: 0
  STATIC_DENSE: 0
  CORRIDOR: 0
  MANEUVER: 0
context_geometry_sample_fractions:
  BALANCED: 0.0
  CRUISE: 0.0
  STATIC_DENSE: 0.0
  CORRIDOR: 0.0
  MANEUVER: 0.0
context_overlay_sample_counts:
  NONE: 0
  CROSSING: 0
  HEAD_ON: 0
  FOLLOW: 0
  OVERTAKE_OR_YIELD: 0
context_overlay_sample_fractions:
  NONE: 0.0
  CROSSING: 0.0
  HEAD_ON: 0.0
  FOLLOW: 0.0
  OVERTAKE_OR_YIELD: 0.0
experiment_manager_calibration_manifest_access: true
mode_measurement_window: post_readiness_goal_execution_only
clearance_audit:
  schema_version: '2.0'
  stage: V2-04G-R1
  evaluator_only_gazebo_truth_used: true
  runtime_policy_received_truth: false
  minimum_signed_scan_clearance_m: 0.3793416221247337
  minimum_truth_box_clearance_m: 0.39015098081821536
  classification: CLEARANCE_POSITIVE
  minimum_scan_detail:
    stamp_s: 5.944
    robot_x_m: 2.837942014591282
    robot_y_m: 0.3758210909358888
    signed_scan_clearance_m: 0.3793416221247337
    clipped_scan_clearance_m: 0.3793416221247337
    raw_range_m: 0.7304882407188416
    ray_index: 189
    ray_angle_rad: -1.4899615040048957
    footprint_boundary_range_m: 0.35114661859410784
  minimum_truth_detail:
    stamp_s: 5.444
    clearance_m: 0.39015098081821536
    closest_model: pillar-1
    model_x_m: 3.150683451
    model_y_m: -0.67989168
  contact_count: 0
mechanism_message_count: 0
mechanism_join_valid_count: 0
mechanism_join_valid_fraction: null
mechanism_join_reason_counts: {}
mechanism_topology_locked_sample_count: 0
mechanism_corridor_centerline_sample_count: 0
mechanism_maneuver_reverse_sample_count: 0
mechanism_topology_switch_count: 0

