schema_version: '2.0'
architecture_generation: v2
evaluator_id: fam_teb_v2_02_evaluator_1
formal_result: false
runtime_ready: false
scene_id: v2-04g-r4-r1-dynamic-clear-s5096
family: DYNAMIC
split: calibration
seed: 5096
instance_sha256: 01e0d521e29bb08df93103982ab917cdabd7cb7bc5dfd37073cabef11cc0e710
raw_trace_sha256: 7ee73d1eeb260893c80cb8c73e5e4f15d95c3e8c25e68adf9a22434f34e8e160
termination: SUCCESS
metrics:
  common:
    success: true
    collision: false
    navigation_time_s: 18.700000000000003
    path_length_m: 18.191139707638804
    mean_abs_speed_mps: 0.9727258858074446
    minimum_clearance_m: 2.9166784489803197
    stop_count: 1
    reverse_distance_m: 0.0
  family:
    minimum_predicted_ttc_s: null
    stop_count: 1
    interaction_clearance_m: 2.9166784489803197
stage: V2-04G-R4-R1
method: rule_multi_anchor
episode_timeout_s: 80.0
tracker_message_count: 280
tracker_health_valid_fraction: 1.0
finite_ttc_sample_count: 0
ttc_status: NO_CONFLICT_IN_HORIZON
context_message_count: 93
context_valid_count: 93
context_geometry_sequence:
- BALANCED
- CRUISE
context_geometry_switch_count: 1
transaction_message_count: 95
transaction_valid_count: 95
transaction_activated_count: 95
transaction_fault_count: 0
transaction_backends:
- simulation_teb_dynamic_reconfigure
active_anchor_sequence:
- anchor_balanced
- anchor_cruise
active_anchor_switch_count: 1
typed_transaction_expected: true
typed_transaction_valid: true
training_used: false
runtime_policy_manifest_access: false
runtime_scene_labels_available: false
experiment_manager_validation_manifest_access: false
runner_fault_reason: ''
supervisor_profile_id: r4r1_clearance_m030
context_geometry_sample_counts:
  BALANCED: 9
  CRUISE: 84
  STATIC_DENSE: 0
  CORRIDOR: 0
  MANEUVER: 0
context_geometry_sample_fractions:
  BALANCED: 0.0967741935483871
  CRUISE: 0.9032258064516129
  STATIC_DENSE: 0.0
  CORRIDOR: 0.0
  MANEUVER: 0.0
context_overlay_sample_counts:
  NONE: 93
  CROSSING: 0
  HEAD_ON: 0
  FOLLOW: 0
  OVERTAKE_OR_YIELD: 0
context_overlay_sample_fractions:
  NONE: 1.0
  CROSSING: 0.0
  HEAD_ON: 0.0
  FOLLOW: 0.0
  OVERTAKE_OR_YIELD: 0.0
experiment_manager_calibration_manifest_access: true
mode_measurement_window: post_readiness_goal_execution_only
clearance_audit:
  schema_version: '2.0'
  stage: V2-04G-R4-R1
  evaluator_only_gazebo_truth_used: true
  runtime_policy_received_truth: false
  minimum_signed_scan_clearance_m: 2.9166784489803197
  minimum_truth_box_clearance_m: 2.9099963640697397
  classification: CLEARANCE_POSITIVE
  minimum_scan_detail:
    stamp_s: 14.85
    robot_x_m: 8.394305806093206
    robot_y_m: -0.05654400854303819
    signed_scan_clearance_m: 2.9166784489803197
    clipped_scan_clearance_m: 2.9166784489803197
    raw_range_m: 3.266685962677002
    ray_index: 540
    ray_angle_rad: 1.577348779886961
    footprint_boundary_range_m: 0.35000751369668237
  minimum_truth_detail:
    stamp_s: 15.15
    clearance_m: 2.9099963640697397
    closest_model: crossing-agent
    model_x_m: 8.0
    model_y_m: 3.5
  contact_count: 0
mechanism_message_count: 93
mechanism_join_valid_count: 93
mechanism_join_valid_fraction: 1.0
mechanism_join_reason_counts:
  EXACT_SEQUENCE_JOIN: 93
mechanism_topology_locked_sample_count: 0
mechanism_corridor_centerline_sample_count: 0
mechanism_maneuver_reverse_sample_count: 0
mechanism_topology_switch_count: 0

