schema_version: '2.0'
architecture_generation: v2
evaluator_id: fam_teb_v2_02_evaluator_1
formal_result: false
runtime_ready: false
scene_id: v2-04g-r4-cruise-s5061
family: CRUISE
split: calibration
seed: 5061
instance_sha256: 0edcdf7abaa6250255e27d141c16a234f22b403e427d3b965811adb3da3c072f
raw_trace_sha256: 71b95bc11ef8647b01a05565012b7ab323e4ca38433901b71ddb42a415df5929
termination: SUCCESS
metrics:
  common:
    success: true
    collision: false
    navigation_time_s: 32.0
    path_length_m: 35.13476018518685
    mean_abs_speed_mps: 1.0979621299825386
    minimum_clearance_m: 2.7157921981187485
    stop_count: 1
    reverse_distance_m: 0.0
  family:
    lateral_rms_m: 0.017282192107640593
    heading_oscillation_rad: 0.0
    unnecessary_deceleration_count: 1
stage: V2-04G-R4
method: rule_multi_anchor
episode_timeout_s: 55.0
tracker_message_count: 476
tracker_health_valid_fraction: 1.0
finite_ttc_sample_count: 0
ttc_status: NO_CONFLICT_IN_HORIZON
context_message_count: 160
context_valid_count: 160
context_geometry_sequence:
- BALANCED
- CRUISE
context_geometry_switch_count: 1
transaction_message_count: 162
transaction_valid_count: 162
transaction_activated_count: 162
transaction_fault_count: 0
transaction_backends:
- simulation_teb_dynamic_reconfigure
active_anchor_sequence:
- anchor_balanced
- anchor_cruise
active_anchor_switch_count: 1
typed_transaction_expected: true
typed_transaction_valid: true
training_used: false
runtime_policy_manifest_access: false
runtime_scene_labels_available: false
experiment_manager_validation_manifest_access: false
runner_fault_reason: ''
supervisor_profile_id: r2_control_g2
context_geometry_sample_counts:
  BALANCED: 5
  CRUISE: 155
  STATIC_DENSE: 0
  CORRIDOR: 0
  MANEUVER: 0
context_geometry_sample_fractions:
  BALANCED: 0.03125
  CRUISE: 0.96875
  STATIC_DENSE: 0.0
  CORRIDOR: 0.0
  MANEUVER: 0.0
context_overlay_sample_counts:
  NONE: 160
  CROSSING: 0
  HEAD_ON: 0
  FOLLOW: 0
  OVERTAKE_OR_YIELD: 0
context_overlay_sample_fractions:
  NONE: 1.0
  CROSSING: 0.0
  HEAD_ON: 0.0
  FOLLOW: 0.0
  OVERTAKE_OR_YIELD: 0.0
experiment_manager_calibration_manifest_access: true
mode_measurement_window: post_readiness_goal_execution_only
clearance_audit:
  schema_version: '2.0'
  stage: V2-04G-R4
  evaluator_only_gazebo_truth_used: true
  runtime_policy_received_truth: false
  minimum_signed_scan_clearance_m: 2.7157921981187485
  minimum_truth_box_clearance_m: 2.7363160365695243
  classification: CLEARANCE_POSITIVE
  minimum_scan_detail:
    stamp_s: 15.854
    robot_x_m: 11.911938925764336
    robot_y_m: 0.0
    signed_scan_clearance_m: 2.7157921981187485
    clipped_scan_clearance_m: 2.7157921981187485
    raw_range_m: 3.0659801959991455
    ray_index: 543
    ray_angle_rad: 1.603565107099712
    footprint_boundary_range_m: 0.3501879978803969
  minimum_truth_detail:
    stamp_s: 16.654
    clearance_m: 2.7363160365695243
    closest_model: cruise-left
    model_x_m: 11.996985817
    model_y_m: 3.486357698
  contact_count: 0
mechanism_message_count: 160
mechanism_join_valid_count: 160
mechanism_join_valid_fraction: 1.0
mechanism_join_reason_counts:
  EXACT_SEQUENCE_JOIN: 160
mechanism_topology_locked_sample_count: 0
mechanism_corridor_centerline_sample_count: 0
mechanism_maneuver_reverse_sample_count: 0
mechanism_topology_switch_count: 0

