schema_version: '2.0'
architecture_generation: v2
evaluator_id: fam_teb_v2_02_evaluator_1
formal_result: false
runtime_ready: false
scene_id: v2-04g-corridor-s4911
family: CORRIDOR
split: calibration
seed: 4911
instance_sha256: b27ff14c35a497e95ec6ca5dfec33cbb879b72b4ef6a351f59d110c6dd5249fc
raw_trace_sha256: ce7dfc48e31e2fc52f354347cd918b59a6e46f61ae612caab31d3d798073c805
termination: SUCCESS
metrics:
  common:
    success: true
    collision: false
    navigation_time_s: 17.8
    path_length_m: 10.099169418515203
    mean_abs_speed_mps: 0.5673845714604745
    minimum_clearance_m: 0.47507807778740824
    stop_count: 1
    reverse_distance_m: 0.0
  family:
    lateral_rms_m: 0.09003769382966782
    heading_oscillation_rad: 1.4688090319703342
    emergency_contact_count: 0
stage: V2-04G
method: rule_multi_anchor
episode_timeout_s: 45.0
tracker_message_count: 267
tracker_health_valid_fraction: 1.0
finite_ttc_sample_count: 0
ttc_status: NO_CONFLICT_IN_HORIZON
context_message_count: 89
context_valid_count: 89
context_geometry_sequence:
- CORRIDOR
context_geometry_switch_count: 0
transaction_message_count: 90
transaction_valid_count: 90
transaction_activated_count: 90
transaction_fault_count: 0
transaction_backends:
- simulation_teb_dynamic_reconfigure
active_anchor_sequence:
- anchor_corridor
active_anchor_switch_count: 0
typed_transaction_expected: true
typed_transaction_valid: true
training_used: false
runtime_policy_manifest_access: false
runtime_scene_labels_available: false
experiment_manager_validation_manifest_access: false
runner_fault_reason: ''
supervisor_profile_id: g0_frozen_control
context_geometry_sample_counts:
  BALANCED: 0
  CRUISE: 0
  STATIC_DENSE: 0
  CORRIDOR: 89
  MANEUVER: 0
context_geometry_sample_fractions:
  BALANCED: 0.0
  CRUISE: 0.0
  STATIC_DENSE: 0.0
  CORRIDOR: 1.0
  MANEUVER: 0.0
context_overlay_sample_counts:
  NONE: 89
  CROSSING: 0
  HEAD_ON: 0
  FOLLOW: 0
  OVERTAKE_OR_YIELD: 0
context_overlay_sample_fractions:
  NONE: 1.0
  CROSSING: 0.0
  HEAD_ON: 0.0
  FOLLOW: 0.0
  OVERTAKE_OR_YIELD: 0.0
experiment_manager_calibration_manifest_access: true
mode_measurement_window: post_readiness_goal_execution_only
clearance_audit:
  schema_version: '2.0'
  stage: V2-04G
  evaluator_only_gazebo_truth_used: true
  runtime_policy_received_truth: false
  minimum_signed_scan_clearance_m: 0.47507807778740824
  minimum_truth_box_clearance_m: 0.4803842458766812
  classification: CLEARANCE_POSITIVE
  minimum_scan_detail:
    stamp_s: 6.584
    robot_x_m: 0.1900020194458886
    robot_y_m: -0.0013078776349946411
    signed_scan_clearance_m: 0.47507807778740824
    clipped_scan_clearance_m: 0.47507807778740824
    raw_range_m: 0.8269312381744385
    ray_index: 551
    ray_angle_rad: 1.673475313000381
    footprint_boundary_range_m: 0.35185316038703024
  minimum_truth_detail:
    stamp_s: 7.784
    clearance_m: 0.4803842458766812
    closest_model: corridor-left
    model_x_m: 4.999740076
    model_y_m: 1.110322287
  contact_count: 0
mechanism_message_count: 0
mechanism_topology_locked_sample_count: 0
mechanism_corridor_centerline_sample_count: 0
mechanism_maneuver_reverse_sample_count: 0
mechanism_topology_switch_count: 0

