schema_version: '2.0'
architecture_generation: v2
evaluator_id: fam_teb_v2_02_evaluator_1
formal_result: false
runtime_ready: false
scene_id: v2-04g-r4-r1-dynamic-conflict-s5095
family: DYNAMIC
split: calibration
seed: 5095
instance_sha256: 7523273dc289e121e2eafb96227ba752a9b46843aa338bff29c2b20becea93b6
raw_trace_sha256: 08f4dc6a984e3b2e36195fb98d5b0f45ffc8399e465a7ed592e881a9c887eb6b
termination: SUCCESS
metrics:
  common:
    success: true
    collision: false
    navigation_time_s: 21.799999999999997
    path_length_m: 18.291942569505302
    mean_abs_speed_mps: 0.8391883803159955
    minimum_clearance_m: 0.7565664286912468
    stop_count: 2
    reverse_distance_m: 0.0
  family:
    minimum_predicted_ttc_s: 0.7466678829679269
    stop_count: 2
    interaction_clearance_m: 1.0660177362850258
stage: V2-04G-R4-R1
method: rule_multi_anchor
episode_timeout_s: 80.0
tracker_message_count: 324
tracker_health_valid_fraction: 1.0
finite_ttc_sample_count: 32
ttc_status: OBSERVED_CONFLICT
context_message_count: 109
context_valid_count: 109
context_geometry_sequence:
- BALANCED
- CRUISE
context_geometry_switch_count: 1
transaction_message_count: 110
transaction_valid_count: 110
transaction_activated_count: 110
transaction_fault_count: 0
transaction_backends:
- simulation_teb_dynamic_reconfigure
active_anchor_sequence:
- anchor_balanced
- anchor_cruise
active_anchor_switch_count: 1
typed_transaction_expected: true
typed_transaction_valid: true
training_used: false
runtime_policy_manifest_access: false
runtime_scene_labels_available: false
experiment_manager_validation_manifest_access: false
runner_fault_reason: ''
supervisor_profile_id: r4r1_clearance_m032
context_geometry_sample_counts:
  BALANCED: 6
  CRUISE: 103
  STATIC_DENSE: 0
  CORRIDOR: 0
  MANEUVER: 0
context_geometry_sample_fractions:
  BALANCED: 0.05504587155963303
  CRUISE: 0.944954128440367
  STATIC_DENSE: 0.0
  CORRIDOR: 0.0
  MANEUVER: 0.0
context_overlay_sample_counts:
  NONE: 87
  CROSSING: 8
  HEAD_ON: 6
  FOLLOW: 0
  OVERTAKE_OR_YIELD: 8
context_overlay_sample_fractions:
  NONE: 0.7981651376146789
  CROSSING: 0.07339449541284404
  HEAD_ON: 0.05504587155963303
  FOLLOW: 0.0
  OVERTAKE_OR_YIELD: 0.07339449541284404
experiment_manager_calibration_manifest_access: true
mode_measurement_window: post_readiness_goal_execution_only
clearance_audit:
  schema_version: '2.0'
  stage: V2-04G-R4-R1
  evaluator_only_gazebo_truth_used: true
  runtime_policy_received_truth: false
  minimum_signed_scan_clearance_m: 0.7565664286912468
  minimum_truth_box_clearance_m: 0.7629027884818516
  classification: CLEARANCE_POSITIVE
  minimum_scan_detail:
    stamp_s: 13.474
    robot_x_m: 7.350791819111179
    robot_y_m: -0.13144108080201466
    signed_scan_clearance_m: 0.7565664286912468
    clipped_scan_clearance_m: 0.7565664286912468
    raw_range_m: 1.3786922693252563
    ray_index: 426
    ray_angle_rad: 0.5811283458024263
    footprint_boundary_range_m: 0.6221258406340096
  minimum_truth_detail:
    stamp_s: 13.274000000000001
    clearance_m: 0.7629027884818516
    closest_model: crossing-agent
    model_x_m: 9.0
    model_y_m: 0.2915855661250011
  contact_count: 0
mechanism_message_count: 109
mechanism_join_valid_count: 109
mechanism_join_valid_fraction: 1.0
mechanism_join_reason_counts:
  EXACT_SEQUENCE_JOIN: 109
mechanism_topology_locked_sample_count: 0
mechanism_corridor_centerline_sample_count: 0
mechanism_maneuver_reverse_sample_count: 0
mechanism_topology_switch_count: 0

