schema_version: '2.0'
architecture_generation: v2
evaluator_id: fam_teb_v2_02_evaluator_1
formal_result: false
runtime_ready: false
scene_id: v2-04g-r4-corridor-s5070
family: CORRIDOR
split: calibration
seed: 5070
instance_sha256: 59a114b6f0f3be6185abcf384991bf08521a0550228f3f3edda7061e1260acc5
raw_trace_sha256: 04abb8afc79c42c7738823b558d1d2a88de4c3e8968a854e707c01d1e882e967
termination: SUCCESS
metrics:
  common:
    success: true
    collision: false
    navigation_time_s: 14.0
    path_length_m: 10.337629382562788
    mean_abs_speed_mps: 0.7384326142315528
    minimum_clearance_m: 0.45267986933093607
    stop_count: 2
    reverse_distance_m: 0.20049275643516845
  family:
    lateral_rms_m: 0.08648774608546829
    heading_oscillation_rad: 1.0346887797941915
    emergency_contact_count: 0
stage: V2-04G-R4
method: rule_multi_anchor
episode_timeout_s: 45.0
tracker_message_count: 209
tracker_health_valid_fraction: 1.0
finite_ttc_sample_count: 0
ttc_status: NO_CONFLICT_IN_HORIZON
context_message_count: 70
context_valid_count: 70
context_geometry_sequence:
- CORRIDOR
context_geometry_switch_count: 0
transaction_message_count: 72
transaction_valid_count: 72
transaction_activated_count: 72
transaction_fault_count: 0
transaction_backends:
- simulation_teb_dynamic_reconfigure
active_anchor_sequence:
- anchor_corridor
active_anchor_switch_count: 0
typed_transaction_expected: true
typed_transaction_valid: true
training_used: false
runtime_policy_manifest_access: false
runtime_scene_labels_available: false
experiment_manager_validation_manifest_access: false
runner_fault_reason: ''
supervisor_profile_id: r2_target_aggressive
context_geometry_sample_counts:
  BALANCED: 0
  CRUISE: 0
  STATIC_DENSE: 0
  CORRIDOR: 70
  MANEUVER: 0
context_geometry_sample_fractions:
  BALANCED: 0.0
  CRUISE: 0.0
  STATIC_DENSE: 0.0
  CORRIDOR: 1.0
  MANEUVER: 0.0
context_overlay_sample_counts:
  NONE: 70
  CROSSING: 0
  HEAD_ON: 0
  FOLLOW: 0
  OVERTAKE_OR_YIELD: 0
context_overlay_sample_fractions:
  NONE: 1.0
  CROSSING: 0.0
  HEAD_ON: 0.0
  FOLLOW: 0.0
  OVERTAKE_OR_YIELD: 0.0
experiment_manager_calibration_manifest_access: true
mode_measurement_window: post_readiness_goal_execution_only
clearance_audit:
  schema_version: '2.0'
  stage: V2-04G-R4
  evaluator_only_gazebo_truth_used: true
  runtime_policy_received_truth: false
  minimum_signed_scan_clearance_m: 0.45267986933093607
  minimum_truth_box_clearance_m: 0.47420013389154564
  classification: CLEARANCE_POSITIVE
  minimum_scan_detail:
    stamp_s: 6.21
    robot_x_m: 0.8944126639150468
    robot_y_m: 0.0018135652028057698
    signed_scan_clearance_m: 0.45267986933093607
    clipped_scan_clearance_m: 0.45267986933093607
    raw_range_m: 0.8027007579803467
    ray_index: 538
    ray_angle_rad: 1.5598712284117937
    footprint_boundary_range_m: 0.3500208886494106
  minimum_truth_detail:
    stamp_s: 5.51
    clearance_m: 0.47420013389154564
    closest_model: corridor-left
    model_x_m: 5.001451517
    model_y_m: 1.098722149
  contact_count: 0
mechanism_message_count: 70
mechanism_join_valid_count: 70
mechanism_join_valid_fraction: 1.0
mechanism_join_reason_counts:
  EXACT_SEQUENCE_JOIN: 70
mechanism_topology_locked_sample_count: 0
mechanism_corridor_centerline_sample_count: 70
mechanism_maneuver_reverse_sample_count: 0
mechanism_topology_switch_count: 0

