schema_version: '2.0'
architecture_generation: v2
evaluator_id: fam_teb_v2_02_evaluator_1
formal_result: false
runtime_ready: false
scene_id: v2-04g-r1-maneuver-s4933
family: MANEUVER
split: calibration
seed: 4933
instance_sha256: 99d3c1523628e58b1cfc45cd68624733bc6a7a8df0ba33fa8d7b6a8d2a3b17ff
raw_trace_sha256: b5f74d591e38161cf5a00bffa5aa3efe431ce34ca01f3a45573bfa54b3237e6f
termination: SUCCESS
metrics:
  common:
    success: true
    collision: false
    navigation_time_s: 24.9
    path_length_m: 4.378406702409313
    mean_abs_speed_mps: 0.17598587825395712
    minimum_clearance_m: 0.26999177699655996
    stop_count: 6
    reverse_distance_m: 2.7760906305800916
  family:
    gear_switch_count: 5
    gear_switch_while_moving_count: 4
    reverse_distance_m: 2.7760906305800916
stage: V2-04G-R2
method: rule_multi_anchor
episode_timeout_s: 60.0
tracker_message_count: 382
tracker_health_valid_fraction: 1.0
finite_ttc_sample_count: 0
ttc_status: NO_CONFLICT_IN_HORIZON
context_message_count: 125
context_valid_count: 123
context_geometry_sequence:
- MANEUVER
- BALANCED
- STATIC_DENSE
- BALANCED
- STATIC_DENSE
context_geometry_switch_count: 4
transaction_message_count: 25
transaction_valid_count: 24
transaction_activated_count: 24
transaction_fault_count: 1
transaction_backends:
- simulation_teb_dynamic_reconfigure
active_anchor_sequence:
- anchor_maneuver_reverse
- anchor_balanced
- anchor_static_dense
- anchor_balanced
- anchor_static_dense
active_anchor_switch_count: 4
typed_transaction_expected: true
typed_transaction_valid: true
training_used: false
runtime_policy_manifest_access: false
runtime_scene_labels_available: false
experiment_manager_validation_manifest_access: false
runner_fault_reason: ''
supervisor_profile_id: r2_target_aggressive
context_geometry_sample_counts:
  BALANCED: 36
  CRUISE: 0
  STATIC_DENSE: 75
  CORRIDOR: 0
  MANEUVER: 12
context_geometry_sample_fractions:
  BALANCED: 0.2926829268292683
  CRUISE: 0.0
  STATIC_DENSE: 0.6097560975609756
  CORRIDOR: 0.0
  MANEUVER: 0.0975609756097561
context_overlay_sample_counts:
  NONE: 123
  CROSSING: 0
  HEAD_ON: 0
  FOLLOW: 0
  OVERTAKE_OR_YIELD: 0
context_overlay_sample_fractions:
  NONE: 1.0
  CROSSING: 0.0
  HEAD_ON: 0.0
  FOLLOW: 0.0
  OVERTAKE_OR_YIELD: 0.0
experiment_manager_calibration_manifest_access: true
mode_measurement_window: post_readiness_goal_execution_only
clearance_audit:
  schema_version: '2.0'
  stage: V2-04G-R2
  evaluator_only_gazebo_truth_used: true
  runtime_policy_received_truth: false
  minimum_signed_scan_clearance_m: 0.26999177699655996
  minimum_truth_box_clearance_m: 0.27939937393961367
  classification: CLEARANCE_POSITIVE
  minimum_scan_detail:
    stamp_s: 30.842
    robot_x_m: 0.5994027211181688
    robot_y_m: -0.002997986495084197
    signed_scan_clearance_m: 0.26999177699655996
    clipped_scan_clearance_m: 0.26999177699655996
    raw_range_m: 0.7900116443634033
    ray_index: 1
    ray_angle_rad: -3.1328513426706195
    footprint_boundary_range_m: 0.5200198673668434
  minimum_truth_detail:
    stamp_s: 30.842
    clearance_m: 0.27939937393961367
    closest_model: bay-back
    model_x_m: 5.511238904
    model_y_m: -0.007107244
  contact_count: 0
mechanism_message_count: 24
mechanism_join_valid_count: 24
mechanism_join_valid_fraction: 1.0
mechanism_join_reason_counts:
  EXACT_SEQUENCE_JOIN: 24
mechanism_topology_locked_sample_count: 14
mechanism_corridor_centerline_sample_count: 0
mechanism_maneuver_reverse_sample_count: 2
mechanism_topology_switch_count: 0

