schema_version: '2.0'
architecture_generation: v2
evaluator_id: fam_teb_v2_02_evaluator_1
formal_result: false
runtime_ready: false
scene_id: v2-04g-static-s4908
family: STATIC_DENSE
split: calibration
seed: 4908
instance_sha256: c4a11dadec0c0a337d8cd7d935e2a6ab953ceaa6db5d9fbc97f2837bf44a1e55
raw_trace_sha256: 89d2decd87f636d29b49d95165e5be7aa7edd2cd0da3e4385e0259599a2cd0f1
termination: SUCCESS
metrics:
  common:
    success: true
    collision: false
    navigation_time_s: 15.7
    path_length_m: 13.963725110167061
    mean_abs_speed_mps: 0.8895864088950239
    minimum_clearance_m: 0.41920502394602094
    stop_count: 1
    reverse_distance_m: 0.0
  family:
    topology_switch_count: 0
    global_replan_count: 32
    recovery_count: 0
stage: V2-04G
method: fixed_teb
episode_timeout_s: 50.0
tracker_message_count: 234
tracker_health_valid_fraction: 1.0
finite_ttc_sample_count: 69
ttc_status: OBSERVED_CONFLICT
context_message_count: 0
context_valid_count: 0
context_geometry_sequence: []
context_geometry_switch_count: 0
transaction_message_count: 0
transaction_valid_count: 0
transaction_activated_count: 0
transaction_fault_count: 0
transaction_backends: []
active_anchor_sequence:
- fixed_teb
active_anchor_switch_count: 0
typed_transaction_expected: false
typed_transaction_valid: true
training_used: false
runtime_policy_manifest_access: false
runtime_scene_labels_available: false
experiment_manager_validation_manifest_access: false
runner_fault_reason: ''
supervisor_profile_id: fixed_reference
context_geometry_sample_counts:
  BALANCED: 0
  CRUISE: 0
  STATIC_DENSE: 0
  CORRIDOR: 0
  MANEUVER: 0
context_geometry_sample_fractions:
  BALANCED: 0.0
  CRUISE: 0.0
  STATIC_DENSE: 0.0
  CORRIDOR: 0.0
  MANEUVER: 0.0
context_overlay_sample_counts:
  NONE: 0
  CROSSING: 0
  HEAD_ON: 0
  FOLLOW: 0
  OVERTAKE_OR_YIELD: 0
context_overlay_sample_fractions:
  NONE: 0.0
  CROSSING: 0.0
  HEAD_ON: 0.0
  FOLLOW: 0.0
  OVERTAKE_OR_YIELD: 0.0
experiment_manager_calibration_manifest_access: true
mode_measurement_window: post_readiness_goal_execution_only
clearance_audit:
  schema_version: '2.0'
  stage: V2-04G
  evaluator_only_gazebo_truth_used: true
  runtime_policy_received_truth: false
  minimum_signed_scan_clearance_m: 0.41920502394602094
  minimum_truth_box_clearance_m: 0.4205458887603373
  classification: CLEARANCE_POSITIVE
  minimum_scan_detail:
    stamp_s: 11.39
    robot_x_m: 7.8441850007413105
    robot_y_m: 0.23207708343540107
    signed_scan_clearance_m: 0.41920502394602094
    clipped_scan_clearance_m: 0.41920502394602094
    raw_range_m: 0.771058201789856
    ray_index: 168
    ray_angle_rad: -1.673475794494152
    footprint_boundary_range_m: 0.351853177843835
  minimum_truth_detail:
    stamp_s: 11.19
    clearance_m: 0.4205458887603373
    closest_model: pillar-3
    model_x_m: 8.307378298
    model_y_m: -0.851847206
  contact_count: 0
mechanism_message_count: 0
mechanism_topology_locked_sample_count: 0
mechanism_corridor_centerline_sample_count: 0
mechanism_maneuver_reverse_sample_count: 0
mechanism_topology_switch_count: 0

