schema_version: '2.0'
architecture_generation: v2
evaluator_id: fam_teb_v2_02_evaluator_1
formal_result: false
runtime_ready: false
scene_id: v2-04g-r4-dynamic-conflict-s5065
family: DYNAMIC
split: calibration
seed: 5065
instance_sha256: d7c970b940eb912b3830070f34c8e1565a2de9244c954da81af672f61b0c225c
raw_trace_sha256: b7f1a1aacb264585b3397a9deaff5609c82b01197153fe8a687d32c27bd3b3f6
termination: SUCCESS
metrics:
  common:
    success: true
    collision: false
    navigation_time_s: 20.4
    path_length_m: 18.200222316945055
    mean_abs_speed_mps: 0.8921007385640926
    minimum_clearance_m: 1.0520491133614422
    stop_count: 1
    reverse_distance_m: 0.0
  family:
    minimum_predicted_ttc_s: 3.4351534119597527
    stop_count: 1
    interaction_clearance_m: 4.925392728705069
stage: V2-04G-R4
method: rule_multi_anchor
episode_timeout_s: 80.0
tracker_message_count: 306
tracker_health_valid_fraction: 1.0
finite_ttc_sample_count: 8
ttc_status: OBSERVED_CONFLICT
context_message_count: 102
context_valid_count: 102
context_geometry_sequence:
- BALANCED
- CRUISE
context_geometry_switch_count: 1
transaction_message_count: 104
transaction_valid_count: 104
transaction_activated_count: 104
transaction_fault_count: 0
transaction_backends:
- simulation_teb_dynamic_reconfigure
active_anchor_sequence:
- anchor_balanced
- anchor_cruise
active_anchor_switch_count: 1
typed_transaction_expected: true
typed_transaction_valid: true
training_used: false
runtime_policy_manifest_access: false
runtime_scene_labels_available: false
experiment_manager_validation_manifest_access: false
runner_fault_reason: ''
supervisor_profile_id: r2_control_g2
context_geometry_sample_counts:
  BALANCED: 5
  CRUISE: 97
  STATIC_DENSE: 0
  CORRIDOR: 0
  MANEUVER: 0
context_geometry_sample_fractions:
  BALANCED: 0.049019607843137254
  CRUISE: 0.9509803921568627
  STATIC_DENSE: 0.0
  CORRIDOR: 0.0
  MANEUVER: 0.0
context_overlay_sample_counts:
  NONE: 82
  CROSSING: 9
  HEAD_ON: 3
  FOLLOW: 0
  OVERTAKE_OR_YIELD: 8
context_overlay_sample_fractions:
  NONE: 0.803921568627451
  CROSSING: 0.08823529411764706
  HEAD_ON: 0.029411764705882353
  FOLLOW: 0.0
  OVERTAKE_OR_YIELD: 0.0784313725490196
experiment_manager_calibration_manifest_access: true
mode_measurement_window: post_readiness_goal_execution_only
clearance_audit:
  schema_version: '2.0'
  stage: V2-04G-R4
  evaluator_only_gazebo_truth_used: true
  runtime_policy_received_truth: false
  minimum_signed_scan_clearance_m: 1.0520491133614422
  minimum_truth_box_clearance_m: 1.0263677150364914
  classification: CLEARANCE_POSITIVE
  minimum_scan_detail:
    stamp_s: 14.58
    robot_x_m: 7.50950540578922
    robot_y_m: -0.022396066351458018
    signed_scan_clearance_m: 1.0520491133614422
    clipped_scan_clearance_m: 1.0520491133614422
    raw_range_m: 1.660578966140747
    ray_index: 422
    ray_angle_rad: 0.5461732428520918
    footprint_boundary_range_m: 0.6085298527793049
  minimum_truth_detail:
    stamp_s: 14.38
    clearance_m: 1.0263677150364914
    closest_model: crossing-agent
    model_x_m: 9.0
    model_y_m: 1.2393522225000009
  contact_count: 0
mechanism_message_count: 102
mechanism_join_valid_count: 102
mechanism_join_valid_fraction: 1.0
mechanism_join_reason_counts:
  EXACT_SEQUENCE_JOIN: 102
mechanism_topology_locked_sample_count: 0
mechanism_corridor_centerline_sample_count: 0
mechanism_maneuver_reverse_sample_count: 0
mechanism_topology_switch_count: 0

