
===== action_ready.log =====
header: 
  seq: 1
  stamp: 
    secs: 6
    nsecs: 620000000
  frame_id: "base_link"
schema_version: "2.0"
world_model_seq: 96
mode_seq: 0
config_seq: 6
geometry_mode: 0
dynamic_overlay: 0
transition_state: 0
anchor_id: "anchor_balanced"
profile_id: "profile_balanced_v2_04c_frozen+none"
execution_backend: "simulation_teb_dynamic_reconfigure"
parameter_names: 
  - max_vel_x
  - max_vel_theta
  - acc_lim_x
  - acc_lim_theta
  - min_obstacle_dist
  - inflation_dist
  - weight_obstacle
  - weight_viapoint
  - weight_optimaltime
  - dynamic_obstacle_inflation_dist
  - weight_dynamic_obstacle
  - weight_dynamic_obstacle_inflation
  - weight_velocity_obstacle_ratio
  - max_vel_x_backwards
  - max_global_plan_lookahead_dist
  - global_plan_viapoint_sep
  - include_dynamic_obstacles
  - max_number_classes
  - selection_cost_hysteresis
  - switching_blocking_period
parameter_types: 
  - double
  - double
  - double
  - double
  - double
  - double
  - double
  - double
  - double
  - double
  - double
  - double
  - double
  - double
  - double
  - double
  - bool
  - int
  - double
  - double
commanded: [0.9, 0.75, 0.6, 0.6, 0.375, 0.725, 75.0, 2.5, 0.75, 0.75, 60.0, 0.3, 5.0, 0.3, 6.0, 0.35, 1.0, 2.0, 0.95, 0.5]
feasible: [0.9, 0.75, 0.6, 0.6, 0.375, 0.725, 75.0, 2.5, 0.75, 0.75, 60.0, 0.3, 5.0, 0.3, 6.0, 0.35, 1.0, 2.0, 0.95, 0.5]
safe: [0.9, 0.75, 0.6, 0.6, 0.375, 0.725, 75.0, 2.5, 0.75, 0.75, 60.0, 0.3, 5.0, 0.3, 6.0, 0.35, 1.0, 2.0, 0.95, 0.5]
executed: [0.9, 0.75, 0.6, 0.6, 0.375, 0.725, 75.0, 2.5, 0.75, 0.75, 60.0, 0.3, 5.0, 0.3, 6.0, 0.35, 1.0, 2.0, 0.95, 0.5]
projection_reason_mask: 0
safety_reason_mask: 0
t_request: 
  secs: 6
  nsecs: 620000000
t_ack: 
  secs: 6
  nsecs: 620000000
t_readback: 
  secs: 6
  nsecs: 620000000
t_active: 
  secs: 6
  nsecs: 620000000
activated: True
slow_profile_committed: False
training_used: False
valid: True
fault_reason: ''
---

===== arm.log =====
execution_armed: true
identity:
  attempt: 1
  profile_id: r6_semantics_circle_contact
  scene_id: v2-04g-r6-i5-dynamic-conflict-single-s5161
  seed: 5161
  stage: V2-04G-R6-I5
record_type: r6_execution_arm_receipt
schema_version: '2.0'
startup_profile_sha256: a823790068f2470a2a5b2c9b7c4c0047764fe586e9550da6632f57cd4c244456
supervisor_config_sha256: d5e35cfe84082b229ae6e656c2d3aaa7a10c8c61b696184bda8dc90e47a762da
stage: V2-04G-R6-I5
profile_id: r6_semantics_circle_contact
scene_id: v2-04g-r6-i5-dynamic-conflict-single-s5161
seed: 5161
attempt: 1
service: /teb_mode_manager/r6/arm_execution
service_response_success: true


===== base_launch.log =====
WARNING: Package name "gazebo_ros_2Dmap_plugin" does not follow the naming conventions. It should start with a lower case letter and only contain lower case letters, digits, underscores, and dashes.
xacro: in-order processing became default in ROS Melodic. You can drop the option.
... logging to /home/robot/robot_ws_base_rl/artifacts/v2/integration/v2_04g_r6_i1/r6_i5_execution/attempts/02__r6_semantics_circle_contact__v2-04g-r6-i5-dynamic-conflict-single-s5161/work/ros_logs/8b01452e-84e2-11f1-bd0b-156f9b6ad262/roslaunch-WP-50084.log
Checking log directory for disk usage. This may take a while.
Press Ctrl-C to interrupt
Done checking log file disk usage. Usage is <1GB.
]2;/home/robot/robot_ws_base_rl/src/simulation/m2_gazebo/launch/m2_v2_04g_r6_i2_execution_integration.launch
[1mstarted roslaunch server http://127.0.0.1:44707/[0m

SUMMARY
========

PARAMETERS
 * /gazebo/enable_ros_network: True
 * /m2_gazebo/simulation_only: True
 * /m2_robot_state_publisher/publish_frequency: 30.0
 * /move_base/TebLocalPlannerROS/acc_lim_theta: 0.6
 * /move_base/TebLocalPlannerROS/acc_lim_x: 0.6
 * /move_base/TebLocalPlannerROS/allow_init_with_backwards_motion: True
 * /move_base/TebLocalPlannerROS/cmd_angle_instead_rotvel: False
 * /move_base/TebLocalPlannerROS/costmap_obstacles_behind_robot_dist: 1.5
 * /move_base/TebLocalPlannerROS/dt_hysteresis: 0.1
 * /move_base/TebLocalPlannerROS/dt_ref: 0.3
 * /move_base/TebLocalPlannerROS/dynamic_obstacle_inflation_dist: 0.75
 * /move_base/TebLocalPlannerROS/enable_homotopy_class_planning: False
 * /move_base/TebLocalPlannerROS/enable_multithreading: True
 * /move_base/TebLocalPlannerROS/feasibility_check_no_poses: 5
 * /move_base/TebLocalPlannerROS/footprint_model/type: polygon
 * /move_base/TebLocalPlannerROS/footprint_model/vertices: [[0.52, 0.35], [0...
 * /move_base/TebLocalPlannerROS/global_plan_overwrite_orientation: True
 * /move_base/TebLocalPlannerROS/global_plan_viapoint_sep: 0.35
 * /move_base/TebLocalPlannerROS/include_costmap_obstacles: True
 * /move_base/TebLocalPlannerROS/include_dynamic_obstacles: True
 * /move_base/TebLocalPlannerROS/inflation_dist: 0.725
 * /move_base/TebLocalPlannerROS/map_frame: odom
 * /move_base/TebLocalPlannerROS/max_global_plan_lookahead_dist: 6.0
 * /move_base/TebLocalPlannerROS/max_number_classes: 2
 * /move_base/TebLocalPlannerROS/max_samples: 500
 * /move_base/TebLocalPlannerROS/max_vel_theta: 0.75
 * /move_base/TebLocalPlannerROS/max_vel_x: 0.9
 * /move_base/TebLocalPlannerROS/max_vel_x_backwards: 0.3
 * /move_base/TebLocalPlannerROS/max_vel_y: 0.0
 * /move_base/TebLocalPlannerROS/min_obstacle_dist: 0.375
 * /move_base/TebLocalPlannerROS/min_turning_radius: 1.2
 * /move_base/TebLocalPlannerROS/obstacle_poses_affected: 15
 * /move_base/TebLocalPlannerROS/odom_topic: /odom
 * /move_base/TebLocalPlannerROS/selection_cost_hysteresis: 0.95
 * /move_base/TebLocalPlannerROS/switching_blocking_period: 0.5
 * /move_base/TebLocalPlannerROS/teb_autosize: True
 * /move_base/TebLocalPlannerROS/weight_acc_lim_theta: 1.0
 * /move_base/TebLocalPlannerROS/weight_acc_lim_x: 1.0
 * /move_base/TebLocalPlannerROS/weight_adapt_factor: 2.0
 * /move_base/TebLocalPlannerROS/weight_dynamic_obstacle: 60.0
 * /move_base/TebLocalPlannerROS/weight_dynamic_obstacle_inflation: 0.3
 * /move_base/TebLocalPlannerROS/weight_inflation: 0.1
 * /move_base/TebLocalPlannerROS/weight_kinematics_forward_drive: 10.0
 * /move_base/TebLocalPlannerROS/weight_kinematics_nh: 1000.0
 * /move_base/TebLocalPlannerROS/weight_kinematics_turning_radius: 10.0
 * /move_base/TebLocalPlannerROS/weight_max_vel_theta: 1.0
 * /move_base/TebLocalPlannerROS/weight_max_vel_x: 2.0
 * /move_base/TebLocalPlannerROS/weight_obstacle: 75.0
 * /move_base/TebLocalPlannerROS/weight_optimaltime: 0.75
 * /move_base/TebLocalPlannerROS/weight_velocity_obstacle_ratio: 5.0
 * /move_base/TebLocalPlannerROS/weight_viapoint: 2.5
 * /move_base/TebLocalPlannerROS/wheelbase: 0.65
 * /move_base/base_global_planner: navfn/NavfnROS
 * /move_base/base_local_planner: teb_local_planner...
 * /move_base/clearing_rotation_allowed: False
 * /move_base/controller_frequency: 10.0
 * /move_base/controller_patience: 5.0
 * /move_base/global_costmap/footprint: [[0.52, 0.35], [0...
 * /move_base/global_costmap/footprint_padding: 0.05
 * /move_base/global_costmap/global_frame: odom
 * /move_base/global_costmap/height: 30.0
 * /move_base/global_costmap/inflation_layer/cost_scaling_factor: 4.0
 * /move_base/global_costmap/inflation_layer/enabled: True
 * /move_base/global_costmap/inflation_layer/inflation_radius: 0.55
 * /move_base/global_costmap/obstacle_layer/enabled: True
 * /move_base/global_costmap/obstacle_layer/observation_sources: scan
 * /move_base/global_costmap/obstacle_layer/scan/clearing: True
 * /move_base/global_costmap/obstacle_layer/scan/data_type: LaserScan
 * /move_base/global_costmap/obstacle_layer/scan/inf_is_valid: True
 * /move_base/global_costmap/obstacle_layer/scan/marking: True
 * /move_base/global_costmap/obstacle_layer/scan/obstacle_range: 12.0
 * /move_base/global_costmap/obstacle_layer/scan/raytrace_range: 15.0
 * /move_base/global_costmap/obstacle_layer/scan/sensor_frame: laser_link
 * /move_base/global_costmap/obstacle_layer/scan/topic: /scan
 * /move_base/global_costmap/plugins: [{'name': 'obstac...
 * /move_base/global_costmap/publish_frequency: 2.0
 * /move_base/global_costmap/resolution: 0.05
 * /move_base/global_costmap/robot_base_frame: base_link
 * /move_base/global_costmap/rolling_window: True
 * /move_base/global_costmap/transform_tolerance: 0.3
 * /move_base/global_costmap/update_frequency: 5.0
 * /move_base/global_costmap/width: 80.0
 * /move_base/local_costmap/footprint: [[0.52, 0.35], [0...
 * /move_base/local_costmap/footprint_padding: 0.05
 * /move_base/local_costmap/global_frame: odom
 * /move_base/local_costmap/height: 12.0
 * /move_base/local_costmap/inflation_layer/cost_scaling_factor: 4.0
 * /move_base/local_costmap/inflation_layer/enabled: True
 * /move_base/local_costmap/inflation_layer/inflation_radius: 0.55
 * /move_base/local_costmap/obstacle_layer/enabled: True
 * /move_base/local_costmap/obstacle_layer/observation_sources: scan
 * /move_base/local_costmap/obstacle_layer/scan/clearing: True
 * /move_base/local_costmap/obstacle_layer/scan/data_type: LaserScan
 * /move_base/local_costmap/obstacle_layer/scan/inf_is_valid: True
 * /move_base/local_costmap/obstacle_layer/scan/marking: True
 * /move_base/local_costmap/obstacle_layer/scan/obstacle_range: 12.0
 * /move_base/local_costmap/obstacle_layer/scan/raytrace_range: 15.0
 * /move_base/local_costmap/obstacle_layer/scan/sensor_frame: laser_link
 * /move_base/local_costmap/obstacle_layer/scan/topic: /scan
 * /move_base/local_costmap/plugins: [{'name': 'obstac...
 * /move_base/local_costmap/publish_frequency: 5.0
 * /move_base/local_costmap/resolution: 0.05
 * /move_base/local_costmap/robot_base_frame: base_link
 * /move_base/local_costmap/rolling_window: True
 * /move_base/local_costmap/transform_tolerance: 0.3
 * /move_base/local_costmap/update_frequency: 10.0
 * /move_base/local_costmap/width: 12.0
 * /move_base/oscillation_distance: 0.2
 * /move_base/oscillation_timeout: 10.0
 * /move_base/planner_frequency: 1.0
 * /move_base/planner_patience: 5.0
 * /move_base/recovery_behavior_enabled: False
 * /move_base/shutdown_costmaps: False
 * /nav_world_model/allow_unfrozen_simulation_candidate: True
 * /nav_world_model/config: /home/robot/robot...
 * /r6_rule_context_supervisor/allow_unfrozen_simulation_candidate: True
 * /r6_rule_context_supervisor/attempt_profile_id: r6_semantics_circ...
 * /r6_rule_context_supervisor/config: /home/robot/robot...
 * /r6_rule_context_supervisor/config_sha256: d5e35cfe84082b229...
 * /robot_description: <?xml version="1....
 * /rosdistro: noetic
 * /rosversion: 1.17.4
 * /tracks_to_teb_obstacles/fixed_frame: odom
 * /tracks_to_teb_obstacles/input_health: /nav_world_model/...
 * /tracks_to_teb_obstacles/input_odometry: /odom
 * /tracks_to_teb_obstacles/input_tracks: /nav_world_model/...
 * /tracks_to_teb_obstacles/minimum_confidence: 0.55
 * /tracks_to_teb_obstacles/output_obstacles: /move_base/TebLoc...
 * /use_sim_time: True
 * /v2_scan_transport/delay_s: 0.06
 * /v2_scan_transport/input_topic: /v2/scan_raw
 * /v2_scan_transport/jitter_s: 0.01
 * /v2_scan_transport/noise_stddev_m: 0.01
 * /v2_scan_transport/output_topic: /scan
 * /v2_scan_transport/seed: 5161

NODES
  /
    gazebo (gazebo_ros/gzserver)
    m2_robot_state_publisher (robot_state_publisher/robot_state_publisher)
    move_base (move_base/move_base)
    nav_world_model (nav_world_model/nav_world_model_node.py)
    r6_rule_context_supervisor (teb_mode_manager/r6_rule_context_supervisor_node.py)
    spawn_m2 (gazebo_ros/spawn_model)
    tracks_to_teb_obstacles (nav_world_model/tracks_to_teb_obstacles.py)
    v2_scan_transport (m2_gazebo/v2_scan_transport.py)

auto-starting new master
[1mprocess[master]: started with pid [50220][0m
[1mROS_MASTER_URI=http://127.0.0.1:11311[0m
WARNING: Package name "gazebo_ros_2Dmap_plugin" does not follow the naming conventions. It should start with a lower case letter and only contain lower case letters, digits, underscores, and dashes.
WARNING: Package name "gazebo_ros_2Dmap_plugin" does not follow the naming conventions. It should start with a lower case letter and only contain lower case letters, digits, underscores, and dashes.
[INFO] [1784624396.543626, 0.000000]: Loading model XML from ros parameter robot_description
[INFO] [1784624396.547254, 0.000000]: Waiting for service /gazebo/spawn_urdf_model
[INFO] [1784624396.849460, 0.000000]: Calling service /gazebo/spawn_urdf_model
[INFO] [1784624397.191952, 0.000000]: Spawn status: SpawnModel: Successfully spawned entity
[33m[WARN] [1784624412.640801458, 15.320000000]: TebLocalPlannerROS: trajectory is not feasible. Resetting planner...[0m
[0m[INFO] [1784624397.487395290, 0.184000000]: global_costmap: Using plugin "obstacle_layer"[0m
[0m[INFO] [1784624397.490697330, 0.186000000]:     Subscribed to Topics: scan[0m
[0m[INFO] [1784624397.498613959, 0.194000000]: global_costmap: Using plugin "inflation_layer"[0m
[0m[INFO] [1784624397.513996299, 0.210000000]: local_costmap: Using plugin "obstacle_layer"[0m
[0m[INFO] [1784624397.514974052, 0.212000000]:     Subscribed to Topics: scan[0m
[0m[INFO] [1784624397.519625447, 0.216000000]: local_costmap: Using plugin "inflation_layer"[0m
[0m[INFO] [1784624397.531161217, 0.228000000]: Created local_planner teb_local_planner/TebLocalPlannerROS[0m
[0m[INFO] [1784624397.548215390, 0.244000000]: Footprint model 'polygon' loaded for trajectory optimization.[0m
[0m[INFO] [1784624397.548425258, 0.244000000]: Parallel planning in distinctive topologies disabled.[0m
[0m[INFO] [1784624397.548448493, 0.244000000]: No costmap conversion plugin specified. All occupied costmap cells are treaten as point obstacles.[0m
[0m[INFO] [1784624397.737269112, 0.434000000]: Recovery behavior will clear layer 'obstacles'[0m
[0m[INFO] [1784624397.738052109, 0.434000000]: Recovery behavior will clear layer 'obstacles'[0m
[0m[INFO] [1784624397.746877611, 0.444000000]: odom received![0m
[0m[INFO] [1784624426.150830918, 28.814000000]: GOAL Reached![0m
[0m[INFO] [1784624396.659750708]: Finished loading Gazebo ROS API Plugin.[0m
[0m[INFO] [1784624396.660935166]: waitForService: Service [/gazebo/set_physics_properties] has not been advertised, waiting...[0m
[0m[INFO] [1784624396.825607013]: waitForService: Service [/gazebo/set_physics_properties] is now available.[0m
[0m[INFO] [1784624396.837475333]: Physics dynamic reconfigure ready.[0m
[0m[INFO] [1784624397.079083815]: <initialOrientationAsReference> is unset, using default value of false to comply with REP 145 (world as orientation reference)[0m
[0m[INFO] [1784624397.079114049]: <robotNamespace> set to: //[0m
[0m[INFO] [1784624397.079122095]: <topicName> set to: imu/data[0m
[0m[INFO] [1784624397.079127115]: <frameName> set to: imu_link[0m
[0m[INFO] [1784624397.079140765]: <updateRateHZ> set to: 50[0m
[0m[INFO] [1784624397.079146982]: <gaussianNoise> set to: 0[0m
[0m[INFO] [1784624397.079164257]: <xyzOffset> set to: 0 0 0[0m
[0m[INFO] [1784624397.079180857]: <rpyOffset> set to: 0 -0 0[0m
[0m[INFO] [1784624397.194521354]: Laser Plugin: Using the 'robotNamespace' param: '/'[0m
[0m[INFO] [1784624397.194556975]: Starting Laser Plugin (ns = /)[0m
[0m[INFO] [1784624397.195373529]: Laser Plugin (ns = /)  <tf_prefix_>, set to ""[0m
[0m[INFO] [1784624397.303967592]: M2 simulation-only Ackermann interface loaded; cmd_angle_instead_rotvel=false; v2_actuator_dynamics=true[0m
[WARN] [1784624397.483456, 0.180000]: V2-03 world model rejected scan: Lookup would require extrapolation 0.012000000s into the past.  Requested time 0.068000000 but the earliest data is at time 0.080000000, when looking up transform from frame [laser_link] to frame [odom]
WARNING: Package name "gazebo_ros_2Dmap_plugin" does not follow the naming conventions. It should start with a lower case letter and only contain lower case letters, digits, underscores, and dashes.
WARNING: Package name "gazebo_ros_2Dmap_plugin" does not follow the naming conventions. It should start with a lower case letter and only contain lower case letters, digits, underscores, and dashes.
]2;/home/robot/robot_ws_base_rl/src/simulation/m2_gazebo/launch/m2_v2_04g_r6_i2_execution_integration.launch http://127.0.0.1:11311
[1msetting /run_id to 8b01452e-84e2-11f1-bd0b-156f9b6ad262[0m
[1mprocess[rosout-1]: started with pid [50253][0m
started core service [/rosout]
[1mprocess[gazebo-2]: started with pid [50261][0m
[1mprocess[spawn_m2-3]: started with pid [50264][0m
[1mprocess[m2_robot_state_publisher-4]: started with pid [50267][0m
[1mprocess[v2_scan_transport-5]: started with pid [50268][0m
[1mprocess[move_base-6]: started with pid [50269][0m
[1mprocess[nav_world_model-7]: started with pid [50270][0m
[1mprocess[tracks_to_teb_obstacles-8]: started with pid [50275][0m
[1mprocess[r6_rule_context_supervisor-9]: started with pid [50280][0m
[1m[spawn_m2-3] process has finished cleanly
log file: /home/robot/robot_ws_base_rl/artifacts/v2/integration/v2_04g_r6_i1/r6_i5_execution/attempts/02__r6_semantics_circle_contact__v2-04g-r6-i5-dynamic-conflict-single-s5161/work/ros_logs/8b01452e-84e2-11f1-bd0b-156f9b6ad262/spawn_m2-3*.log[0m
[r6_rule_context_supervisor-9] killing on exit
[tracks_to_teb_obstacles-8] killing on exit
[m2_robot_state_publisher-4] killing on exit
[move_base-6] killing on exit
[v2_scan_transport-5] killing on exit
[nav_world_model-7] killing on exit
[gazebo-2] killing on exit
[rosout-1] killing on exit
[master] killing on exit
shutting down processing monitor...
... shutting down processing monitor complete
[1mdone[0m

===== episode.log =====
schema_version: '2.0'
architecture_generation: v2
evaluator_id: fam_teb_v2_02_evaluator_1
formal_result: false
runtime_ready: false
scene_id: v2-04g-r6-i5-dynamic-conflict-single-s5161
family: DYNAMIC
split: calibration
seed: 5161
instance_sha256: 34ae5b2bd167e7f26ab1e56c683eb1acb101556b9d876ed99b7fb69225d4da3f
raw_trace_sha256: 80f5e8c46731cca69cb8b79dd888f652aa9550720ee8327687fbfc808399e0f8
termination: SUCCESS
metrics:
  common:
    success: true
    collision: false
    navigation_time_s: 21.4
    path_length_m: 18.262023902569542
    mean_abs_speed_mps: 0.8533082681270178
    minimum_clearance_m: 0.7892941357935636
    stop_count: 1
    reverse_distance_m: 0.0
  family:
    minimum_predicted_ttc_s: 0.9455231940262616
    stop_count: 1
    interaction_clearance_m: 1.35306973755705
stage: V2-04G-R6-I5
method: rule_multi_anchor
episode_timeout_s: 80.0
tracker_message_count: 318
tracker_health_valid_fraction: 1.0
finite_ttc_sample_count: 30
ttc_status: OBSERVED_CONFLICT
context_message_count: 107
context_valid_count: 107
context_geometry_sequence:
- BALANCED
- CRUISE
context_geometry_switch_count: 1
transaction_message_count: 108
transaction_valid_count: 108
transaction_activated_count: 108
transaction_fault_count: 0
transaction_backends:
- simulation_teb_dynamic_reconfigure
active_anchor_sequence:
- anchor_balanced
- anchor_cruise
active_anchor_switch_count: 1
typed_transaction_expected: true
typed_transaction_valid: true
training_used: false
runtime_policy_manifest_access: false
runtime_scene_labels_available: false
experiment_manager_validation_manifest_access: false
runner_fault_reason: ''
supervisor_profile_id: r6_semantics_circle_contact
context_geometry_sample_counts:
  BALANCED: 4
  CRUISE: 103
  STATIC_DENSE: 0
  CORRIDOR: 0
  MANEUVER: 0
context_geometry_sample_fractions:
  BALANCED: 0.037383177570093455
  CRUISE: 0.9626168224299065
  STATIC_DENSE: 0.0
  CORRIDOR: 0.0
  MANEUVER: 0.0
context_overlay_sample_counts:
  NONE: 88
  CROSSING: 10
  HEAD_ON: 0
  FOLLOW: 0
  OVERTAKE_OR_YIELD: 9
context_overlay_sample_fractions:
  NONE: 0.822429906542056
  CROSSING: 0.09345794392523364
  HEAD_ON: 0.0
  FOLLOW: 0.0
  OVERTAKE_OR_YIELD: 0.08411214953271028
experiment_manager_calibration_manifest_access: true
mode_measurement_window: post_readiness_goal_execution_only
clearance_audit:
  schema_version: '2.0'
  stage: V2-04G-R6-I5
  evaluator_only_gazebo_truth_used: true
  runtime_policy_received_truth: false
  minimum_signed_scan_clearance_m: 0.7892941357935636
  minimum_truth_box_clearance_m: 0.7669901644014767
  classification: CLEARANCE_POSITIVE
  minimum_scan_detail:
    stamp_s: 15.812
    robot_x_m: 6.4494290033954655
    robot_y_m: -0.08856070548446762
    signed_scan_clearance_m: 0.7892941357935636
    clipped_scan_clearance_m: 0.7892941357935636
    raw_range_m: 1.4150352478027344
    ray_index: 427
    ray_angle_rad: 0.58986712154001
    footprint_boundary_range_m: 0.6257411120091708
  minimum_truth_detail:
    stamp_s: 15.612
    clearance_m: 0.7669901644014767
    closest_model: crossing-agent
    model_x_m: 8.0
    model_y_m: 0.6230000000000002
  contact_count: 0
  profile_id: r6_semantics_circle_contact
  scene_id: v2-04g-r6-i5-dynamic-conflict-single-s5161
  seed: 5161
  attempt: 1
mechanism_message_count: 108
mechanism_join_valid_count: 108
mechanism_join_valid_fraction: 1.0
mechanism_join_reason_counts:
  EXACT_SEQUENCE_JOIN: 108
mechanism_topology_locked_sample_count: 0
mechanism_corridor_centerline_sample_count: 0
mechanism_maneuver_reverse_sample_count: 0
mechanism_topology_switch_count: 0
profile_id: r6_semantics_circle_contact
attempt: 1


===== initial_readback.log =====
schema_version: '2.0'
record_type: r6_i1_initial_independent_readback
stage: V2-04G-R6-I5
profile_id: r6_semantics_circle_contact
scene_id: v2-04g-r6-i5-dynamic-conflict-single-s5161
seed: 5161
attempt: 1
identity:
  stage: V2-04G-R6-I5
  profile_id: r6_semantics_circle_contact
  scene_id: v2-04g-r6-i5-dynamic-conflict-single-s5161
  seed: 5161
  attempt: 1
teb_namespace: /move_base/TebLocalPlannerROS
startup_profile_sha256: a823790068f2470a2a5b2c9b7c4c0047764fe586e9550da6632f57cd4c244456
startup_profile_canonical_json: '{"parameters":[{"name":"max_vel_x","type":"double","value":0.9},{"name":"max_vel_theta","type":"double","value":0.75},{"name":"acc_lim_x","type":"double","value":0.6},{"name":"acc_lim_theta","type":"double","value":0.6},{"name":"min_obstacle_dist","type":"double","value":0.375},{"name":"inflation_dist","type":"double","value":0.725},{"name":"weight_obstacle","type":"double","value":75.0},{"name":"weight_viapoint","type":"double","value":2.5},{"name":"weight_optimaltime","type":"double","value":0.75},{"name":"dynamic_obstacle_inflation_dist","type":"double","value":0.75},{"name":"weight_dynamic_obstacle","type":"double","value":60.0},{"name":"weight_dynamic_obstacle_inflation","type":"double","value":0.3},{"name":"weight_velocity_obstacle_ratio","type":"double","value":5.0},{"name":"max_vel_x_backwards","type":"double","value":0.3},{"name":"max_global_plan_lookahead_dist","type":"double","value":6.0},{"name":"global_plan_viapoint_sep","type":"double","value":0.35},{"name":"include_dynamic_obstacles","type":"bool","value":true},{"name":"max_number_classes","type":"int","value":2},{"name":"selection_cost_hysteresis","type":"double","value":0.95},{"name":"switching_blocking_period","type":"double","value":0.5}],"profile_kind":"teb_startup_profile","schema_version":"2.0"}'
readback_complete: true


===== listener.log =====
schema_version: '2.0'
stage: V2-04G-R6-I5
status: pass
simulation_only: true
runtime_ready: false
training_used: false
real_vehicle_used: false
profile_id: r6_semantics_circle_contact
repeat: 2
seed: 5161
warmup_elapsed_s: 9.666
required_consecutive_stable_count: 10
maximum_consecutive_stable_count: 10
warmup_mechanism_message_count: 10
warmup_instability_counts: {}
measurement_duration_s: 6.0
transaction_message_count: 30
transaction_valid_count: 30
transaction_activated_count: 30
transaction_valid_fraction: 1.0
transaction_activated_fraction: 1.0
transaction_backend_counts:
  simulation_teb_dynamic_reconfigure: 30
fault_reason_counts: {}
fault_taxonomy_counts:
  CLEAN: 30
fault_samples: []
mechanism_message_count: 30
join_valid_count: 30
join_valid_fraction: 1.0
join_reason_counts:
  EXACT_SEQUENCE_JOIN: 30
unique_context_sequence_count: 30
maximum_join_sequence_delta: 0
maximum_join_timestamp_delta_s: 0.13599999999999923
context_message_count: 30
context_valid_count: 30
context_valid_fraction: 1.0
context_reason_counts:
  clear_straight_stable_path;no_finite_circle_envelope_contact: 10
  clear_straight_stable_path;circle_envelope_first_contact_track_1: 9
  mode_exit_hysteresis_hold_cruise_over_balanced;circle_envelope_first_contact_track_1: 2
  insufficient_mode_confidence;circle_envelope_first_contact_track_1: 4
  insufficient_mode_confidence;no_finite_circle_envelope_contact: 5
hard_gates:
  consecutive_stable_readiness: true
  transaction_message_count: true
  mechanism_message_count: true
  transaction_activated_fraction: true
  transaction_valid_fraction: true
  join_valid_fraction: true
  expected_context_hold_count: true
  backend_transaction_fault_count: true
  unknown_transaction_fault_count: true
  fault_taxonomy_complete: true
  join_reason_domain: true
  execution_backend_domain: true
  training_unused: true
all_hard_gates_pass:<redacted>


===== restore.log =====
attempt: 1
backend_alive_after_restore: true
failure_reason: ''
identity:
  attempt: 1
  profile_id: r6_semantics_circle_contact
  scene_id: v2-04g-r6-i5-dynamic-conflict-single-s5161
  seed: 5161
  stage: V2-04G-R6-I5
independent_readback_canonical_json: '{"parameters":[{"name":"max_vel_x","type":"double","value":0.9},{"name":"max_vel_theta","type":"double","value":0.75},{"name":"acc_lim_x","type":"double","value":0.6},{"name":"acc_lim_theta","type":"double","value":0.6},{"name":"min_obstacle_dist","type":"double","value":0.375},{"name":"inflation_dist","type":"double","value":0.725},{"name":"weight_obstacle","type":"double","value":75.0},{"name":"weight_viapoint","type":"double","value":2.5},{"name":"weight_optimaltime","type":"double","value":0.75},{"name":"dynamic_obstacle_inflation_dist","type":"double","value":0.75},{"name":"weight_dynamic_obstacle","type":"double","value":60.0},{"name":"weight_dynamic_obstacle_inflation","type":"double","value":0.3},{"name":"weight_velocity_obstacle_ratio","type":"double","value":5.0},{"name":"max_vel_x_backwards","type":"double","value":0.3},{"name":"max_global_plan_lookahead_dist","type":"double","value":6.0},{"name":"global_plan_viapoint_sep","type":"double","value":0.35},{"name":"include_dynamic_obstacles","type":"bool","value":true},{"name":"max_number_classes","type":"int","value":2},{"name":"selection_cost_hysteresis","type":"double","value":0.95},{"name":"switching_blocking_period","type":"double","value":0.5}],"profile_kind":"teb_startup_profile","schema_version":"2.0"}'
independent_readback_match: true
independent_readback_sha256: a823790068f2470a2a5b2c9b7c4c0047764fe586e9550da6632f57cd4c244456
independent_readback_t_s: 30.304
profile_id: r6_semantics_circle_contact
record_type: r6_two_phase_teardown_receipt
restore_requested_while_backend_alive: true
restore_t_ack_s: 30.304
restore_t_active_s: 30.304
restore_t_readback_s: 30.304
restore_t_request_s: 30.286
scene_id: v2-04g-r6-i5-dynamic-conflict-single-s5161
schema_version: '2.0'
seed: 5161
stage: V2-04G-R6-I5
startup_profile_canonical_json: '{"parameters":[{"name":"max_vel_x","type":"double","value":0.9},{"name":"max_vel_theta","type":"double","value":0.75},{"name":"acc_lim_x","type":"double","value":0.6},{"name":"acc_lim_theta","type":"double","value":0.6},{"name":"min_obstacle_dist","type":"double","value":0.375},{"name":"inflation_dist","type":"double","value":0.725},{"name":"weight_obstacle","type":"double","value":75.0},{"name":"weight_viapoint","type":"double","value":2.5},{"name":"weight_optimaltime","type":"double","value":0.75},{"name":"dynamic_obstacle_inflation_dist","type":"double","value":0.75},{"name":"weight_dynamic_obstacle","type":"double","value":60.0},{"name":"weight_dynamic_obstacle_inflation","type":"double","value":0.3},{"name":"weight_velocity_obstacle_ratio","type":"double","value":5.0},{"name":"max_vel_x_backwards","type":"double","value":0.3},{"name":"max_global_plan_lookahead_dist","type":"double","value":6.0},{"name":"global_plan_viapoint_sep","type":"double","value":0.35},{"name":"include_dynamic_obstacles","type":"bool","value":true},{"name":"max_number_classes","type":"int","value":2},{"name":"selection_cost_hysteresis","type":"double","value":0.95},{"name":"switching_blocking_period","type":"double","value":0.5}],"profile_kind":"teb_startup_profile","schema_version":"2.0"}'
startup_profile_sha256: a823790068f2470a2a5b2c9b7c4c0047764fe586e9550da6632f57cd4c244456
status: pass
supervisor_config_sha256: d5e35cfe84082b229ae6e656c2d3aaa7a10c8c61b696184bda8dc90e47a762da
transaction_ack_canonical_json: '{"parameters":[{"name":"max_vel_x","type":"double","value":0.9},{"name":"max_vel_theta","type":"double","value":0.75},{"name":"acc_lim_x","type":"double","value":0.6},{"name":"acc_lim_theta","type":"double","value":0.6},{"name":"min_obstacle_dist","type":"double","value":0.375},{"name":"inflation_dist","type":"double","value":0.725},{"name":"weight_obstacle","type":"double","value":75.0},{"name":"weight_viapoint","type":"double","value":2.5},{"name":"weight_optimaltime","type":"double","value":0.75},{"name":"dynamic_obstacle_inflation_dist","type":"double","value":0.75},{"name":"weight_dynamic_obstacle","type":"double","value":60.0},{"name":"weight_dynamic_obstacle_inflation","type":"double","value":0.3},{"name":"weight_velocity_obstacle_ratio","type":"double","value":5.0},{"name":"max_vel_x_backwards","type":"double","value":0.3},{"name":"max_global_plan_lookahead_dist","type":"double","value":6.0},{"name":"global_plan_viapoint_sep","type":"double","value":0.35},{"name":"include_dynamic_obstacles","type":"bool","value":true},{"name":"max_number_classes","type":"int","value":2},{"name":"selection_cost_hysteresis","type":"double","value":0.95},{"name":"switching_blocking_period","type":"double","value":0.5}],"profile_kind":"teb_startup_profile","schema_version":"2.0"}'
transaction_ack_sha256: a823790068f2470a2a5b2c9b7c4c0047764fe586e9550da6632f57cd4c244456
transaction_acknowledged: true
transaction_readback_canonical_json: '{"parameters":[{"name":"max_vel_x","type":"double","value":0.9},{"name":"max_vel_theta","type":"double","value":0.75},{"name":"acc_lim_x","type":"double","value":0.6},{"name":"acc_lim_theta","type":"double","value":0.6},{"name":"min_obstacle_dist","type":"double","value":0.375},{"name":"inflation_dist","type":"double","value":0.725},{"name":"weight_obstacle","type":"double","value":75.0},{"name":"weight_viapoint","type":"double","value":2.5},{"name":"weight_optimaltime","type":"double","value":0.75},{"name":"dynamic_obstacle_inflation_dist","type":"double","value":0.75},{"name":"weight_dynamic_obstacle","type":"double","value":60.0},{"name":"weight_dynamic_obstacle_inflation","type":"double","value":0.3},{"name":"weight_velocity_obstacle_ratio","type":"double","value":5.0},{"name":"max_vel_x_backwards","type":"double","value":0.3},{"name":"max_global_plan_lookahead_dist","type":"double","value":6.0},{"name":"global_plan_viapoint_sep","type":"double","value":0.35},{"name":"include_dynamic_obstacles","type":"bool","value":true},{"name":"max_number_classes","type":"int","value":2},{"name":"selection_cost_hysteresis","type":"double","value":0.95},{"name":"switching_blocking_period","type":"double","value":0.5}],"profile_kind":"teb_startup_profile","schema_version":"2.0"}'
transaction_readback_match: true
transaction_readback_sha256: a823790068f2470a2a5b2c9b7c4c0047764fe586e9550da6632f57cd4c244456
service_response_success: true


===== transaction_launch.log =====
WARNING: Package name "gazebo_ros_2Dmap_plugin" does not follow the naming conventions. It should start with a lower case letter and only contain lower case letters, digits, underscores, and dashes.
WARNING: Package name "gazebo_ros_2Dmap_plugin" does not follow the naming conventions. It should start with a lower case letter and only contain lower case letters, digits, underscores, and dashes.
... logging to /home/robot/robot_ws_base_rl/artifacts/v2/integration/v2_04g_r6_i1/r6_i5_execution/attempts/02__r6_semantics_circle_contact__v2-04g-r6-i5-dynamic-conflict-single-s5161/work/ros_logs/8b01452e-84e2-11f1-bd0b-156f9b6ad262/roslaunch-WP-50887.log
Checking log directory for disk usage. This may take a while.
Press Ctrl-C to interrupt
Done checking log file disk usage. Usage is <1GB.
]2;/home/robot/robot_ws_base_rl/src/application/teb_mode_manager/launch/v2_04g_r6_simulation_typed_anchor.launch
[1mstarted roslaunch server http://127.0.0.1:42023/[0m

SUMMARY
========

PARAMETERS
 * /rosdistro: noetic
 * /rosversion: 1.17.4
 * /v2_04g_r6_typed_anchor_transaction/action_trace_topic: /teb_rl_v2/action...
 * /v2_04g_r6_typed_anchor_transaction/allow_simulation_teb_parameter_write: True
 * /v2_04g_r6_typed_anchor_transaction/allow_unfrozen_simulation_candidate: True
 * /v2_04g_r6_typed_anchor_transaction/anchor_bank: /home/robot/robot...
 * /v2_04g_r6_typed_anchor_transaction/arm_execution_service: /teb_mode_manager...
 * /v2_04g_r6_typed_anchor_transaction/attempt_number: 1
 * /v2_04g_r6_typed_anchor_transaction/attempt_profile_id: r6_semantics_circ...
 * /v2_04g_r6_typed_anchor_transaction/attempt_scene_id: v2-04g-r6-i5-dyna...
 * /v2_04g_r6_typed_anchor_transaction/attempt_seed: 5161
 * /v2_04g_r6_typed_anchor_transaction/attempt_stage: V2-04G-R6-I5
 * /v2_04g_r6_typed_anchor_transaction/clock_timeout_s: 10.0
 * /v2_04g_r6_typed_anchor_transaction/context_maximum_age_s: 0.4
 * /v2_04g_r6_typed_anchor_transaction/context_topic: /teb_mode_manager...
 * /v2_04g_r6_typed_anchor_transaction/equality_tolerance: 1e-09
 * /v2_04g_r6_typed_anchor_transaction/force_geometry_balanced: False
 * /v2_04g_r6_typed_anchor_transaction/geometry_topic: /nav_world_model/...
 * /v2_04g_r6_typed_anchor_transaction/join_maximum_arrival_age_s: 1.0
 * /v2_04g_r6_typed_anchor_transaction/join_maximum_entries: 32
 * /v2_04g_r6_typed_anchor_transaction/join_maximum_sequence_delta: 2
 * /v2_04g_r6_typed_anchor_transaction/join_maximum_timestamp_delta_s: 0.45
 * /v2_04g_r6_typed_anchor_transaction/mechanism_config: /home/robot/robot...
 * /v2_04g_r6_typed_anchor_transaction/mechanism_state_topic: /teb_mode_manager...
 * /v2_04g_r6_typed_anchor_transaction/restore_startup_service: /teb_mode_manager...
 * /v2_04g_r6_typed_anchor_transaction/startup_profile_topic: /teb_mode_manager...
 * /v2_04g_r6_typed_anchor_transaction/supervisor_config_sha256: d5e35cfe84082b229...
 * /v2_04g_r6_typed_anchor_transaction/teardown_receipt_topic: /teb_mode_manager...
 * /v2_04g_r6_typed_anchor_transaction/teb_namespace: /move_base/TebLoc...
 * /v2_04g_r6_typed_anchor_transaction/transaction_timeout_s: 2.0

NODES
  /
    v2_04g_r6_typed_anchor_transaction (teb_mode_manager/v2_04g_r6_typed_anchor_transaction_node.py)

[1mROS_MASTER_URI=http://127.0.0.1:11311[0m
]2;/home/robot/robot_ws_base_rl/src/application/teb_mode_manager/launch/v2_04g_r6_simulation_typed_anchor.launch http://127.0.0.1:11311
[1mprocess[v2_04g_r6_typed_anchor_transaction-1]: started with pid [50958][0m
[v2_04g_r6_typed_anchor_transaction-1] killing on exit
shutting down processing monitor...
... shutting down processing monitor complete
[1mdone[0m

===== transaction_startup.log =====
identity:
  attempt: 1
  profile_id: r6_semantics_circle_contact
  scene_id: v2-04g-r6-i5-dynamic-conflict-single-s5161
  seed: 5161
  stage: V2-04G-R6-I5
record_type: r6_startup_profile_capture
schema_version: '2.0'
startup_profile_canonical_json: '{"parameters":[{"name":"max_vel_x","type":"double","value":0.9},{"name":"max_vel_theta","type":"double","value":0.75},{"name":"acc_lim_x","type":"double","value":0.6},{"name":"acc_lim_theta","type":"double","value":0.6},{"name":"min_obstacle_dist","type":"double","value":0.375},{"name":"inflation_dist","type":"double","value":0.725},{"name":"weight_obstacle","type":"double","value":75.0},{"name":"weight_viapoint","type":"double","value":2.5},{"name":"weight_optimaltime","type":"double","value":0.75},{"name":"dynamic_obstacle_inflation_dist","type":"double","value":0.75},{"name":"weight_dynamic_obstacle","type":"double","value":60.0},{"name":"weight_dynamic_obstacle_inflation","type":"double","value":0.3},{"name":"weight_velocity_obstacle_ratio","type":"double","value":5.0},{"name":"max_vel_x_backwards","type":"double","value":0.3},{"name":"max_global_plan_lookahead_dist","type":"double","value":6.0},{"name":"global_plan_viapoint_sep","type":"double","value":0.35},{"name":"include_dynamic_obstacles","type":"bool","value":true},{"name":"max_number_classes","type":"int","value":2},{"name":"selection_cost_hysteresis","type":"double","value":0.95},{"name":"switching_blocking_period","type":"double","value":0.5}],"profile_kind":"teb_startup_profile","schema_version":"2.0"}'
startup_profile_sha256: a823790068f2470a2a5b2c9b7c4c0047764fe586e9550da6632f57cd4c244456
supervisor_config_sha256: d5e35cfe84082b229ae6e656c2d3aaa7a10c8c61b696184bda8dc90e47a762da


===== unpause.log =====

