schema_version: '2.0'
architecture_generation: v2
evaluator_id: fam_teb_v2_02_evaluator_1
formal_result: false
runtime_ready: false
scene_id: v2-04g-r4-static-s5067
family: STATIC_DENSE
split: calibration
seed: 5067
instance_sha256: f429167f4c9e87a13c68db223ee720457754f638f02c4f6915c2df1326b2b1c5
raw_trace_sha256: 658718cdbc032e3afd4ac76d6da552003ba234e517c66d838c2d82d9c41a9cb6
termination: SUCCESS
metrics:
  common:
    success: true
    collision: false
    navigation_time_s: 20.1
    path_length_m: 14.02217158584871
    mean_abs_speed_mps: 0.6976462080286768
    minimum_clearance_m: 0.492275159966492
    stop_count: 1
    reverse_distance_m: 0.0
  family:
    topology_switch_count: 1
    global_replan_count: 40
    recovery_count: 0
stage: V2-04G-R4
method: rule_multi_anchor
episode_timeout_s: 50.0
tracker_message_count: 300
tracker_health_valid_fraction: 1.0
finite_ttc_sample_count: 87
ttc_status: OBSERVED_CONFLICT
context_message_count: 100
context_valid_count: 100
context_geometry_sequence:
- BALANCED
- STATIC_DENSE
context_geometry_switch_count: 1
transaction_message_count: 102
transaction_valid_count: 102
transaction_activated_count: 102
transaction_fault_count: 0
transaction_backends:
- simulation_teb_dynamic_reconfigure
active_anchor_sequence:
- anchor_balanced
- anchor_static_dense
active_anchor_switch_count: 1
typed_transaction_expected: true
typed_transaction_valid: true
training_used: false
runtime_policy_manifest_access: false
runtime_scene_labels_available: false
experiment_manager_validation_manifest_access: false
runner_fault_reason: ''
supervisor_profile_id: r2_control_g2
context_geometry_sample_counts:
  BALANCED: 10
  CRUISE: 0
  STATIC_DENSE: 90
  CORRIDOR: 0
  MANEUVER: 0
context_geometry_sample_fractions:
  BALANCED: 0.1
  CRUISE: 0.0
  STATIC_DENSE: 0.9
  CORRIDOR: 0.0
  MANEUVER: 0.0
context_overlay_sample_counts:
  NONE: 47
  CROSSING: 0
  HEAD_ON: 0
  FOLLOW: 0
  OVERTAKE_OR_YIELD: 53
context_overlay_sample_fractions:
  NONE: 0.47
  CROSSING: 0.0
  HEAD_ON: 0.0
  FOLLOW: 0.0
  OVERTAKE_OR_YIELD: 0.53
experiment_manager_calibration_manifest_access: true
mode_measurement_window: post_readiness_goal_execution_only
clearance_audit:
  schema_version: '2.0'
  stage: V2-04G-R4
  evaluator_only_gazebo_truth_used: true
  runtime_policy_received_truth: false
  minimum_signed_scan_clearance_m: 0.492275159966492
  minimum_truth_box_clearance_m: 0.48467070537182916
  classification: CLEARANCE_POSITIVE
  minimum_scan_detail:
    stamp_s: 13.588
    robot_x_m: 5.217184455344093
    robot_y_m: -0.26679625945442725
    signed_scan_clearance_m: 0.492275159966492
    clipped_scan_clearance_m: 0.492275159966492
    raw_range_m: 0.8427978754043579
    ray_index: 533
    ray_angle_rad: 1.5161773497238755
    footprint_boundary_range_m: 0.3505227154378659
  minimum_truth_detail:
    stamp_s: 9.488
    clearance_m: 0.48467070537182916
    closest_model: pillar-1
    model_x_m: 3.29658681
    model_y_m: -0.781788744
  contact_count: 0
mechanism_message_count: 100
mechanism_join_valid_count: 100
mechanism_join_valid_fraction: 1.0
mechanism_join_reason_counts:
  EXACT_SEQUENCE_JOIN: 100
mechanism_topology_locked_sample_count: 89
mechanism_corridor_centerline_sample_count: 0
mechanism_maneuver_reverse_sample_count: 0
mechanism_topology_switch_count: 0

