schema_version: '2.0'
architecture_generation: v2
evaluator_id: fam_teb_v2_02_evaluator_1
formal_result: false
runtime_ready: false
scene_id: v2-04e4-corridor-s4734
family: CORRIDOR
split: calibration
seed: 4734
instance_sha256: 225d4049b13fa0f0bd282e886c054d9327af02a3f089b15cdb976264435a153a
raw_trace_sha256: 3b1db0aea47c8015709a3817fc813082c7b2bc1be7a3ae4911503da05d0898ed
termination: SUCCESS
metrics:
  common:
    success: true
    collision: false
    navigation_time_s: 17.9
    path_length_m: 10.100745042017408
    mean_abs_speed_mps: 0.564306805383223
    minimum_clearance_m: 0.47150651745350225
    stop_count: 1
    reverse_distance_m: 0.0
  family:
    lateral_rms_m: 0.08735710606525951
    heading_oscillation_rad: 1.5985515730068813
    emergency_contact_count: 0
stage: V2-04E4
method: rule_multi_anchor
episode_timeout_s: 45.0
tracker_message_count: 268
tracker_health_valid_fraction: 1.0
finite_ttc_sample_count: 0
ttc_status: NO_CONFLICT_IN_HORIZON
context_message_count: 89
context_valid_count: 89
context_geometry_sequence:
- CORRIDOR
context_geometry_switch_count: 0
transaction_message_count: 91
transaction_valid_count: 91
transaction_activated_count: 91
transaction_fault_count: 0
transaction_backends:
- simulation_teb_dynamic_reconfigure
active_anchor_sequence:
- anchor_corridor
active_anchor_switch_count: 0
typed_transaction_expected: true
typed_transaction_valid: true
training_used: false
runtime_policy_manifest_access: false
runtime_scene_labels_available: false
experiment_manager_validation_manifest_access: false
runner_fault_reason: ''
supervisor_profile_id: pocket_g_exit10
context_geometry_sample_counts:
  BALANCED: 0
  CRUISE: 0
  STATIC_DENSE: 0
  CORRIDOR: 89
  MANEUVER: 0
context_geometry_sample_fractions:
  BALANCED: 0.0
  CRUISE: 0.0
  STATIC_DENSE: 0.0
  CORRIDOR: 1.0
  MANEUVER: 0.0
context_overlay_sample_counts:
  NONE: 89
  CROSSING: 0
  HEAD_ON: 0
  FOLLOW: 0
  OVERTAKE_OR_YIELD: 0
context_overlay_sample_fractions:
  NONE: 1.0
  CROSSING: 0.0
  HEAD_ON: 0.0
  FOLLOW: 0.0
  OVERTAKE_OR_YIELD: 0.0
experiment_manager_calibration_manifest_access: true
mode_measurement_window: post_readiness_goal_execution_only

