schema_version: '2.0'
architecture_generation: v2
evaluator_id: fam_teb_v2_02_evaluator_1
formal_result: false
runtime_ready: false
scene_id: v2-04g-cruise-s4902
family: CRUISE
split: calibration
seed: 4902
instance_sha256: 5fb9ee27fc80da4eeaf7bb941eff39193cc95196d36816273b343ecfa7e86450
raw_trace_sha256: 7ac595a02a9cd133cbd2afbda5033471a6e234c1befd13d71e7f6cbc39605200
termination: SUCCESS
metrics:
  common:
    success: true
    collision: false
    navigation_time_s: 31.900000000000002
    path_length_m: 35.1010357329331
    mean_abs_speed_mps: 1.1003326934493503
    minimum_clearance_m: 2.676168455256271
    stop_count: 1
    reverse_distance_m: 0.0
  family:
    lateral_rms_m: 0.011791555721878818
    heading_oscillation_rad: 0.0
    unnecessary_deceleration_count: 1
stage: V2-04G
method: rule_multi_anchor
episode_timeout_s: 55.0
tracker_message_count: 475
tracker_health_valid_fraction: 1.0
finite_ttc_sample_count: 0
ttc_status: NO_CONFLICT_IN_HORIZON
context_message_count: 159
context_valid_count: 159
context_geometry_sequence:
- BALANCED
- CRUISE
context_geometry_switch_count: 1
transaction_message_count: 162
transaction_valid_count: 162
transaction_activated_count: 162
transaction_fault_count: 0
transaction_backends:
- simulation_teb_dynamic_reconfigure
active_anchor_sequence:
- anchor_balanced
- anchor_cruise
active_anchor_switch_count: 1
typed_transaction_expected: true
typed_transaction_valid: true
training_used: false
runtime_policy_manifest_access: false
runtime_scene_labels_available: false
experiment_manager_validation_manifest_access: false
runner_fault_reason: ''
supervisor_profile_id: g0_frozen_control
context_geometry_sample_counts:
  BALANCED: 5
  CRUISE: 154
  STATIC_DENSE: 0
  CORRIDOR: 0
  MANEUVER: 0
context_geometry_sample_fractions:
  BALANCED: 0.031446540880503145
  CRUISE: 0.9685534591194969
  STATIC_DENSE: 0.0
  CORRIDOR: 0.0
  MANEUVER: 0.0
context_overlay_sample_counts:
  NONE: 159
  CROSSING: 0
  HEAD_ON: 0
  FOLLOW: 0
  OVERTAKE_OR_YIELD: 0
context_overlay_sample_fractions:
  NONE: 1.0
  CROSSING: 0.0
  HEAD_ON: 0.0
  FOLLOW: 0.0
  OVERTAKE_OR_YIELD: 0.0
experiment_manager_calibration_manifest_access: true
mode_measurement_window: post_readiness_goal_execution_only
clearance_audit:
  schema_version: '2.0'
  stage: V2-04G
  evaluator_only_gazebo_truth_used: true
  runtime_policy_received_truth: false
  minimum_signed_scan_clearance_m: 2.676168455256271
  minimum_truth_box_clearance_m: 2.6956778766307803
  classification: CLEARANCE_POSITIVE
  minimum_scan_detail:
    stamp_s: 26.726
    robot_x_m: 23.637570335809997
    robot_y_m: 0.0
    signed_scan_clearance_m: 2.676168455256271
    clipped_scan_clearance_m: 2.676168455256271
    raw_range_m: 3.0263564586639404
    ray_index: 176
    ray_angle_rad: -1.603565588593483
    footprint_boundary_range_m: 0.3501880034076696
  minimum_truth_detail:
    stamp_s: 26.226
    clearance_m: 2.6956778766307803
    closest_model: cruise-right
    model_x_m: 23.058249175
    model_y_m: -3.44689831
  contact_count: 0
mechanism_message_count: 0
mechanism_topology_locked_sample_count: 0
mechanism_corridor_centerline_sample_count: 0
mechanism_maneuver_reverse_sample_count: 0
mechanism_topology_switch_count: 0

