schema_version: '2.0'
architecture_generation: v2
evaluator_id: fam_teb_v2_02_evaluator_1
formal_result: false
runtime_ready: false
scene_id: v2-04g-r4-r1-static-s5097
family: STATIC_DENSE
split: calibration
seed: 5097
instance_sha256: fb26f941cc1a1fa4cbaaac25209ddabe862dd105ed59fd5ec33e53523360980c
raw_trace_sha256: 6d43050aebd196dfed7b6e39140c4ebe58f5814c6ccbcac4cb7ad96ad957819f
termination: ABORTED
metrics:
  common:
    success: false
    collision: false
    navigation_time_s: 49.900000000000006
    path_length_m: 21.70994955552812
    mean_abs_speed_mps: 0.4349460627596728
    minimum_clearance_m: 0.3665749641425679
    stop_count: 5
    reverse_distance_m: 12.584264237161241
  family:
    topology_switch_count: 1
    global_replan_count: 100
    recovery_count: 0
stage: V2-04G-R4-R1
method: rule_multi_anchor
episode_timeout_s: 50.0
tracker_message_count: 740
tracker_health_valid_fraction: 1.0
finite_ttc_sample_count: 39
ttc_status: OBSERVED_CONFLICT
context_message_count: 250
context_valid_count: 250
context_geometry_sequence:
- BALANCED
- STATIC_DENSE
context_geometry_switch_count: 1
transaction_message_count: 251
transaction_valid_count: 251
transaction_activated_count: 251
transaction_fault_count: 0
transaction_backends:
- simulation_teb_dynamic_reconfigure
active_anchor_sequence:
- anchor_balanced
- anchor_static_dense
active_anchor_switch_count: 1
typed_transaction_expected: true
typed_transaction_valid: true
training_used: false
runtime_policy_manifest_access: false
runtime_scene_labels_available: false
experiment_manager_validation_manifest_access: false
runner_fault_reason: timeout
supervisor_profile_id: r4r1_clearance_m032
context_geometry_sample_counts:
  BALANCED: 8
  CRUISE: 0
  STATIC_DENSE: 242
  CORRIDOR: 0
  MANEUVER: 0
context_geometry_sample_fractions:
  BALANCED: 0.032
  CRUISE: 0.0
  STATIC_DENSE: 0.968
  CORRIDOR: 0.0
  MANEUVER: 0.0
context_overlay_sample_counts:
  NONE: 219
  CROSSING: 0
  HEAD_ON: 3
  FOLLOW: 3
  OVERTAKE_OR_YIELD: 25
context_overlay_sample_fractions:
  NONE: 0.876
  CROSSING: 0.0
  HEAD_ON: 0.012
  FOLLOW: 0.012
  OVERTAKE_OR_YIELD: 0.1
experiment_manager_calibration_manifest_access: true
mode_measurement_window: post_readiness_goal_execution_only
clearance_audit:
  schema_version: '2.0'
  stage: V2-04G-R4-R1
  evaluator_only_gazebo_truth_used: true
  runtime_policy_received_truth: false
  minimum_signed_scan_clearance_m: 0.3665749641425679
  minimum_truth_box_clearance_m: 0.34708175159239485
  classification: CLEARANCE_POSITIVE
  minimum_scan_detail:
    stamp_s: 13.578
    robot_x_m: 2.3508644674016006
    robot_y_m: -0.08654444889336049
    signed_scan_clearance_m: 0.3665749641425679
    clipped_scan_clearance_m: 0.3665749641425679
    raw_range_m: 0.717486560344696
    ray_index: 188
    ray_angle_rad: -1.4987002797424793
    footprint_boundary_range_m: 0.35091159620212814
  minimum_truth_detail:
    stamp_s: 55.478
    clearance_m: 0.34708175159239485
    closest_model: pillar-4
    model_x_m: 10.78360673
    model_y_m: 0.741654336
  contact_count: 0
mechanism_message_count: 250
mechanism_join_valid_count: 250
mechanism_join_valid_fraction: 1.0
mechanism_join_reason_counts:
  EXACT_SEQUENCE_JOIN: 250
mechanism_topology_locked_sample_count: 241
mechanism_corridor_centerline_sample_count: 0
mechanism_maneuver_reverse_sample_count: 0
mechanism_topology_switch_count: 0

