schema_version: '2.0'
architecture_generation: v2
evaluator_id: fam_teb_v2_02_evaluator_1
formal_result: false
runtime_ready: false
scene_id: v2-04g-corridor-s4911
family: CORRIDOR
split: calibration
seed: 4911
instance_sha256: b27ff14c35a497e95ec6ca5dfec33cbb879b72b4ef6a351f59d110c6dd5249fc
raw_trace_sha256: 243be3603125f7ff6ac9b10aea7d288c8c8e5d12d1749ab2274004588f7278b1
termination: SUCCESS
metrics:
  common:
    success: true
    collision: false
    navigation_time_s: 10.6
    path_length_m: 10.11500599818207
    mean_abs_speed_mps: 0.9542843024495098
    minimum_clearance_m: 0.48057268194706304
    stop_count: 1
    reverse_distance_m: 0.0
  family:
    lateral_rms_m: 0.08712075808677583
    heading_oscillation_rad: 0.40433169349495346
    emergency_contact_count: 0
stage: V2-04G
method: fixed_teb
episode_timeout_s: 45.0
tracker_message_count: 160
tracker_health_valid_fraction: 1.0
finite_ttc_sample_count: 0
ttc_status: NO_CONFLICT_IN_HORIZON
context_message_count: 0
context_valid_count: 0
context_geometry_sequence: []
context_geometry_switch_count: 0
transaction_message_count: 0
transaction_valid_count: 0
transaction_activated_count: 0
transaction_fault_count: 0
transaction_backends: []
active_anchor_sequence:
- fixed_teb
active_anchor_switch_count: 0
typed_transaction_expected: false
typed_transaction_valid: true
training_used: false
runtime_policy_manifest_access: false
runtime_scene_labels_available: false
experiment_manager_validation_manifest_access: false
runner_fault_reason: ''
supervisor_profile_id: fixed_reference
context_geometry_sample_counts:
  BALANCED: 0
  CRUISE: 0
  STATIC_DENSE: 0
  CORRIDOR: 0
  MANEUVER: 0
context_geometry_sample_fractions:
  BALANCED: 0.0
  CRUISE: 0.0
  STATIC_DENSE: 0.0
  CORRIDOR: 0.0
  MANEUVER: 0.0
context_overlay_sample_counts:
  NONE: 0
  CROSSING: 0
  HEAD_ON: 0
  FOLLOW: 0
  OVERTAKE_OR_YIELD: 0
context_overlay_sample_fractions:
  NONE: 0.0
  CROSSING: 0.0
  HEAD_ON: 0.0
  FOLLOW: 0.0
  OVERTAKE_OR_YIELD: 0.0
experiment_manager_calibration_manifest_access: true
mode_measurement_window: post_readiness_goal_execution_only
clearance_audit:
  schema_version: '2.0'
  stage: V2-04G
  evaluator_only_gazebo_truth_used: true
  runtime_policy_received_truth: false
  minimum_signed_scan_clearance_m: 0.48057268194706304
  minimum_truth_box_clearance_m: 0.48826574777453013
  classification: CLEARANCE_POSITIVE
  minimum_scan_detail:
    stamp_s: 4.168
    robot_x_m: 0.19834686572000937
    robot_y_m: -0.004865109878052542
    signed_scan_clearance_m: 0.48057268194706304
    clipped_scan_clearance_m: 0.48057268194706304
    raw_range_m: 0.830941379070282
    ray_index: 534
    ray_angle_rad: 1.5249161254614592
    footprint_boundary_range_m: 0.35036869712321894
  minimum_truth_detail:
    stamp_s: 4.468
    clearance_m: 0.48826574777453013
    closest_model: corridor-left
    model_x_m: 4.999740076
    model_y_m: 1.110322287
  contact_count: 0
mechanism_message_count: 0
mechanism_topology_locked_sample_count: 0
mechanism_corridor_centerline_sample_count: 0
mechanism_maneuver_reverse_sample_count: 0
mechanism_topology_switch_count: 0

