schema_version: '2.0'
architecture_generation: v2
evaluator_id: fam_teb_v2_02_evaluator_1
formal_result: false
runtime_ready: false
scene_id: v2-04g-r1-cruise-s4923
family: CRUISE
split: calibration
seed: 4923
instance_sha256: 7a989066f79cf7f6c258a4d37be52e16cee78d76b10a9986d3d75283681f31d9
raw_trace_sha256: b62b7a5b0b2caae2920a36577da3df68ae06ec1ef12aeae921018e03595456c1
termination: SUCCESS
metrics:
  common:
    success: true
    collision: false
    navigation_time_s: 31.9
    path_length_m: 35.12433262342063
    mean_abs_speed_mps: 1.1011182811274896
    minimum_clearance_m: 2.669948836629856
    stop_count: 1
    reverse_distance_m: 0.0
  family:
    lateral_rms_m: 0.014858119247864088
    heading_oscillation_rad: 0.0
    unnecessary_deceleration_count: 1
stage: V2-04G-R1
method: rule_multi_anchor
episode_timeout_s: 55.0
tracker_message_count: 475
tracker_health_valid_fraction: 1.0
finite_ttc_sample_count: 0
ttc_status: NO_CONFLICT_IN_HORIZON
context_message_count: 160
context_valid_count: 160
context_geometry_sequence:
- BALANCED
- CRUISE
context_geometry_switch_count: 1
transaction_message_count: 161
transaction_valid_count: 161
transaction_activated_count: 161
transaction_fault_count: 0
transaction_backends:
- simulation_teb_dynamic_reconfigure
active_anchor_sequence:
- anchor_balanced
- anchor_cruise
active_anchor_switch_count: 1
typed_transaction_expected: true
typed_transaction_valid: true
training_used: false
runtime_policy_manifest_access: false
runtime_scene_labels_available: false
experiment_manager_validation_manifest_access: false
runner_fault_reason: ''
supervisor_profile_id: g1_mechanism_balanced
context_geometry_sample_counts:
  BALANCED: 5
  CRUISE: 155
  STATIC_DENSE: 0
  CORRIDOR: 0
  MANEUVER: 0
context_geometry_sample_fractions:
  BALANCED: 0.03125
  CRUISE: 0.96875
  STATIC_DENSE: 0.0
  CORRIDOR: 0.0
  MANEUVER: 0.0
context_overlay_sample_counts:
  NONE: 160
  CROSSING: 0
  HEAD_ON: 0
  FOLLOW: 0
  OVERTAKE_OR_YIELD: 0
context_overlay_sample_fractions:
  NONE: 1.0
  CROSSING: 0.0
  HEAD_ON: 0.0
  FOLLOW: 0.0
  OVERTAKE_OR_YIELD: 0.0
experiment_manager_calibration_manifest_access: true
mode_measurement_window: post_readiness_goal_execution_only
clearance_audit:
  schema_version: '2.0'
  stage: V2-04G-R1
  evaluator_only_gazebo_truth_used: true
  runtime_policy_received_truth: false
  minimum_signed_scan_clearance_m: 2.669948836629856
  minimum_truth_box_clearance_m: 2.6937751984068683
  classification: CLEARANCE_POSITIVE
  minimum_scan_detail:
    stamp_s: 16.238
    robot_x_m: 12.30283714456025
    robot_y_m: 0.0
    signed_scan_clearance_m: 2.669948836629856
    clipped_scan_clearance_m: 2.669948836629856
    raw_range_m: 3.019956350326538
    ray_index: 540
    ray_angle_rad: 1.577348779886961
    footprint_boundary_range_m: 0.35000751369668237
  minimum_truth_detail:
    stamp_s: 16.738
    clearance_m: 2.6937751984068683
    closest_model: cruise-left
    model_x_m: 12.006688007
    model_y_m: 3.443839736
  contact_count: 0
mechanism_message_count: 159
mechanism_join_valid_count: 159
mechanism_join_valid_fraction: 1.0
mechanism_join_reason_counts:
  EXACT_SEQUENCE_JOIN: 159
mechanism_topology_locked_sample_count: 0
mechanism_corridor_centerline_sample_count: 0
mechanism_maneuver_reverse_sample_count: 0
mechanism_topology_switch_count: 0

