schema_version: '2.0'
architecture_generation: v2
evaluator_id: fam_teb_v2_02_evaluator_1
formal_result: false
runtime_ready: false
scene_id: v2-04g-r4-r1-dynamic-clear-s5096
family: DYNAMIC
split: calibration
seed: 5096
instance_sha256: 01e0d521e29bb08df93103982ab917cdabd7cb7bc5dfd37073cabef11cc0e710
raw_trace_sha256: 96ec9f108438b24208c0b5bd0be16fb37d32ec0f2e585eb231f1bdf06f9233b0
termination: SUCCESS
metrics:
  common:
    success: true
    collision: false
    navigation_time_s: 19.0
    path_length_m: 18.221151185223842
    mean_abs_speed_mps: 0.9590082141650779
    minimum_clearance_m: 3.008886867659609
    stop_count: 1
    reverse_distance_m: 0.0
  family:
    minimum_predicted_ttc_s: null
    stop_count: 1
    interaction_clearance_m: 3.008886867659609
stage: V2-04G-R4-R1
method: rule_multi_anchor
episode_timeout_s: 80.0
tracker_message_count: 284
tracker_health_valid_fraction: 1.0
finite_ttc_sample_count: 0
ttc_status: NO_CONFLICT_IN_HORIZON
context_message_count: 95
context_valid_count: 95
context_geometry_sequence:
- BALANCED
- CRUISE
context_geometry_switch_count: 1
transaction_message_count: 96
transaction_valid_count: 96
transaction_activated_count: 96
transaction_fault_count: 0
transaction_backends:
- simulation_teb_dynamic_reconfigure
active_anchor_sequence:
- anchor_balanced
- anchor_cruise
active_anchor_switch_count: 1
typed_transaction_expected: true
typed_transaction_valid: true
training_used: false
runtime_policy_manifest_access: false
runtime_scene_labels_available: false
experiment_manager_validation_manifest_access: false
runner_fault_reason: ''
supervisor_profile_id: r4r1_clearance_m032
context_geometry_sample_counts:
  BALANCED: 11
  CRUISE: 84
  STATIC_DENSE: 0
  CORRIDOR: 0
  MANEUVER: 0
context_geometry_sample_fractions:
  BALANCED: 0.11578947368421053
  CRUISE: 0.8842105263157894
  STATIC_DENSE: 0.0
  CORRIDOR: 0.0
  MANEUVER: 0.0
context_overlay_sample_counts:
  NONE: 95
  CROSSING: 0
  HEAD_ON: 0
  FOLLOW: 0
  OVERTAKE_OR_YIELD: 0
context_overlay_sample_fractions:
  NONE: 1.0
  CROSSING: 0.0
  HEAD_ON: 0.0
  FOLLOW: 0.0
  OVERTAKE_OR_YIELD: 0.0
experiment_manager_calibration_manifest_access: true
mode_measurement_window: post_readiness_goal_execution_only
clearance_audit:
  schema_version: '2.0'
  stage: V2-04G-R4-R1
  evaluator_only_gazebo_truth_used: true
  runtime_policy_received_truth: false
  minimum_signed_scan_clearance_m: 3.008886867659609
  minimum_truth_box_clearance_m: 2.989908413970134
  classification: CLEARANCE_POSITIVE
  minimum_scan_detail:
    stamp_s: 14.82
    robot_x_m: 8.25012826193929
    robot_y_m: -0.14723863701971607
    signed_scan_clearance_m: 3.008886867659609
    clipped_scan_clearance_m: 3.008886867659609
    raw_range_m: 3.359590530395508
    ray_index: 532
    ray_angle_rad: 1.5074385739862919
    footprint_boundary_range_m: 0.35070366273589887
  minimum_truth_detail:
    stamp_s: 15.42
    clearance_m: 2.989908413970134
    closest_model: crossing-agent
    model_x_m: 8.0
    model_y_m: 3.5
  contact_count: 0
mechanism_message_count: 96
mechanism_join_valid_count: 96
mechanism_join_valid_fraction: 1.0
mechanism_join_reason_counts:
  EXACT_SEQUENCE_JOIN: 96
mechanism_topology_locked_sample_count: 0
mechanism_corridor_centerline_sample_count: 0
mechanism_maneuver_reverse_sample_count: 0
mechanism_topology_switch_count: 0

