schema_version: '2.0'
architecture_generation: v2
evaluator_id: fam_teb_v2_02_evaluator_1
formal_result: false
runtime_ready: false
scene_id: v2-04g-r4-maneuver-s5074
family: MANEUVER
split: calibration
seed: 5074
instance_sha256: e4a02a45b11e8bf1bd3d06683a6f1032ad7dd2e25c1d2c3618c9214135f7343b
raw_trace_sha256: e3406c936a69a59cf360a825c6ff66ebbf9d01d0dbb91ef25eea6a1968bf3867
termination: SUCCESS
metrics:
  common:
    success: true
    collision: false
    navigation_time_s: 22.2
    path_length_m: 4.416561855751832
    mean_abs_speed_mps: 0.19881838261673132
    minimum_clearance_m: 0.31535314865282105
    stop_count: 6
    reverse_distance_m: 2.515504893634834
  family:
    gear_switch_count: 4
    gear_switch_while_moving_count: 3
    reverse_distance_m: 2.515504893634834
stage: V2-04G-R4
method: rule_multi_anchor
episode_timeout_s: 60.0
tracker_message_count: 332
tracker_health_valid_fraction: 1.0
finite_ttc_sample_count: 0
ttc_status: NO_CONFLICT_IN_HORIZON
context_message_count: 111
context_valid_count: 111
context_geometry_sequence:
- MANEUVER
- STATIC_DENSE
context_geometry_switch_count: 1
transaction_message_count: 113
transaction_valid_count: 113
transaction_activated_count: 113
transaction_fault_count: 0
transaction_backends:
- simulation_teb_dynamic_reconfigure
active_anchor_sequence:
- anchor_maneuver_reverse
- anchor_static_dense
active_anchor_switch_count: 1
typed_transaction_expected: true
typed_transaction_valid: true
training_used: false
runtime_policy_manifest_access: false
runtime_scene_labels_available: false
experiment_manager_validation_manifest_access: false
runner_fault_reason: ''
supervisor_profile_id: r2_target_balanced
context_geometry_sample_counts:
  BALANCED: 0
  CRUISE: 0
  STATIC_DENSE: 55
  CORRIDOR: 0
  MANEUVER: 56
context_geometry_sample_fractions:
  BALANCED: 0.0
  CRUISE: 0.0
  STATIC_DENSE: 0.4954954954954955
  CORRIDOR: 0.0
  MANEUVER: 0.5045045045045045
context_overlay_sample_counts:
  NONE: 111
  CROSSING: 0
  HEAD_ON: 0
  FOLLOW: 0
  OVERTAKE_OR_YIELD: 0
context_overlay_sample_fractions:
  NONE: 1.0
  CROSSING: 0.0
  HEAD_ON: 0.0
  FOLLOW: 0.0
  OVERTAKE_OR_YIELD: 0.0
experiment_manager_calibration_manifest_access: true
mode_measurement_window: post_readiness_goal_execution_only
clearance_audit:
  schema_version: '2.0'
  stage: V2-04G-R4
  evaluator_only_gazebo_truth_used: true
  runtime_policy_received_truth: false
  minimum_signed_scan_clearance_m: 0.31535314865282105
  minimum_truth_box_clearance_m: 0.32354059348669917
  classification: CLEARANCE_POSITIVE
  minimum_scan_detail:
    stamp_s: 27.546
    robot_x_m: 0.5459506642686871
    robot_y_m: -0.013406279253713878
    signed_scan_clearance_m: 0.31535314865282105
    clipped_scan_clearance_m: 0.31535314865282105
    raw_range_m: 0.8373451232910156
    ray_index: 10
    ray_angle_rad: -3.0542023610323668
    footprint_boundary_range_m: 0.5219919746381946
  minimum_truth_detail:
    stamp_s: 27.546
    clearance_m: 0.32354059348669917
    closest_model: bay-back
    model_x_m: 5.498824959
    model_y_m: -0.004240381
  contact_count: 0
mechanism_message_count: 111
mechanism_join_valid_count: 111
mechanism_join_valid_fraction: 1.0
mechanism_join_reason_counts:
  EXACT_SEQUENCE_JOIN: 111
mechanism_topology_locked_sample_count: 54
mechanism_corridor_centerline_sample_count: 0
mechanism_maneuver_reverse_sample_count: 57
mechanism_topology_switch_count: 0

