schema_version: '2.0'
architecture_generation: v2
evaluator_id: fam_teb_v2_02_evaluator_1
formal_result: false
runtime_ready: false
scene_id: v2-04g-r4-r1-corridor-s5100
family: CORRIDOR
split: calibration
seed: 5100
instance_sha256: 560bea5a0983ffb8575035e92aad1914cf8be69df552a77ff58ef3b0b66e6a7e
raw_trace_sha256: 6c929e0992918d35ad632e9275e47f24360ad8c6ea56da8903bf6a68566245a2
termination: SUCCESS
metrics:
  common:
    success: true
    collision: false
    navigation_time_s: 11.399999999999999
    path_length_m: 10.20037844829271
    mean_abs_speed_mps: 0.8950469441615907
    minimum_clearance_m: 0.45376442057759525
    stop_count: 1
    reverse_distance_m: 0.0
  family:
    lateral_rms_m: 0.08750669412844161
    heading_oscillation_rad: 1.5953236846363128
    emergency_contact_count: 0
stage: V2-04G-R4-R1
method: rule_multi_anchor
episode_timeout_s: 45.0
tracker_message_count: 172
tracker_health_valid_fraction: 1.0
finite_ttc_sample_count: 0
ttc_status: NO_CONFLICT_IN_HORIZON
context_message_count: 57
context_valid_count: 57
context_geometry_sequence:
- CORRIDOR
context_geometry_switch_count: 0
transaction_message_count: 59
transaction_valid_count: 59
transaction_activated_count: 59
transaction_fault_count: 0
transaction_backends:
- simulation_teb_dynamic_reconfigure
active_anchor_sequence:
- anchor_corridor
active_anchor_switch_count: 0
typed_transaction_expected: true
typed_transaction_valid: true
training_used: false
runtime_policy_manifest_access: false
runtime_scene_labels_available: false
experiment_manager_validation_manifest_access: false
runner_fault_reason: ''
supervisor_profile_id: r4r1_clearance_m032
context_geometry_sample_counts:
  BALANCED: 0
  CRUISE: 0
  STATIC_DENSE: 0
  CORRIDOR: 57
  MANEUVER: 0
context_geometry_sample_fractions:
  BALANCED: 0.0
  CRUISE: 0.0
  STATIC_DENSE: 0.0
  CORRIDOR: 1.0
  MANEUVER: 0.0
context_overlay_sample_counts:
  NONE: 57
  CROSSING: 0
  HEAD_ON: 0
  FOLLOW: 0
  OVERTAKE_OR_YIELD: 0
context_overlay_sample_fractions:
  NONE: 1.0
  CROSSING: 0.0
  HEAD_ON: 0.0
  FOLLOW: 0.0
  OVERTAKE_OR_YIELD: 0.0
experiment_manager_calibration_manifest_access: true
mode_measurement_window: post_readiness_goal_execution_only
clearance_audit:
  schema_version: '2.0'
  stage: V2-04G-R4-R1
  evaluator_only_gazebo_truth_used: true
  runtime_policy_received_truth: false
  minimum_signed_scan_clearance_m: 0.45376442057759525
  minimum_truth_box_clearance_m: 0.4562510801710909
  classification: CLEARANCE_POSITIVE
  minimum_scan_detail:
    stamp_s: 16.7
    robot_x_m: 10.155507129167962
    robot_y_m: 0.03888569094674199
    signed_scan_clearance_m: 0.45376442057759525
    clipped_scan_clearance_m: 0.45376442057759525
    raw_range_m: 0.8071058392524719
    ray_index: 555
    ray_angle_rad: 1.7084304159507155
    footprint_boundary_range_m: 0.3533414186748767
  minimum_truth_detail:
    stamp_s: 15.6
    clearance_m: 0.4562510801710909
    closest_model: corridor-left
    model_x_m: 5.008676189
    model_y_m: 1.104320079
  contact_count: 0
mechanism_message_count: 58
mechanism_join_valid_count: 58
mechanism_join_valid_fraction: 1.0
mechanism_join_reason_counts:
  EXACT_SEQUENCE_JOIN: 58
mechanism_topology_locked_sample_count: 0
mechanism_corridor_centerline_sample_count: 58
mechanism_maneuver_reverse_sample_count: 0
mechanism_topology_switch_count: 0

