schema_version: '2.0'
architecture_generation: v2
evaluator_id: fam_teb_v2_02_evaluator_1
formal_result: false
runtime_ready: false
scene_id: v2-04e-maneuver-s4705
family: MANEUVER
split: calibration
seed: 4705
instance_sha256: ad5f39b98f796ad753e274a068b39d924e9164fd3f9a144488fd4124dcb0fdc2
raw_trace_sha256: c82bb92d2fabcb4f8b8b8ba758d8ff965de02ffe7651251c599353090c07030e
termination: SUCCESS
metrics:
  common:
    success: true
    collision: false
    navigation_time_s: 33.400000000000006
    path_length_m: 3.913601572813251
    mean_abs_speed_mps: 0.11722829672323928
    minimum_clearance_m: 0.4345037781679073
    stop_count: 7
    reverse_distance_m: 2.1024018763199424
  family:
    gear_switch_count: 6
    gear_switch_while_moving_count: 6
    reverse_distance_m: 2.1024018763199424
stage: V2-04E
method: rule_multi_anchor
episode_timeout_s: 60.0
tracker_message_count: 496
tracker_health_valid_fraction: 1.0
finite_ttc_sample_count: 0
ttc_status: NO_CONFLICT_IN_HORIZON
context_message_count: 170
context_valid_count: 170
context_geometry_sequence:
- STATIC_DENSE
context_geometry_switch_count: 0
transaction_message_count: 169
transaction_valid_count: 169
transaction_activated_count: 169
transaction_fault_count: 0
transaction_backends:
- simulation_teb_dynamic_reconfigure
active_anchor_sequence:
- anchor_static_dense
active_anchor_switch_count: 0
typed_transaction_expected: true
typed_transaction_valid: true
training_used: false
runtime_policy_manifest_access: false
runtime_scene_labels_available: false
experiment_manager_validation_manifest_access: false
runner_fault_reason: ''
supervisor_profile_id: repair_b_sensitive_maneuver
context_geometry_sample_counts:
  BALANCED: 0
  CRUISE: 0
  STATIC_DENSE: 170
  CORRIDOR: 0
  MANEUVER: 0
context_geometry_sample_fractions:
  BALANCED: 0.0
  CRUISE: 0.0
  STATIC_DENSE: 1.0
  CORRIDOR: 0.0
  MANEUVER: 0.0
context_overlay_sample_counts:
  NONE: 170
  CROSSING: 0
  HEAD_ON: 0
  FOLLOW: 0
  OVERTAKE_OR_YIELD: 0
context_overlay_sample_fractions:
  NONE: 1.0
  CROSSING: 0.0
  HEAD_ON: 0.0
  FOLLOW: 0.0
  OVERTAKE_OR_YIELD: 0.0
experiment_manager_calibration_manifest_access: true

