WARNING: Package name "gazebo_ros_2Dmap_plugin" does not follow the naming conventions. It should start with a lower case letter and only contain lower case letters, digits, underscores, and dashes.
xacro: in-order processing became default in ROS Melodic. You can drop the option.
... logging to /home/robot/.ros/log/77d1f1f4-7f30-11f1-91bc-3382cc4c3ed1/roslaunch-WP-1646069.log
Checking log directory for disk usage. This may take a while.
Press Ctrl-C to interrupt
]2;/home/robot/robot_ws_base_rl/src/simulation/m2_gazebo/launch/m2_v2_04e_04f_supervisor_experiment.launch
[1mstarted roslaunch server http://WP:37589/[0m

SUMMARY
========

PARAMETERS
 * /gazebo/enable_ros_network: True
 * /m2_gazebo/simulation_only: True
 * /m2_robot_state_publisher/publish_frequency: 30.0
 * /move_base/TebLocalPlannerROS/acc_lim_theta: 0.6
 * /move_base/TebLocalPlannerROS/acc_lim_x: 0.6
 * /move_base/TebLocalPlannerROS/allow_init_with_backwards_motion: True
 * /move_base/TebLocalPlannerROS/cmd_angle_instead_rotvel: False
 * /move_base/TebLocalPlannerROS/costmap_obstacles_behind_robot_dist: 1.5
 * /move_base/TebLocalPlannerROS/dt_hysteresis: 0.1
 * /move_base/TebLocalPlannerROS/dt_ref: 0.3
 * /move_base/TebLocalPlannerROS/dynamic_obstacle_inflation_dist: 0.75
 * /move_base/TebLocalPlannerROS/enable_homotopy_class_planning: False
 * /move_base/TebLocalPlannerROS/enable_multithreading: True
 * /move_base/TebLocalPlannerROS/feasibility_check_no_poses: 5
 * /move_base/TebLocalPlannerROS/footprint_model/type: polygon
 * /move_base/TebLocalPlannerROS/footprint_model/vertices: [[0.52, 0.35], [0...
 * /move_base/TebLocalPlannerROS/global_plan_overwrite_orientation: True
 * /move_base/TebLocalPlannerROS/global_plan_viapoint_sep: 0.35
 * /move_base/TebLocalPlannerROS/include_costmap_obstacles: True
 * /move_base/TebLocalPlannerROS/include_dynamic_obstacles: True
 * /move_base/TebLocalPlannerROS/inflation_dist: 0.725
 * /move_base/TebLocalPlannerROS/map_frame: odom
 * /move_base/TebLocalPlannerROS/max_global_plan_lookahead_dist: 6.0
 * /move_base/TebLocalPlannerROS/max_number_classes: 2
 * /move_base/TebLocalPlannerROS/max_samples: 500
 * /move_base/TebLocalPlannerROS/max_vel_theta: 0.75
 * /move_base/TebLocalPlannerROS/max_vel_x: 0.9
 * /move_base/TebLocalPlannerROS/max_vel_x_backwards: 0.3
 * /move_base/TebLocalPlannerROS/max_vel_y: 0.0
 * /move_base/TebLocalPlannerROS/min_obstacle_dist: 0.375
 * /move_base/TebLocalPlannerROS/min_turning_radius: 1.2
 * /move_base/TebLocalPlannerROS/obstacle_poses_affected: 15
 * /move_base/TebLocalPlannerROS/odom_topic: /odom
 * /move_base/TebLocalPlannerROS/selection_cost_hysteresis: 0.95
 * /move_base/TebLocalPlannerROS/switching_blocking_period: 0.5
 * /move_base/TebLocalPlannerROS/teb_autosize: True
 * /move_base/TebLocalPlannerROS/weight_acc_lim_theta: 1.0
 * /move_base/TebLocalPlannerROS/weight_acc_lim_x: 1.0
 * /move_base/TebLocalPlannerROS/weight_adapt_factor: 2.0
 * /move_base/TebLocalPlannerROS/weight_dynamic_obstacle: 60.0
 * /move_base/TebLocalPlannerROS/weight_dynamic_obstacle_inflation: 0.3
 * /move_base/TebLocalPlannerROS/weight_inflation: 0.1
 * /move_base/TebLocalPlannerROS/weight_kinematics_forward_drive: 10.0
 * /move_base/TebLocalPlannerROS/weight_kinematics_nh: 1000.0
 * /move_base/TebLocalPlannerROS/weight_kinematics_turning_radius: 10.0
 * /move_base/TebLocalPlannerROS/weight_max_vel_theta: 1.0
 * /move_base/TebLocalPlannerROS/weight_max_vel_x: 2.0
 * /move_base/TebLocalPlannerROS/weight_obstacle: 75.0
 * /move_base/TebLocalPlannerROS/weight_optimaltime: 0.75
 * /move_base/TebLocalPlannerROS/weight_velocity_obstacle_ratio: 5.0
 * /move_base/TebLocalPlannerROS/weight_viapoint: 2.5
 * /move_base/TebLocalPlannerROS/wheelbase: 0.65
 * /move_base/base_global_planner: navfn/NavfnROS
 * /move_base/base_local_planner: teb_local_planner...
 * /move_base/clearing_rotation_allowed: False
 * /move_base/controller_frequency: 10.0
 * /move_base/controller_patience: 5.0
 * /move_base/global_costmap/footprint: [[0.52, 0.35], [0...
 * /move_base/global_costmap/footprint_padding: 0.05
 * /move_base/global_costmap/global_frame: odom
 * /move_base/global_costmap/height: 30.0
 * /move_base/global_costmap/inflation_layer/cost_scaling_factor: 4.0
 * /move_base/global_costmap/inflation_layer/enabled: True
 * /move_base/global_costmap/inflation_layer/inflation_radius: 0.55
 * /move_base/global_costmap/obstacle_layer/enabled: True
 * /move_base/global_costmap/obstacle_layer/observation_sources: scan
 * /move_base/global_costmap/obstacle_layer/scan/clearing: True
 * /move_base/global_costmap/obstacle_layer/scan/data_type: LaserScan
 * /move_base/global_costmap/obstacle_layer/scan/inf_is_valid: True
 * /move_base/global_costmap/obstacle_layer/scan/marking: True
 * /move_base/global_costmap/obstacle_layer/scan/obstacle_range: 12.0
 * /move_base/global_costmap/obstacle_layer/scan/raytrace_range: 15.0
 * /move_base/global_costmap/obstacle_layer/scan/sensor_frame: laser_link
 * /move_base/global_costmap/obstacle_layer/scan/topic: /scan
 * /move_base/global_costmap/plugins: [{'name': 'obstac...
 * /move_base/global_costmap/publish_frequency: 2.0
 * /move_base/global_costmap/resolution: 0.05
 * /move_base/global_costmap/robot_base_frame: base_link
 * /move_base/global_costmap/rolling_window: True
 * /move_base/global_costmap/transform_tolerance: 0.3
 * /move_base/global_costmap/update_frequency: 5.0
 * /move_base/global_costmap/width: 80.0
 * /move_base/local_costmap/footprint: [[0.52, 0.35], [0...
 * /move_base/local_costmap/footprint_padding: 0.05
 * /move_base/local_costmap/global_frame: odom
 * /move_base/local_costmap/height: 12.0
 * /move_base/local_costmap/inflation_layer/cost_scaling_factor: 4.0
 * /move_base/local_costmap/inflation_layer/enabled: True
 * /move_base/local_costmap/inflation_layer/inflation_radius: 0.55
 * /move_base/local_costmap/obstacle_layer/enabled: True
 * /move_base/local_costmap/obstacle_layer/observation_sources: scan
 * /move_base/local_costmap/obstacle_layer/scan/clearing: True
 * /move_base/local_costmap/obstacle_layer/scan/data_type: LaserScan
 * /move_base/local_costmap/obstacle_layer/scan/inf_is_valid: True
 * /move_base/local_costmap/obstacle_layer/scan/marking: True
 * /move_base/local_costmap/obstacle_layer/scan/obstacle_range: 12.0
 * /move_base/local_costmap/obstacle_layer/scan/raytrace_range: 15.0
 * /move_base/local_costmap/obstacle_layer/scan/sensor_frame: laser_link
 * /move_base/local_costmap/obstacle_layer/scan/topic: /scan
 * /move_base/local_costmap/plugins: [{'name': 'obstac...
 * /move_base/local_costmap/publish_frequency: 5.0
 * /move_base/local_costmap/resolution: 0.05
 * /move_base/local_costmap/robot_base_frame: base_link
 * /move_base/local_costmap/rolling_window: True
 * /move_base/local_costmap/transform_tolerance: 0.3
 * /move_base/local_costmap/update_frequency: 10.0
 * /move_base/local_costmap/width: 12.0
 * /move_base/oscillation_distance: 0.2
 * /move_base/oscillation_timeout: 10.0
 * /move_base/planner_frequency: 1.0
 * /move_base/planner_patience: 5.0
 * /move_base/recovery_behavior_enabled: False
 * /move_base/shutdown_costmaps: False
 * /nav_world_model/allow_unfrozen_simulation_candidate: True
 * /nav_world_model/config: /home/robot/robot...
 * /robot_description: <?xml version="1....
 * /rosdistro: noetic
 * /rosversion: 1.17.4
 * /rule_context_supervisor/allow_unfrozen_simulation_candidate: True
 * /rule_context_supervisor/config: /home/robot/robot...
 * /simulation_typed_anchor_transaction/action_trace_topic: /teb_rl_v2/action...
 * /simulation_typed_anchor_transaction/allow_simulation_teb_parameter_write: True
 * /simulation_typed_anchor_transaction/allow_unfrozen_simulation_candidate: True
 * /simulation_typed_anchor_transaction/anchor_bank: /home/robot/robot...
 * /simulation_typed_anchor_transaction/clock_timeout_s: 10.0
 * /simulation_typed_anchor_transaction/context_maximum_age_s: 0.4
 * /simulation_typed_anchor_transaction/context_topic: /teb_mode_manager...
 * /simulation_typed_anchor_transaction/equality_tolerance: 1e-09
 * /simulation_typed_anchor_transaction/force_geometry_balanced: False
 * /simulation_typed_anchor_transaction/teb_namespace: /move_base/TebLoc...
 * /simulation_typed_anchor_transaction/transaction_timeout_s: 2.0
 * /tracks_to_teb_obstacles/fixed_frame: odom
 * /tracks_to_teb_obstacles/input_health: /nav_world_model/...
 * /tracks_to_teb_obstacles/input_odometry: /odom
 * /tracks_to_teb_obstacles/input_tracks: /nav_world_model/...
 * /tracks_to_teb_obstacles/minimum_confidence: 0.55
 * /tracks_to_teb_obstacles/output_obstacles: /move_base/TebLoc...
 * /use_sim_time: True
 * /v2_scan_transport/delay_s: 0.06
 * /v2_scan_transport/input_topic: /v2/scan_raw
 * /v2_scan_transport/jitter_s: 0.01
 * /v2_scan_transport/noise_stddev_m: 0.01
 * /v2_scan_transport/output_topic: /scan
 * /v2_scan_transport/seed: 4712

NODES
  /
    gazebo (gazebo_ros/gzserver)
    m2_robot_state_publisher (robot_state_publisher/robot_state_publisher)
    move_base (move_base/move_base)
    nav_world_model (nav_world_model/nav_world_model_node.py)
    rule_context_supervisor (teb_mode_manager/rule_context_supervisor_node.py)
    simulation_typed_anchor_transaction (teb_mode_manager/simulation_typed_anchor_transaction_node.py)
    spawn_m2 (gazebo_ros/spawn_model)
    tracks_to_teb_obstacles (nav_world_model/tracks_to_teb_obstacles.py)
    v2_scan_transport (m2_gazebo/v2_scan_transport.py)
WARNING: Package name "gazebo_ros_2Dmap_plugin" does not follow the naming conventions. It should start with a lower case letter and only contain lower case letters, digits, underscores, and dashes.
WARNING: Package name "gazebo_ros_2Dmap_plugin" does not follow the naming conventions. It should start with a lower case letter and only contain lower case letters, digits, underscores, and dashes.
[INFO] [1783998158.213307, 0.000000]: Loading model XML from ros parameter robot_description
[INFO] [1783998158.216447, 0.000000]: Waiting for service /gazebo/spawn_urdf_model
[INFO] [1783998158.820387, 0.052000]: Calling service /gazebo/spawn_urdf_model
[INFO] [1783998159.136231, 0.178000]: Spawn status: SpawnModel: Successfully spawned entity
[INFO] [1783998158.343542679]: Finished loading Gazebo ROS API Plugin.
[INFO] [1783998158.344203222]: waitForService: Service [/gazebo/set_physics_properties] has not been advertised, waiting...
[INFO] [1783998158.797544262, 0.032000000]: waitForService: Service [/gazebo/set_physics_properties] is now available.
[INFO] [1783998158.822956836, 0.056000000]: Physics dynamic reconfigure ready.
[INFO] [1783998159.021315367, 0.178000000]: <initialOrientationAsReference> is unset, using default value of false to comply with REP 145 (world as orientation reference)
[INFO] [1783998159.021347648, 0.178000000]: <robotNamespace> set to: //
[INFO] [1783998159.021354924, 0.178000000]: <topicName> set to: imu/data
[INFO] [1783998159.021360748, 0.178000000]: <frameName> set to: imu_link
[INFO] [1783998159.021375487, 0.178000000]: <updateRateHZ> set to: 50
[INFO] [1783998159.021382838, 0.178000000]: <gaussianNoise> set to: 0
[INFO] [1783998159.021401047, 0.178000000]: <xyzOffset> set to: 0 0 0
[INFO] [1783998159.021414557, 0.178000000]: <rpyOffset> set to: 0 -0 0
[INFO] [1783998159.136429840, 0.178000000]: Laser Plugin: Using the 'robotNamespace' param: '/'
[INFO] [1783998159.136450863, 0.178000000]: Starting Laser Plugin (ns = /)
[INFO] [1783998159.137295846, 0.178000000]: Laser Plugin (ns = /)  <tf_prefix_>, set to ""
[INFO] [1783998159.257525377, 0.178000000]: M2 simulation-only Ackermann interface loaded; cmd_angle_instead_rotvel=false; v2_actuator_dynamics=true
[INFO] [1783998159.399682367, 0.318000000]: global_costmap: Using plugin "obstacle_layer"
[INFO] [1783998159.401994409, 0.320000000]:     Subscribed to Topics: scan
[INFO] [1783998159.406564813, 0.326000000]: global_costmap: Using plugin "inflation_layer"
[INFO] [1783998159.418393141, 0.338000000]: local_costmap: Using plugin "obstacle_layer"
[INFO] [1783998159.419150488, 0.338000000]:     Subscribed to Topics: scan
[INFO] [1783998159.423226593, 0.342000000]: local_costmap: Using plugin "inflation_layer"
[INFO] [1783998159.433154875, 0.352000000]: Created local_planner teb_local_planner/TebLocalPlannerROS
[INFO] [1783998159.453185523, 0.372000000]: Footprint model 'polygon' loaded for trajectory optimization.
[INFO] [1783998159.453315999, 0.372000000]: Parallel planning in distinctive topologies disabled.
[INFO] [1783998159.453332173, 0.372000000]: No costmap conversion plugin specified. All occupied costmap cells are treaten as point obstacles.
[INFO] [1783998159.534350514, 0.454000000]: Recovery behavior will clear layer 'obstacles'
[INFO] [1783998159.535513604, 0.456000000]: Recovery behavior will clear layer 'obstacles'
[INFO] [1783998159.598270208, 0.518000000]: odom received!
[INFO] [1783998182.217558000, 23.108000000]: GOAL Reached!
[ERROR] [1783998185.328925, 24.190000]: failed to restore startup typed TEB profile: configuration readback timed out
[31mWARNING: disk usage in log directory [/home/robot/.ros/log] is over 1GB.
It's recommended that you use the 'rosclean' command.[0m
WARNING: Package name "gazebo_ros_2Dmap_plugin" does not follow the naming conventions. It should start with a lower case letter and only contain lower case letters, digits, underscores, and dashes.
WARNING: Package name "gazebo_ros_2Dmap_plugin" does not follow the naming conventions. It should start with a lower case letter and only contain lower case letters, digits, underscores, and dashes.

auto-starting new master
[1mprocess[master]: started with pid [1646106][0m
[1mROS_MASTER_URI=http://127.0.0.1:11311[0m
]2;/home/robot/robot_ws_base_rl/src/simulation/m2_gazebo/launch/m2_v2_04e_04f_supervisor_experiment.launch http://127.0.0.1:11311
[1msetting /run_id to 77d1f1f4-7f30-11f1-91bc-3382cc4c3ed1[0m
[1mprocess[rosout-1]: started with pid [1646116][0m
started core service [/rosout]
[1mprocess[gazebo-2]: started with pid [1646123][0m
[1mprocess[spawn_m2-3]: started with pid [1646126][0m
[1mprocess[m2_robot_state_publisher-4]: started with pid [1646129][0m
[1mprocess[v2_scan_transport-5]: started with pid [1646130][0m
[1mprocess[move_base-6]: started with pid [1646131][0m
[1mprocess[nav_world_model-7]: started with pid [1646133][0m
[1mprocess[tracks_to_teb_obstacles-8]: started with pid [1646137][0m
[1mprocess[rule_context_supervisor-9]: started with pid [1646140][0m
[1mprocess[simulation_typed_anchor_transaction-10]: started with pid [1646144][0m
[1m[spawn_m2-3] process has finished cleanly
log file: /home/robot/.ros/log/77d1f1f4-7f30-11f1-91bc-3382cc4c3ed1/spawn_m2-3*.log[0m
[simulation_typed_anchor_transaction-10] killing on exit
[rule_context_supervisor-9] killing on exit
[tracks_to_teb_obstacles-8] killing on exit
[nav_world_model-7] killing on exit
[move_base-6] killing on exit
[v2_scan_transport-5] killing on exit
[m2_robot_state_publisher-4] killing on exit
[gazebo-2] killing on exit
[rosout-1] killing on exit
[master] killing on exit
shutting down processing monitor...
... shutting down processing monitor complete
[1mdone[0m
