schema_version: '2.0'
architecture_generation: v2
evaluator_id: fam_teb_v2_02_evaluator_1
formal_result: false
runtime_ready: false
scene_id: v2-04e2-dynamic-s4712
family: DYNAMIC
split: calibration
seed: 4712
instance_sha256: da732093080f2981ea05cfacc4f1ad414187694082300d2e806be0e446a20352
raw_trace_sha256: 01721566e8b4731ba46a566f6861f00660a58ca3e2f8b26a2ae23754c1b1a6f4
termination: SUCCESS
metrics:
  common:
    success: true
    collision: false
    navigation_time_s: 17.599999999999998
    path_length_m: 18.097642636000604
    mean_abs_speed_mps: 1.02821875142334
    minimum_clearance_m: 2.073841720097519
    stop_count: 1
    reverse_distance_m: 0.0
  family:
    minimum_predicted_ttc_s: null
    stop_count: 1
    interaction_clearance_m: 2.073841720097519
stage: V2-04E2
method: rule_multi_anchor
episode_timeout_s: 80.0
tracker_message_count: 264
tracker_health_valid_fraction: 1.0
finite_ttc_sample_count: 0
ttc_status: NO_CONFLICT_IN_HORIZON
context_message_count: 91
context_valid_count: 90
context_geometry_sequence:
- BALANCED
- CRUISE
- BALANCED
context_geometry_switch_count: 2
transaction_message_count: 89
transaction_valid_count: 88
transaction_activated_count: 88
transaction_fault_count: 1
transaction_backends:
- simulation_teb_dynamic_reconfigure
active_anchor_sequence:
- anchor_balanced
- anchor_cruise
- anchor_balanced
active_anchor_switch_count: 2
typed_transaction_expected: true
typed_transaction_valid: true
training_used: false
runtime_policy_manifest_access: false
runtime_scene_labels_available: false
experiment_manager_validation_manifest_access: false
runner_fault_reason: ''
supervisor_profile_id: pocket_f_strong_hold
context_geometry_sample_counts:
  BALANCED: 16
  CRUISE: 74
  STATIC_DENSE: 0
  CORRIDOR: 0
  MANEUVER: 0
context_geometry_sample_fractions:
  BALANCED: 0.17777777777777778
  CRUISE: 0.8222222222222222
  STATIC_DENSE: 0.0
  CORRIDOR: 0.0
  MANEUVER: 0.0
context_overlay_sample_counts:
  NONE: 90
  CROSSING: 0
  HEAD_ON: 0
  FOLLOW: 0
  OVERTAKE_OR_YIELD: 0
context_overlay_sample_fractions:
  NONE: 1.0
  CROSSING: 0.0
  HEAD_ON: 0.0
  FOLLOW: 0.0
  OVERTAKE_OR_YIELD: 0.0
experiment_manager_calibration_manifest_access: true

