WARNING: Package name "gazebo_ros_2Dmap_plugin" does not follow the naming conventions. It should start with a lower case letter and only contain lower case letters, digits, underscores, and dashes.
xacro: in-order processing became default in ROS Melodic. You can drop the option.
WARNING: Package name "gazebo_ros_2Dmap_plugin" does not follow the naming conventions. It should start with a lower case letter and only contain lower case letters, digits, underscores, and dashes.
WARNING: Package name "gazebo_ros_2Dmap_plugin" does not follow the naming conventions. It should start with a lower case letter and only contain lower case letters, digits, underscores, and dashes.
[INFO] [1783867795.568938, 0.000000]: Loading model XML from ros parameter robot_description
[INFO] [1783867795.571989, 0.000000]: Waiting for service /gazebo/spawn_urdf_model
[INFO] [1783867796.175405, 0.092000]: Calling service /gazebo/spawn_urdf_model
[INFO] [1783867796.425030, 0.176000]: Spawn status: SpawnModel: Successfully spawned entity
[INFO] [1783867796.765105618, 0.400000000]: global_costmap: Using plugin "obstacle_layer"
[INFO] [1783867796.768978763, 0.404000000]:     Subscribed to Topics: scan
[INFO] [1783867796.774478127, 0.408000000]: global_costmap: Using plugin "inflation_layer"
[INFO] [1783867796.786762859, 0.420000000]: local_costmap: Using plugin "obstacle_layer"
[INFO] [1783867796.787527898, 0.422000000]:     Subscribed to Topics: scan
[INFO] [1783867796.792431671, 0.426000000]: local_costmap: Using plugin "inflation_layer"
[INFO] [1783867796.804515978, 0.438000000]: Created local_planner teb_local_planner/TebLocalPlannerROS
[INFO] [1783867796.820719362, 0.454000000]: Footprint model 'polygon' loaded for trajectory optimization.
[INFO] [1783867796.820837595, 0.454000000]: Parallel planning in distinctive topologies disabled.
[INFO] [1783867796.820855484, 0.454000000]: No costmap conversion plugin specified. All occupied costmap cells are treaten as point obstacles.
[INFO] [1783867796.842932527, 0.476000000]: Footprint model 'polygon' loaded for trajectory optimization.
[INFO] [1783867797.007791448, 0.642000000]: Recovery behavior will clear layer 'obstacles'
[INFO] [1783867797.008588711, 0.642000000]: Recovery behavior will clear layer 'obstacles'
[INFO] [1783867797.023225559, 0.656000000]: odom received!
[INFO] [1783867798.779502879, 2.408000000]: Footprint model 'polygon' loaded for trajectory optimization.
[INFO] [1783867799.321257598, 2.950000000]: Footprint model 'polygon' loaded for trajectory optimization.
[INFO] [1783867799.920187474, 3.544000000]: Footprint model 'polygon' loaded for trajectory optimization.
[INFO] [1783867800.564665588, 4.192000000]: Footprint model 'polygon' loaded for trajectory optimization.
[INFO] [1783867802.308497581, 5.930000000]: GOAL Reached!
[INFO] [1783867802.462280040, 6.086000000]: Footprint model 'polygon' loaded for trajectory optimization.
[INFO] [1783867803.325739297, 6.946000000]: Footprint model 'polygon' loaded for trajectory optimization.
[INFO] [1783867803.923606002, 7.542000000]: Footprint model 'polygon' loaded for trajectory optimization.
[INFO] [1783867804.474343197, 8.094000000]: Footprint model 'polygon' loaded for trajectory optimization.
[INFO] [1783867805.126097882, 8.744000000]: Footprint model 'polygon' loaded for trajectory optimization.
[INFO] [1783867805.723908706, 9.340000000]: Footprint model 'polygon' loaded for trajectory optimization.
[INFO] [1783867806.272358057, 9.888000000]: Footprint model 'polygon' loaded for trajectory optimization.
[INFO] [1783867807.767778880, 11.380000000]: GOAL Reached!
[INFO] [1783867807.915352350, 11.528000000]: Footprint model 'polygon' loaded for trajectory optimization.
[INFO] [1783867808.774760280, 12.386000000]: Footprint model 'polygon' loaded for trajectory optimization.
[INFO] [1783867809.470651468, 13.078000000]: Footprint model 'polygon' loaded for trajectory optimization.
[INFO] [1783867810.490045221, 14.096000000]: Footprint model 'polygon' loaded for trajectory optimization.
[INFO] [1783867811.463100653, 15.068000000]: Footprint model 'polygon' loaded for trajectory optimization.
[INFO] [1783867812.098053046, 15.704000000]: Footprint model 'polygon' loaded for trajectory optimization.
[INFO] [1783867812.748328783, 16.352000000]: Footprint model 'polygon' loaded for trajectory optimization.
[INFO] [1783867813.300360061, 16.902000000]: Footprint model 'polygon' loaded for trajectory optimization.
[INFO] [1783867815.092276249, 18.690000000]: GOAL Reached!
[INFO] [1783867815.229344725, 18.828000000]: Footprint model 'polygon' loaded for trajectory optimization.
[INFO] [1783867816.088377947, 19.684000000]: Footprint model 'polygon' loaded for trajectory optimization.
[INFO] [1783867816.689526597, 20.284000000]: Footprint model 'polygon' loaded for trajectory optimization.
[INFO] [1783867817.290434917, 20.884000000]: Footprint model 'polygon' loaded for trajectory optimization.
[INFO] [1783867817.890931023, 21.486000000]: Footprint model 'polygon' loaded for trajectory optimization.
[INFO] [1783867818.490713613, 22.082000000]: Footprint model 'polygon' loaded for trajectory optimization.
[INFO] [1783867819.041608933, 22.632000000]: Footprint model 'polygon' loaded for trajectory optimization.
[INFO] [1783867820.631844905, 24.220000000]: GOAL Reached!
[INFO] [1783867820.784164705, 24.372000000]: Footprint model 'polygon' loaded for trajectory optimization.
[INFO] [1783867821.659791125, 25.246000000]: Footprint model 'polygon' loaded for trajectory optimization.
[INFO] [1783867822.435346518, 26.020000000]: Footprint model 'polygon' loaded for trajectory optimization.
[INFO] [1783867823.470780108, 27.054000000]: Footprint model 'polygon' loaded for trajectory optimization.
[INFO] [1783867824.423994387, 28.006000000]: Footprint model 'polygon' loaded for trajectory optimization.
[INFO] [1783867824.964442216, 28.544000000]: Footprint model 'polygon' loaded for trajectory optimization.
[INFO] [1783867825.566401147, 29.144000000]: Footprint model 'polygon' loaded for trajectory optimization.
[INFO] [1783867826.162078677, 29.742000000]: Footprint model 'polygon' loaded for trajectory optimization.
[INFO] [1783867827.956635188, 31.530000000]: GOAL Reached!
[INFO] [1783867828.093474573, 31.666000000]: Footprint model 'polygon' loaded for trajectory optimization.
[INFO] [1783867828.971322030, 32.544000000]: Footprint model 'polygon' loaded for trajectory optimization.
[INFO] [1783867829.520984986, 33.092000000]: Footprint model 'polygon' loaded for trajectory optimization.
[INFO] [1783867830.171060266, 33.742000000]: Footprint model 'polygon' loaded for trajectory optimization.
[INFO] [1783867830.722687026, 34.292000000]: Footprint model 'polygon' loaded for trajectory optimization.
[INFO] [1783867831.368321061, 34.940000000]: Footprint model 'polygon' loaded for trajectory optimization.
[INFO] [1783867831.923440162, 35.492000000]: Footprint model 'polygon' loaded for trajectory optimization.
[INFO] [1783867833.512927344, 37.078000000]: GOAL Reached!
[INFO] [1783867833.655261499, 37.222000000]: Footprint model 'polygon' loaded for trajectory optimization.
[INFO] [1783867834.521973290, 38.086000000]: Footprint model 'polygon' loaded for trajectory optimization.
[INFO] [1783867835.209420005, 38.772000000]: Footprint model 'polygon' loaded for trajectory optimization.
[INFO] [1783867836.263324414, 39.824000000]: Footprint model 'polygon' loaded for trajectory optimization.
[INFO] [1783867837.210904330, 40.770000000]: Footprint model 'polygon' loaded for trajectory optimization.
[INFO] [1783867837.810649482, 41.368000000]: Footprint model 'polygon' loaded for trajectory optimization.
[INFO] [1783867838.357254972, 41.914000000]: Footprint model 'polygon' loaded for trajectory optimization.
[INFO] [1783867839.010639633, 42.566000000]: Footprint model 'polygon' loaded for trajectory optimization.
[INFO] [1783867840.848895426, 44.402000000]: GOAL Reached!
[INFO] [1783867840.998419966, 44.550000000]: Footprint model 'polygon' loaded for trajectory optimization.
[INFO] [1783867841.890376080, 45.444000000]: Footprint model 'polygon' loaded for trajectory optimization.
[INFO] [1783867842.434677987, 45.986000000]: Footprint model 'polygon' loaded for trajectory optimization.
[INFO] [1783867843.036491284, 46.584000000]: Footprint model 'polygon' loaded for trajectory optimization.
[INFO] [1783867843.682910294, 47.232000000]: Footprint model 'polygon' loaded for trajectory optimization.
[INFO] [1783867844.231712615, 47.778000000]: Footprint model 'polygon' loaded for trajectory optimization.
[INFO] [1783867844.880209086, 48.426000000]: Footprint model 'polygon' loaded for trajectory optimization.
[INFO] [1783867846.326554968, 49.868000000]: GOAL Reached!
[INFO] [1783867846.460981479, 50.002000000]: Footprint model 'polygon' loaded for trajectory optimization.
[INFO] [1783867847.345301038, 50.886000000]: Footprint model 'polygon' loaded for trajectory optimization.
[INFO] [1783867847.881571079, 51.422000000]: Footprint model 'polygon' loaded for trajectory optimization.
[INFO] [1783867848.621980893, 52.160000000]: Footprint model 'polygon' loaded for trajectory optimization.
[INFO] [1783867849.669173033, 53.206000000]: Footprint model 'polygon' loaded for trajectory optimization.
[INFO] [1783867850.629906802, 54.164000000]: Footprint model 'polygon' loaded for trajectory optimization.
[INFO] [1783867851.228087761, 54.762000000]: Footprint model 'polygon' loaded for trajectory optimization.
[INFO] [1783867851.780901767, 55.314000000]: Footprint model 'polygon' loaded for trajectory optimization.
[INFO] [1783867852.431532553, 55.962000000]: Footprint model 'polygon' loaded for trajectory optimization.
[INFO] [1783867854.173453645, 57.700000000]: GOAL Reached!
[INFO] [1783867854.310197451, 57.836000000]: Footprint model 'polygon' loaded for trajectory optimization.
[INFO] [1783867855.181339727, 58.706000000]: Footprint model 'polygon' loaded for trajectory optimization.
[INFO] [1783867855.729717075, 59.254000000]: Footprint model 'polygon' loaded for trajectory optimization.
[INFO] [1783867856.330256065, 59.852000000]: Footprint model 'polygon' loaded for trajectory optimization.
[INFO] [1783867856.928047046, 60.450000000]: Footprint model 'polygon' loaded for trajectory optimization.
[INFO] [1783867857.580377702, 61.100000000]: Footprint model 'polygon' loaded for trajectory optimization.
[INFO] [1783867858.178568649, 61.700000000]: Footprint model 'polygon' loaded for trajectory optimization.
[INFO] [1783867859.721170226, 63.238000000]: GOAL Reached!
[INFO] [1783867859.870651532, 63.388000000]: Footprint model 'polygon' loaded for trajectory optimization.
[INFO] [1783867860.748119174, 64.266000000]: Footprint model 'polygon' loaded for trajectory optimization.
[INFO] [1783867861.442009376, 64.956000000]: Footprint model 'polygon' loaded for trajectory optimization.
[INFO] [1783867862.509526777, 66.022000000]: Footprint model 'polygon' loaded for trajectory optimization.
[INFO] [1783867863.472126025, 66.984000000]: Footprint model 'polygon' loaded for trajectory optimization.
[INFO] [1783867864.066561696, 67.578000000]: Footprint model 'polygon' loaded for trajectory optimization.
[INFO] [1783867864.668242025, 68.178000000]: Footprint model 'polygon' loaded for trajectory optimization.
[INFO] [1783867865.266127169, 68.774000000]: Footprint model 'polygon' loaded for trajectory optimization.
[INFO] [1783867867.109410693, 70.614000000]: GOAL Reached!
[INFO] [1783867867.253622464, 70.758000000]: Footprint model 'polygon' loaded for trajectory optimization.
[INFO] [1783867868.122410350, 71.626000000]: Footprint model 'polygon' loaded for trajectory optimization.
[INFO] [1783867868.666645420, 72.166000000]: Footprint model 'polygon' loaded for trajectory optimization.
[INFO] [1783867869.265717669, 72.766000000]: Footprint model 'polygon' loaded for trajectory optimization.
[INFO] [1783867869.916519068, 73.414000000]: Footprint model 'polygon' loaded for trajectory optimization.
[INFO] [1783867870.515564324, 74.014000000]: Footprint model 'polygon' loaded for trajectory optimization.
[INFO] [1783867871.066197870, 74.562000000]: Footprint model 'polygon' loaded for trajectory optimization.
[INFO] [1783867872.755595601, 76.252000000]: GOAL Reached!
[INFO] [1783867872.909809566, 76.404000000]: Footprint model 'polygon' loaded for trajectory optimization.
[INFO] [1783867873.815510889, 77.306000000]: Footprint model 'polygon' loaded for trajectory optimization.
[INFO] [1783867874.497365120, 77.988000000]: Footprint model 'polygon' loaded for trajectory optimization.
[INFO] [1783867875.455651531, 78.944000000]: Footprint model 'polygon' loaded for trajectory optimization.
[INFO] [1783867876.123482779, 79.610000000]: Footprint model 'polygon' loaded for trajectory optimization.
[INFO] [1783867877.079807167, 80.564000000]: Footprint model 'polygon' loaded for trajectory optimization.
[INFO] [1783867877.686239568, 81.170000000]: Footprint model 'polygon' loaded for trajectory optimization.
[INFO] [1783867878.235430053, 81.718000000]: Footprint model 'polygon' loaded for trajectory optimization.
[INFO] [1783867878.836829200, 82.318000000]: Footprint model 'polygon' loaded for trajectory optimization.
[INFO] [17838[WARN] [1783867889.509099393, 92.970000000]: Control loop missed its desired rate of 10.0000Hz... the loop actually took 0.1220 seconds
[WARN] [1783867889.657552900, 93.120000000]: Control loop missed its desired rate of 10.0000Hz... the loop actually took 0.1720 seconds
67879.434431433, 82.916000000]: Footprint model 'polygon' loaded for trajectory optimization.
[INFO] [1783867880.723605151, 84.204000000]: GOAL Reached!
[INFO] [1783867880.867085785, 84.348000000]: Footprint model 'polygon' loaded for trajectory optimization.
[INFO] [1783867881.731159164, 85.206000000]: Footprint model 'polygon' loaded for trajectory optimization.
[INFO] [1783867882.327368075, 85.802000000]: Footprint model 'polygon' loaded for trajectory optimization.
[INFO] [1783867882.876429024, 86.350000000]: Footprint model 'polygon' loaded for trajectory optimization.
[INFO] [1783867883.526690709, 87.000000000]: Footprint model 'polygon' loaded for trajectory optimization.
[INFO] [1783867884.129039712, 87.600000000]: Footprint model 'polygon' loaded for trajectory optimization.
[INFO] [1783867884.726779240, 88.198000000]: Footprint model 'polygon' loaded for trajectory optimization.
[INFO] [1783867886.269524881, 89.736000000]: GOAL Reached!
[INFO] [1783867886.409981219, 89.878000000]: Footprint model 'polygon' loaded for trajectory optimization.
[INFO] [1783867887.301878266, 90.768000000]: Footprint model 'polygon' loaded for trajectory optimization.
[INFO] [1783867888.076662627, 91.540000000]: Footprint model 'polygon' loaded for trajectory optimization.
[INFO] [1783867889.085490017, 92.546000000]: Footprint model 'polygon' loaded for trajectory optimization.
[INFO] [1783867889.716012963, 93.178000000]: Footprint model 'polygon' loaded for trajectory optimization.
[INFO] [1783867890.644339346, 94.104000000]: Footprint model 'polygon' loaded for trajectory optimization.
[INFO] [1783867891.202766961, 94.660000000]: Footprint model 'polygon' loaded for trajectory optimization.
[INFO] [1783867891.801187712, 95.258000000]: Footprint model 'polygon' loaded for trajectory optimization.
[INFO] [1783867892.454937212, 95.912000000]: Footprint model 'polygon' loaded for trajectory optimization.
[INFO] [1783867894.093709410, 97.546000000]: GOAL Reached!
[INFO] [1783867894.227433799, 97.682000000]: Footprint model 'polygon' loaded for trajectory optimization.
[INFO] [1783867895.094061944, 98.546000000]: Footprint model 'polygon' loaded for trajectory optimization.
[INFO] [1783867895.683274307, 99.134000000]: Footprint model 'polygon' loaded for trajectory optimization.
[INFO] [1783867896.238422977, 99.692000000]: Footprint model 'polygon' loaded for trajectory optimization.
[INFO] [1783867896.838162986, 100.288000000]: Footprint model 'polygon' loaded for trajectory optimization.
[INFO] [1783867897.488550311, 100.934000000]: Footprint model 'polygon' loaded for trajectory optimization.
[INFO] [1783867898.039565408, 101.486000000]: Footprint model 'polygon' loaded for trajectory optimization.
[INFO] [1783867899.627840881, 103.072000000]: GOAL Reached!
[INFO] [1783867899.779797136, 103.224000000]: Footprint model 'polygon' loaded for trajectory optimization.
[INFO] [1783867900.663883363, 104.106000000]: Footprint model 'polygon' loaded for trajectory optimization.
[INFO] [1783867901.203044131, 104.644000000]: Footprint model 'polygon' loaded for trajectory optimization.
[INFO] [1783867901.943041094, 105.382000000]: Footprint model 'polygon' loaded for trajectory optimization.
[INFO] [1783867902.996602988, 106.432000000]: Footprint model 'polygon' loaded for trajectory optimization.
[INFO] [1783867903.970681870, 107.404000000]: Footprint model 'polygon' loaded for trajectory optimization.
[INFO] [1783867904.511624393, 107.946000000]: Footprint model 'polygon' loaded for trajectory optimization.
[INFO] [1783867905.112292992, 108.546000000]: Footprint model 'polygon' loaded for trajectory optimization.
[INFO] [1783867905.714500102, 109.146000000]: Footprint model 'polygon' loaded for trajectory optimization.
[INFO] [1783867907.505127657, 110.934000000]: GOAL Reached!
[INFO] [1783867907.648915388, 111.078000000]: Footprint model 'polygon' loaded for trajectory optimization.
[INFO] [1783867908.519111949, 111.946000000]: Footprint model 'polygon' loaded for trajectory optimization.
[INFO] [1783867909.104087762, 112.530000000]: Footprint model 'polygon' loaded for trajectory optimization.
[INFO] [1783867909.661296748, 113.086000000]: Footprint model 'polygon' loaded for trajectory optimization.
[INFO] [1783867910.306142300, 113.730000000]: Footprint model 'polygon' loaded for trajectory optimization.
[INFO] [1783867910.906274765, 114.328000000]: Footprint model 'polygon' loaded for trajectory optimization.
[INFO] [1783867911.508285017, 114.930000000]: Footprint model 'polygon' loaded for trajectory optimization.
[INFO] [1783867912.951131937, 116.370000000]: GOAL Reached!
[INFO] [1783867913.090977815, 116.510000000]: Footprint model 'polygon' loaded for trajectory optimization.
[INFO] [1783867913.969779023, 117.386000000]: Footprint model 'polygon' loaded for trajectory optimization.
[INFO] [1783867914.664017036, 118.080000000]: Footprint model 'polygon' loaded for trajectory optimization.
[INFO] [1783867915.698336235, 119.112000000]: Footprint model 'polygon' loaded for trajectory optimization.
[INFO] [1783867916.650476622, 120.066000000]: Footprint model 'polygon' loaded for trajectory optimization.
[INFO] [1783867917.233652701, 120.646000000]: Footprint model 'polygon' loaded for trajectory optimization.
[INFO] [1783867917.791275110, 121.202000000]: Footprint model 'polygon' loaded for trajectory optimization.
[INFO] [1783867918.435128851, 121.846000000]: Footprint model 'polygon' loaded for trajectory optimization.
[INFO] [1783867920.180557223, 123.586000000]: GOAL Reached!
[INFO] [1783867920.323705695, 123.728000000]: Footprint model 'polygon' loaded for trajectory optimization.
[INFO] [1783867921.202438478, 124.606000000]: Footprint model 'polygon' loaded for trajectory optimization.
[INFO] [1783867921.734211066, 125.142000000]: Footprint model 'polygon' loaded for trajectory optimization.
[INFO] [1783867922.337724670, 125.744000000]: Footprint model 'polygon' loaded for trajectory optimization.
[INFO] [1783867922.942699887, 126.344000000]: Footprint model 'polygon' loaded for trajectory optimization.
[INFO] [1783867923.539271152, 126.942000000]: Footprint model 'polygon' loaded for trajectory optimization.
[INFO] [1783867924.141370695, 127.540000000]: Footprint model 'polygon' loaded for trajectory optimization.
[INFO] [1783867925.731038141, 129.128000000]: GOAL Reached!
[INFO] [1783867925.887572313, 129.284000000]: Footprint model 'polygon' loaded for trajectory optimization.
[INFO] [1783867926.771078420, 130.166000000]: Footprint model 'polygon' loaded for trajectory optimization.
[INFO] [1783867927.314259540, 130.708000000]: Footprint model 'polygon' loaded for trajectory optimization.
[INFO] [1783867928.046453778, 131.438000000]: Footprint model 'polygon' loaded for trajectory optimization.
[INFO] [1783867929.101277894, 132.492000000]: Footprint model 'polygon' loaded for trajectory optimization.
[INFO] [1783867930.053915737, 133.444000000]: Footprint model 'polygon' loaded for trajectory optimization.
[INFO] [1783867930.613411592, 134.002000000]: Footprint model 'polygon' loaded for trajectory optimization.
[INFO] [1783867931.212553150, 134.600000000]: Footprint model 'polygon' loaded for trajectory optimization.
[INFO] [1783867931.814769095, 135.202000000]: Footprint model 'polygon' loaded for trajectory optimization.
[INFO] [1783867932.413431032, 135.798000000]: Footprint model 'polygon' loaded for trajectory optimization.
[INFO] [1783867933.017184639, 136.400000000]: Footprint model 'polygon' loaded for trajectory optimization.
[INFO] [1783867933.662725508, 137.046000000]: Footprint model 'polygon' loaded for trajectory optimization.
[INFO] [1783867934.266298026, 137.648000000]: Footprint model 'polygon' loaded for trajectory optimization.
[INFO] [1783867936.103653494, 139.484000000]: GOAL Reached!
[INFO] [1783867936.252107962, 139.632000000]: Footprint model 'polygon' loaded for trajectory optimization.
[INFO] [1783867937.124480608, 140.500000000]: Footprint model 'polygon' loaded for trajectory optimization.
[INFO] [1783867937.817095409, 141.192000000]: Footprint model 'polygon' loaded for trajectory optimization.
[INFO] [1783867938.871388455, 142.246000000]: Footprint model 'polygon' loaded for trajectory optimization.
[INFO] [1783867939.814393251, 143.186000000]: Footprint model 'polygon' loaded for trajectory optimization.
[INFO] [1783867940.414337264, 143.786000000]: Footprint model 'polygon' loaded for trajectory optimization.
[INFO] [1783867940.959332599, 144.332000000]: Footprint model 'polygon' loaded for trajectory optimization.
[INFO] [1783867941.564602151, 144.934000000]: Footprint model 'polygon' loaded for trajectory optimization.
[INFO] [1783867942.163251018, 145.534000000]: Footprint model 'polygon' loaded for trajectory optimization.
[INFO] [1783867942.770475431, 146.138000000]: Footprint model 'polygon' loaded for trajectory optimization.
[INFO] [1783867943.417062085, 146.784000000]: Footprint model 'polygon' loaded for trajectory optimization.
[INFO] [1783867944.018437573, 147.382000000]: Footprint model 'polygon' loaded for trajectory optimization.
[INFO] [1783867945.555957653, 148.922000000]: GOAL Reached!
[INFO] [1783867945.709248229, 149.074000000]: Footprint model 'polygon' loaded for trajectory optimization.
[INFO] [1783867946.578700817, 149.944000000]: Footprint model 'polygon' loaded for trajectory optimization.
[INFO] [1783867947.263975047, 150.626000000]: Footprint model 'polygon' loaded for trajectory optimization.
[INFO] [1783867948.311847155, 151.670000000]: Footprint model 'polygon' loaded for trajectory optimization.
[INFO] [1783867949.267085694, 152.626000000]: Footprint model 'polygon' loaded for trajectory optimization.
[INFO] [1783867949.869012744, 153.226000000]: Footprint model 'polygon' loaded for trajectory optimization.
[INFO] [1783867950.420538544, 153.778000000]: Footprint model 'polygon' loaded for trajectory optimization.
[INFO] [1783867951.023962280, 154.378000000]: Footprint model 'polygon' loaded for trajectory optimization.
[INFO] [1783867951.622721841, 154.976000000]: Footprint model 'polygon' loaded for trajectory optimization.
[INFO] [1783867952.222694490, 155.578000000]: Footprint model 'polygon' loaded for trajectory optimization.
[INFO] [1783867952.826198798, 156.178000000]: Footprint model 'polygon' loaded for trajectory optimization.
[INFO] [1783867953.425486504, 156.774000000]: Footprint model 'polygon' loaded for trajectory optimization.
[INFO] [1783867955.115604886, 158.462000000]: GOAL Reached!
[INFO] [1783867955.272294923, 158.618000000]: Footprint model 'polygon' loaded for trajectory optimization.
[INFO] [1783867956.142523364, 159.486000000]: Footprint model 'polygon' loaded for trajectory optimization.
[INFO] [1783867956.837582941, 160.182000000]: Footprint model 'polygon' loaded for trajectory optimization.
[INFO] [1783867957.883619548, 161.224000000]: Footprint model 'polygon' loaded for trajectory optimization.
[INFO] [1783867958.844530917, 162.184000000]: Footprint model 'polygon' loaded for trajectory optimization.
[INFO] [1783867959.388286843, 162.726000000]: Footprint model 'polygon' loaded for trajectory optimization.
[INFO] [1783867960.039524326, 163.378000000]: Footprint model 'polygon' loaded for trajectory optimization.
[INFO] [1783867960.591378222, 163.928000000]: Footprint model 'polygon' loaded for trajectory optimization.
[INFO] [1783867961.189641951, 164.528000000]: Footprint model 'polygon' loaded for trajectory optimization.
[INFO] [1783867961.791070072, 165.126000000]: Footprint model 'polygon' loaded for trajectory optimization.
[INFO] [1783867962.393508266, 165.726000000]: Footprint model 'polygon' loaded for trajectory optimization.
[INFO] [1783867962.991180981, 166.324000000]: Footprint model 'polygon' loaded for trajectory optimization.
[INFO] [1783867963.640268310, 166.970000000]: Footprint model 'polygon' loaded for trajectory optimization.
[INFO] [1783867965.482045085, 168.810000000]: GOAL Reached!
[INFO] [1783867965.627718673, 168.956000000]: Footprint model 'polygon' loaded for trajectory optimization.
[INFO] [1783867966.502527480, 169.826000000]: Footprint model 'polygon' loaded for trajectory optimization.
[INFO] [1783867967.281545516, 170.606000000]: Footprint model 'polygon' loaded for trajectory optimization.
[INFO] [1783867968.329174202, 171.652000000]: Footprint model 'polygon' loaded for trajectory optimization.
[INFO] [1783867969.286050319, 172.604000000]: Footprint model 'polygon' loaded for trajectory optimization.
[INFO] [1783867969.845064805, 173.162000000]: Footprint model 'polygon' loaded for trajectory optimization.
[INFO] [1783867970.442758914, 173.760000000]: Footprint model 'polygon' loaded for trajectory optimization.
[INFO] [1783867971.092226930, 174.406000000]: Footprint model 'polygon' loaded for trajectory optimization.
[INFO] [1783867971.688412087, 175.004000000]: Footprint model 'polygon' loaded for trajectory optimization.
[INFO] [1783867972.292982701, 175.606000000]: Footprint model 'polygon' loaded for trajectory optimization.
[INFO] [1783867972.890677780, 176.204000000]: Footprint model 'polygon' loaded for trajectory optimization.
[INFO] [1783867973.448894750, 176.760000000]: Footprint model 'polygon' loaded for trajectory optimization.
[INFO] [1783867975.136661424, 178.444000000]: GOAL Reached!
[INFO] [1783867975.281506456, 178.590000000]: Footprint model 'polygon' loaded for trajectory optimization.
[INFO] [1783867976.179845757, 179.484000000]: Footprint model 'polygon' loaded for trajectory optimization.
[INFO] [1783867976.859606711, 180.164000000]: Footprint model 'polygon' loaded for trajectory optimization.
[INFO] [1783867977.902837701, 181.208000000]: Footprint model 'polygon' loaded for trajectory optimization.
[INFO] [1783867978.862479864, 182.164000000]: Footprint model 'polygon' loaded for trajectory optimization.
[INFO] [1783867979.411093816, 182.712000000]: Footprint model 'polygon' loaded for trajectory optimization.
[INFO] [1783867980.010795191, 183.310000000]: Footprint model 'polygon' loaded for trajectory optimization.
[INFO] [1783867980.655329943, 183.958000000]: Footprint model 'polygon' loaded for trajectory optimization.
[INFO] [1783867981.213582356, 184.510000000]: Footprint model 'polygon' loaded for trajectory optimization.
[INFO] [1783867981.861087452, 185.156000000]: Footprint model 'polygon' loaded for trajectory optimization.
[INFO] [1783867982.460994007, 185.756000000]: Footprint model 'polygon' loaded for trajectory optimization.
[INFO] [1783867983.062501455, 186.358000000]: Footprint model 'polygon' loaded for trajectory optimization.
[INFO] [1783867983.662870739, 186.956000000]: Footprint model 'polygon' loaded for trajectory optimization.
[INFO] [1783867985.101605359, 188.394000000]: GOAL Reached!
[INFO] [1783867985.232276606, 188.524000000]: Footprint model 'polygon' loaded for trajectory optimization.
[INFO] [1783867986.092436456, 189.380000000]: Footprint model 'polygon' loaded for trajectory optimization.
[INFO] [1783867986.786761513, 190.074000000]: Footprint model 'polygon' loaded for trajectory optimization.
[INFO] [1783867987.816564170, 191.104000000]: Footprint model 'polygon' loaded for trajectory optimization.
[INFO] [1783867988.762904729, 192.048000000]: Footprint model 'polygon' loaded for trajectory optimization.
[INFO] [1783867989.310004528, 192.592000000]: Footprint model 'polygon' loaded for trajectory optimization.
[INFO] [1783867989.909002482, 193.190000000]: Footprint model 'polygon' loaded for trajectory optimization.
[INFO] [1783867990.510996391, 193.790000000]: Footprint model 'polygon' loaded for trajectory optimization.
[INFO] [1783867991.111045849, 194.390000000]: Footprint model 'polygon' loaded for trajectory optimization.
[INFO] [1783867991.711612968, 194.990000000]: Footprint model 'polygon' loaded for trajectory optimization.
[INFO] [1783867992.311343914, 195.588000000]: Footprint model 'polygon' loaded for trajectory optimization.
[INFO] [1783867992.911165603, 196.188000000]: Footprint model 'polygon' loaded for trajectory optimization.
[INFO] [1783867993.512766185, 196.788000000]: Footprint model 'polygon' loaded for trajectory optimization.
[INFO] [1783867995.100870681, 198.374000000]: GOAL Reached!
[INFO] [1783867995.260547848, 198.532000000]: Footprint model 'polygon' loaded for trajectory optimization.
[INFO] [1783867996.138414505, 199.408000000]: Footprint model 'polygon' loaded for trajectory optimization.
[INFO] [1783867996.917528804, 200.188000000]: Footprint model 'polygon' loaded for trajectory optimization.
[INFO] [1783867997.971090551, 201.238000000]: Footprint model 'polygon' loaded for trajectory optimization.
[INFO] [1783867998.921038997, 202.186000000]: Footprint model 'polygon' loaded for trajectory optimization.
[INFO] [1783867999.458540209, 202.722000000]: Footprint model 'polygon' loaded for trajectory optimization.
[INFO] [1783868000.103615473, 203.368000000]: Footprint model 'polygon' loaded for trajectory optimization.
[INFO] [1783868000.704322935, 203.968000000]: Footprint model 'polygon' loaded for trajectory optimization.
[INFO] [1783868001.261874547, 204.524000000]: Footprint model 'polygon' loaded for trajectory optimization.
[INFO] [1783868001.908052890, 205.168000000]: Footprint model 'polygon' loaded for trajectory optimization.
[INFO] [1783868002.510639188, 205.768000000]: Footprint model 'polygon' loaded for trajectory optimization.
[INFO] [1783868003.105040143, 206.368000000]: Footprint model 'polygon' loaded for trajectory optimization.
[INFO] [1783868004.753686230, 208.008000000]: GOAL Reached!
[INFO] [1783868004.894831537, 208.148000000]: Footprint model 'polygon' loaded for trajectory optimization.
[INFO] [1783868005.773403069, 209.026000000]: Footprint model 'polygon' loaded for trajectory optimization.
[INFO] [1783868006.449732784, 209.704000000]: Footprint model 'polygon' loaded for trajectory optimization.
[INFO] [1783868007.494537240, 210.744000000]: Footprint model 'polygon' loaded for trajectory optimization.
[INFO] [1783868008.438210576, 211.686000000]: Footprint model 'polygon' loaded for trajectory optimization.
[INFO] [1783868008.998699038, 212.246000000]: Footprint model 'polygon' loaded for trajectory optimization.
[INFO] [1783868009.595551259, 212.842000000]: Footprint model 'polygon' loaded for trajectory optimization.
[INFO] [1783868010.195338331, 213.440000000]: Footprint model 'polygon' loaded for trajectory optimization.
[INFO] [1783868010.842701815, 214.086000000]: Footprint model 'polygon' loaded for trajectory optimization.
[INFO] [1783868011.399078523, 214.642000000]: Footprint model 'polygon' loaded for trajectory optimization.
[INFO] [1783868011.992382120, 215.234000000]: Footprint model 'polygon' loaded for trajectory optimization.
[INFO] [1783868012.644217639, 215.884000000]: Footprint model 'polygon' loaded for trajectory optimization.
[INFO] [1783868014.187601877, 217.424000000]: GOAL Reached!
[INFO] [1783868014.323331269, 217.560000000]: Footprint model 'polygon' loaded for trajectory optimization.
[INFO] [1783868015.208909952, 218.446000000]: Footprint model 'polygon' loaded for trajectory optimization.
[INFO] [1783868015.891636899, 219.126000000]: Footprint model 'polygon' loaded for trajectory optimization.
[INFO] [1783868016.925460665, 220.158000000]: Footprint model 'polygon' loaded for trajectory optimization.
[INFO] [1783868017.895266726, 221.126000000]: Footprint model 'polygon' loaded for trajectory optimization.
[INFO] [1783868018.446864032, 221.678000000]: Footprint model 'polygon' loaded for trajectory optimization.
[INFO] [1783868019.082914296, 222.314000000]: Footprint model 'polygon' loaded for trajectory optimization.
[INFO] [1783868019.642467383, 222.870000000]: Footprint model 'polygon' loaded for trajectory optimization.
[INFO] [1783868020.241996148, 223.468000000]: Footprint model 'polygon' loaded for trajectory optimization.
[INFO] [1783868020.841214815, 224.066000000]: Footprint model 'polygon' loaded for trajectory optimization.
[INFO] [1783868021.439983852, 224.666000000]: Footprint model 'polygon' loaded for trajectory optimization.
[INFO] [1783868022.089115612, 225.314000000]: Footprint model 'polygon' loaded for trajectory optimization.
[INFO] [1783868023.633556401, 226.854000000]: GOAL Reached!
[INFO] [1783868023.796223614, 227.016000000]: Footprint model 'polygon' loaded for trajectory optimizatio[WARN] [1783867809.330495, 12.938000]: training environment stop requested: safety adapter requested emergency stop
[WARN] [1783867810.414458, 14.020000]: training environment stop requested: safety adapter requested emergency stop
[WARN] [1783867822.290195, 25.876000]: training environment stop requested: safety adapter requested emergency stop
[WARN] [1783867823.398375, 26.980000]: training environment stop requested: safety adapter requested emergency stop
[WARN] [1783867835.070165, 38.632000]: training environment stop requested: safety adapter requested emergency stop
[WARN] [1783867836.181514, 39.740000]: training environment stop requested: safety adapter requested emergency stop
[WARN] [1783867848.479269, 52.016000]: training environment stop requested: safety adapter requested emergency stop
[WARN] [1783867849.585196, 53.120000]: training environment stop requested: safety adapter requested emergency stop
[WARN] [1783867861.351066, 64.864000]: training environment stop requested: safety adapter requested emergency stop
[WARN] [1783867862.449643, 65.960000]: training environment stop requested: safety adapter requested emergency stop
[WARN] [1783867874.405967, 77.896000]: training environment stop requested: safety adapter requested emergency stop
[WARN] [1783867876.042132, 79.528000]: training environment stop requested: safety adapter requested emergency stop
[WARN] [1783867887.938789, 91.402000]: training environment stop requested: safety adapter requested emergency stop
[WARN] [1783867889.649433, 93.112000]: training environment stop requested: safety adapter requested emergency stop
[WARN] [1783867901.849847, 105.288000]: training environment stop requested: safety adapter requested emergency stop
[WARN] [1783867902.925001, 106.360000]: training environment stop requested: safety adapter requested emergency stop
[WARN] [1783867914.568794, 117.984000]: training environment stop requested: safety adapter requested emergency stop
[WARN] [1783867915.628880, 119.042000]: training environment stop requested: safety adapter requested emergency stop
[WARN] [1783867927.909873, 131.302000]: training environment stop requested: safety adapter requested emergency stop
[WARN] [1783867929.031178, 132.420000]: training environment stop requested: safety adapter requested emergency stop
[WARN] [1783867937.677464, 141.052000]: training environment stop requested: safety adapter requested emergency stop
[WARN] [1783867938.787755, 142.162000]: training environment stop requested: safety adapter requested emergency stop
[WARN] [1783867947.172662, 150.532000]: training environment stop requested: safety adapter requested emergency stop
[WARN] [1783867948.243913, 151.602000]: training environment stop requested: safety adapter requested emergency stop
[WARN] [1783867956.745448, 160.088000]: training environment stop requested: safety adapter requested emergency stop
[WARN] [1783867957.821389, 161.162000]: training environment stop requested: safety adapter requested emergency stop
[WARN] [1783867967.128746, 170.454000]: training environment stop requested: safety adapter requested emergency stop
[WARN] [1783867968.260392, 171.582000]: training environment stop requested: safety adapter requested emergency stop
[WARN] [1783867976.716676, 180.020000]: training environment stop requested: safety adapter requested emergency stop
[WARN] [1783867977.837059, 181.140000]: training environment stop requested: safety adapter requested emergency stop
[WARN] [1783867986.642625, 189.932000]: training environment stop requested: safety adapter requested emergency stop
[WARN] [1783867987.734536, 191.020000]: training environment stop requested: safety adapter requested emergency stop
[WARN] [1783867996.776638, 200.046000]: training environment stop requested: safety adapter requested emergency stop
[WARN] [1783867997.894969, 201.162000]: training environment stop requested: safety adapter requested emergency stop
[WARN] [1783868006.308511, 209.560000]: training environment stop requested: safety adapter requested emergency stop
[WARN] [1783868007.412405, 210.662000]: training environment stop requested: safety adapter requested emergency stop
[WARN] [1783868015.795236, 219.028000]: training environment stop requested: safety adapter requested emergency stop
[WARN] [1783868016.848184, 220.080000]: training environment stop requested: safety adapter requested emergency stop
[WARN] [1783868025.213452, 228.432000]: training environment stop requested: safety adapter requested emergency stop
[WARN] [1783868026.322213, 229.540000]: training environment stop requested: safety adapter requested emergency stop
[WARN] [1783868027.452750, 230.666000]: training environment stop requested: adapter_close
schema_version: '1.0'
task: T11
status: passed
run_id: t11_semantic_eta_no_fallback_seed103
algorithm: RL-TEB-Eta-NoFallback
training_seed: 103
safety_mode: NoFallback
episode_count: 70
step_count: 249
failure_count: 40
run_validation:
  valid: true
  run_id: t11_semantic_eta_no_fallback_seed103
  episode_count: 70
  step_count: 249
  verified_checksum_count: 4
selected_checkpoint: /home/robot/robot_ws_base_rl/artifacts/t11/runs/t11_semantic_eta_fullsafety_seed103/checkpoints/step_000500
passed: true
acceptance_override: false

[INFO] [1783867795.684108211]: Finished loading Gazebo ROS API Plugin.
[INFO] [1783867795.685090433]: waitForService: Service [/gazebo/set_physics_properties] has not been advertised, waiting...
[INFO] [1783867796.074653555]: waitForService: Service [/gazebo/set_physics_properties] is now available.
[INFO] [1783867796.119174049, 0.038000000]: Physics dynamic reconfigure ready.
[INFO] [1783867796.313809844, 0.176000000]: <initialOrientationAsReference> is unset, using default value of false to comply with REP 145 (world as orientation reference)
[INFO] [1783867796.313844608, 0.176000000]: <robotNamespace> set to: //
[INFO] [1783867796.313851636, 0.176000000]: <topicName> set to: imu/data
[INFO] [1783867796.313856349, 0.176000000]: <frameName> set to: imu_link
[INFO] [1783867796.313873416, 0.176000000]: <updateRateHZ> set to: 50
[INFO] [1783867796.313880917, 0.176000000]: <gaussianNoise> set to: 0
[INFO] [1783867796.313897918, 0.176000000]: <xyzOffset> set to: 0 0 0
[INFO] [1783867796.313914234, 0.176000000]: <rpyOffset> set to: 0 -0 0
[INFO] [1783867796.428903388, 0.176000000]: Laser Plugin: Using the 'robotNamespace' param: '/'
[INFO] [1783867796.428925307, 0.176000000]: Starting Laser Plugin (ns = /)
[INFO] [1783867796.429880417, 0.176000000]: Laser Plugin (ns = /)  <tf_prefix_>, set to ""
[INFO] [1783867796.539633243, 0.176000000]: M2 simulation-only Ackermann interface loaded; cmd_angle_instead_rotvel=false
n.
[INFO] [1783868024.667294816, 227.888000000]: Footprint model 'polygon' loaded for trajectory optimization.
[INFO] [1783868025.353912594, 228.574000000]: Footprint model 'polygon' loaded for trajectory optimization.
[INFO] [1783868026.410975280, 229.628000000]: Footprint model 'polygon' loaded for trajectory optimization.
[INFO] [1783868027.503602631, 230.718000000]: Footprint model 'polygon' loaded for trajectory optimization.
[INFO] [1783868027.527226177, 230.742000000]: Footprint model 'polygon' loaded for trajectory optimization.
... logging to /home/robot/.ros/log/f1b7abe8-7e00-11f1-91bc-3382cc4c3ed1/roslaunch-WP-252292.log
Checking log directory for disk usage. This may take a while.
Press Ctrl-C to interrupt
]2;/home/robot/robot_ws_base_rl/src/tools/thesis_experiment/launch/t11_formal_run.launch
[1mstarted roslaunch server http://WP:43145/[0m

SUMMARY
========

PARAMETERS
 * /gazebo/enable_ros_network: True
 * /m2_gazebo/simulation_only: True
 * /m2_robot_state_publisher/publish_frequency: 30.0
 * /move_base/TebLocalPlannerROS/acc_lim_theta: 0.8
 * /move_base/TebLocalPlannerROS/acc_lim_x: 0.8
 * /move_base/TebLocalPlannerROS/allow_init_with_backwards_motion: True
 * /move_base/TebLocalPlannerROS/cmd_angle_instead_rotvel: False
 * /move_base/TebLocalPlannerROS/costmap_obstacles_behind_robot_dist: 1.5
 * /move_base/TebLocalPlannerROS/dt_hysteresis: 0.1
 * /move_base/TebLocalPlannerROS/dt_ref: 0.3
 * /move_base/TebLocalPlannerROS/enable_homotopy_class_planning: False
 * /move_base/TebLocalPlannerROS/enable_multithreading: True
 * /move_base/TebLocalPlannerROS/feasibility_check_no_poses: 5
 * /move_base/TebLocalPlannerROS/footprint_model/type: polygon
 * /move_base/TebLocalPlannerROS/footprint_model/vertices: [[0.52, 0.35], [0...
 * /move_base/TebLocalPlannerROS/global_plan_overwrite_orientation: True
 * /move_base/TebLocalPlannerROS/include_costmap_obstacles: True
 * /move_base/TebLocalPlannerROS/inflation_dist: 0.55
 * /move_base/TebLocalPlannerROS/map_frame: odom
 * /move_base/TebLocalPlannerROS/max_global_plan_lookahead_dist: 8.0
 * /move_base/TebLocalPlannerROS/max_number_classes: 4
 * /move_base/TebLocalPlannerROS/max_samples: 500
 * /move_base/TebLocalPlannerROS/max_vel_theta: 1.0
 * /move_base/TebLocalPlannerROS/max_vel_x: 1.2
 * /move_base/TebLocalPlannerROS/max_vel_x_backwards: 0.6
 * /move_base/TebLocalPlannerROS/max_vel_y: 0.0
 * /move_base/TebLocalPlannerROS/min_obstacle_dist: 0.25
 * /move_base/TebLocalPlannerROS/min_turning_radius: 1.2
 * /move_base/TebLocalPlannerROS/obstacle_poses_affected: 15
 * /move_base/TebLocalPlannerROS/odom_topic: /odom
 * /move_base/TebLocalPlannerROS/teb_autosize: True
 * /move_base/TebLocalPlannerROS/weight_acc_lim_theta: 1.0
 * /move_base/TebLocalPlannerROS/weight_acc_lim_x: 1.0
 * /move_base/TebLocalPlannerROS/weight_adapt_factor: 2.0
 * /move_base/TebLocalPlannerROS/weight_inflation: 0.1
 * /move_base/TebLocalPlannerROS/weight_kinematics_forward_drive: 10.0
 * /move_base/TebLocalPlannerROS/weight_kinematics_nh: 1000.0
 * /move_base/TebLocalPlannerROS/weight_kinematics_turning_radius: 10.0
 * /move_base/TebLocalPlannerROS/weight_max_vel_theta: 1.0
 * /move_base/TebLocalPlannerROS/weight_max_vel_x: 2.0
 * /move_base/TebLocalPlannerROS/weight_obstacle: 50.0
 * /move_base/TebLocalPlannerROS/weight_optimaltime: 1.0
 * /move_base/TebLocalPlannerROS/weight_viapoint: 1.0
 * /move_base/TebLocalPlannerROS/wheelbase: 0.65
 * /move_base/base_global_planner: navfn/NavfnROS
 * /move_base/base_local_planner: teb_local_planner...
 * /move_base/clearing_rotation_allowed: False
 * /move_base/controller_frequency: 10.0
 * /move_base/controller_patience: 5.0
 * /move_base/global_costmap/footprint: [[0.52, 0.35], [0...
 * /move_base/global_costmap/footprint_padding: 0.05
 * /move_base/global_costmap/global_frame: odom
 * /move_base/global_costmap/height: 30.0
 * /move_base/global_costmap/inflation_layer/cost_scaling_factor: 4.0
 * /move_base/global_costmap/inflation_layer/enabled: True
 * /move_base/global_costmap/inflation_layer/inflation_radius: 0.55
 * /move_base/global_costmap/obstacle_layer/enabled: True
 * /move_base/global_costmap/obstacle_layer/observation_sources: scan
 * /move_base/global_costmap/obstacle_layer/scan/clearing: True
 * /move_base/global_costmap/obstacle_layer/scan/data_type: LaserScan
 * /move_base/global_costmap/obstacle_layer/scan/inf_is_valid: True
 * /move_base/global_costmap/obstacle_layer/scan/marking: True
 * /move_base/global_costmap/obstacle_layer/scan/obstacle_range: 12.0
 * /move_base/global_costmap/obstacle_layer/scan/raytrace_range: 15.0
 * /move_base/global_costmap/obstacle_layer/scan/sensor_frame: laser_link
 * /move_base/global_costmap/obstacle_layer/scan/topic: /scan
 * /move_base/global_costmap/plugins: [{'name': 'obstac...
 * /move_base/global_costmap/publish_frequency: 2.0
 * /move_base/global_costmap/resolution: 0.05
 * /move_base/global_costmap/robot_base_frame: base_link
 * /move_base/global_costmap/rolling_window: True
 * /move_base/global_costmap/transform_tolerance: 0.3
 * /move_base/global_costmap/update_frequency: 5.0
 * /move_base/global_costmap/width: 30.0
 * /move_base/local_costmap/footprint: [[0.52, 0.35], [0...
 * /move_base/local_costmap/footprint_padding: 0.05
 * /move_base/local_costmap/global_frame: odom
 * /move_base/local_costmap/height: 12.0
 * /move_base/local_costmap/inflation_layer/cost_scaling_factor: 4.0
 * /move_base/local_costmap/inflation_layer/enabled: True
 * /move_base/local_costmap/inflation_layer/inflation_radius: 0.55
 * /move_base/local_costmap/obstacle_layer/enabled: True
 * /move_base/local_costmap/obstacle_layer/observation_sources: scan
 * /move_base/local_costmap/obstacle_layer/scan/clearing: True
 * /move_base/local_costmap/obstacle_layer/scan/data_type: LaserScan
 * /move_base/local_costmap/obstacle_layer/scan/inf_is_valid: True
 * /move_base/local_costmap/obstacle_layer/scan/marking: True
 * /move_base/local_costmap/obstacle_layer/scan/obstacle_range: 12.0
 * /move_base/local_costmap/obstacle_layer/scan/raytrace_range: 15.0
 * /move_base/local_costmap/obstacle_layer/scan/sensor_frame: laser_link
 * /move_base/local_costmap/obstacle_layer/scan/topic: /scan
 * /move_base/local_costmap/plugins: [{'name': 'obstac...
 * /move_base/local_costmap/publish_frequency: 5.0
 * /move_base/local_costmap/resolution: 0.05
 * /move_base/local_costmap/robot_base_frame: base_link
 * /move_base/local_costmap/rolling_window: True
 * /move_base/local_costmap/transform_tolerance: 0.3
 * /move_base/local_costmap/update_frequency: 10.0
 * /move_base/local_costmap/width: 12.0
 * /move_base/oscillation_distance: 0.2
 * /move_base/oscillation_timeout: 10.0
 * /move_base/planner_frequency: 1.0
 * /move_base/planner_patience: 5.0
 * /move_base/recovery_behavior_enabled: False
 * /move_base/shutdown_costmaps: False
 * /robot_description: <?xml version="1....
 * /rosdistro: noetic
 * /rosversion: 1.17.4
 * /t11_formal_run/acceptance_eval_seed_limit: 0
 * /t11_formal_run/acceptance_timesteps: 0
 * /t11_formal_run/algorithm: RL-TEB-Semantic-Eta
 * /t11_formal_run/checkpoint: /home/robot/robot...
 * /t11_formal_run/config: /home/robot/robot...
 * /t11_formal_run/output_dir: /home/robot/robot...
 * /t11_formal_run/phase: ablation
 * /t11_formal_run/run_id: t11_semantic_eta_...
 * /t11_formal_run/safety_mode: NoFallback
 * /t11_formal_run/training_seed: 103
 * /use_sim_time: True

NODES
  /
    gazebo (gazebo_ros/gzserver)
    m2_robot_state_publisher (robot_state_publisher/robot_state_publisher)
    move_base (move_base/move_base)
    spawn_m2 (gazebo_ros/spawn_model)
    t11_formal_run (thesis_experiment/t11_formal_run.py)

auto-starting new master
[1mprocess[master]: started with pid [252348][0m
[1mROS_MASTER_URI=http://localhost:11311[0m
]2;/home/robot/robot_ws_base_rl/src/tools/thesis_experiment/launch/t11_formal_run.launch http://localhost:11311
[1msetting /run_id to f1b7abe8-7e00-11f1-91bc-3382cc4c3ed1[0m
[1mprocess[rosout-1]: started with pid [252388][0m
started core service [/rosout]
[1mprocess[gazebo-2]: started with pid [252395][0m
[1mprocess[spawn_m2-3]: started with pid [252398][0m
[1mprocess[m2_robot_state_publisher-4]: started with pid [252401][0m
[1mprocess[move_base-5]: started with pid [252402][0m
[1mprocess[t11_formal_run-6]: started with pid [252403][0m
[1m[spawn_m2-3] process has finished cleanly
log file: /home/robot/.ros/log/f1b7abe8-7e00-11f1-91bc-3382cc4c3ed1/spawn_m2-3*.log[0m
[t11_formal_run-6] killing on exit
[m2_robot_state_publisher-4] killing on exit
[move_base-5] killing on exit
[gazebo-2] killing on exit
[rosout-1] killing on exit
[master] killing on exit
shutting down processing monitor...
[31mWARNING: disk usage in log directory [/home/robot/.ros/log] is over 1GB.
It's recommended that you use the 'rosclean' command.[0m
WARNING: Package name "gazebo_ros_2Dmap_plugin" does not follow the naming conventions. It should start with a lower case letter and only contain lower case letters, digits, underscores, and dashes.
WARNING: Package name "gazebo_ros_2Dmap_plugin" does not follow the naming conventions. It should start with a lower case letter and only contain lower case letters, digits, underscores, and dashes.
[31m================================================================================REQUIRED process [t11_formal_run-6] has died!
process has finished cleanly
log file: /home/robot/.ros/log/f1b7abe8-7e00-11f1-91bc-3382cc4c3ed1/t11_formal_run-6*.log
Initiating shutdown!
================================================================================[0m
... shutting down processing monitor complete
[1mdone[0m
