WARNING: Package name "gazebo_ros_2Dmap_plugin" does not follow the naming conventions. It should start with a lower case letter and only contain lower case letters, digits, underscores, and dashes.
xacro: in-order processing became default in ROS Melodic. You can drop the option.
WARNING: Package name "gazebo_ros_2Dmap_plugin" does not follow the naming conventions. It should start with a lower case letter and only contain lower case letters, digits, underscores, and dashes.
WARNING: Package name "gazebo_ros_2Dmap_plugin" does not follow the naming conventions. It should start with a lower case letter and only contain lower case letters, digits, underscores, and dashes.
[INFO] [1783871900.386276, 0.000000]: Loading model XML from ros parameter robot_description
[INFO] [1783871900.389058, 0.000000]: Waiting for service /gazebo/spawn_urdf_model
[INFO] [1783871901.293124, 0.240000]: Calling service /gazebo/spawn_urdf_model
[INFO] [1783871901.596389, 0.376000]: Spawn status: SpawnModel: Successfully spawned entity
[INFO] [1783871901.982966271, 0.640000000]: global_costmap: Using plugin "obstacle_layer"
[INFO] [1783871901.988178559, 0.646000000]:     Subscribed to Topics: scan
[INFO] [1783871901.999146177, 0.656000000]: global_costmap: Using plugin "inflation_layer"
[INFO] [1783871902.016526884, 0.674000000]: local_costmap: Using plugin "obstacle_layer"
[INFO] [1783871902.017486924, 0.676000000]:     Subscribed to Topics: scan
[INFO] [1783871902.021911381, 0.680000000]: local_costmap: Using plugin "inflation_layer"
[INFO] [1783871902.031932465, 0.690000000]: Created local_planner teb_local_planner/TebLocalPlannerROS
[INFO] [1783871902.047901567, 0.706000000]: Footprint model 'polygon' loaded for trajectory optimization.
[INFO] [1783871902.048018898, 0.706000000]: Parallel planning in distinctive topologies disabled.
[INFO] [1783871902.048034970, 0.706000000]: No costmap conversion plugin specified. All occupied costmap cells are treaten as point obstacles.
[INFO] [1783871902.070802084, 0.730000000]: Footprint model 'polygon' loaded for trajectory optimization.
[INFO] [1783871902.243761310, 0.900000000]: Recovery behavior will clear layer 'obstacles'
[INFO] [1783871902.246586132, 0.904000000]: Recovery behavior will clear layer 'obstacles'
[INFO] [1783871902.261566311, 0.918000000]: odom received!
[INFO] [1783871904.016107696, 2.666000000]: Footprint model 'polygon' loaded for trajectory optimization.
[INFO] [1783871904.562917563, 3.214000000]: Footprint model 'polygon' loaded for trajectory optimization.
[INFO] [1783871905.166939922, 3.816000000]: Footprint model 'polygon' loaded for trajectory optimization.
[INFO] [1783871905.761961783, 4.410000000]: Footprint model 'polygon' loaded for trajectory optimization.
[INFO] [1783871907.552208733, 6.198000000]: GOAL Reached!
[INFO] [1783871907.705243246, 6.350000000]: Footprint model 'polygon' loaded for trajectory optimization.
[INFO] [1783871908.582812701, 7.226000000]: Footprint model 'polygon' loaded for trajectory optimization.
[INFO] [1783871909.135345557, 7.778000000]: Footprint model 'polygon' loaded for trajectory optimization.
[INFO] [1783871909.734729229, 8.376000000]: Footprint model 'polygon' loaded for trajectory optimization.
[INFO] [1783871910.333842907, 8.974000000]: Footprint model 'polygon' loaded for trajectory optimization.
[INFO] [1783871910.935297539, 9.574000000]: Footprint model 'polygon' loaded for trajectory optimization.
[INFO] [1783871911.536029167, 10.172000000]: Footprint model 'polygon' loaded for trajectory optimization.
[INFO] [1783871913.025890607, 11.660000000]: GOAL Reached!
[INFO] [1783871913.167249167, 11.802000000]: Footprint model 'polygon' loaded for trajectory optimization.
[INFO] [1783871914.055593210, 12.690000000]: Footprint model 'polygon' loaded for trajectory optimization.
[INFO] [1783871914.731353245, 13.364000000]: Footprint model 'polygon' loaded for trajectory optimization.
[INFO] [1783871915.803275194, 14.434000000]: Footprint model 'polygon' loaded for trajectory optimization.
[INFO] [1783871916.737921629, 15.368000000]: Footprint model 'polygon' loaded for trajectory optimization.
[INFO] [1783871917.283763652, 15.910000000]: Footprint model 'polygon' loaded for trajectory optimization.
[INFO] [1783871917.930805135, 16.562000000]: Footprint model 'polygon' loaded for trajectory optimization.
[INFO] [1783871918.481273850, 17.112000000]: Footprint model 'polygon' loaded for trajectory optimization.
[INFO] [1783871920.375863905, 18.998000000]: GOAL Reached!
[INFO] [1783871920.515152430, 19.138000000]: Footprint model 'polygon' loaded for trajectory optimization.
[INFO] [1783871921.383313374, 20.004000000]: Footprint model 'polygon' loaded for trajectory optimization.
[INFO] [1783871921.928011991, 20.548000000]: Footprint model 'polygon' loaded for trajectory optimization.
[INFO] [1783871922.579180239, 21.198000000]: Footprint model 'polygon' loaded for trajectory optimization.
[INFO] [1783871923.128848004, 21.748000000]: Footprint model 'polygon' loaded for trajectory optimization.
[INFO] [1783871923.730690310, 22.350000000]: Footprint model 'polygon' loaded for trajectory optimization.
[INFO] [1783871924.378614721, 22.994000000]: Footprint model 'polygon' loaded for trajectory optimization.
[INFO] [1783871925.919697301, 24.532000000]: GOAL Reached!
[INFO] [1783871926.062918948, 24.676000000]: Footprint model 'polygon' loaded for trajectory optimization.
[INFO] [1783871926.935556104, 25.546000000]: Footprint model 'polygon' loaded for trajectory optimization.
[INFO] [1783871927.489295995, 26.100000000]: Footprint model 'polygon' loaded for trajectory optimization.
[INFO] [1783871928.229687385, 26.840000000]: Footprint model 'polygon' loaded for trajectory optimization.
[INFO] [1783871929.269269926, 27.878000000]: Footprint model 'polygon' loaded for trajectory optimization.
[INFO] [1783871930.221622543, 28.826000000]: Footprint model 'polygon' loaded for trajectory optimization.
[INFO] [1783871930.776171559, 29.380000000]: Footprint model 'polygon' loaded for trajectory optimization.
[INFO] [1783871931.423679882, 30.028000000]: Footprint model 'polygon' loaded for trajectory optimization.
[INFO] [1783871932.028362478, 30.630000000]: Footprint model 'polygon' loaded for trajectory optimization.
[INFO] [1783871933.764154129, 32.366000000]: GOAL Reached!
[INFO] [1783871933.914854144, 32.514000000]: Footprint model 'polygon' loaded for trajectory optimization.
[INFO] [1783871934.788494543, 33.386000000]: Footprint model 'polygon' loaded for trajectory optimization.
[INFO] [1783871935.330156443, 33.928000000]: Footprint model 'polygon' loaded for trajectory optimization.
[INFO] [1783871935.933486605, 34.528000000]: Footprint model 'polygon' loaded for trajectory optimization.
[INFO] [1783871936.584177724, 35.178000000]: Footprint model 'polygon' loaded for trajectory optimization.
[INFO] [1783871937.185587021, 35.778000000]: Footprint model 'polygon' loaded for trajectory optimization.
[INFO] [1783871937.734014216, 36.326000000]: Footprint model 'polygon' loaded for trajectory optimization.
[INFO] [1783871939.324660262, 37.914000000]: GOAL Reached!
[INFO] [1783871939.457491151, 38.048000000]: Footprint model 'polygon' loaded for trajectory optimization.
[INFO] [1783871940.337880437, 38.926000000]: Footprint model 'polygon' loaded for trajectory optimization.
[INFO] [1783871941.020669201, 39.606000000]: Footprint model 'polygon' loaded for trajectory optimization.
[INFO] [1783871942.050753124, 40.636000000]: Footprint model 'polygon' loaded for trajectory optimization.
[INFO] [1783871943.024678278, 41.608000000]: Footprint model 'polygon' loaded for trajectory optimization.
[INFO] [1783871943.574574597, 42.154000000]: Footprint model 'polygon' loaded for trajectory optimization.
[INFO] [1783871944.178644795, 42.760000000]: Footprint model 'polygon' loaded for trajectory optimization.
[INFO] [1783871944.823249399, 43.402000000]: Footprint model 'polygon' loaded for trajectory optimization.
[INFO] [1783871946.665724993, 45.242000000]: GOAL Reached!
[INFO] [1783871946.808023444, 45.382000000]: Footprint model 'polygon' loaded for trajectory optimization.
[INFO] [1783871947.669461902, 46.244000000]: Footprint model 'polygon' loaded for trajectory optimization.
[INFO] [1783871948.274982868, 46.850000000]: Footprint model 'polygon' loaded for trajectory optimization.
[INFO] [1783871948.828230136, 47.400000000]: Footprint model 'polygon' loaded for trajectory optimization.
[INFO] [1783871949.474195940, 48.046000000]: Footprint model 'polygon' loaded for trajectory optimization.
[INFO] [1783871950.074937552, 48.648000000]: Footprint model 'polygon' loaded for trajectory optimization.
[INFO] [1783871950.676339182, 49.244000000]: Footprint model 'polygon' loaded for trajectory optimization.
[INFO] [1783871952.315288849, 50.884000000]: GOAL Reached!
[INFO] [1783871952.472440013, 51.040000000]: Footprint model 'polygon' loaded for trajectory optimization.
[INFO] [1783871953.336086763, 51.904000000]: Footprint model 'polygon' loaded for trajectory optimization.
[INFO] [1783871954.024555683, 52.590000000]: Footprint model 'polygon' loaded for trajectory optimization.
[INFO] [1783871955.071020730, 53.634000000]: Footprint model 'polygon' loaded for trajectory optimization.
[INFO] [1783871956.005910745, 54.566000000]: Footprint model 'polygon' loaded for trajectory optimization.
[INFO] [1783871956.555573451, 55.116000000]: Footprint model 'polygon' loaded for trajectory optimization.
[INFO] [1783871957.203298693, 55.762000000]: Footprint model 'polygon' loaded for trajectory optimization.
[INFO] [1783871957.804133857, 56.360000000]: Footprint model 'polygon' loaded for trajectory optimization.
[INFO] [1783871959.543855400, 58.100000000]: GOAL Reached!
[INFO] [1783871959.694796906, 58.250000000]: Footprint model 'polygon' loaded for trajectory optimization.
[INFO] [1783871960.553691891, 59.106000000]: Footprint model 'polygon' loaded for trajectory optimization.
[INFO] [1783871961.107532436, 59.660000000]: Footprint model 'polygon' loaded for trajectory optimization.
[INFO] [1783871961.708509233, 60.258000000]: Footprint model 'polygon' loaded for trajectory optimization.
[INFO] [1783871962.356583191, 60.904000000]: Footprint model 'polygon' loaded for trajectory optimization.
[INFO] [1783871962.958552348, 61.506000000]: Footprint model 'polygon' loaded for trajectory optimization.
[INFO] [1783871963.558792674, 62.106000000]: Footprint model 'polygon' loaded for trajectory optimization.
[INFO] [1783871964.999090615, 63.544000000]: GOAL Reached!
[INFO] [1783871965.138063380, 63.682000000]: Footprint model 'polygon' loaded for trajectory optimization.
[INFO] [1783871966.023468714, 64.566000000]: Footprint model 'polygon' loaded for trajectory optimization.
[INFO] [1783871966.560921271, 65.104000000]: Footprint model 'polygon' loaded for trajectory optimization.
[INFO] [1783871967.301261667, 65.840000000]: Footprint model 'polygon' loaded for trajectory optimization.
[INFO] [1783871968.271775575, 66.808000000]: Footprint model 'polygon' loaded for trajectory optimization.
[INFO] [1783871968.941231102, 67.480000000]: Footprint model 'polygon' loaded for trajectory optimization.
[INFO] [1783871969.891456505, 68.426000000]: Footprint model 'polygon' loaded for trajectory optimization.
[INFO] [1783871970.484919608, 69.020000000]: Footprint model 'polygon' loaded for trajectory optimization.
[INFO] [1783871971.042494802, 69.576000000]: Footprint model 'polygon' loaded for trajectory optimization.
[INFO] [1783871971.685317856, 70.218000000]: Footprint model 'polygon' loaded for trajectory optimization.
[INFO] [1783871973.526986115, 72.056000000]: GOAL Reached!
[INFO] [1783871973.663951428, 72.194000000]: Footprint model 'polygon' loaded for trajectory optimization.
[INFO] [1783871974.539007256, 73.068000000]: Footprint model 'polygon' loaded for trajectory optimization.
[INFO] [1783871975.104337265, 73.630000000]: Footprint model 'polygon' loaded for trajectory optimization.
[INFO] [1783871975.688079033, 74.212000000]: Footprint model 'polygon' loaded for trajectory optimization.
[INFO] [1783871976.286544097, 74.812000000]: Footprint model 'polygon' loaded for trajectory optimization.
[INFO] [1783871976.936418964, 75.460000000]: Footprint model 'polygon' loaded for trajectory optimization.
[INFO] [1783871977.535508289, 76.060000000]: Footprint model 'polygon' loaded for trajectory optimization.
[INFO] [1783871979.075534706, 77.598000000]: GOAL Reached!
[INFO] [1783871979.210564214, 77.732000000]: Footprint model 'polygon' loaded for trajectory optimization.
[INFO] [1783871980.088271966, 78.606000000]: Footprint model 'polygon' loaded for trajectory optimization.
[INFO] [1783871980.765897382, 79.282000000]: Footprint model 'polygon' loaded for trajectory optimization.
[INFO] [1783871981.793197301, 80.310000000]: Footprint model 'polygon' loaded for trajectory optimization.
[INFO] [1783871982.750077579, 81.266000000]: Footprint model 'polygon' loaded for trajectory optimization.
[INFO] [1783871983.301983815, 81.816000000]: Footprint model 'polygon' loaded for trajectory optimization.
[INFO] [1783871983.950380254, 82.464000000]: Footprint model 'polygon' loaded for trajectory optimization.
[INFO] [1783[WARN] [1783871995.069115638, 93.564000000]: Control loop missed its desired rate of 10.0000Hz... the loop actually took 0.1240 seconds
[WARN] [1783871995.225227466, 93.722000000]: Control loop missed its desired rate of 10.0000Hz... the loop actually took 0.1820 seconds
[WARN] [1783871995.225695527, 93.722000000]: Map update loop missed its desired rate of 10.0000Hz... the loop actually took 0.2360 seconds
[WARN] [1783871995.389411624, 93.884000000]: Control loop missed its desired rate of 10.0000Hz... the loop actually took 0.2440 seconds
871984.547583702, 83.060000000]: Footprint model 'polygon' loaded for trajectory optimization.
[INFO] [1783871986.392047950, 84.900000000]: GOAL Reached!
[INFO] [1783871986.539816286, 85.048000000]: Footprint model 'polygon' loaded for trajectory optimization.
[INFO] [1783871987.419619457, 85.926000000]: Footprint model 'polygon' loaded for trajectory optimization.
[INFO] [1783871988.024737347, 86.532000000]: Footprint model 'polygon' loaded for trajectory optimization.
[INFO] [1783871988.577761328, 87.082000000]: Footprint model 'polygon' loaded for trajectory optimization.
[INFO] [1783871989.223257275, 87.728000000]: Footprint model 'polygon' loaded for trajectory optimization.
[INFO] [1783871989.819992768, 88.328000000]: Footprint model 'polygon' loaded for trajectory optimization.
[INFO] [1783871990.423262545, 88.926000000]: Footprint model 'polygon' loaded for trajectory optimization.
[INFO] [1783871991.966099494, 90.466000000]: GOAL Reached!
[INFO] [1783871992.109694703, 90.608000000]: Footprint model 'polygon' loaded for trajectory optimization.
[INFO] [1783871992.989246761, 91.486000000]: Footprint model 'polygon' loaded for trajectory optimization.
[INFO] [1783871993.670296948, 92.164000000]: Footprint model 'polygon' loaded for trajectory optimization.
[INFO] [1783871994.717480352, 93.212000000]: Footprint model 'polygon' loaded for trajectory optimization.
[INFO] [1783871995.444335008, 93.940000000]: Footprint model 'polygon' loaded for trajectory optimization.
[INFO] [1783871996.393554225, 94.884000000]: Footprint model 'polygon' loaded for trajectory optimization.
[INFO] [1783871996.934110138, 95.426000000]: Footprint model 'polygon' loaded for trajectory optimization.
[INFO] [1783871997.534974376, 96.026000000]: Footprint model 'polygon' loaded for trajectory optimization.
[INFO] [1783871998.186231280, 96.674000000]: Footprint model 'polygon' loaded for trajectory optimization.
[INFO] [1783871999.927662019, 98.412000000]: GOAL Reached!
[INFO] [1783872000.076716762, 98.562000000]: Footprint model 'polygon' loaded for trajectory optimization.
[INFO] [1783872000.940932169, 99.426000000]: Footprint model 'polygon' loaded for trajectory optimization.
[INFO] [1783872001.497016768, 99.980000000]: Footprint model 'polygon' loaded for trajectory optimization.
[INFO] [1783872002.145066133, 100.626000000]: Footprint model 'polygon' loaded for trajectory optimization.
[INFO] [1783872002.697347444, 101.178000000]: Footprint model 'polygon' loaded for trajectory optimization.
[INFO] [1783872003.343663950, 101.822000000]: Footprint model 'polygon' loaded for trajectory optimization.
[INFO] [1783872003.940725293, 102.424000000]: Footprint model 'polygon' loaded for trajectory optimization.
[INFO] [1783872005.485408082, 103.962000000]: GOAL Reached!
[INFO] [1783872005.622776510, 104.098000000]: Footprint model 'polygon' loaded for trajectory optimization.
[INFO] [1783872006.511505921, 104.986000000]: Footprint model 'polygon' loaded for trajectory optimization.
[INFO] [1783872007.185498352, 105.660000000]: Footprint model 'polygon' loaded for trajectory optimization.
[INFO] [1783872008.132611998, 106.604000000]: Footprint model 'polygon' loaded for trajectory optimization.
[INFO] [1783872008.823700836, 107.292000000]: Footprint model 'polygon' loaded for trajectory optimization.
[INFO] [1783872009.756563252, 108.224000000]: Footprint model 'polygon' loaded for trajectory optimization.
[INFO] [1783872010.362311741, 108.832000000]: Footprint model 'polygon' loaded for trajectory optimization.
[INFO] [1783872010.913277706, 109.380000000]: Footprint model 'polygon' loaded for trajectory optimization.
[INFO] [1783872011.513750503, 109.978000000]: Footprint model 'polygon' loaded for trajectory optimization.
[INFO] [1783872013.403608078, 111.866000000]: GOAL Reached!
[INFO] [1783872013.537284569, 112.000000000]: Footprint model 'polygon' loaded for trajectory optimization.
[INFO] [1783872014.403258162, 112.862000000]: Footprint model 'polygon' loaded for trajectory optimization.
[INFO] [1783872014.996290892, 113.456000000]: Footp[WARN] [1783872035.947060951, 134.370000000]: Control loop missed its desired rate of 10.0000Hz... the loop actually took 0.1080 seconds
[WARN] [1783872036.078682228, 134.502000000]: Control loop missed its desired rate of 10.0000Hz... the loop actually took 0.1400 seconds
[WARN] [1783872036.223852790, 134.646000000]: Control loop missed its desired rate of 10.0000Hz... the loop actually took 0.1840 seconds
[WARN] [1783872036.224504502, 134.646000000]: Map update loop missed its desired rate of 10.0000Hz... the loop actually took 0.1240 seconds
rint model 'polygon' loaded for trajectory optimization.
[INFO] [1783872015.600463765, 114.058000000]: Footprint model 'polygon' loaded for trajectory optimization.
[INFO] [1783872016.153551104, 114.610000000]: Footprint model 'polygon' loaded for trajectory optimization.
[INFO] [1783872016.752167516, 115.208000000]: Footprint model 'polygon' loaded for trajectory optimization.
[INFO] [1783872017.400998240, 115.856000000]: Footprint model 'polygon' loaded for trajectory optimization.
[INFO] [1783872018.842892282, 117.296000000]: GOAL Reached!
[INFO] [1783872019.007315787, 117.460000000]: Footprint model 'polygon' loaded for trajectory optimization.
[INFO] [1783872019.892656439, 118.346000000]: Footprint model 'polygon' loaded for trajectory optimization.
[INFO] [1783872020.575363358, 119.024000000]: Footprint model 'polygon' loaded for trajectory optimization.
[INFO] [1783872021.558152469, 120.006000000]: Footprint model 'polygon' loaded for trajectory optimization.
[INFO] [1783872022.223021965, 120.670000000]: Footprint model 'polygon' loaded for trajectory optimization.
[INFO] [1783872023.160750400, 121.606000000]: Footprint model 'polygon' loaded for trajectory optimization.
[INFO] [1783872023.764394821, 122.208000000]: Footprint model 'polygon' loaded for trajectory optimization.
[INFO] [1783872024.314938628, 122.758000000]: Footprint model 'polygon' loaded for trajectory optimization.
[INFO] [1783872024.966338744, 123.408000000]: Footprint model 'polygon' loaded for trajectory optimization.
[INFO] [1783872026.705355315, 125.144000000]: GOAL Reached!
[INFO] [1783872026.849494053, 125.288000000]: Footprint model 'polygon' loaded for trajectory optimization.
[INFO] [1783872027.710455547, 126.146000000]: Footprint model 'polygon' loaded for trajectory optimization.
[INFO] [1783872028.258482746, 126.696000000]: Footprint model 'polygon' loaded for trajectory optimization.
[INFO] [1783872028.860746855, 127.296000000]: Footprint model 'polygon' loaded for trajectory optimization.
[INFO] [1783872029.513151591, 127.948000000]: Footprint model 'polygon' loaded for trajectory optimization.
[INFO] [1783872030.062970307, 128.496000000]: Footprint model 'polygon' loaded for trajectory optimization.
[INFO] [1783872030.662567786, 129.092000000]: Footprint model 'polygon' loaded for trajectory optimization.
[INFO] [1783872032.253263707, 130.682000000]: GOAL Reached!
[INFO] [1783872032.400087997, 130.828000000]: Footprint model 'polygon' loaded for trajectory optimization.
[INFO] [1783872033.276780825, 131.704000000]: Footprint model 'polygon' loaded for trajectory optimization.
[INFO] [1783872033.863762811, 132.290000000]: Footprint model 'polygon' loaded for trajectory optimization.
[INFO] [1783872034.553372333, 132.978000000]: Footprint model 'polygon' loaded for trajectory optimization.
[INFO] [1783872035.523370379, 133.946000000]: Footprint model 'polygon' loaded for trajectory optimization.
[INFO] [1783872036.277821866, 134.700000000]: Footprint model 'polygon' loaded for trajectory optimization.
[INFO] [1783872037.224920783, 135.644000000]: Footprint model 'polygon' loaded for trajectory optimization.
[INFO] [1783872037.769934126, 136.190000000]: Footprint model 'polygon' loaded for trajectory optimization.
[INFO] [1783872038.419600538, 136.838000000]: Footprint model 'polygon' loaded for trajectory optimization.
[INFO] [1783872039.026532019, 137.444000000]: Footprint model 'polygon' loaded for trajectory optimization.
[INFO] [1783872039.577238332, 137.992000000]: Footprint model 'polygon' loaded for trajectory optimization.
[INFO] [1783872040.175452875, 138.590000000]: Footprint model 'polygon' loaded for trajectory optimization.
[INFO] [1783872040.824304595, 139.236000000]: Footprint model 'polygon' loaded for trajectory optimization.
[INFO] [1783872041.374915938, 139.788000000]: Footprint model 'polygon' loaded for trajectory optimization.
[INFO] [1783872041.974471430, 140.388000000]: Footprint model 'polygon' loaded for trajectory optimization.
[INFO] [1783872042.573830796, 140.984000000]: Footprint model 'polygon' loaded for trajectory optimization.
[INFO] [1783872043.967604195, 142.374000000]: GOAL Reached!
[INFO] [1783872044.118748149, 142.528000000]: Footprint model 'polygon' loaded for trajectory optimization.
[INFO] [1783872044.999459470, 143.404000000]: Footprint model 'polygon' loaded for trajectory optimization.
[INFO] [1783872045.690961886, 144.096000000]: Footprint model 'polygon' loaded for trajectory optimization.
[INFO] [1783872046.755295912, 145.158000000]: Footprint model 'polygon' loaded for trajectory optimization.
[INFO] [1783872047.706753197, 146.108000000]: Footprint model 'polygon' loaded for trajectory optimization.
[INFO] [1783872048.394616832, 146.794000000]: Footprint model 'polygon' loaded for trajectory optimization.
[INFO] [1783872048.949403930, 147.348000000]: Footprint model 'polygon' loaded for trajectory optimization.
[INFO] [1783872049.550477304, 147.950000000]: Footprint model 'polygon' loaded for trajectory optimization.
[INFO] [1783872050.198624914, 148.598000000]: Footprint model 'polygon' loaded for trajectory optimization.
[INFO] [1783872050.801523107, 149.196000000]: Footprint model 'polygon' loaded for trajectory optimization.
[INFO] [1783872051.396287048, 149.790000000]: Footprint model 'polygon' loaded for trajectory optimization.
[INFO] [1783872051.999375869, 150.394000000]: Footprint model 'polygon' loaded for trajectory optimization.
[INFO] [1783872053.440568721, 151.832000000]: GOAL Reached!
[INFO] [1783872053.591481361, 151.982000000]: Footprint model 'polygon' loaded for trajectory optimization.
[INFO] [1783872054.474659466, 152.866000000]: Footprint model 'polygon' loaded for trajectory optimization.
[INFO] [1783872055.154170250, 153.544000000]: Footprint model 'polygon' loaded for trajectory optimization.
[INFO] [1783872056.169988020, 154.558000000]: Footprint model 'polygon' loaded for trajectory optimization.
[INFO] [1783872057.137078197, 155.524000000]: Footprint model 'polygon' loaded for trajectory optimization.
[INFO] [1783872057.678821487, 156.064000000]: Footprint model 'polygon' loaded for trajectory optimization.
[INFO] [1783872058.331774402, 156.714000000]: Footprint model 'polygon' loaded for trajectory optimization.
[INFO] [1783872058.880214051, 157.262000000]: Footprint model 'polygon' loaded for trajectory optimization.
[INFO] [1783872059.531280736, 157.912000000]: Footprint model 'polygon' loaded for trajectory optimization.
[INFO] [1783872060.133667324, 158.514000000]: Footprint model 'polygon' loaded for trajectory optimization.
[INFO] [1783872060.680277117, 159.058000000]: Footprint model 'polygon' loaded for trajectory optimization.
[INFO] [1783872061.330642805, 159.708000000]: Footprint model 'polygon' loaded for trajectory optimization.
[INFO] [1783872063.173692879, 161.548000000]: GOAL Reached!
[INFO] [1783872063.323142908, 161.696000000]: Footprint model 'polygon' loaded for trajectory optimization.
[INFO] [1783872064.211242530, 162.584000000]: Footprint model 'polygon' loaded for trajectory optimization.
[INFO] [1783872064.893123334, 163.264000000]: Footprint model 'polygon' loaded for trajectory optimization.
[INFO] [1783872065.946834171, 164.318000000]: Footprint model 'polygon' loaded for trajectory optimization.
[INFO] [1783872066.899245664, 165.266000000]: Footprint model 'polygon' loaded for trajectory optimization.
[INFO] [1783872067.503603998, 165.870000000]: Footprint model 'polygon' loaded for trajectory optimization.
[INFO] [1783872068.058373972, 166.422000000]: Footprint model 'polygon' loaded for trajectory optimization.
[INFO] [1783872068.706623182, 167.070000000]: Footprint model 'polygon' loaded for trajectory optimization.
[INFO] [1783872069.305869633, 167.668000000]: Footprint model 'polygon' loaded for trajectory optimization.
[INFO] [1783872069.852863944, 168.218000000]: Footprint model 'polygon' loaded for trajectory optimization.
[INFO] [1783872070.457276244, 168.818000000]: Footprint model 'polygon' loaded for trajectory optimization.
[INFO] [1783872071.105385821, 169.466000000]: Footprint model 'polygon' loaded for trajectory optimization.
[INFO] [1783872072.946002600, 171.304000000]: GOAL Reached!
[INFO] [1783872073.079181643, 171.438000000]: Footprint model 'polygon' loaded for trajectory optimization.
[INFO] [1783872073.949194660, 172.306000000]: Footprint model 'polygon' loaded for trajectory optimization.
[INFO] [1783872074.646060438, 172.998000000]: Footprint model 'polygon' loaded for trajectory optimization.
[INFO] [1783872075.672672008, 174.026000000]: Footprint model 'polygon' loaded for trajectory optimization.
[INFO] [1783872076.635777920, 174.986000000]: Footprint model 'polygon' loaded for trajectory optimization.
[INFO] [1783872077.191364684, 175.542000000]: Footprint model 'polygon' loaded for trajectory optimization.
[INFO] [1783872077.840189145, 176.188000000]: Footprint model 'polygon' loaded for trajectory optimization.
[INFO] [1783872078.390514147, 176.736000000]: Footprint model 'polygon' loaded for trajectory optimization.
[INFO] [1783872079.042744043, 177.388000000]: Footprint model 'polygon' loaded for trajectory optimization.
[INFO] [1783872079.639634144, 177.984000000]: Footprint model 'polygon' loaded for trajectory optimization.
[INFO] [1783872080.243109731, 178.586000000]: Footprint model 'polygon' loaded for trajectory optimization.
[INFO] [1783872080.790744121, 179.136000000]: Footprint model 'polygon' loaded for trajectory optimization.
[INFO] [1783872082.384848469, 180.724000000]: GOAL Reached!
[INFO] [1783872082.541576049, 180.880000000]: Footprint model 'polygon' loaded for trajectory optimization.
[INFO] [1783872083.403054283, 181.742000000]: Footprint model 'polygon' loaded for trajectory optimization.
[INFO] [1783872084.099257723, 182.438000000]: Footprint model 'polygon' loaded for trajectory optimization.
[INFO] [1783872085.155767661, 183.490000000]: Footprint model 'polygon' loaded for trajectory optimization.
[INFO] [1783872086.132360794, 184.464000000]: Footprint model 'polygon' loaded for trajectory optimization.
[INFO] [1783872086.774100216, 185.104000000]: Footprint model 'polygon' loaded for trajectory optimization.
[INFO] [1783872087.368694261, 185.698000000]: Footprint model 'polygon' loaded for trajectory optimization.
[INFO] [1783872087.979302507, 186.308000000]: Footprint model 'polygon' loaded for trajectory optimization.
[INFO] [1783872088.623486147, 186.950000000]: Footprint model 'polygon' loaded for trajectory optimization.
[INFO] [1783872089.170825314, 187.498000000]: Footprint model 'polygon' loaded for trajectory optimization.
[INFO] [1783872089.770654651, 188.094000000]: Footprint model 'polygon' loaded for trajectory optimization.
[INFO] [1783872090.420577138, 188.746000000]: Footprint model 'polygon' loaded for trajectory optimization.
[INFO] [1783872091.860725553, 190.184000000]: GOAL Reached!
[INFO] [1783872092.023457623, 190.346000000]: Footprint model 'polygon' loaded for trajectory optimization.
[INFO] [1783872092.906506228, 191.228000000]: Footprint model 'polygon' loaded for trajectory optimization.
[INFO] [1783872093.680087822, 191.998000000]: Footprint model 'polygon' loaded for trajectory optimization.
[INFO] [1783872094.763268743, 193.080000000]: Footprint model 'polygon' loaded for trajectory optimization.
[INFO] [1783872095.731873543, 194.046000000]: Footprint model 'polygon' loaded for trajectory optimization.
[INFO] [1783872096.419958337, 194.732000000]: Footprint model 'polygon' loaded for trajectory optimization.
[INFO] [1783872096.973179533, 195.286000000]: Footprint model 'polygon' loaded for trajectory optimization.
[INFO] [1783872097.572668562, 195.882000000]: Footprint model 'polygon' loaded for trajectory optimization.
[INFO] [1783872098.218995917, 196.530000000]: Footprint model 'polygon' loaded for trajectory optimization.
[INFO] [1783872098.775435380, 197.084000000]: Footprint model 'polygon' loaded for trajectory optimization.
[INFO] [1783872099.374382805, 197.682000000]: Footprint model 'polygon' loaded for trajectory optimization.
[INFO] [1783872099.974523380, 198.282000000]: Footprint model 'polygon' loaded for trajectory optimization.
[INFO] [1783872100.626897847, 198.934000000]: Footprint model 'polygon' loaded for trajectory optimization.
[INFO] [1783872102.765893892, 201.068000000]: GOAL Reached!
[INFO] [1783872102.919129551, 201.222000000]: Footprint model 'polygon' loaded for trajectory optimization.
[INFO] [1783872103.804266157, 202.104000000]: Footprint model 'polygon' loaded for trajectory optimization.
[INFO] [1783872104.484309659, 202.784000000]: Footprint model 'polygon' loaded for trajectory optimization.
[INFO] [1783872105.535324057, 203.832000000]: Footprint model 'polygon' loaded for trajectory optimization.
[INFO] [1783872106.470601042, 204.764000000]: Footprint model 'polygon' loaded for trajectory optimization.
[INFO] [1783872107.069589114, 205.366000000]: Footprint model 'polygon' loaded for trajectory optimization.
[INFO] [1783872107.621260891, 205.916000000]: Footprint model 'polygon' loaded for trajectory optimization.
[INFO] [1783872108.221198921, 206.514000000]: Footprint model 'polygon' loaded for trajectory optimization.
[INFO] [1783872108.871561746, 207.162000000]: Footprint model 'polygon' loaded for trajectory optimization.
[INFO] [1783872109.474764612, 207.766000000]: Footprint model 'polygon' loaded for trajectory optimization.
[INFO] [1783872110.071862405, 208.360000000]: Footprint model 'polygon' loaded for trajectory optimization.
[INFO] [1783872110.622478178, 208.910000000]: Footprint model 'polygon' loaded for trajectory optimization.
[INFO] [1783872112.213061256, 210.498000000]: GOAL Reached!
[INFO] [1783872112.357805333, 210.642000000]: Footprint model 'polygon' loaded for trajectory optimization.
[INFO] [1783872113.242514842, 211.524000000]: Footprint model 'polygon' loaded for trajectory optimization.
[INFO] [1783872113.924027703, 212.206000000]: Footprint model 'polygon' loaded for trajectory optimization.
[INFO] [1783872114.949889074, 213.230000000]: Footprint model 'polygon' loaded for trajectory optimization.
[INFO] [1783872115.906039156, 214.184000000]: Footprint model 'polygon' loaded for trajectory optimization.
[INFO] [1783872116.462771196, 214.742000000]: Footprint model 'polygon' loaded for trajectory optimization.
[INFO] [1783872117.059892827, 215.336000000]: Footprint model 'polygon' loaded for trajectory optimization.
[INFO] [1783872117.709908547, 215.984000000]: Footprint model 'polygon' loaded for trajectory optimization.
[INFO] [1783872118.261959671, 216.536000000]: Footprint model 'polygon' loaded for trajectory optimization.
[INFO] [1783872118.857323904, 217.134000000]: Footprint model 'polygon' loaded for trajectory optimization.
[INFO] [1783872119.510294696, 217.782000000]: Footprint model 'polygon' loaded for trajectory optimization.
[INFO] [1783872120.063523739, 218.334000000]: Footprint model 'polygon' loaded for trajectory optimization.
[INFO] [1783872121.553216823, 219.822000000]: GOAL Reached!
[INFO] [1783872121.688074696, 219.956000000]: Footprint model 'polygon' loaded for trajectory optimization.
[INFO] [1783872122.560250611, 220.826000000]: Footprint model 'polygon' loaded for trajectory optimization.
[INFO] [1783872123.254595587, 221.520000000]: Footprint model 'polygon' loaded for trajectory optimization.
[INFO] [1783872124.278311006, 222.542000000]: Footprint model 'polygon' loaded for trajectory optimization.
[INFO] [1783872125.221838173, 223.484000000]: Footprint model 'polygon' loaded for trajectory optimization.
[INFO] [1783872125.786887442, 224.048000000]: Footprint model 'polygon' loaded for trajectory optimization.
[INFO] [1783872126.380668448, 224.640000000]: Footprint model 'polygon' loaded for trajectory optimization.
[INFO] [1783872126.980041025, 225.240000000]: Footprint model 'polygon' loaded for trajectory optimization.
[INFO] [1783872127.629344622, 225.886000000]: Footprint model 'polygon' loaded for trajectory optimization.
[INFO] [1783872128.230316823, 226.486000000]: Footprint model 'polygon' loaded for trajectory optimization.
[INFO] [1783872128.784272731, 227.038000000]: Footprint model 'polygon' loaded for trajectory optimization.
[INFO] [1783872129.434021979, 227.686000000]: Footprint[WARN] [1783871914.632715, 13.266000]: training environment stop requested: safety adapter requested emergency stop
[WARN] [1783871915.734018, 14.364000]: training environment stop requested: safety adapter requested emergency stop
[WARN] [1783871928.080835, 26.692000]: training environment stop requested: safety adapter requested emergency stop
[WARN] [1783871929.194871, 27.802000]: training environment stop requested: safety adapter requested emergency stop
[WARN] [1783871940.929200, 39.514000]: training environment stop requested: safety adapter requested emergency stop
[WARN] [1783871941.978754, 40.562000]: training environment stop requested: safety adapter requested emergency stop
[WARN] [1783871953.938106, 52.502000]: training environment stop requested: safety adapter requested emergency stop
[WARN] [1783871954.997415, 53.560000]: training environment stop requested: safety adapter requested emergency stop
[WARN] [1783871967.159708, 65.698000]: training environment stop requested: safety adapter requested emergency stop
[WARN] [1783871968.818367, 67.360000]: training environment stop requested: safety adapter requested emergency stop
[WARN] [1783871980.676046, 79.192000]: training environment stop requested: safety adapter requested emergency stop
[WARN] [1783871981.722837, 80.240000]: training environment stop requested: safety adapter requested emergency stop
[WARN] [1783871993.532997, 92.028000]: training environment stop requested: safety adapter requested emergency stop
[WARN] [1783871995.382957, 93.876000]: training environment stop requested: safety adapter requested emergency stop
[WARN] [1783872007.090487, 105.564000]: training environment stop requested: safety adapter requested emergency stop
[WARN] [1783872008.701697, 107.172000]: training environment stop requested: safety adapter requested emergency stop
[WARN] [1783872020.478508, 118.926000]: training environment stop requested: safety adapter requested emergency stop
[WARN] [1783872022.094731, 120.540000]: training environment stop requested: safety adapter requested emergency stop
[WARN] [1783872034.414676, 132.838000]: training environment stop requested: safety adapter requested emergency stop
[WARN] [1783872036.095300, 134.516000]: training environment stop requested: safety adapter requested emergency stop
[WARN] [1783872045.594669, 143.998000]: training environment stop requested: safety adapter requested emergency stop
[WARN] [1783872046.677729, 145.080000]: training environment stop requested: safety adapter requested emergency stop
[WARN] [1783872055.032864, 153.424000]: training environment stop requested: safety adapter requested emergency stop
[WARN] [1783872056.091530, 154.480000]: training environment stop requested: safety adapter requested emergency stop
[WARN] [1783872064.751630, 163.122000]: training environment stop requested: safety adapter requested emergency stop
[WARN] [1783872065.873032, 164.242000]: training environment stop requested: safety adapter requested emergency stop
[WARN] [1783872074.545058, 172.898000]: training environment stop requested: safety adapter requested emergency stop
[WARN] [1783872075.588196, 173.940000]: training environment stop requested: safety adapter requested emergency stop
[WARN] [1783872083.960055, 182.296000]: training environment stop requested: safety adapter requested emergency stop
[WARN] [1783872085.087905, 183.422000]: training environment stop requested: safety adapter requested emergency stop
[WARN] [1783872093.541388, 191.860000]: training environment stop requested: safety adapter requested emergency stop
[WARN] [1783872094.686232, 193.002000]: training environment stop requested: safety adapter requested emergency stop
[WARN] [1783872104.386355, 202.686000]: training environment stop requested: safety adapter requested emergency stop
[WARN] [1783872105.465216, 203.762000]: training environment stop requested: safety adapter requested emergency stop
[WARN] [1783872113.779964, 212.062000]: training environment stop requested: safety adapter requested emergency stop
[WARN] [1783872114.880817, 213.160000]: training environment stop requested: safety adapter requested emergency stop
[WARN] [1783872123.112780, 221.378000]: training environment stop requested: safety adapter requested emergency stop
[WARN] [1783872124.195316, 222.460000]: training environment stop requested: safety adapter requested emergency stop
[WARN] [1783872132.565482, 230.812000]: training environment stop requested: safety adapter requested emergency stop
[WARN] [1783872133.655922, 231.900000]: training environment stop requested: safety adapter requested emergency stop
[WARN] [1783872134.765286, 233.010000]: training environment stop requested: adapter_close
schema_version: '1.0'
task: T11
status: passed
run_id: t11_semantic_eta_no_fallback_seed104
algorithm: RL-TEB-Eta-NoFallback
training_seed: 104
safety_mode: NoFallback
episode_count: 70
step_count: 251
failure_count: 40
run_validation:
  valid: true
  run_id: t11_semantic_eta_no_fallback_seed104
  episode_count: 70
  step_count: 251
  verified_checksum_count: 4
selected_checkpoint: /home/robot/robot_ws_base_rl/artifacts/t11/runs/t11_semantic_eta_fullsafety_seed104/checkpoints/step_000500
passed: true
acceptance_override: false

 model 'polygon' loaded for trajectory optimization.
[INFO] [1783872130.974385462, 229.226000000]: GOAL Reached!
[INFO] [1783872131.122562079, 229.374000000]: Footprint model 'polygon' loaded for trajectory optimization.
[INFO] [1783872131.998214563, 230.246000000]: Footprint model 'polygon' loaded for trajectory optimization.
[INFO] [1783872132.688065384, 230.936000000]: Footprint model 'polygon' loaded for trajectory optimization.
[INFO] [1783872133.721412623, 231.968000000]: Footprint model 'polygon' loaded for trajectory optimization.
[INFO] [1783872134.814603126, 233.058000000]: Footprint model 'polygon' loaded for trajectory optimization.
[INFO] [1783872134.844392128, 233.088000000]: Footprint model 'polygon' loaded for trajectory optimization.
[INFO] [1783871900.591989058]: Finished loading Gazebo ROS API Plugin.
[INFO] [1783871900.592600508]: waitForService: Service [/gazebo/set_physics_properties] has not been advertised, waiting...
[INFO] [1783871901.044242192]: waitForService: Service [/gazebo/set_physics_properties] is now available.
[INFO] [1783871901.093719623, 0.046000000]: Physics dynamic reconfigure ready.
[INFO] [1783871901.485889755, 0.376000000]: <initialOrientationAsReference> is unset, using default value of false to comply with REP 145 (world as orientation reference)
[INFO] [1783871901.485927874, 0.376000000]: <robotNamespace> set to: //
[INFO] [1783871901.485935355, 0.376000000]: <topicName> set to: imu/data
[INFO] [1783871901.485940150, 0.376000000]: <frameName> set to: imu_link
[INFO] [1783871901.485958261, 0.376000000]: <updateRateHZ> set to: 50
[INFO] [1783871901.485965082, 0.376000000]: <gaussianNoise> set to: 0
[INFO] [1783871901.485983020, 0.376000000]: <xyzOffset> set to: 0 0 0
[INFO] [1783871901.485998857, 0.376000000]: <rpyOffset> set to: 0 -0 0
[INFO] [1783871901.600474294, 0.376000000]: Laser Plugin: Using the 'robotNamespace' param: '/'
[INFO] [1783871901.600495151, 0.376000000]: Starting Laser Plugin (ns = /)
[INFO] [1783871901.601179389, 0.376000000]: Laser Plugin (ns = /)  <tf_prefix_>, set to ""
[INFO] [1783871901.720513576, 0.376000000]: M2 simulation-only Ackermann interface loaded; cmd_angle_instead_rotvel=false
... logging to /home/robot/.ros/log/806c95d4-7e0a-11f1-91bc-3382cc4c3ed1/roslaunch-WP-307953.log
Checking log directory for disk usage. This may take a while.
Press Ctrl-C to interrupt
]2;/home/robot/robot_ws_base_rl/src/tools/thesis_experiment/launch/t11_formal_run.launch
[1mstarted roslaunch server http://WP:39955/[0m

SUMMARY
========

PARAMETERS
 * /gazebo/enable_ros_network: True
 * /m2_gazebo/simulation_only: True
 * /m2_robot_state_publisher/publish_frequency: 30.0
 * /move_base/TebLocalPlannerROS/acc_lim_theta: 0.8
 * /move_base/TebLocalPlannerROS/acc_lim_x: 0.8
 * /move_base/TebLocalPlannerROS/allow_init_with_backwards_motion: True
 * /move_base/TebLocalPlannerROS/cmd_angle_instead_rotvel: False
 * /move_base/TebLocalPlannerROS/costmap_obstacles_behind_robot_dist: 1.5
 * /move_base/TebLocalPlannerROS/dt_hysteresis: 0.1
 * /move_base/TebLocalPlannerROS/dt_ref: 0.3
 * /move_base/TebLocalPlannerROS/enable_homotopy_class_planning: False
 * /move_base/TebLocalPlannerROS/enable_multithreading: True
 * /move_base/TebLocalPlannerROS/feasibility_check_no_poses: 5
 * /move_base/TebLocalPlannerROS/footprint_model/type: polygon
 * /move_base/TebLocalPlannerROS/footprint_model/vertices: [[0.52, 0.35], [0...
 * /move_base/TebLocalPlannerROS/global_plan_overwrite_orientation: True
 * /move_base/TebLocalPlannerROS/include_costmap_obstacles: True
 * /move_base/TebLocalPlannerROS/inflation_dist: 0.55
 * /move_base/TebLocalPlannerROS/map_frame: odom
 * /move_base/TebLocalPlannerROS/max_global_plan_lookahead_dist: 8.0
 * /move_base/TebLocalPlannerROS/max_number_classes: 4
 * /move_base/TebLocalPlannerROS/max_samples: 500
 * /move_base/TebLocalPlannerROS/max_vel_theta: 1.0
 * /move_base/TebLocalPlannerROS/max_vel_x: 1.2
 * /move_base/TebLocalPlannerROS/max_vel_x_backwards: 0.6
 * /move_base/TebLocalPlannerROS/max_vel_y: 0.0
 * /move_base/TebLocalPlannerROS/min_obstacle_dist: 0.25
 * /move_base/TebLocalPlannerROS/min_turning_radius: 1.2
 * /move_base/TebLocalPlannerROS/obstacle_poses_affected: 15
 * /move_base/TebLocalPlannerROS/odom_topic: /odom
 * /move_base/TebLocalPlannerROS/teb_autosize: True
 * /move_base/TebLocalPlannerROS/weight_acc_lim_theta: 1.0
 * /move_base/TebLocalPlannerROS/weight_acc_lim_x: 1.0
 * /move_base/TebLocalPlannerROS/weight_adapt_factor: 2.0
 * /move_base/TebLocalPlannerROS/weight_inflation: 0.1
 * /move_base/TebLocalPlannerROS/weight_kinematics_forward_drive: 10.0
 * /move_base/TebLocalPlannerROS/weight_kinematics_nh: 1000.0
 * /move_base/TebLocalPlannerROS/weight_kinematics_turning_radius: 10.0
 * /move_base/TebLocalPlannerROS/weight_max_vel_theta: 1.0
 * /move_base/TebLocalPlannerROS/weight_max_vel_x: 2.0
 * /move_base/TebLocalPlannerROS/weight_obstacle: 50.0
 * /move_base/TebLocalPlannerROS/weight_optimaltime: 1.0
 * /move_base/TebLocalPlannerROS/weight_viapoint: 1.0
 * /move_base/TebLocalPlannerROS/wheelbase: 0.65
 * /move_base/base_global_planner: navfn/NavfnROS
 * /move_base/base_local_planner: teb_local_planner...
 * /move_base/clearing_rotation_allowed: False
 * /move_base/controller_frequency: 10.0
 * /move_base/controller_patience: 5.0
 * /move_base/global_costmap/footprint: [[0.52, 0.35], [0...
 * /move_base/global_costmap/footprint_padding: 0.05
 * /move_base/global_costmap/global_frame: odom
 * /move_base/global_costmap/height: 30.0
 * /move_base/global_costmap/inflation_layer/cost_scaling_factor: 4.0
 * /move_base/global_costmap/inflation_layer/enabled: True
 * /move_base/global_costmap/inflation_layer/inflation_radius: 0.55
 * /move_base/global_costmap/obstacle_layer/enabled: True
 * /move_base/global_costmap/obstacle_layer/observation_sources: scan
 * /move_base/global_costmap/obstacle_layer/scan/clearing: True
 * /move_base/global_costmap/obstacle_layer/scan/data_type: LaserScan
 * /move_base/global_costmap/obstacle_layer/scan/inf_is_valid: True
 * /move_base/global_costmap/obstacle_layer/scan/marking: True
 * /move_base/global_costmap/obstacle_layer/scan/obstacle_range: 12.0
 * /move_base/global_costmap/obstacle_layer/scan/raytrace_range: 15.0
 * /move_base/global_costmap/obstacle_layer/scan/sensor_frame: laser_link
 * /move_base/global_costmap/obstacle_layer/scan/topic: /scan
 * /move_base/global_costmap/plugins: [{'name': 'obstac...
 * /move_base/global_costmap/publish_frequency: 2.0
 * /move_base/global_costmap/resolution: 0.05
 * /move_base/global_costmap/robot_base_frame: base_link
 * /move_base/global_costmap/rolling_window: True
 * /move_base/global_costmap/transform_tolerance: 0.3
 * /move_base/global_costmap/update_frequency: 5.0
 * /move_base/global_costmap/width: 30.0
 * /move_base/local_costmap/footprint: [[0.52, 0.35], [0...
 * /move_base/local_costmap/footprint_padding: 0.05
 * /move_base/local_costmap/global_frame: odom
 * /move_base/local_costmap/height: 12.0
 * /move_base/local_costmap/inflation_layer/cost_scaling_factor: 4.0
 * /move_base/local_costmap/inflation_layer/enabled: True
 * /move_base/local_costmap/inflation_layer/inflation_radius: 0.55
 * /move_base/local_costmap/obstacle_layer/enabled: True
 * /move_base/local_costmap/obstacle_layer/observation_sources: scan
 * /move_base/local_costmap/obstacle_layer/scan/clearing: True
 * /move_base/local_costmap/obstacle_layer/scan/data_type: LaserScan
 * /move_base/local_costmap/obstacle_layer/scan/inf_is_valid: True
 * /move_base/local_costmap/obstacle_layer/scan/marking: True
 * /move_base/local_costmap/obstacle_layer/scan/obstacle_range: 12.0
 * /move_base/local_costmap/obstacle_layer/scan/raytrace_range: 15.0
 * /move_base/local_costmap/obstacle_layer/scan/sensor_frame: laser_link
 * /move_base/local_costmap/obstacle_layer/scan/topic: /scan
 * /move_base/local_costmap/plugins: [{'name': 'obstac...
 * /move_base/local_costmap/publish_frequency: 5.0
 * /move_base/local_costmap/resolution: 0.05
 * /move_base/local_costmap/robot_base_frame: base_link
 * /move_base/local_costmap/rolling_window: True
 * /move_base/local_costmap/transform_tolerance: 0.3
 * /move_base/local_costmap/update_frequency: 10.0
 * /move_base/local_costmap/width: 12.0
 * /move_base/oscillation_distance: 0.2
 * /move_base/oscillation_timeout: 10.0
 * /move_base/planner_frequency: 1.0
 * /move_base/planner_patience: 5.0
 * /move_base/recovery_behavior_enabled: False
 * /move_base/shutdown_costmaps: False
 * /robot_description: <?xml version="1....
 * /rosdistro: noetic
 * /rosversion: 1.17.4
 * /t11_formal_run/acceptance_eval_seed_limit: 0
 * /t11_formal_run/acceptance_timesteps: 0
 * /t11_formal_run/algorithm: RL-TEB-Semantic-Eta
 * /t11_formal_run/checkpoint: /home/robot/robot...
 * /t11_formal_run/config: /home/robot/robot...
 * /t11_formal_run/output_dir: /home/robot/robot...
 * /t11_formal_run/phase: ablation
 * /t11_formal_run/run_id: t11_semantic_eta_...
 * /t11_formal_run/safety_mode: NoFallback
 * /t11_formal_run/training_seed: 104
 * /use_sim_time: True

NODES
  /
    gazebo (gazebo_ros/gzserver)
    m2_robot_state_publisher (robot_state_publisher/robot_state_publisher)
    move_base (move_base/move_base)
    spawn_m2 (gazebo_ros/spawn_model)
    t11_formal_run (thesis_experiment/t11_formal_run.py)

auto-starting new master
[1mprocess[master]: started with pid [308009][0m
[1mROS_MASTER_URI=http://localhost:11311[0m
]2;/home/robot/robot_ws_base_rl/src/tools/thesis_experiment/launch/t11_formal_run.launch http://localhost:11311
[1msetting /run_id to 806c95d4-7e0a-11f1-91bc-3382cc4c3ed1[0m
[1mprocess[rosout-1]: started with pid [308042][0m
started core service [/rosout]
[1mprocess[gazebo-2]: started with pid [308049][0m
[1mprocess[spawn_m2-3]: started with pid [308052][0m
[1mprocess[m2_robot_state_publisher-4]: started with pid [308055][0m
[1mprocess[move_base-5]: started with pid [308056][0m
[1mprocess[t11_formal_run-6]: started with pid [308057][0m
[1m[spawn_m2-3] process has finished cleanly
log file: /home/robot/.ros/log/806c95d4-7e0a-11f1-91bc-3382cc4c3ed1/spawn_m2-3*.log[0m
[t11_formal_run-6] killing on exit
[move_base-5] killing on exit
[m2_robot_state_publisher-4] killing on exit
[gazebo-2] killing on exit
[rosout-1] killing on exit
[master] killing on exit
shutting down processing monitor...
[31mWARNING: disk usage in log directory [/home/robot/.ros/log] is over 1GB.
It's recommended that you use the 'rosclean' command.[0m
WARNING: Package name "gazebo_ros_2Dmap_plugin" does not follow the naming conventions. It should start with a lower case letter and only contain lower case letters, digits, underscores, and dashes.
WARNING: Package name "gazebo_ros_2Dmap_plugin" does not follow the naming conventions. It should start with a lower case letter and only contain lower case letters, digits, underscores, and dashes.
[31m================================================================================REQUIRED process [t11_formal_run-6] has died!
process has finished cleanly
log file: /home/robot/.ros/log/806c95d4-7e0a-11f1-91bc-3382cc4c3ed1/t11_formal_run-6*.log
Initiating shutdown!
================================================================================[0m
... shutting down processing monitor complete
[1mdone[0m
