WARNING: Package name "gazebo_ros_2Dmap_plugin" does not follow the naming conventions. It should start with a lower case letter and only contain lower case letters, digits, underscores, and dashes.
xacro: in-order processing became default in ROS Melodic. You can drop the option.
WARNING: Package name "gazebo_ros_2Dmap_plugin" does not follow the naming conventions. It should start with a lower case letter and only contain lower case letters, digits, underscores, and dashes.
WARNING: Package name "gazebo_ros_2Dmap_plugin" does not follow the naming conventions. It should start with a lower case letter and only contain lower case letters, digits, underscores, and dashes.
[INFO] [1783860860.105860, 0.000000]: Loading model XML from ros parameter robot_description
[INFO] [1783860860.108591, 0.000000]: Waiting for service /gazebo/spawn_urdf_model
[INFO] [1783860861.013250, 0.130000]: Calling service /gazebo/spawn_urdf_model
[INFO] [1783860861.225300, 0.174000]: Spawn status: SpawnModel: Successfully spawned entity
[INFO] [1783860861.598276457, 0.436000000]: global_costmap: Using plugin "obstacle_layer"
[INFO] [1783860861.600623444, 0.438000000]:     Subscribed to Topics: scan
[INFO] [1783860861.606037816, 0.444000000]: global_costmap: Using plugin "inflation_layer"
[INFO] [1783860861.617533828, 0.454000000]: local_costmap: Using plugin "obstacle_layer"
[INFO] [1783860861.618318895, 0.456000000]:     Subscribed to Topics: scan
[INFO] [1783860861.622794380, 0.460000000]: local_costmap: Using plugin "inflation_layer"
[INFO] [1783860861.632763186, 0.470000000]: Created local_planner teb_local_planner/TebLocalPlannerROS
[INFO] [1783860861.651473781, 0.488000000]: Footprint model 'polygon' loaded for trajectory optimization.
[INFO] [1783860861.651603974, 0.488000000]: Parallel planning in distinctive topologies disabled.
[INFO] [1783860861.651619163, 0.488000000]: No costmap conversion plugin specified. All occupied costmap cells are treaten as point obstacles.
[INFO] [1783860861.674541328, 0.512000000]: Footprint model 'polygon' loaded for trajectory optimization.
[INFO] [1783860861.843126368, 0.680000000]: Recovery behavior will clear layer 'obstacles'
[INFO] [1783860861.844275919, 0.680000000]: Recovery behavior will clear layer 'obstacles'
[INFO] [1783860861.853318360, 0.690000000]: odom received!
[INFO] [1783860863.388827972, 2.222000000]: Footprint model 'polygon' loaded for trajectory optimization.
[INFO] [1783860863.942221857, 2.776000000]: Footprint model 'polygon' loaded for trajectory optimization.
[INFO] [1783860864.539297669, 3.370000000]: Footprint model 'polygon' loaded for trajectory optimization.
[INFO] [1783860865.142978560, 3.972000000]: Footprint model 'polygon' loaded for trajectory optimization.
[INFO] [1783860866.634967719, 5.462000000]: GOAL Reached!
[INFO] [1783860866.688537721, 5.516000000]: Footprint model 'polygon' loaded for trajectory optimization.
[INFO] [1783860867.555868526, 6.382000000]: Footprint model 'polygon' loaded for trajectory optimization.
[INFO] [1783860868.099172076, 6.924000000]: Footprint model 'polygon' loaded for trajectory optimization.
[INFO] [1783860868.698291767, 7.520000000]: Footprint model 'polygon' loaded for trajectory optimization.
[INFO] [1783860869.346972095, 8.170000000]: Footprint model 'polygon' loaded for trajectory optimization.
[INFO] [1783860870.791882758, 9.610000000]: GOAL Reached!
[INFO] [1783860870.879592953, 9.700000000]: Footprint model 'polygon' loaded for trajectory optimization.
[INFO] [1783860871.744529107, 10.560000000]: Footprint model 'polygon' loaded for trajectory optimization.
[INFO] [1783860872.290489314, 11.106000000]: Footprint model 'polygon' loaded for trajectory optimization.
[INFO] [1783860872.889413529, 11.704000000]: Footprint model 'polygon' loaded for trajectory optimization.
[INFO] [1783860873.537780741, 12.352000000]: Footprint model 'polygon' loaded for trajectory optimization.
[INFO] [1783860874.979174583, 13.792000000]: GOAL Reached!
[INFO] [1783860875.068225189, 13.880000000]: Footprint model 'polygon' loaded for trajectory optimization.
[INFO] [1783860875.930789343, 14.744000000]: Footprint model 'polygon' loaded for trajectory optimization.
[INFO] [1783860876.573922816, 15.384000000]: Footprint model 'polygon' loaded for trajectory optimization.
[INFO] [1783860877.173212083, 15.984000000]: Footprint model 'polygon' loaded for trajectory optimization.
[INFO] [1783860877.773051564, 16.582000000]: Footprint model 'polygon' loaded for trajectory optimization.
[INFO] [1783860879.265887804, 18.070000000]: GOAL Reached!
[INFO] [1783860879.355119260, 18.160000000]: Footprint model 'polygon' loaded for trajectory optimization.
[INFO] [1783860880.219708510, 19.022000000]: Footprint model 'polygon' loaded for trajectory optimization.
[INFO] [1783860880.770282746, 19.574000000]: Footprint model 'polygon' loaded for trajectory optimization.
[INFO] [1783860881.366313508, 20.168000000]: Footprint model 'polygon' loaded for trajectory optimization.
[INFO] [1783860883.257361852, 22.058000000]: GOAL Reached!
[INFO] [1783860883.356104735, 22.156000000]: [INFO] [1783860860.320284196]: Finished loading Gazebo ROS API Plugin.
[INFO] [1783860860.321154692]: waitForService: Service [/gazebo/set_physics_properties] has not been advertised, waiting...
[INFO] [1783860860.875948590]: waitForService: Service [/gazebo/set_physics_properties] is now available.
[INFO] [1783860860.918664908, 0.038000000]: Physics dynamic reconfigure ready.
[INFO] [1783860861.117287927, 0.174000000]: <initialOrientationAsReference> is unset, using default value of false to comply with REP 145 (world as orientation reference)
[INFO] [1783860861.117328043, 0.174000000]: <robotNamespace> set to: //
[INFO] [1783860861.117334788, 0.174000000]: <topicName> set to: imu/data
[INFO] [1783860861.117340924, 0.174000000]: <frameName> set to: imu_link
[INFO] [1783860861.117360051, 0.174000000]: <updateRateHZ> set to: 50
[INFO] [1783860861.117367857, 0.174000000]: <gaussianNoise> set to: 0
[INFO] [1783860861.117390195, 0.174000000]: <xyzOffset> set to: 0 0 0
[INFO] [1783860861.117406817, 0.174000000]: <rpyOffset> set to: 0 -0 0
[INFO] [1783860861.231101852, 0.174000000]: Laser Plugin: Using the 'robotNamespace' param: '/'
[INFO] [1783860861.231124802, 0.174000000]: Starting Laser Plugin (ns = /)
[INFO] [1783860861.232165614, 0.174000000]: Laser Plugin (ns = /)  <tf_prefix_>, set to ""
[INFO] [1783860861.335844336, 0.174000000]: M2 simulation-only Ackermann interface loaded; cmd_angle_instead_rotvel=false
Footprint model 'polygon' loaded for trajectory optimization.
[INFO] [1783860884.227553287, 23.024000000]: Footprint model 'polygon' loaded for trajectory optimization.
[INFO] [1783860884.779753417, 23.574000000]: Footprint model 'polygon' loaded for trajectory optimization.
[INFO] [1783860885.376750551, 24.172000000]: Footprint model 'polygon' loaded for trajectory optimization.
[INFO] [1783860885.979730549, 24.772000000]: Footprint model 'polygon' loaded for trajectory optimization.
[INFO] [1783860887.569052825, 26.360000000]: GOAL Reached!
[INFO] [1783860887.659774528, 26.450000000]: Footprint model 'polygon' loaded for trajectory optimization.
[INFO] [1783860888.534821990, 27.322000000]: Footprint model 'polygon' loaded for trajectory optimization.
[INFO] [1783860889.120180595, 27.908000000]: Footprint model 'polygon' loaded for trajectory optimization.
[INFO] [1783860889.821084635, 28.608000000]: Footprint model 'polygon' loaded for trajectory optimization.
[INFO] [1783860891.664231274, 30.448000000]: GOAL Reached!
[INFO] [1783860891.750355805, 30.536000000]: Footprint model 'polygon' loaded for trajectory optimization.
[INFO] [1783860892.599704258, 31.382000000]: Footprint model 'polygon' loaded for trajectory optimization.
[INFO] [1783860893.153714010, 31.934000000]: Footprint model 'polygon' loaded for trajectory optimization.
[INFO] [1783860893.753680447, 32.534000000]: Footprint model 'polygon' loaded for trajectory optimization.
[INFO] [1783860894.403616998, 33.182000000]: Footprint model 'polygon' loaded for trajectory optimization.
[INFO] [1783860895.745840679, 34.522000000]: GOAL Reached!
[INFO] [1783860895.831398939, 34.608000000]: Footprint model 'polygon' loaded for trajectory optimization.
[INFO] [1783860896.686556250, 35.460000000]: Footprint model 'polygon' loaded for trajectory optimization.
[INFO] [1783860897.236993141, 36.010000000]: Footprint model 'polygon' loaded for trajectory optimization.
[INFO] [1783860897.885163261, 36.658000000]: Footprint model 'polygon' loaded for trajectory optimization.
[WARN] [1783860898.716439, 36.890000]: training environment stop requested: ROSInterruptException: ROS shutdown request
[WARN] [1783860898.796594, 36.890000]: training environment stop requested: adapter_close
Traceback (most recent call last):
  File "/home/robot/robot_ws_base_rl/src/tools/thesis_experiment/src/thesis_experiment/t11_training.py", line 451, in run
    return self._train(raw_vec, recorded, recorder)
  File "/home/robot/robot_ws_base_rl/src/tools/thesis_experiment/src/thesis_experiment/t11_training.py", line 476, in _train
    model.learn(total_timesteps=total_timesteps,
  File "/home/robot/robot_ws_base_rl/.venv/lib/python3.8/site-packages/stable_baselines3/sac/sac.py", line 307, in learn
    return super().learn(
  File "/home/robot/robot_ws_base_rl/.venv/lib/python3.8/site-packages/stable_baselines3/common/off_policy_algorithm.py", line 328, in learn
    rollout = self.collect_rollouts(
  File "/home/robot/robot_ws_base_rl/.venv/lib/python3.8/site-packages/stable_baselines3/common/off_policy_algorithm.py", line 560, in collect_rollouts
    new_obs, rewards, dones, infos = env.step(actions)
  File "/home/robot/robot_ws_base_rl/.venv/lib/python3.8/site-packages/stable_baselines3/common/vec_env/base_vec_env.py", line 206, in step
    return self.step_wait()
  File "/home/robot/robot_ws_base_rl/.venv/lib/python3.8/site-packages/stable_baselines3/common/vec_env/vec_normalize.py", line 181, in step_wait
    obs, rewards, dones, infos = self.venv.step_wait()
  File "/home/robot/robot_ws_base_rl/.venv/lib/python3.8/site-packages/stable_baselines3/common/vec_env/dummy_vec_env.py", line 70, in step_wait
    obs, self.reset_infos[env_idx] = self.envs[env_idx].reset()
  File "/home/robot/robot_ws_base_rl/src/tools/thesis_experiment/src/thesis_experiment/t11_training.py", line 250, in reset
    observation, info = self.env.reset(**kwargs)
  File "/home/robot/robot_ws_base_rl/src/application/teb_rl_tuner/src/teb_rl_tuner/sac_environment.py", line 89, in reset
    observation, info = self.core.reset(seed=seed)
  File "/home/robot/robot_ws_base_rl/src/application/teb_rl_tuner/src/teb_rl_tuner/training_environment.py", line 218, in reset
    self._restore_snapshot()
  File "/home/robot/robot_ws_base_rl/src/application/teb_rl_tuner/src/teb_rl_tuner/training_environment.py", line 210, in _restore_snapshot
    self.adapter.restore_parameter_snapshot(self._snapshot)
  File "/home/robot/robot_ws_base_rl/src/tools/thesis_experiment/src/thesis_experiment/gazebo_training_adapter.py", line 293, in restore_parameter_snapshot
    record = self.parameter_client.apply(snapshot)
  File "/home/robot/robot_ws_base_rl/src/application/teb_rl_tuner/src/teb_rl_tuner/teb_parameter_client.py", line 263, in apply
    raise exc
  File "/home/robot/robot_ws_base_rl/src/application/teb_rl_tuner/src/teb_rl_tuner/teb_parameter_client.py", line 231, in apply
    ack_raw = self._backend.update_configuration(request, self._timeout_s)
  File "/home/robot/robot_ws_base_rl/src/application/teb_rl_tuner/src/teb_rl_tuner/teb_parameter_client.py", line 390, in update_configuration
    return _daemon_call(lambda: self._client.update_configuration(dict(values)), timeout_s)
  File "/home/robot/robot_ws_base_rl/src/application/teb_rl_tuner/src/teb_rl_tuner/teb_parameter_client.py", line 352, in _daemon_call
    raise TebParameterError("dynamic_reconfigure service call failed: {}".format(value))
teb_rl_tuner.teb_parameter_client.TebParameterError: dynamic_reconfigure service call failed: service call failed

During handling of the above exception, another exception occurred:

Traceback (most recent call last):
  File "/home/robot/robot_ws_base_rl/src/tools/thesis_experiment/src/thesis_experiment/gazebo_training_adapter.py", line 530, in close
    self.parameter_client.restore()
  File "/home/robot/robot_ws_base_rl/src/application/teb_rl_tuner/src/teb_rl_tuner/teb_parameter_client.py", line 303, in restore
    return self._restore_snapshot()
  File "/home/robot/robot_ws_base_rl/src/application/teb_rl_tuner/src/teb_rl_tuner/teb_parameter_client.py", line 273, in _restore_snapshot
    ack_raw = self._backend.update_configuration(self._snapshot, self._timeout_s)
  File "/home/robot/robot_ws_base_rl/src/application/teb_rl_tuner/src/teb_rl_tuner/teb_parameter_client.py", line 390, in update_configuration
    return _daemon_call(lambda: self._client.update_configuration(dict(values)), timeout_s)
  File "/home/robot/robot_ws_base_rl/src/application/teb_rl_tuner/src/teb_rl_tuner/teb_parameter_client.py", line 352, in _daemon_call
    raise TebParameterError("dynamic_reconfigure service call failed: {}".format(value))
teb_rl_tuner.teb_parameter_client.TebParameterError: dynamic_reconfigure service call failed: service call failed

During handling of the above exception, another exception occurred:

Traceback (most recent call last):
  File "/home/robot/robot_ws_base_rl/devel/lib/thesis_experiment/t11_formal_run.py", line 15, in <module>
    exec(compile(fh.read(), python_script, 'exec'), context)
  File "/home/robot/robot_ws_base_rl/src/tools/thesis_experiment/scripts/t11_formal_run.py", line 20, in <module>
    sys.exit(main())
  File "/home/robot/robot_ws_base_rl/src/tools/thesis_experiment/scripts/t11_formal_run.py", line 14, in main
    report = T11FormalRunner().run()
  File "/home/robot/robot_ws_base_rl/src/tools/thesis_experiment/src/thesis_experiment/t11_training.py", line 455, in run
    self.adapter.close()
  File "/home/robot/robot_ws_base_rl/src/tools/thesis_experiment/src/thesis_experiment/gazebo_training_adapter.py", line 532, in close
    self.parameter_client.close()
  File "/home/robot/robot_ws_base_rl/src/application/teb_rl_tuner/src/teb_rl_tuner/teb_parameter_client.py", line 318, in close
    self._restore_snapshot(operation="close_restore")
  File "/home/robot/robot_ws_base_rl/src/application/teb_rl_tuner/src/teb_rl_tuner/teb_parameter_client.py", line 273, in _restore_snapshot
    ack_raw = self._backend.update_configuration(self._snapshot, self._timeout_s)
  File "/home/robot/robot_ws_base_rl/src/application/teb_rl_tuner/src/teb_rl_tuner/teb_parameter_client.py", line 390, in update_configuration
    return _daemon_call(lambda: self._client.update_configuration(dict(values)), timeout_s)
  File "/home/robot/robot_ws_base_rl/src/application/teb_rl_tuner/src/teb_rl_tuner/teb_parameter_client.py", line 352, in _daemon_call
    raise TebParameterError("dynamic_reconfigure service call failed: {}".format(value))
teb_rl_tuner.teb_parameter_client.TebParameterError: dynamic_reconfigure service call failed: service call failed
[31mWARNING: disk usage in log directory [/home/robot/.ros/log] is over 1GB.
It's recommended that you use the 'rosclean' command.[0m
WARNING: Package name "gazebo_ros_2Dmap_plugin" does not follow the naming conventions. It should start with a lower case letter and only contain lower case letters, digits, underscores, and dashes.
WARNING: Package name "gazebo_ros_2Dmap_plugin" does not follow the naming conventions. It should start with a lower case letter and only contain lower case letters, digits, underscores, and dashes.
... logging to /home/robot/.ros/log/cbea5d44-7df0-11f1-91bc-3382cc4c3ed1/roslaunch-WP-157131.log
Checking log directory for disk usage. This may take a while.
Press Ctrl-C to interrupt
]2;/home/robot/robot_ws_base_rl/src/tools/thesis_experiment/launch/t11_formal_run.launch
[1mstarted roslaunch server http://WP:46361/[0m

SUMMARY
========

PARAMETERS
 * /gazebo/enable_ros_network: True
 * /m2_gazebo/simulation_only: True
 * /m2_robot_state_publisher/publish_frequency: 30.0
 * /move_base/TebLocalPlannerROS/acc_lim_theta: 0.8
 * /move_base/TebLocalPlannerROS/acc_lim_x: 0.8
 * /move_base/TebLocalPlannerROS/allow_init_with_backwards_motion: True
 * /move_base/TebLocalPlannerROS/cmd_angle_instead_rotvel: False
 * /move_base/TebLocalPlannerROS/costmap_obstacles_behind_robot_dist: 1.5
 * /move_base/TebLocalPlannerROS/dt_hysteresis: 0.1
 * /move_base/TebLocalPlannerROS/dt_ref: 0.3
 * /move_base/TebLocalPlannerROS/enable_homotopy_class_planning: False
 * /move_base/TebLocalPlannerROS/enable_multithreading: True
 * /move_base/TebLocalPlannerROS/feasibility_check_no_poses: 5
 * /move_base/TebLocalPlannerROS/footprint_model/type: polygon
 * /move_base/TebLocalPlannerROS/footprint_model/vertices: [[0.52, 0.35], [0...
 * /move_base/TebLocalPlannerROS/global_plan_overwrite_orientation: True
 * /move_base/TebLocalPlannerROS/include_costmap_obstacles: True
 * /move_base/TebLocalPlannerROS/inflation_dist: 0.55
 * /move_base/TebLocalPlannerROS/map_frame: odom
 * /move_base/TebLocalPlannerROS/max_global_plan_lookahead_dist: 8.0
 * /move_base/TebLocalPlannerROS/max_number_classes: 4
 * /move_base/TebLocalPlannerROS/max_samples: 500
 * /move_base/TebLocalPlannerROS/max_vel_theta: 1.0
 * /move_base/TebLocalPlannerROS/max_vel_x: 1.2
 * /move_base/TebLocalPlannerROS/max_vel_x_backwards: 0.6
 * /move_base/TebLocalPlannerROS/max_vel_y: 0.0
 * /move_base/TebLocalPlannerROS/min_obstacle_dist: 0.25
 * /move_base/TebLocalPlannerROS/min_turning_radius: 1.2
 * /move_base/TebLocalPlannerROS/obstacle_poses_affected: 15
 * /move_base/TebLocalPlannerROS/odom_topic: /odom
 * /move_base/TebLocalPlannerROS/teb_autosize: True
 * /move_base/TebLocalPlannerROS/weight_acc_lim_theta: 1.0
 * /move_base/TebLocalPlannerROS/weight_acc_lim_x: 1.0
 * /move_base/TebLocalPlannerROS/weight_adapt_factor: 2.0
 * /move_base/TebLocalPlannerROS/weight_inflation: 0.1
 * /move_base/TebLocalPlannerROS/weight_kinematics_forward_drive: 10.0
 * /move_base/TebLocalPlannerROS/weight_kinematics_nh: 1000.0
 * /move_base/TebLocalPlannerROS/weight_kinematics_turning_radius: 10.0
 * /move_base/TebLocalPlannerROS/weight_max_vel_theta: 1.0
 * /move_base/TebLocalPlannerROS/weight_max_vel_x: 2.0
 * /move_base/TebLocalPlannerROS/weight_obstacle: 50.0
 * /move_base/TebLocalPlannerROS/weight_optimaltime: 1.0
 * /move_base/TebLocalPlannerROS/weight_viapoint: 1.0
 * /move_base/TebLocalPlannerROS/wheelbase: 0.65
 * /move_base/base_global_planner: navfn/NavfnROS
 * /move_base/base_local_planner: teb_local_planner...
 * /move_base/clearing_rotation_allowed: False
 * /move_base/controller_frequency: 10.0
 * /move_base/controller_patience: 5.0
 * /move_base/global_costmap/footprint: [[0.52, 0.35], [0...
 * /move_base/global_costmap/footprint_padding: 0.05
 * /move_base/global_costmap/global_frame: odom
 * /move_base/global_costmap/height: 30.0
 * /move_base/global_costmap/inflation_layer/cost_scaling_factor: 4.0
 * /move_base/global_costmap/inflation_layer/enabled: True
 * /move_base/global_costmap/inflation_layer/inflation_radius: 0.55
 * /move_base/global_costmap/obstacle_layer/enabled: True
 * /move_base/global_costmap/obstacle_layer/observation_sources: scan
 * /move_base/global_costmap/obstacle_layer/scan/clearing: True
 * /move_base/global_costmap/obstacle_layer/scan/data_type: LaserScan
 * /move_base/global_costmap/obstacle_layer/scan/inf_is_valid: True
 * /move_base/global_costmap/obstacle_layer/scan/marking: True
 * /move_base/global_costmap/obstacle_layer/scan/obstacle_range: 12.0
 * /move_base/global_costmap/obstacle_layer/scan/raytrace_range: 15.0
 * /move_base/global_costmap/obstacle_layer/scan/sensor_frame: laser_link
 * /move_base/global_costmap/obstacle_layer/scan/topic: /scan
 * /move_base/global_costmap/plugins: [{'name': 'obstac...
 * /move_base/global_costmap/publish_frequency: 2.0
 * /move_base/global_costmap/resolution: 0.05
 * /move_base/global_costmap/robot_base_frame: base_link
 * /move_base/global_costmap/rolling_window: True
 * /move_base/global_costmap/transform_tolerance: 0.3
 * /move_base/global_costmap/update_frequency: 5.0
 * /move_base/global_costmap/width: 30.0
 * /move_base/local_costmap/footprint: [[0.52, 0.35], [0...
 * /move_base/local_costmap/footprint_padding: 0.05
 * /move_base/local_costmap/global_frame: odom
 * /move_base/local_costmap/height: 12.0
 * /move_base/local_costmap/inflation_layer/cost_scaling_factor: 4.0
 * /move_base/local_costmap/inflation_layer/enabled: True
 * /move_base/local_costmap/inflation_layer/inflation_radius: 0.55
 * /move_base/local_costmap/obstacle_layer/enabled: True
 * /move_base/local_costmap/obstacle_layer/observation_sources: scan
 * /move_base/local_costmap/obstacle_layer/scan/clearing: True
 * /move_base/local_costmap/obstacle_layer/scan/data_type: LaserScan
 * /move_base/local_costmap/obstacle_layer/scan/inf_is_valid: True
 * /move_base/local_costmap/obstacle_layer/scan/marking: True
 * /move_base/local_costmap/obstacle_layer/scan/obstacle_range: 12.0
 * /move_base/local_costmap/obstacle_layer/scan/raytrace_range: 15.0
 * /move_base/local_costmap/obstacle_layer/scan/sensor_frame: laser_link
 * /move_base/local_costmap/obstacle_layer/scan/topic: /scan
 * /move_base/local_costmap/plugins: [{'name': 'obstac...
 * /move_base/local_costmap/publish_frequency: 5.0
 * /move_base/local_costmap/resolution: 0.05
 * /move_base/local_costmap/robot_base_frame: base_link
 * /move_base/local_costmap/rolling_window: True
 * /move_base/local_costmap/transform_tolerance: 0.3
 * /move_base/local_costmap/update_frequency: 10.0
 * /move_base/local_costmap/width: 12.0
 * /move_base/oscillation_distance: 0.2
 * /move_base/oscillation_timeout: 10.0
 * /move_base/planner_frequency: 1.0
 * /move_base/planner_patience: 5.0
 * /move_base/recovery_behavior_enabled: False
 * /move_base/shutdown_costmaps: False
 * /robot_description: <?xml version="1....
 * /rosdistro: noetic
 * /rosversion: 1.17.4
 * /t11_formal_run/acceptance_eval_seed_limit: 0
 * /t11_formal_run/acceptance_timesteps: 0
 * /t11_formal_run/algorithm: RL-TEB-Semantic-Eta
 * /t11_formal_run/checkpoint: 
 * /t11_formal_run/config: /home/robot/robot...
 * /t11_formal_run/output_dir: /home/robot/robot...
 * /t11_formal_run/phase: train
 * /t11_formal_run/run_id: t11_semantic_eta_...
 * /t11_formal_run/safety_mode: FullSafety
 * /t11_formal_run/training_seed: 102
 * /use_sim_time: True

NODES
  /
    gazebo (gazebo_ros/gzserver)
    m2_robot_state_publisher (robot_state_publisher/robot_state_publisher)
    move_base (move_base/move_base)
    spawn_m2 (gazebo_ros/spawn_model)
    t11_formal_run (thesis_experiment/t11_formal_run.py)

auto-starting new master
[1mprocess[master]: started with pid [157331][0m
[1mROS_MASTER_URI=http://localhost:11311[0m
]2;/home/robot/robot_ws_base_rl/src/tools/thesis_experiment/launch/t11_formal_run.launch http://localhost:11311
[1msetting /run_id to cbea5d44-7df0-11f1-91bc-3382cc4c3ed1[0m
[1mprocess[rosout-1]: started with pid [157420][0m
started core service [/rosout]
[1mprocess[gazebo-2]: started with pid [157431][0m
[1mprocess[spawn_m2-3]: started with pid [157435][0m
[1mprocess[m2_robot_state_publisher-4]: started with pid [157437][0m
[1mprocess[move_base-5]: started with pid [157440][0m
[1mprocess[t11_formal_run-6]: started with pid [157441][0m
[1m[spawn_m2-3] process has finished cleanly
log file: /home/robot/.ros/log/cbea5d44-7df0-11f1-91bc-3382cc4c3ed1/spawn_m2-3*.log[0m
[t11_formal_run-6] killing on exit
[move_base-5] killing on exit
[m2_robot_state_publisher-4] killing on exit
[gazebo-2] killing on exit
[rosout-1] killing on exit
[master] killing on exit
shutting down processing monitor...
... shutting down processing monitor complete
[1mdone[0m
