WARNING: Package name "gazebo_ros_2Dmap_plugin" does not follow the naming conventions. It should start with a lower case letter and only contain lower case letters, digits, underscores, and dashes.
xacro: in-order processing became default in ROS Melodic. You can drop the option.
WARNING: Package name "gazebo_ros_2Dmap_plugin" does not follow the naming conventions. It should start with a lower case letter and only contain lower case letters, digits, underscores, and dashes.
WARNING: Package name "gazebo_ros_2Dmap_plugin" does not follow the naming conventions. It should start with a lower case letter and only contain lower case letters, digits, underscores, and dashes.
[INFO] [1783860900.970024, 0.000000]: Loading model XML from ros parameter robot_description
[INFO] [1783860900.973670, 0.000000]: Waiting for service /gazebo/spawn_urdf_model
[INFO] [1783860901.878298, 0.234000]: Calling service /gazebo/spawn_urdf_model
[INFO] [1783860902.197176, 0.376000]: Spawn status: SpawnModel: Successfully spawned entity
[INFO] [1783860902.589247791, 0.642000000]: global_costmap: Using plugin "obstacle_layer"
[INFO] [1783860902.594449498, 0.646000000]:     Subscribed to Topics: scan
[INFO] [1783860902.603744446, 0.656000000]: global_costmap: Using plugin "inflation_layer"
[INFO] [1783860902.617047429, 0.670000000]: local_costmap: Using plugin "obstacle_layer"
[INFO] [1783860902.617799247, 0.670000000]:     Subscribed to Topics: scan
[INFO] [1783860902.621918828, 0.674000000]: local_costmap: Using plugin "inflation_layer"
[INFO] [1783860902.632641465, 0.686000000]: Created local_planner teb_local_planner/TebLocalPlannerROS
[INFO] [1783860902.650110099, 0.704000000]: Footprint model 'polygon' loaded for trajectory optimization.
[INFO] [1783860902.650229954, 0.704000000]: Parallel planning in distinctive topologies disabled.
[INFO] [1783860902.650241480, 0.704000000]: No costmap conversion plugin specified. All occupied costmap cells are treaten as point obstacles.
[INFO] [1783860902.672144936, 0.726000000]: Footprint model 'polygon' loaded for trajectory optimization.
[INFO] [1783860902.841321214, 0.896000000]: Recovery behavior will clear layer 'obstacles'
[INFO] [1783860902.842881033, 0.898000000]: Recovery behavior will clear layer 'obstacles'
[INFO] [1783860902.857123234, 0.912000000]: odom received!
[INFO] [1783860904.575332130, 2.624000000]: Footprint model 'polygon' loaded for trajectory optimization.
[INFO] [1783860905.185671884, 3.234000000]: Footprint model 'polygon' loaded for trajectory optimization.
[INFO] [1783860905.732037680, 3.778000000]: Footprint model 'polygon' loaded for trajectory optimization.
[INFO] [1783860906.383940556, 4.430000000]: Footprint model 'polygon' loaded for trajectory optimization.
[INFO] [1783860907.825966334, 5.870000000]: GOAL Reached!
[INFO] [1783860907.917717115, 5.962000000]: Footprint model 'polygon' loaded for trajectory optimization.
[INFO] [1783860908.781084913, 6.824000000]: Footprint model 'polygon' loaded for trajectory optimization.
[INFO] [1783860909.481920620, 7.522000000]: Footprint model 'polygon' loaded for trajectory optimization.
[INFO] [1783860910.029076717, 8.068000000]: Footprint model 'polygon' loaded for trajectory optimization.
[INFO] [1783860912.020184541, 10.058000000]: GOAL Reached!
[INFO] [1783860912.115510822, 10.152000000]: Footprint model 'polygon' loaded for trajectory optimization.
[INFO] [1783860912.986435200, 11.022000000]: Footprint model 'polygon' loaded for trajectory optimization.
[INFO] [1783860913.524355474, 11.560000000]: Footprint model 'polygon' loaded for trajectory optimization.
[INFO] [1783860914.125608420, 12.160000000]: Footprint model 'polygon' loaded for trajectory optimization.
[INFO] [1783860914.726960256, 12.760000000]: Footprint model 'polygon' loaded for trajectory optimization.
[INFO] [1783860916.217146727, 14.248000000]: GOAL Reached!
[INFO] [1783860916.315461614, 14.346000000]: Footprint model 'polygon' loaded for trajectory optimization.
[INFO] [1783860917.191782542, 15.220000000]: Footprint model 'polygon' loaded for trajectory optimization.
[INFO] [1783860917.792292693, 15.820000000]: Footprint model 'polygon' loaded for trajectory optimization.
[INFO] [1783860918.346723508, 16.372000000]: Footprint model 'polygon' loaded for trajectory optimization.
[INFO] [1783860918.945012052, 16.972000000]: Footprint model 'polygon' loaded for trajectory optimization.
[INFO] [1783860920.435681389, 18.460000000]: GOAL Reached!
[INFO] [1783860920.536258318, 18.560000000]: Footprint model 'polygon' loaded for trajectory optimization.
[INFO] [1783860921.400254234, 19.424000000]: Footprint model 'polygon' loaded for trajectory optimization.
[INFO] [1783860921.996121831, 20.018000000]: Footprint model 'polygon' loaded for trajectory optimization.
[INFO] [1783860922.547758170, 20.566000000]: Footprint model 'polygon' loaded for trajectory optimization.
[INFO] [1783860923.147004157, 21.166000000]: Footprint model 'polygon' loaded for trajectory optimization.
[INFO] [1783860924.437237949, 22.454000000]: GOAL Reached!
[INFO] [1783860924.520143305, 22.536000000]: Footprint model 'polygon' loaded for trajectory optimization.
[INFO] [1783860925.390825641, 23.404000000]: Footprint model 'polygon' loaded for trajectory optimization.
[INFO] [1783860926.042647658, 24.054000000]: Footprint model 'polygon' loaded for trajectory optimization.
[INFO] [1783860926.639174558, 24.652000000]: Footprint model 'polygon' loaded for trajectory optimization.
[INFO] [1783860927.291886382, 25.302000000]: Footprint model 'polygon' loaded for trajectory optimization.
[INFO] [1783860928.731604468, 26.740000000]: GOAL Reached!
[INFO] [1783860928.817494262, 26.826000000]: Footprint model 'polygon' loaded for trajectory optimization.
[INFO] [1783860929.678961253, 27.684000000]: Footprint model 'polygon' loaded for trajectory optimization.
[INFO] [1783860930.380438230, 28.384000000]: Footprint model 'polygon' loaded for trajectory optimization.
[INFO] [1783860930.979877341, 28.984000000]: Footprint model 'polygon' loaded for trajectory optimization.
[INFO] [1783860932.820150847, 30.822000000]: GOAL Reached!
[INFO] [1783860932.909191893, 30.912000000]: Footprint model 'polygon' loaded for trajectory optimization.
[INFO] [1783860933.782200920, 31.784000000]: Footprint model 'polygon' loaded for trajectory optimization.
[INFO] [1783860934.377764087, 32.376000000]: Footprint model 'polygon' loaded for trajectory optimization.
[INFO] [1783860934.922978132, 32.922000000]: Footprint model 'polygon' loaded for trajectory optimization.
[INFO] [1783860935.523593160, 33.522000000]: Footprint model 'polygon' loaded for trajectory optimization.
[INFO] [1783860937.016534496, 35.012000000]: GOAL Reached!
[INFO] [1783860937.101682895, 35.096000000]: Footprint model 'polygon' loaded for trajectory optimization.
[INFO] [1783860937.970211792, 35.966000000]: Footprint model 'polygon' loaded for trajectory optimization.
[INFO] [1783860938.659511027, 36.652000000]: Footprint model 'polygon' loaded for trajectory optimization.
[INFO] [1783860939.266193085, 37.256000000]: Footprint model 'polygon' loaded for trajectory optimization.
[INFO] [1783860939.860380171, 37.852000000]: Footprint model 'polygon' loaded for trajectory optimization.
[INFO] [1783860941.205313501, 39.194000000]: GOAL Reached!
[INFO] [1783860941.290390610, 39.278000000]: Footprint model 'polygon' loaded for trajectory optimization.
[INFO] [1783860942.157399607, 40.144000000]: Footprint model 'polygon' loaded for trajectory optimization.
[INFO] [1783860942.749297781, 40.736000000]: Footprint model 'polygon' loaded for trajectory optimization.
[INFO] [1783860943.345583958, 41.330000000]: Footprint model 'polygon' loaded for trajectory optimization.
[INFO] [1783860943.897850807, 41.882000000]: Footprint model 'polygon' loaded for trajectory optimization.
[INFO] [1783860945.388504459, 43.372000000]: GOAL Reached!
[INFO] [1783860945.490880111, 43.472000000]: Footprint model 'polygon' loaded for trajectory optimization.
[INFO] [1783860946.363192751, 44.344000000]: Footprint model 'polygon' loaded for trajectory optimization.
[INFO] [1783860947.054225502, 45.032000000]: Footprint model 'polygon' loaded for trajectory optimization.
[INFO] [1783860947.652940245, 45.632000000]: Footprint model 'polygon' loaded for trajectory optimization.
[INFO] [1783860949.397716233, 47.372000000]: GOAL Reached!
[INFO] [1783860949.483931371, 47.456000000]: Footprint model 'polygon' loaded for trajectory optimization.
[INFO] [1783860950.333845004, 48.306000000]: Footprint model 'polygon' loaded for trajectory optimization.
[INFO] [1783860950.882124808, 48.854000000]: Footprint model 'polygon' loaded for trajectory optimization.
[INFO] [1783860951.534697014, 49.506000000]: Footprint model 'polygon' loaded for trajectory optimization.
[INFO] [1783860952.085889159, 50.054000000]: Footprint model 'polygon' loaded for trajectory optimization.
[INFO] [1783860953.478060819, 51.444000000]: GOAL Reached!
[INFO] [1783860953.557612665, 51.524000000]: Footprint model 'polygon' loaded for trajectory optimization.
[INFO] [1783860954.419022352, 52.384000000]: Footprint model 'polygon' loaded for trajectory optimization.
[INFO] [1783860955.009697453, 52.976000000]: Footprint model 'polygon' loaded for trajectory optimization.
[INFO] [1783860955.660524417, 53.626000000]: Footprint model 'polygon' loaded for trajectory optimization.
[INFO] [1783860957.652487036, 55.612000000]: GOAL Reached!
[INFO] [1783860957.752234719, 55.712000000]: Footprint model 'polygon' loaded for trajectory optimization.
[INFO] [1783860958.627992613, 56.584000000]: Footprint model 'polygon' loaded for trajectory optimization.
[INFO] [1783860959.171808697, 57.128000000]: Footprint model 'polygon' loaded for trajectory optimization.
[INFO] [1783860959.820959372, 57.778000000]: Footprint model 'polygon' loaded for trajectory optimization.
[INFO] [1783860960.415671743, 58.370000000]: Footprint model 'polygon' loaded for trajectory optimization.
[INFO] [1783860961.761397056, 59.714000000]: GOAL Reached!
[INFO] [1783860961.866992675, 59.820000000]: Footprint model 'polygon' loaded for trajectory optimization.
[INFO] [1783860962.732416176, 60.682000000]: Footprint model 'polygon' loaded for trajectory optimization.
[INFO] [1783860963.428688595, 61.376000000]: Footprint model 'polygon' loaded for trajectory optimization.
[INFO] [1783860963.977491633, 61.924000000]: Footprint model 'polygon' loaded for trajectory optimization.
[INFO] [1783860964.625512488, 62.572000000]: Footprint model 'polygon' loaded for trajectory optimization.
[INFO] [1783860965.967602414, 63.912000000]: GOAL Reached!
[INFO] [1783860966.071123586, 64.016000000]: Footprint model 'polygon' loaded for trajectory optimization.
[INFO] [1783860966.919192187, 64.864000000]: Footprint model 'polygon' loaded for trajectory optimization.
[INFO] [1783860967.527598497, 65.470000000]: Footprint model 'polygon' loaded for trajectory optimization.
[INFO] [1783860968.126868999, 66.068000000]: Footprint model 'polygon' loaded for trajectory optimization.
[INFO] [1783860968.777491596, 66.716000000]: Footprint model 'polygon' loaded for trajectory optimization.
[INFO] [1783860970.169485720, 68.106000000]: GOAL Reached!
[INFO] [1783860970.254052802, 68.190000000]: Footprint model 'polygon' loaded for trajectory optimization.
[INFO] [1783860971.132551050, 69.066000000]: Footprint model 'polygon' loaded for trajectory optimization.
[INFO] [1783860971.771992683, 69.708000000]: Footprint model 'polygon' loaded for trajectory optimization.
[INFO] [1783860972.422025811, 70.356000000]: Footprint model 'polygon' loaded for trajectory optimization.
[INFO] [1783860974.261128499, 72.192000000]: GOAL Reached!
[INFO] [1783860974.349092516, 72.280000000]: Footprint model 'polygon' loaded for trajectory optimization.
[INFO] [1783860975.199606612, 73.126000000]: Footprint model 'polygon' loaded for trajectory optimization.
[INFO] [1783860975.755544767, 73.682000000]: Footprint model 'polygon' loaded for trajectory optimization.
[INFO] [1783860976.411468954, 74.338000000]: Footprint model 'polygon' loaded for trajectory optimization.
[INFO] [1783860977.067612668, 74.992000000]: Footprint model 'polygon' loaded for trajectory optimization.
[INFO] [1783860978.443883034, 76.366000000]: GOAL Reached!
[INFO] [1783860978.529247920, 76.452000000]: Footprint model 'polygon' loaded for trajectory optimization.
[INFO] [1783860979.396442972, 77.316000000]: Footprint model 'polygon' loaded for trajectory optimization.
[INFO] [1783860979.998899715, 77.918000000]: Footprint model 'polygon' loaded for trajectory optimization.
[INFO] [1783860980.644683908, 78.562000000]: Footprint model 'polygon' loaded for trajectory optimization.
[INFO] [1783860982.528578969, 80.440000000]: GOAL Reached!
[INFO] [1783860982.617553766, 80.530000000]: Footprint model 'polygon' loaded for trajectory optimization.
[INFO] [1783860983.472458165, 81.386000000]: Footprint model 'polygon' loaded for trajectory optimization.
[INFO] [1783860984.088269499, 81.996000000]: Footprint model 'polygon' loaded for trajectory optimization.
[INFO] [1783860984.682327742, 82.592000000]: Footprint model 'polygon' loaded for trajectory optimization.
[INFO] [1783860985.382033[WARN] [1783861005.966434699, 103.846000000]: Shutdown request received.
[WARN] [1783861005.967050362, 103.846000000]: Reason given for shutdown: [[/m2_robot_state_publisher] Reason: new node registered with same name]
[WARN] [1783861005.968029150, 103.848000000]: Shutdown request received.
[WARN] [1783861005.968069541, 103.848000000]: Reason given for shutdown: [[/move_base] Reason: new node registered with same name]
368, 83.290000000]: Footprint model 'polygon' loaded for trajectory optimization.
[INFO] [1783860987.313173568, 85.218000000]: GOAL Reached!
[INFO] [1783860987.410613367, 85.314000000]: Footprint model 'polygon' loaded for trajectory optimization.
[INFO] [1783860988.296207014, 86.198000000]: Footprint model 'polygon' loaded for trajectory optimization.
[INFO] [1783860988.993834521, 86.894000000]: Footprint model 'polygon' loaded for trajectory optimization.
[INFO] [1783860989.697050733, 87.596000000]: Footprint model 'polygon' loaded for trajectory optimization.
[INFO] [1783860991.721294623, 89.618000000]: GOAL Reached!
[INFO] [1783860991.816748813, 89.714000000]: Footprint model 'polygon' loaded for trajectory optimization.
[INFO] [1783860992.680748598, 90.576000000]: Footprint model 'polygon' loaded for trajectory optimization.
[INFO] [1783860993.287912746, 91.182000000]: Footprint model 'polygon' loaded for trajectory optimization.
[INFO] [1783860993.937492314, 91.834000000]: Footprint model 'polygon' loaded for trajectory optimization.
[INFO] [1783860995.914048189, 93.810000000]: GOAL Reached!
[INFO] [1783860995.975026965, 93.870000000]: Footprint model 'polygon' loaded for trajectory optimization.
[INFO] [1783860996.814914416, 94.708000000]: Footprint model 'polygon' loaded for trajectory optimization.
[INFO] [1783860997.426143884, 95.316000000]: Footprint model 'polygon' loaded for trajectory optimization.
[INFO] [1783860998.028112120, 95.916000000]: Footprint model 'polygon' loaded for trajectory optimization.
[INFO] [1783860998.575269704, 96.464000000]: Footprint model 'polygon' loaded for trajectory optimization.
[INFO] [1783860999.861276092, 97.746000000]: GOAL Reached!
[INFO] [1783860999.955917091, 97.840000000]: Footprint model 'polygon' loaded for trajectory optimization.
[INFO] [1783861000.830706957, 98.716000000]: Footprint model 'polygon' loaded for trajectory optimization.
[INFO] [1783861001.441816669, 99.324000000]: Footprint model 'polygon' loaded for trajectory optimization.
[INFO] [1783861002.084985825, 99.968000000]: Footprint model 'polygon' loaded for trajectory optimization.
[INFO] [1783861004.065756979, 101.946000000]: GOAL Reached!
[INFO] [1783861004.147719509, 102.028000000]: Footprint model 'polygon' loaded for trajectory optimization.
[INFO] [1783861005.020070200, 102.896000000]: Footprint model 'polygon' loaded for trajectory optimization.
[INFO] [1783861005.613511041, 103.490000000]: Footprint model 'polygon' loaded for trajectory optimization.
[ERROR] [1783861006.232699203, 104.112000000]: SpawnModel: Failure - model name autolabor_m2 already exist.
... logging to /home/robot/.ros/log/e4397fec-7df0-11f1-91bc-3382cc4c3ed1/roslaunch-WP-158897.log
Checking log directory for disk usage. This may take a while.
Press Ctrl-C to interrupt
]2;/home/robot/robot_ws_base_rl/src/tools/thesis_experiment/launch/t11_formal_run.launch
[1mstarted roslaunch server http://WP:40535/[0m

SUMMARY
========

PARAMETERS
 * /gazebo/enable_ros_network: True
 * /m2_gazebo/simulation_only: True
 * /m2_robot_state_publisher/publish_frequency: 30.0
 * /move_base/TebLocalPlannerROS/acc_lim_theta: 0.8
 * /move_base/TebLocalPlannerROS/acc_lim_x: 0.8
 * /move_base/TebLocalPlannerROS/allow_init_with_backwards_motion: True
 * /move_base/TebLocalPlannerROS/cmd_angle_instead_rotvel: False
 * /move_base/TebLocalPlannerROS/costmap_obstacles_behind_robot_dist: 1.5
 * /move_base/TebLocalPlannerROS/dt_hysteresis: 0.1
 * /move_base/TebLocalPlannerROS/dt_ref: 0.3
 * /move_base/TebLocalPlannerROS/enable_homotopy_class_planning: False
 * /move_base/TebLocalPlannerROS/enable_multithreading: True
 * /move_base/TebLocalPlannerROS/feasibility_check_no_poses: 5
 * /move_base/TebLocalPlannerROS/footprint_model/type: polygon
 * /move_base/TebLocalPlannerROS/footprint_model/vertices: [[0.52, 0.35], [0...
 * /move_base/TebLocalPlannerROS/global_plan_overwrite_orientation: True
 * /move_base/TebLocalPlannerROS/include_costmap_obstacles: True
 * /move_base/TebLocalPlannerROS/inflation_dist: 0.55
 * /move_base/TebLocalPlannerROS/map_frame: odom
 * /move_base/TebLocalPlannerROS/max_global_plan_lookahead_dist: 8.0
 * /move_base/TebLocalPlannerROS/max_number_classes: 4
 * /move_base/TebLocalPlannerROS/max_samples: 500
 * /move_base/TebLocalPlannerROS/max_vel_theta: 1.0
 * /move_base/TebLocalPlannerROS/max_vel_x: 1.2
 * /move_base/TebLocalPlannerROS/max_vel_x_backwards: 0.6
 * /move_base/TebLocalPlannerROS/max_vel_y: 0.0
 * /move_base/TebLocalPlannerROS/min_obstacle_dist: 0.25
 * /move_base/TebLocalPlannerROS/min_turning_radius: 1.2
 * /move_base/TebLocalPlannerROS/obstacle_poses_affected: 15
 * /move_base/TebLocalPlannerROS/odom_topic: /odom
 * /move_base/TebLocalPlannerROS/teb_autosize: True
 * /move_base/TebLocalPlannerROS/weight_acc_lim_theta: 1.0
 * /move_base/TebLocalPlannerROS/weight_acc_lim_x: 1.0
 * /move_base/TebLocalPlannerROS/weight_adapt_factor: 2.0
 * /move_base/TebLocalPlannerROS/weight_inflation: 0.1
 * /move_base/TebLocalPlannerROS/weight_kinematics_forward_drive: 10.0
 * /move_base/TebLocalPlannerROS/weight_kinematics_nh: 1000.0
 * /move_base/TebLocalPlannerROS/weight_kinematics_turning_radius: 10.0
 * /move_base/TebLocalPlannerROS/weight_max_vel_theta: 1.0
 * /move_base/TebLocalPlannerROS/weight_max_vel_x: 2.0
 * /move_base/TebLocalPlannerROS/weight_obstacle: 50.0
 * /move_base/TebLocalPlannerROS/weight_optimaltime: 1.0
 * /move_base/TebLocalPlannerROS/weight_viapoint: 1.0
 * /move_base/TebLocalPlannerROS/wheelbase: 0.65
 * /move_base/base_global_planner: navfn/NavfnROS
 * /move_base/base_local_planner: teb_local_planner...
 * /move_base/clearing_rotation_allowed: False
 * /move_base/controller_frequency: 10.0
 * /move_base/controller_patience: 5.0
 * /move_base/global_costmap/footprint: [[0.52, 0.35], [0...
 * /move_base/global_costmap/footprint_padding: 0.05
 * /move_base/global_costmap/global_frame: odom
 * /move_base/global_costmap/height: 30.0
 * /move_base/global_costmap/inflation_layer/cost_scaling_factor: 4.0
 * /move_base/global_costmap/inflation_layer/enabled: True
 * /move_base/global_costmap/inflation_layer/inflation_radius: 0.55
 * /move_base/global_costmap/obstacle_layer/enabled: True
 * /move_base/global_costmap/obstacle_layer/observation_sources: scan
 * /move_base/global_costmap/obstacle_layer/scan/clearing: True
 * /move_base/global_costmap/obstacle_layer/scan/data_type: LaserScan
 * /move_base/global_costmap/obstacle_layer/scan/inf_is_valid: True
 * /move_base/global_costmap/obstacle_layer/scan/marking: True
 * /move_base/global_costmap/obstacle_layer/scan/obstacle_range: 12.0
 * /move_base/global_costmap/obstacle_layer/scan/raytrace_range: 15.0
 * /move_base/global_costmap/obstacle_layer/scan/sensor_frame: laser_link
 * /move_base/global_costmap/obstacle_layer/scan/topic: /scan
 * /move_base/global_costmap/plugins: [{'name': 'obstac...
 * /move_base/global_costmap/publish_frequency: 2.0
 * /move_base/global_costmap/resolution: 0.05
 * /move_base/global_costmap/robot_base_frame: base_link
 * /move_base/global_costmap/rolling_window: True
 * /move_base/global_costmap/transform_tolerance: 0.3
 * /move_base/global_costmap/update_frequency: 5.0
 * /move_base/global_costmap/width: 30.0
 * /move_base/local_costmap/footprint: [[0.52, 0.35], [0...
 * /move_base/local_costmap/footprint_padding: 0.05
 * /move_base/local_costmap/global_frame: odom
 * /move_base/local_costmap/height: 12.0
 * /move_base/local_costmap/inflation_layer/cost_scaling_factor: 4.0
 * /move_base/local_costmap/inflation_layer/enabled: True
 * /move_base/local_costmap/inflation_layer/inflation_radius: 0.55
 * /move_base/local_costmap/obstacle_layer/enabled: True
 * /move_base/local_costmap/obstacle_layer/observation_sources: scan
 * /move_base/local_costmap/obstacle_layer/scan/clearing: True
 * /move_base/local_costmap/obstacle_layer/scan/data_type: LaserScan
 * /move_base/local_costmap/obstacle_layer/scan/inf_is_valid: True
 * /move_base/local_costmap/obstacle_layer/scan/marking: True
 * /move_base/local_costmap/obstacle_layer/scan/obstacle_range: 12.0
 * /move_base/local_costmap/obstacle_layer/scan/raytrace_range: 15.0
 * /move_base/local_costmap/obstacle_layer/scan/sensor_frame: laser_link
 * /move_base/local_costmap/obstacle_layer/scan/topic: /scan
 * /move_base/local_costmap/plugins: [{'name': 'obstac...
 * /move_base/local_costmap/publish_frequency: 5.0
 * /move_base/local_costmap/resolution: 0.05
 * /move_base/local_costmap/robot_base_frame: base_link
 * /move_base/local_costmap/rolling_window: True
 * /move_base/local_costmap/transform_tolerance: 0.3
 * /move_base/local_costmap/update_frequency: 10.0
 * /move_base/local_costmap/width: 12.0
 * /move_base/oscillation_distance: 0.2
 * /move_base/oscillation_timeout: 10.0
 * /move_base/planner_frequency: 1.0
 * /move_base/planner_patience: 5.0
 * /move_base/recovery_behavior_enabled: False
 * /move_base/shutdown_costmaps: False
 * /robot_description: <?xml version="1....
 * /rosdistro: noetic
 * /rosversion: 1.17.4
 * /t11_formal_run/acceptance_eval_seed_limit: 0
 * /t11_formal_run/acceptance_timesteps: 0
 * /t11_formal_run/algorithm: RL-TEB-Semantic-Eta
 * /t11_formal_run/checkpoint: 
 * /t11_formal_run/config: /home/robot/robot...
 * /t11_formal_run/output_dir: /home/robot/robot...
 * /t11_formal_run/phase: train
 * /t11_formal_run/run_id: t11_semantic_eta_...
 * /t11_formal_run/safety_mode: FullSafety
 * /t11_formal_run/training_seed: 102
 * /use_sim_time: True

NODES
  /
    gazebo (gazebo_ros/gzserver)
    m2_robot_state_publisher (robot_state_publisher/robot_state_publisher)
    move_base (move_base/move_base)
    spawn_m2 (gazebo_ros/spawn_model)
    t11_formal_run (thesis_experiment/t11_formal_run.py)

auto-starting new master
[1mprocess[master]: started with pid [158953][0m
[1mROS_MASTER_URI=http://localhost:11311[0m
]2;/home/robot/robot_ws_base_rl/src/tools/thesis_experiment/launch/t11_formal_run.launch http://localhost:11311
[1msetting /run_id to e4397fec-7df0-11f1-91bc-3382cc4c3ed1[0m
[1mprocess[rosout-1]: started with pid [158986][0m
started core service [/rosout]
[1mprocess[gazebo-2]: started with pid [158993][0m
[1mprocess[spawn_m2-3]: started with pid [158997][0m
[1mprocess[m2_robot_state_publisher-4]: started with pid [158999][0m
[1mprocess[move_base-5]: started with pid [159000][0m
[1mprocess[t11_formal_run-6]: started with pid [159001][0m
[1m[spawn_m2-3] process has finished cleanly
log file: /home/robot/.ros/log/e4397fec-7df0-11f1-91bc-3382cc4c3ed1/spawn_m2-3*.log[0m
[1m[m2_robot_state_publisher-4] process has finished cleanly
log file: /home/robot/.ros/log/e4397fec-7df0-11f1-91bc-3382cc4c3ed1/m2_robot_state_publisher-4*.log[0m
[WARN] [1783861006.209773, 104.088000]: training environment stop requested: TebParameterError: dynamic_reconfigure service call failed: service call failed
[WARN] [1783861011.316401, 105.252000]: training environment stop requested: config_seq 1 did not activate within 2.000s
[WARN] [1783861011.381044, 105.252000]: training environment stop requested: adapter_close
shutdown request: [/t11_formal_run] Reason: new node registered with same name
Traceback (most recent call last):
  File "/home/robot/robot_ws_base_rl/src/tools/thesis_experiment/src/thesis_experiment/t11_training.py", line 451, in run
    return self._train(raw_vec, recorded, recorder)
  File "/home/robot/robot_ws_base_rl/src/tools/thesis_experiment/src/thesis_experiment/t11_training.py", line 476, in _train
    model.learn(total_timesteps=total_timesteps,
  File "/home/robot/robot_ws_base_rl/.venv/lib/python3.8/site-packages/stable_baselines3/sac/sac.py", line 307, in learn
    return super().learn(
  File "/home/robot/robot_ws_base_rl/.venv/lib/python3.8/site-packages/stable_baselines3/common/off_policy_algorithm.py", line 328, in learn
    rollout = self.collect_rollouts(
  File "/home/robot/robot_ws_base_rl/.venv/lib/python3.8/site-packages/stable_baselines3/common/off_policy_algorithm.py", line 560, in collect_rollouts
    new_obs, rewards, dones, infos = env.step(actions)
  File "/home/robot/robot_ws_base_rl/.venv/lib/python3.8/site-packages/stable_baselines3/common/vec_env/base_vec_env.py", line 206, in step
    return self.step_wait()
  File "/home/robot/robot_ws_base_rl/.venv/lib/python3.8/site-packages/stable_baselines3/common/vec_env/vec_normalize.py", line 181, in step_wait
    obs, rewards, dones, infos = self.venv.step_wait()
  File "/home/robot/robot_ws_base_rl/.venv/lib/python3.8/site-packages/stable_baselines3/common/vec_env/dummy_vec_env.py", line 70, in step_wait
    obs, self.reset_infos[env_idx] = self.envs[env_idx].reset()
  File "/home/robot/robot_ws_base_rl/src/tools/thesis_experiment/src/thesis_experiment/t11_training.py", line 250, in reset
    observation, info = self.env.reset(**kwargs)
  File "/home/robot/robot_ws_base_rl/src/application/teb_rl_tuner/src/teb_rl_tuner/sac_environment.py", line 89, in reset
    observation, info = self.core.reset(seed=seed)
  File "/home/robot/robot_ws_base_rl/src/application/teb_rl_tuner/src/teb_rl_tuner/training_environment.py", line 218, in reset
    self._restore_snapshot()
  File "/home/robot/robot_ws_base_rl/src/application/teb_rl_tuner/src/teb_rl_tuner/training_environment.py", line 210, in _restore_snapshot
    self.adapter.restore_parameter_snapshot(self._snapshot)
  File "/home/robot/robot_ws_base_rl/src/tools/thesis_experiment/src/thesis_experiment/gazebo_training_adapter.py", line 293, in restore_parameter_snapshot
    dynamic-reconfigure callback (and has produced a move_base SIGSEGV in a
  File "/home/robot/robot_ws_base_rl/src/application/teb_rl_tuner/src/teb_rl_tuner/teb_parameter_client.py", line 263, in apply
    raise exc
  File "/home/robot/robot_ws_base_rl/src/application/teb_rl_tuner/src/teb_rl_tuner/teb_parameter_client.py", line 231, in apply
    ack_raw = self._backend.update_configuration(request, self._timeout_s)
  File "/home/robot/robot_ws_base_rl/src/application/teb_rl_tuner/src/teb_rl_tuner/teb_parameter_client.py", line 390, in update_configuration
    return _daemon_call(lambda: self._client.update_configuration(dict(values)), timeout_s)
  File "/home/robot/robot_ws_base_rl/src/application/teb_rl_tuner/src/teb_rl_tuner/teb_parameter_client.py", line 352, in _daemon_call
    raise TebParameterError("dynamic_reconfigure service call failed: {}".format(value))
teb_rl_tuner.teb_parameter_client.TebParameterError: dynamic_reconfigure service call failed: service call failed

During handling of the above exception, another exception occurred:

Traceback (most recent call last):
  File "/home/robot/robot_ws_base_rl/src/tools/thesis_experiment/src/thesis_experiment/gazebo_training_adapter.py", line 530, in close
    self, mode: str, fallback_active: bool, emergency_active: bool
  File "/home/robot/robot_ws_base_rl/src/application/teb_rl_tuner/src/teb_rl_tuner/teb_parameter_client.py", line 303, in restore
    return self._restore_snapshot()
  File "/home/robot/robot_ws_base_rl/src/application/teb_rl_tuner/src/teb_rl_tuner/teb_parameter_client.py", line 273, in _restore_snapshot
    ack_raw = self._backend.update_configuration(self._snapshot, self._timeout_s)
  File "/home/robot/robot_ws_base_rl/src/application/teb_rl_tuner/src/teb_rl_tuner/teb_parameter_client.py", line 390, in update_configuration
    return _daemon_call(lambda: self._client.update_configuration(dict(values)), timeout_s)
  File "/home/robot/robot_ws_base_rl/src/application/teb_rl_tuner/src/teb_rl_tuner/teb_parameter_client.py", line 352, in _daemon_call
    raise TebParameterError("dynamic_reconfigure service call failed: {}".format(value))
teb_rl_tuner.teb_parameter_client.TebParameterError: dynamic_reconfigure service call failed: service call failed

During handling of the above exception, another exception occurred:

Traceback (most recent call last):
  File "/home/robot/robot_ws_base_rl/devel/lib/thesis_experiment/t11_formal_run.py", line 15, in <module>
    exec(compile(fh.read(), python_script, 'exec'), context)
  File "/home/robot/robot_ws_base_rl/src/tools/thesis_experiment/scripts/t11_formal_run.py", line 20, in <module>
    sys.exit(main())
  File "/home/robot/robot_ws_base_rl/src/tools/thesis_experiment/scripts/t11_formal_run.py", line 14, in main
    report = T11FormalRunner().run()
  File "/home/robot/robot_ws_base_rl/src/tools/thesis_experiment/src/thesis_experiment/t11_training.py", line 455, in run
    self.adapter.close()
  File "/home/robot/robot_ws_base_rl/src/tools/thesis_experiment/src/thesis_experiment/gazebo_training_adapter.py", line 532, in close
    self.safety_mode = str(mode)
  File "/home/robot/robot_ws_base_rl/src/application/teb_rl_tuner/src/teb_rl_tuner/teb_parameter_client.py", line 318, in close
    self._restore_snapshot(operation="close_restore")
  File "/home/robot/robot_ws_base_rl/src/application/teb_rl_tuner/src/teb_rl_tuner/teb_parameter_client.py", line 273, in _restore_snapshot
    ack_raw = self._backend.update_configuration(self._snapshot, self._timeout_s)
  File "/home/robot/robot_ws_base_rl/src/application/teb_rl_tuner/src/teb_rl_tuner/teb_parameter_client.py", line 390, in update_configuration
    return _daemon_call(lambda: self._client.update_configuration(dict(values)), timeout_s)
  File "/home/robot/robot_ws_base_rl/src/application/teb_rl_tuner/src/teb_rl_tuner/teb_parameter_client.py", line 352, in _daemon_call
    raise TebParameterError("dynamic_reconfigure service call failed: {}".format(value))
teb_rl_tuner.teb_parameter_client.TebParameterError: dynamic_reconfigure service call failed: service call failed
[INFO] [1783860901.100742045]: Finished loading Gazebo ROS API Plugin.
[INFO] [1783860901.101424545]: waitForService: Service [/gazebo/set_physics_properties] has not been advertised, waiting...
[INFO] [1783860901.635736237]: waitForService: Service [/gazebo/set_physics_properties] is now available.
[INFO] [1783860901.679407722, 0.040000000]: Physics dynamic reconfigure ready.
[INFO] [1783860902.086988044, 0.376000000]: <initialOrientationAsReference> is unset, using default value of false to comply with REP 145 (world as orientation reference)
[INFO] [1783860902.087023833, 0.376000000]: <robotNamespace> set to: //
[INFO] [1783860902.087031239, 0.376000000]: <topicName> set to: imu/data
[INFO] [1783860902.087036880, 0.376000000]: <frameName> set to: imu_link
[INFO] [1783860902.087054878, 0.376000000]: <updateRateHZ> set to: 50
[INFO] [1783860902.087062599, 0.376000000]: <gaussianNoise> set to: 0
[INFO] [1783860902.087079672, 0.376000000]: <xyzOffset> set to: 0 0 0
[INFO] [1783860902.087094419, 0.376000000]: <rpyOffset> set to: 0 -0 0
[INFO] [1783860902.201769007, 0.376000000]: Laser Plugin: Using the 'robotNamespace' param: '/'
[INFO] [1783860902.201790342, 0.376000000]: Starting Laser Plugin (ns = /)
[INFO] [1783860902.202590899, 0.376000000]: Laser Plugin (ns = /)  <tf_prefix_>, set to ""
[INFO] [1783860902.322329421, 0.376000000]: M2 simulation-only Ackermann interface loaded; cmd_angle_instead_rotvel=false
[31mWARNING: disk usage in log directory [/home/robot/.ros/log] is over 1GB.
It's recommended that you use the 'rosclean' command.[0m
WARNING: Package name "gazebo_ros_2Dmap_plugin" does not follow the naming conventions. It should start with a lower case letter and only contain lower case letters, digits, underscores, and dashes.
WARNING: Package name "gazebo_ros_2Dmap_plugin" does not follow the naming conventions. It should start with a lower case letter and only contain lower case letters, digits, underscores, and dashes.
[31m================================================================================REQUIRED process [t11_formal_run-6] has died!
process has died [pid 159001, exit code 1, cmd /home/robot/robot_ws_base_rl/.venv/bin/python /home/robot/robot_ws_base_rl/devel/lib/thesis_experiment/t11_formal_run.py __name:=t11_formal_run __log:=/home/robot/.ros/log/e4397fec-7df0-11f1-91bc-3382cc4c3ed1/t11_formal_run-6.log].
log file: /home/robot/.ros/log/e4397fec-7df0-11f1-91bc-3382cc4c3ed1/t11_formal_run-6*.log
Initiating shutdown!
================================================================================[0m
[1m[move_base-5] process has finished cleanly
log file: /home/robot/.ros/log/e4397fec-7df0-11f1-91bc-3382cc4c3ed1/move_base-5*.log[0m
[t11_formal_run-6] killing on exit
[gazebo-2] killing on exit
[rosout-1] killing on exit
[master] killing on exit
shutting down processing monitor...
... shutting down processing monitor complete
[1mdone[0m
