WARNING: Package name "gazebo_ros_2Dmap_plugin" does not follow the naming conventions. It should start with a lower case letter and only contain lower case letters, digits, underscores, and dashes.
xacro: in-order processing became default in ROS Melodic. You can drop the option.
WARNING: Package name "gazebo_ros_2Dmap_plugin" does not follow the naming conventions. It should start with a lower case letter and only contain lower case letters, digits, underscores, and dashes.
WARNING: Package name "gazebo_ros_2Dmap_plugin" does not follow the naming conventions. It should start with a lower case letter and only contain lower case letters, digits, underscores, and dashes.
[INFO] [1783864429.377902, 0.000000]: Loading model XML from ros parameter robot_description
[INFO] [1783864429.381530, 0.000000]: Waiting for service /gazebo/spawn_urdf_model
[INFO] [1783864430.286447, 0.258000]: Calling service /gazebo/spawn_urdf_model
[INFO] [1783864430.577802, 0.382000]: Spawn status: SpawnModel: Successfully spawned entity
[INFO] [1783864430.987075938, 0.666000000]: global_costmap: Using plugin "obstacle_layer"
[INFO] [1783864430.993326906, 0.672000000]:     Subscribed to Topics: scan
[INFO] [1783864431.006983996, 0.686000000]: global_costmap: Using plugin "inflation_layer"
[INFO] [1783864431.032188682, 0.712000000]: local_costmap: Using plugin "obstacle_layer"
[INFO] [1783864431.033703237, 0.712000000]:     Subscribed to Topics: scan
[INFO] [1783864431.041701428, 0.720000000]: local_costmap: Using plugin "inflation_layer"
[INFO] [1783864431.053615920, 0.732000000]: Created local_planner teb_local_planner/TebLocalPlannerROS
[INFO] [1783864431.071840498, 0.750000000]: Footprint model 'polygon' loaded for trajectory optimization.
[INFO] [1783864431.071956349, 0.750000000]: Parallel planning in distinctive topologies disabled.
[INFO] [1783864431.071969359, 0.750000000]: No costmap conversion plugin specified. All occupied costmap cells are treaten as point obstacles.
[INFO] [1783864431.096329606, 0.774000000]: Footprint model 'polygon' loaded for trajectory optimization.
[INFO] [1783864431.270056540, 0.948000000]: Recovery behavior will clear layer 'obstacles'
[INFO] [1783864431.273228552, 0.952000000]: Recovery behavior will clear layer 'obstacles'
[INFO] [1783864431.297130862, 0.976000000]: odom received!
[INFO] [1783864432.993779842, 2.672000000]: Footprint model 'polygon' loaded for trajectory optimization.
[INFO] [1783864433.599178428, 3.274000000]: Footprint model 'polygon' loaded for trajectory optimization.
[INFO] [1783864434.147477772, 3.822000000]: Footprint model 'polygon' loaded for trajectory optimization.
[INFO] [1783864434.797178832, 4.470000000]: Footprint model 'polygon' loaded for trajectory optimization.
[INFO] [1783864436.438740360, 6.108000000]: GOAL Reached!
[INFO] [1783864436.595035767, 6.266000000]: Footprint model 'polygon' loaded for trajectory optimization.
[INFO] [1783864437.463971093, 7.130000000]: Footprint model 'polygon' loaded for trajectory optimization.
[INFO] [1783864438.055677735, 7.726000000]: Footprint model 'polygon' loaded for trajectory optimization.
[INFO] [1783864438.605809921, 8.272000000]: Footprint model 'polygon' loaded for trajectory optimization.
[INFO] [1783864439.206861947, 8.872000000]: Footprint model 'polygon' loaded for trajectory optimization.
[INFO] [1783864439.807364858, 9.472000000]: Footprint model 'polygon' loaded for trajectory optimization.
[INFO] [1783864440.455556247, 10.118000000]: Footprint model 'polygon' loaded for trajectory optimization.
[INFO] [1783864441.898930172, 11.560000000]: GOAL Reached!
[INFO] [1783864442.032556479, 11.692000000]: Footprint model 'polygon' loaded for trajectory optimization.
[INFO] [1783864442.915046291, 12.574000000]: Footprint model 'polygon' loaded for trajectory optimization.
[INFO] [1783864443.586300690, 13.246000000]: Footprint model 'polygon' loaded for trajectory optimization.
[INFO] [1783864444.515461934, 14.172000000]: Footprint model 'polygon' loaded for trajectory optimization.
[INFO] [1783864445.179448028, 14.836000000]: Footprint model 'polygon' loaded for trajectory optimization.
[INFO] [1783864446.137753947, 15.790000000]: Footprint model 'polygon' loaded for trajectory optimization.
[INFO] [1783864446.683228941, 16.336000000]: Footprint model 'polygon' loaded for trajectory optimization.
[INFO] [1783864447.328700048, 16.980000000]: Footprint model 'polygon' loaded for trajectory optimization.
[INFO] [1783864447.879120880, 17.530000000]: Footprint model 'polygon' loaded for trajectory optimization.
[INFO] [1783864449.768733456, 19.418000000]: GOAL Reached!
[INFO] [1783864449.910477379, 19.560000000]: Footprint model 'polygon' loaded for trajectory optimization.
[INFO] [1783864450.783067729, 20.430000000]: Footprint model 'polygon' loaded for trajectory optimization.
[INFO] [1783864451.368262140, 21.014000000]: Footprint model 'polygon' loaded for trajectory optimization.
[INFO] [1783864451.925399017, 21.570000000]: Footprint model 'polygon' loaded for trajectory optimization.
[INFO] [1783864452.572262857, 22.216000000]: Footprint model 'polygon' loaded for trajectory optimization.
[INFO] [1783864453.169363289, 22.814000000]: Footprint model 'polygon' loaded for trajectory optimization.
[INFO] [1783864453.722786673, 23.366000000]: Footprint model 'polygon' loaded for trajectory optimization.
[INFO] [1783864455.315775049, 24.954000000]: GOAL Reached!
[INFO] [1783864455.450217767, 25.088000000]: Footprint model 'polygon' loaded for trajectory optimization.
[INFO] [1783864456.331829926, 25.972000000]: Footprint model 'polygon' loaded for trajectory optimization.
[INFO] [1783864457.007945159, 26.646000000]: Footprint model 'polygon' loaded for trajectory optimization.
[INFO] [1783864458.050027573, 27.686000000]: Footprint model 'polygon' loaded for trajectory optimization.
[INFO] [1783864458.996308021, 28.632000000]: Footprint model 'polygon' loaded for trajectory optimization.
[INFO] [1783864459.546166770, 29.178000000]: Footprint model 'polygon' loaded for trajectory optimization.
[INFO] [1783864460.146355366, 29.778000000]: Footprint model 'polygon' loaded for trajectory optimization.
[INFO] [1783864460.745843420, 30.376000000]: Footprint model 'polygon' loaded for trajectory optimization.
[INFO] [1783864462.535010019, 32.164000000]: GOAL Reached!
[INFO] [1783864462.685101652, 32.312000000]: Footprint model 'polygon' loaded for trajectory optimization.
[INFO] [1783864463.542986518, 33.170000000]: Footprint model 'polygon' loaded for trajectory optimization.
[INFO] [1783864464.101266135, 33.728000000]: Footprint model 'polygon' loaded for trajectory optimization.
[INFO] [1783864464.755610388, 34.378000000]: Footprint model 'polygon' loaded for trajectory optimization.
[INFO] [1783864465.302585894, 34.928000000]: Footprint model 'polygon' loaded for trajectory optimization.
[INFO] [1783864465.950988598, 35.574000000]: Footprint model 'polygon' loaded for trajectory optimization.
[INFO] [1783864466.554315678, 36.174000000]: Footprint model 'polygon' loaded for trajectory optimization.
[INFO] [1783864468.095209880, 37.714000000]: GOAL Reached!
[INFO] [1783864468.243686514, 37.862000000]: Footprint model 'polygon' loaded for trajectory optimization.
[INFO] [1783864469.116528316, 38.734000000]: Footprint model 'polygon' loaded for trajectory optimization.
[INFO] [1783864469.674087722, 39.288000000]: Footprint model 'polygon' loaded for trajectory optimization.
[INFO] [1783864470.408856844, 40.024000000]: Footprint model 'polygon' loaded for trajectory optimization.
[INFO] [1783864471.458700896, 41.070000000]: Footprint model 'polygon' loaded for trajectory optimization.
[INFO] [1783864472.423226641, 42.032000000]: Footprint model 'polygon' loaded for trajectory optimization.
[INFO] [1783864473.007669980, 42.618000000]: Footprint model 'polygon' loaded for trajectory optimization.
[INFO] [1783864473.607695787, 43.218000000]: Footprint model 'polygon' loaded for trajectory optimization.
[INFO] [1783864474.164407773, 43.772000000]: Footprint model 'polygon' loaded for trajectory optimization.
[INFO] [1783864476.053791653, 45.658000000]: GOAL Reached!
[INFO] [1783864476.203040804, 45.808000000]: Footprint model 'polygon' loaded for trajectory optimization.
[INFO] [1783864477.069146765, 46.672000000]: Footprint model 'polygon' loaded for trajectory optimization.
[INFO] [1783864477.674313437, 47.276000000]: Footprint model 'polygon' loaded for trajectory optimization.
[INFO] [1783864478.223302222, 47.824000000]: Footprint model 'polygon' loaded for trajectory optimization.
[INFO] [1783864478.872696874, 48.472000000]: Footprint model 'polygon' loaded for trajectory optimization.
[INFO] [1783864479.472260730, 49.070000000]: Footprint model 'polygon' loaded for trajectory optimization.
[INFO] [1783864480.023958756, 49.620000000]: Footprint model 'polygon' loaded for trajectory optimization.
[INFO] [1783864481.515210100, 51.110000000]: GOAL Reached!
[INFO] [1783864481.648760898, 51.242000000]: Footprint model 'polygon' loaded for trajectory optimization.
[INFO] [1783864482.522823876, 52.116000000]: Footprint model 'polygon' loaded for trajectory optimization.
[INF[WARN] [1783864510.192687547, 79.740000000]: Control loop missed its desired rate of 10.0000Hz... the loop actually took 0.1020 seconds
[WARN] [1783864510.298380959, 79.846000000]: Control loop missed its desired rate of 10.0000Hz... the loop actually took 0.1080 seconds
O] [1783864483.204031710, 52.794000000]: Footprint model 'polygon' loaded for trajectory optimization.
[INFO] [1783864484.225671280, 53.816000000]: Footprint model 'polygon' loaded for trajectory optimization.
[INFO] [1783864485.161659778, 54.752000000]: Footprint model 'polygon' loaded for trajectory optimization.
[INFO] [1783864485.715925724, 55.304000000]: Footprint model 'polygon' loaded for trajectory optimization.
[INFO] [1783864486.309420780, 55.896000000]: Footprint model 'polygon' loaded for trajectory optimization.
[INFO] [1783864486.961667499, 56.546000000]: Footprint model 'polygon' loaded for trajectory optimization.
[INFO] [1783864488.701348038, 58.284000000]: GOAL Reached!
[INFO] [1783864488.838086827, 58.420000000]: Footprint model 'polygon' loaded for trajectory optimization.
[INFO] [1783864489.714532614, 59.294000000]: Footprint model 'polygon' loaded for trajectory optimization.
[INFO] [1783864490.254510565, 59.836000000]: Footprint model 'polygon' loaded for trajectory optimization.
[INFO] [1783864490.857736975, 60.440000000]: Footprint model 'polygon' loaded for trajectory optimization.
[INFO] [1783864491.457830907, 61.036000000]: Footprint model 'polygon' loaded for trajectory optimization.
[INFO] [1783864492.056707586, 61.634000000]: Footprint model 'polygon' loaded for trajectory optimization.
[INFO] [1783864492.706763469, 62.284000000]: Footprint model 'polygon' loaded for trajectory optimization.
[INFO] [1783864494.247595333, 63.822000000]: GOAL Reached!
[INFO] [1783864494.382921184, 63.956000000]: Footprint model 'polygon' loaded for trajectory optimization.
[INFO] [1783864495.259002013, 64.830000000]: Footprint model 'polygon' loaded for trajectory optimization.
[INFO] [1783864495.937741631, 65.508000000]: Footprint model 'polygon' loaded for trajectory optimization.
[INFO] [1783864496.965105754, 66.536000000]: Footprint model 'polygon' loaded for trajectory optimization.
[INFO] [1783864497.903121685, 67.470000000]: Footprint model 'polygon' loaded for trajectory optimization.
[INFO] [1783864498.506163334, 68.072000000]: Footprint model 'polygon' loaded for trajectory optimization.
[INFO] [1783864499.058159583, 68.624000000]: Footprint model 'polygon' loaded for trajectory optimization.
[INFO] [1783864499.660151846, 69.224000000]: Footprint model 'polygon' loaded for trajectory optimization.
[INFO] [1783864501.548634213, 71.110000000]: GOAL Reached!
[INFO] [1783864501.690802679, 71.254000000]: Footprint model 'polygon' loaded for trajectory optimization.
[INFO] [1783864502.569094556, 72.132000000]: Footprint model 'polygon' loaded for trajectory optimization.
[INFO] [1783864503.163338238, 72.722000000]: Footprint model 'polygon' loaded for trajectory optimization.
[INFO] [1783864503.717329407, 73.274000000]: Footprint model 'polygon' loaded for trajectory optimization.
[INFO] [1783864504.315501317, 73.874000000]: Footprint model 'polygon' loaded for trajectory optimization.
[INFO] [1783864504.966040324, 74.522000000]: Footprint model 'polygon' loaded for trajectory optimization.
[INFO] [1783864505.570769450, 75.126000000]: Footprint model 'polygon' loaded for trajectory optimization.
[INFO] [1783864507.008454171, 76.562000000]: GOAL Reached!
[INFO] [1783864507.152652590, 76.708000000]: Footprint model 'polygon' loaded for trajectory optimization.
[INFO] [1783864508.022319785, 77.572000000]: Footprint model 'polygon' loaded for trajectory optimization.
[INFO] [1783864508.714387605, 78.262000000]: Footprint model 'polygon' loaded for trajectory optimization.
[INFO] [1783864509.684717390, 79.234000000]: Footprint model 'polygon' loaded for trajectory optimization.
[INFO] [1783864510.352388900, 79.900000000]: Footprint model 'polygon' loaded for trajectory optimization.
[INFO] [1783864511.303928232, 80.850000000]: Footprint model 'polygon' loaded for trajectory optimization.
[INFO] [1783864511.900097963, 81.448000000]: Footprint model 'polygon' loaded for trajectory optimization.
[INFO] [1783864512.496166208, 82.042000000]: Footprint model 'polygon' loaded for trajectory optimization.
[INFO] [1783864513.050537496, 82.592000000]: Footprint model 'polygon' loaded for trajectory optimization.
[INFO] [1783864515.041120895, 84.580000000]: GOAL Reached!
[INFO] [1783864515.186819335, 84.724000000]: Footprint model 'polygon' loaded for trajectory optimization.
[INFO] [1783864516.056339227, 85.592000000]: Footprint model 'polygon' loaded for trajectory optimization.
[INFO] [1783864516.595896817, 86.132000000]: Footprint model 'polygon' loaded for trajectory optimization.
[INFO] [1783864517.248465145, 86.782000000]: Footprint model 'polygon' loaded for trajectory optimization.
[INFO] [1783864517.801885714, 87.334000000]: Footprint model 'polygon' loaded for trajectory optimization.
[INFO] [1783864518.448129369, 87.978000000]: Footprint model 'polygon' loaded for trajectory optimization.
[INFO] [1783864518.999038590, 88.528000000]: Footprint model 'polygon' loaded for trajectory optimization.
[INFO] [1783864520.590663694, 90.118000000]: GOAL Reached!
[INFO] [1783864520.719820647, 90.248000000]: Footprint model 'polygon' loaded for trajectory optimization.
[INFO] [1783864521.584800324, 91.112000000]: Footprint model 'polygon' loaded for trajectory optimization.
[INFO] [1783864522.270085959, 91.796000000]: Footprint model 'polygon' loaded for trajectory optimization.
[INFO] [1783864523.308742390, 92.830000000]: Footprint model 'polygon' loaded for trajectory optimization.
[INFO] [1783864524.268264107, 93.790000000]: Footprint model 'polygon' loaded for trajectory optimization.
[INFO] [1783864524.858837163, 94.380000000]: Footprint model 'polygon' loaded for trajectory optimization.
[INFO] [1783864525.410659157, 94.930000000]: Footprint model 'polygon' loaded for trajectory optimization.
[INFO] [1783864526.009926188, 95.528000000]: Footprint model 'polygon' loaded for trajectory optimization.
[INFO] [1783864527.799459628, 97.316000000]: GOAL Reached!
[INFO] [1783864527.935645709, 97.450000000]: Footprint model 'polygon' loaded for trajectory optimization.
[INFO] [1783864528.798538922, 98.310000000]: Footprint model 'polygon' loaded for trajectory optimization.
[INFO] [1783864529.357651271, 98.872000000]: Footprint model 'polygon' loaded for trajectory optimization.
[INFO] [1783864529.957486172, 99.468000000]: Footprint model 'polygon' loaded for trajectory optimization.
[INFO] [1783864530.555416297, 100.066000000]: Footprint model 'polygon' loaded for trajectory optimization.
[INFO] [1783864531.199942591, 100.710000000]: Footprint model 'polygon' loaded for trajectory optimization.
[INFO] [1783864531.757652132, 101.266000000]: Footprint model 'polygon' loaded for trajectory optimization.
[INFO] [1783864533.244611342, 102.752000000]: GOAL Reached!
[INFO] [1783864533.390524955, 102.898000000]: Footprint model 'polygon' loaded for trajectory optimization.
[INFO] [1783864534.263397966, 103.772000000]: Footprint model 'polygon' loaded for trajectory optimization.
[INFO] [1783864534.950659291, 104.454000000]: Footprint model 'polygon' loaded for trajectory optimization.
[INFO] [1783864535.991710616, 105.494000000]: Footprint model 'polygon' loaded for trajectory optimization.
[INFO] [1783864536.931504832, 106.432000000]: Footprint model 'polygon' loaded for trajectory optimization.
[INFO] [1783864537.484447470, 106.986000000]: Footprint model 'polygon' loaded for trajectory optimization.
[INFO] [1783864538.089195907, 107.588000000]: Footprint model 'polygon' loaded for trajectory optimization.
[INFO] [1783864538.736452125, 108.232000000]: Footprint model 'polygon' loaded for trajectory optimization.
[INFO] [1783864540.578828869, 110.072000000]: GOAL Reached!
[INFO] [1783864540.728536905, 110.220000000]: Footprint model 'polygon' loaded for trajectory optimization.
[INFO] [1783864541.598698578, 111.090000000]: Footprint model 'polygon' loaded for trajectory optimization.
[INFO] [1783864542.141937497, 111.634000000]: Footprint model 'polygon' loaded for trajectory optimization.
[INFO] [1783864542.742964032, 112.232000000]: Footprint model 'polygon' loaded for trajectory optimization.
[INFO] [1783864543.343547426, 112.832000000]: Footp[WARN] [1783864562.713034259, 132.170000000]: Control loop missed its desired rate of 10.0000Hz... the loop actually took 0.1060 seconds
rint model 'polygon' loaded for trajectory optimization.
[INFO] [1783864543.941565359, 113.432000000]: Footprint model 'polygon' loaded for trajectory optimization.
[INFO] [1783864544.541858856, 114.032000000]: Footprint model 'polygon' loaded for trajectory optimization.
[INFO] [1783864546.035390694, 115.520000000]: GOAL Reached!
[INFO] [1783864546.176045916, 115.660000000]: Footprint model 'polygon' loaded for trajectory optimization.
[INFO] [1783864547.046588555, 116.532000000]: Footprint model 'polygon' loaded for trajectory optimization.
[INFO] [1783864547.735118177, 117.218000000]: Footprint model 'polygon' loaded for trajectory optimization.
[INFO] [1783864548.671076050, 118.152000000]: Footprint model 'polygon' loaded for trajectory optimization.
[INFO] [1783864549.348261402, 118.830000000]: Footprint model 'polygon' loaded for trajectory optimization.
[INFO] [1783864550.312980566, 119.792000000]: Footprint model 'polygon' loaded for trajectory optimization.
[INFO] [1783864550.856411525, 120.332000000]: Footprint model 'polygon' loaded for trajectory optimization.
[INFO] [1783864551.457550404, 120.932000000]: Footprint model 'polygon' loaded for trajectory optimization.
[INFO] [1783864552.055675612, 121.530000000]: Footprint model 'polygon' loaded for trajectory optimization.
[INFO] [1783864553.846079416, 123.318000000]: GOAL Reached!
[INFO] [1783864554.000282073, 123.470000000]: Footprint model 'polygon' loaded for trajectory optimization.
[INFO] [1783864554.863163877, 124.332000000]: Footprint model 'polygon' loaded for trajectory optimization.
[INFO] [1783864555.464250415, 124.932000000]: Footprint model 'polygon' loaded for trajectory optimization.
[INFO] [1783864556.065573119, 125.532000000]: Footprint model 'polygon' loaded for trajectory optimization.
[INFO] [1783864556.662921693, 126.130000000]: Footprint model 'polygon' loaded for trajectory optimization.
[INFO] [1783864557.214257217, 126.680000000]: Footprint model 'polygon' loaded for trajectory optimization.
[INFO] [1783864557.863832946, 127.326000000]: Footprint model 'polygon' loaded for trajectory optimization.
[INFO] [1783864559.304440095, 128.768000000]: GOAL Reached!
[INFO] [1783864559.465269351, 128.930000000]: Footprint model 'polygon' loaded for trajectory optimization.
[INFO] [1783864560.349895573, 129.810000000]: Footprint model 'polygon' loaded for trajectory optimization.
[INFO] [1783864560.932776665, 130.394000000]: Footprint model 'polygon' loaded for trajectory optimization.
[INFO] [1783864561.625671653, 131.084000000]: Footprint model 'polygon' loaded for trajectory optimization.
[INFO] [1783864562.772340129, 132.228000000]: Footprint model 'polygon' loaded for trajectory optimization.
[INFO] [1783864563.733461576, 133.192000000]: Footprint model 'polygon' loaded for trajectory optimization.
[INFO] [1783864564.331018850, 133.786000000]: Footprint model 'polygon' loaded for trajectory optimization.
[INFO] [1783864564.884673558, 134.336000000]: Footprint model 'polygon' loaded for trajectory optimization.
[INFO] [1783864565.531677105, 134.984000000]: Footprint model 'polygon' loaded for trajectory optimization.
[INFO] [1783864566.128265401, 135.580000000]: Footprint model 'polygon' loaded for trajectory optimization.
[INFO] [1783864566.732239023, 136.184000000]: Footprint model 'polygon' loaded for trajectory optimization.
[INFO] [1783864567.284869599, 136.734000000]: Footprint model 'polygon' loaded for trajectory optimization.
[INFO] [1783864567.887349782, 137.334000000]: Footprint model 'polygon' loaded for trajectory optimization.
[INFO] [1783864568.533270592, 137.980000000]: Footprint model 'polygon' loaded for trajectory optimization.
[INFO] [1783864570.275226646, 139.720000000]: GOAL Reached!
[INFO] [1783864570.415289149, 139.862000000]: Footprint model 'polygon' loaded for trajectory optimization.
[INFO] [1783864571.288030952, 140.732000000]: Footprint model 'polygon' loaded for trajectory optimization.
[INFO] [1783864571.980638009, 141.420000000]: Footprint model 'polygon' loaded for trajectory optimization.
[INFO] [1783864573.010719675, 142.450000000]: Footprint model 'polygon' loaded for trajectory optimization.
[INFO] [1783864573.953867187, 143.392000000]: Footprint model 'polygon' loaded for trajectory optimization.
[INFO] [1783864574.499312041, 143.936000000]: Footprint model 'polygon' loaded for trajectory optimization.
[INFO] [1783864575.101425470, 144.536000000]: Footprint model 'polygon' loaded for trajectory optimization.
[INFO] [1783864575.703225893, 145.136000000]: Footprint model 'polygon' loaded for trajectory optimization.
[INFO] [1783864576.355734618, 145.788000000]: Footprint model 'polygon' loaded for trajectory optimization.
[INFO] [1783864576.952407478, 146.384000000]: Footprint model 'polygon' loaded for trajectory optimization.
[INFO] [1783864577.552660915, 146.984000000]: Footprint model 'polygon' loaded for trajectory optimization.
[INFO] [1783864578.153201462, 147.584000000]: Footprint model 'polygon' loaded for trajectory optimization.
[INFO] [1783864579.693509786, 149.122000000]: GOAL Reached!
[INFO] [1783864579.856897802, 149.284000000]: Footprint model 'polygon' loaded for trajectory optimization.
[INFO] [1783864580.747425088, 150.174000000]: Footprint model 'polygon' loaded for trajectory optimization.
[INFO] [1783864581.436667498, 150.862000000]: Footprint model 'polygon' loaded for trajectory optimization.
[INFO] [1783864582.468239624, 151.890000000]: Footprint model 'polygon' loaded for trajectory optimization.
[INFO] [1783864583.429815379, 152.850000000]: Footprint model 'polygon' loaded for trajectory optimization.
[INFO] [1783864584.016127595, 153.436000000]: Footprint model 'polygon' loaded for trajectory optimization.
[INFO] [1783864584.573220193, 153.992000000]: Footprint model 'polygon' loaded for trajectory optimization.
[INFO] [1783864585.172192154, 154.592000000]: Footprint model 'polygon' loaded for trajectory optimization.
[INFO] [1783864585.771986988, 155.188000000]: Footprint model 'polygon' loaded for trajectory optimization.
[INFO] [1783864586.420429542, 155.836000000]: Footprint model 'polygon' loaded for trajectory optimization.
[INFO] [1783864587.016586403, 156.434000000]: Footprint model 'polygon' loaded for trajectory optimization.
[INFO] [1783864587.574411048, 156.992000000]: Footprint model 'polygon' loaded for trajectory optimization.
[INFO] [1783864589.461625994, 158.876000000]: GOAL Reached!
[INFO] [1783864589.601945253, 159.014000000]: Footprint model 'polygon' loaded for trajectory optimization.
[INFO] [1783864590.481352671, 159.892000000]: Footprint model 'polygon' loaded for trajectory optimization.
[INFO] [1783864591.163854824, 160.572000000]: Footprint model 'polygon' loaded for trajectory optimization.
[INFO] [1783864592.217476973, 161.624000000]: Footprint model 'polygon' loaded for trajectory optimization.
[INFO] [1783864593.186577653, 162.592000000]: Footprint model 'polygon' loaded for trajectory optimization.
[INFO] [1783864593.785454572, 163.188000000]: Footprint model 'polygon' loaded for trajectory optimization.
[INFO] [1783864594.336383055, 163.740000000]: Footprint model 'polygon' loaded for trajectory optimization.
[INFO] [1783864594.963014822, 164.364000000]: Footprint model 'polygon' loaded for trajectory optimization.
[INFO] [1783864595.534797321, 164.936000000]: Footprint model 'polygon' loaded for trajectory optimization.
[INFO] [1783864596.138119583, 165.538000000]: Footprint model 'polygon' loaded for trajectory optimization.
[INFO] [1783864596.734866209, 166.136000000]: Footprint model 'polygon' loaded for trajectory optimization.
[INFO] [1783864597.339110245, 166.736000000]: Footprint model 'polygon' loaded for trajectory optimization.
[INFO] [1783864599.029320338, 168.424000000]: GOAL Reached!
[INFO] [1783864599.189847944, 168.584000000]: Footprint model 'polygon' loaded for trajectory optimization.
[INFO] [1783864600.055851086, 169.450000000]: Footprint model 'polygon' loaded for trajectory optimization.
[INFO] [1783864600.738411008, 170.130000000]: Footprint model 'polygon' loaded for trajectory optimization.
[INFO] [1783864601.777318328, 171.170000000]: Footprint model 'polygon' loaded for trajectory optimization.
[INFO] [1783864602.722004394, 172.112000000]: Footprint model 'polygon' loaded for trajectory optimization.
[INFO] [1783864603.306881921, 172.698000000]: Footprint model 'polygon' loaded for trajectory optimization.
[INFO] [1783864603.871483457, 173.258000000]: Footprint model 'polygon' loaded for trajectory optimization.
[INFO] [1783864604.466225709, 173.852000000]: Footprint model 'polygon' loaded for trajectory optimization.
[INFO] [1783864605.066054433, 174.452000000]: Footprint model 'polygon' loaded for trajectory optimization.
[INFO] [1783864605.666142228, 175.050000000]: Footprint model 'polygon' loaded for trajectory optimization.
[INFO] [1783864606.268278884, 175.650000000]: Footprint model 'polygon' loaded for trajectory optimization.
[INFO] [1783864606.865583163, 176.248000000]: Footprint model 'polygon' loaded for trajectory optimization.
[INFO] [1783864607.514735213, 176.896000000]: Footprint model 'polygon' loaded for trajectory optimization.
[INFO] [1783864609.053483137, 178.436000000]: GOAL Reached!
[INFO] [1783864609.195232208, 178.576000000]: Footprint model 'polygon' loaded for trajectory optimization.
[INFO] [1783864610.073233687, 179.452000000]: Footprint model 'polygon' loaded for trajectory optimization.
[INFO] [1783864610.757279560, 180.136000000]: Footprint model 'polygon' loaded for trajectory optimization.
[INFO] [1783864611.820571632, 181.192000000]: Footprint model 'polygon' loaded for trajectory optimization.
[INFO] [1783864612.757797704, 182.130000000]: Footprint model 'polygon' loaded for trajectory optimization.
[INFO] [1783864613.348573886, 182.722000000]: Footprint model 'polygon' loaded for trajectory optimization.
[INFO] [1783864613.902295436, 183.276000000]: Footprint model 'polygon' loaded for trajectory optimization.
[INFO] [1783864614.506886560, 183.878000000]: Footprint model 'polygon' loaded for trajectory optimization.
[INFO] [1783864615.107890417, 184.478000000]: Footprint model 'polygon' loaded for trajectory optimization.
[INFO] [1783864615.707389679, 185.076000000]: Footprint model 'polygon' loaded for trajectory optimization.
[INFO] [1783864616.306130100, 185.672000000]: Footprint model 'polygon' loaded for trajectory optimization.
[INFO] [1783864616.906233192, 186.272000000]: Footprint model 'polygon' loaded for trajectory optimization.
[INFO] [1783864617.505147515, 186.870000000]: Footprint model 'polygon' loaded for trajectory optimization.
[INFO] [1783864619.097585038, 188.460000000]: GOAL Reached!
[INFO] [1783864619.247915309, 188.610000000]: Footprint model 'polygon' loaded for trajectory optimization.
[INFO] [1783864620.110198432, 189.472000000]: Footprint model 'polygon' loaded for trajectory optimization.
[INFO] [1783864620.806700444, 190.164000000]: Footprint model 'polygon' loaded for trajectory optimization.
[INFO] [1783864621.835034612, 191.192000000]: Footprint model 'polygon' loaded for trajectory optimization.
[INFO] [1783864622.771769083, 192.126000000]: Footprint model 'polygon' loaded for trajectory optimization.
[INFO] [1783864623.367357421, 192.724000000]: Footprint model 'polygon' loaded for trajectory optimization.
[INFO] [1783864623.921701602, 193.278000000]: Footprint model 'polygon' loaded for trajectory optimization.
[INFO] [1783864624.526025618, 193.878000000]: Footprint model 'polygon' loaded for trajectory optimization.
[INFO] [1783864625.120086008, 194.472000000]: Footprint model 'polygon' loaded for trajectory optimization.
[INFO] [1783864625.720825707, 195.072000000]: Footprint model 'polygon' loaded for trajectory optimization.
[INFO] [1783864626.320285722, 195.672000000]: Footprint model 'polygon' loaded for trajectory optimization.
[INFO] [1783864626.918197372, 196.270000000]: Footprint model 'polygon' loaded for trajectory optimization.
[INFO] [1783864627.568988367, 196.918000000]: Footprint model 'polygon' loaded for trajectory optimization.
[INFO] [1783864629.510787444, 198.858000000]: GOAL Reached!
[INFO] [1783864629.656335417, 199.002000000]: Footprint model 'polygon' loaded for trajectory optimization.
[INFO] [1783864630.527630048, 199.872000000]: Footprint model 'polygon' loaded for trajectory optimization.
[INFO] [1783864631.202738826, 200.548000000]: Footprint model 'polygon' loaded for trajectory optimization.
[INFO] [1783864632.245476988, 201.586000000]: Footprint model 'polygon' loaded for trajectory optimization.
[INFO] [1783864633.193103123, 202.532000000]: Footprint model 'polygon' loaded for trajectory optimization.
[INFO] [1783864633.834918803, 203.174000000]: Footprint model 'polygon' loaded for trajectory optimization.
[INFO] [1783864634.438075672, 203.776000000]: Footprint model 'polygon' loaded for trajectory optimization.
[INFO] [1783864635.038189025, 204.374000000]: Footprint model 'polygon' loaded for trajectory optimization.
[INFO] [1783864635.682576907, 205.018000000]: Footprint model 'polygon' loaded for trajectory optimization.
[INFO] [1783864636.282401518, 205.618000000]: Footprint model 'polygon' loaded for trajectory optimization.
[INFO] [1783864636.877983222, 206.216000000]: Footprint model 'polygon' loaded for trajectory optimization.
[INFO] [1783864637.436471861, 206.770000000]: Footprint model 'polygon' loaded for trajectory optimization.
[INFO] [1783864638.925795643, 208.256000000]: GOAL Reached!
[INFO] [1783864639.032600040, 208.362000000]: Footprint model 'polygon' loaded for trajectory optimization.
[INFO] [1783864639.902244719, 209.230000000]: Footprint model 'polygon' loaded for trajectory optimization.
[INFO] [1783864640.588670941, 209.914000000]: Footprint model 'polygon' loaded for trajectory optimization.
[INFO] [1783864641.631362945, 210.956000000]: Footprint model 'polygon' loaded for trajectory optimization.
[INFO] [1783864642.586382496, 211.910000000]: Footprint model 'polygon' loaded for trajectory optimization.
[INFO] [1783864643.168518994, 212.490000000]: Footprint model 'polygon' loaded for trajectory optimization.
[INFO] [1783864643.723924511, 213.048000000]: Footprint model 'polygon' loaded for trajectory optimization.
[INFO] [1783864644.323386921, 213.646000000]: Footprint model 'polygon' loaded for trajectory optimization.
[INFO] [1783864644.931293265, 214.250000000]: Footprint model 'polygon' loaded for trajectory optimization.
[INFO] [1783864645.528185546, 214.846000000]: Footprint model 'polygon' loaded for trajectory optimization.
[INFO] [1783864646.174732067, 215.490000000]: Footprint model 'polygon' loaded for trajectory optimization.
[INFO] [1783864646.778999520, 216.094000000]: Footprint model 'polygon' loaded for trajectory optimization.
[INFO] [1783864648.315188848, 217.632000000]: GOAL Reached!
[INFO] [1783864648.461687793, 217.776000000]: Footprint model 'polygon' loaded for trajectory optimization.
[INFO] [1783864649.341617374, 218.654000000]: Footprint model 'polygon' loaded for trajectory optimization.
[INFO] [1783864650.022537926, 219.332000000]: Footprint model 'polygon' loaded for trajectory optimization.
[INFO] [1783864651.055596589, 220.366000000]: Footprint model 'polygon' loaded for trajectory optimization.
[INFO] [1783864652.021722729, 221.332000000]: Footprint model 'polygon' loaded for trajectory optimization.
[INFO] [1783864652.661357443, 221.968000000]: Footprint model 'polygon' loaded for trajectory optimization.
[INFO] [1783864653.309493996, 222.614000000]: Footprint model 'polygon' loaded for trajectory optimization.
[INFO] [1783864653.862726966, 223.166000000]: Footprint model 'polygon' loaded for trajectory optimization.
[INFO] [1783864654.513792565, 223.816000000]: Footprint model 'polygon' loaded for trajectory optimization.
[INFO] [1783864655.064069192, 224.368000000]: Footprint model 'polygon' loaded for trajectory optimization.
[INFO] [1783864655.665689384, 224.966000000]: Footprint model 'polygon' loaded for trajectory optimization.
[INFO] [1783864656.262253608, 225.564000000]: Footprint model 'polygon' loaded for trajectory optimization.
[INFO] [1783864657.856081504, 227.152000000]: GOAL Reached!
[INFO] [1783864658.008428118, 227.304000000]: Footprint model 'polygon' loaded for trajectory optimizat[WARN] [1783864443.449275, 13.106000]: training environment stop requested: safety adapter requested emergency stop
[WARN] [1783864445.098934, 14.756000]: training environment stop requested: safety adapter requested emergency stop
[WARN] [1783864456.917502, 26.554000]: training environment stop requested: safety adapter requested emergency stop
[WARN] [1783864457.973152, 27.606000]: training environment stop requested: safety adapter requested emergency stop
[WARN] [1783864470.318964, 39.932000]: training environment stop requested: safety adapter requested emergency stop
[WARN] [1783864471.374245, 40.986000]: training environment stop requested: safety adapter requested emergency stop
[WARN] [1783864483.060619, 52.652000]: training environment stop requested: safety adapter requested emergency stop
[WARN] [1783864484.157708, 53.748000]: training environment stop requested: safety adapter requested emergency stop
[WARN] [1783864495.801647, 65.372000]: training environment stop requested: safety adapter requested emergency stop
[WARN] [1783864496.895976, 66.466000]: training environment stop requested: safety adapter requested emergency stop
[WARN] [1783864508.597704, 78.146000]: training environment stop requested: safety adapter requested emergency stop
[WARN] [1783864510.285271, 79.832000]: training environment stop requested: safety adapter requested emergency stop
[WARN] [1783864522.133882, 91.658000]: training environment stop requested: safety adapter requested emergency stop
[WARN] [1783864523.244829, 92.766000]: training environment stop requested: safety adapter requested emergency stop
[WARN] [1783864534.857599, 104.360000]: training environment stop requested: safety adapter requested emergency stop
[WARN] [1783864535.924174, 105.426000]: training environment stop requested: safety adapter requested emergency stop
[WARN] [1783864547.591612, 117.076000]: training environment stop requested: safety adapter requested emergency stop
[WARN] [1783864549.224936, 118.708000]: training environment stop requested: safety adapter requested emergency stop
[WARN] [1783864561.533701, 130.992000]: training environment stop requested: safety adapter requested emergency stop
[WARN] [1783864562.649178, 132.106000]: training environment stop requested: safety adapter requested emergency stop
[WARN] [1783864571.837360, 141.278000]: training environment stop requested: safety adapter requested emergency stop
[WARN] [1783864572.929636, 142.368000]: training environment stop requested: safety adapter requested emergency stop
[WARN] [1783864581.297100, 150.720000]: training environment stop requested: safety adapter requested emergency stop
[WARN] [1783864582.403428, 151.826000]: training environment stop requested: safety adapter requested emergency stop
[WARN] [1783864591.062881, 160.470000]: training environment stop requested: safety adapter requested emergency stop
[WARN] [1783864592.140910, 161.546000]: training environment stop requested: safety adapter requested emergency stop
[WARN] [1783864600.640071, 170.032000]: training environment stop requested: safety adapter requested emergency stop
[WARN] [1783864601.696402, 171.086000]: training environment stop requested: safety adapter requested emergency stop
[WARN] [1783864610.664695, 180.044000]: training environment stop requested: safety adapter requested emergency stop
[WARN] [1783864611.754338, 181.126000]: training environment stop requested: safety adapter requested emergency stop
[WARN] [1783864620.663606, 190.022000]: training environment stop requested: safety adapter requested emergency stop
[WARN] [1783864621.769924, 191.126000]: training environment stop requested: safety adapter requested emergency stop
[WARN] [1783864631.063359, 200.406000]: training environment stop requested: safety adapter requested emergency stop
[WARN] [1783864632.165501, 201.504000]: training environment stop requested: safety adapter requested emergency stop
[WARN] [1783864640.491588, 209.818000]: training environment stop requested: safety adapter requested emergency stop
[WARN] [1783864641.564765, 210.888000]: training environment stop requested: safety adapter requested emergency stop
[WARN] [1783864649.880276, 219.190000]: training environment stop requested: safety adapter requested emergency stop
[WARN] [1783864650.976843, 220.286000]: training environment stop requested: safety adapter requested emergency stop
[WARN] [1783864659.424061, 228.718000]: training environment stop requested: safety adapter requested emergency stop
[WARN] [1783864660.534793, 229.826000]: training environment stop requested: safety adapter requested emergency stop
[WARN] [1783864661.650210, 230.942000]: training environment stop requested: adapter_close
schema_version: '1.0'
task: T11
status: passed
run_id: t11_semantic_eta_no_fallback_seed102
algorithm: RL-TEB-Eta-NoFallback
training_seed: 102
safety_mode: NoFallback
episode_count: 70
step_count: 249
failure_count: 40
run_validation:
  valid: true
  run_id: t11_semantic_eta_no_fallback_seed102
  episode_count: 70
  step_count: 249
  verified_checksum_count: 4
selected_checkpoint: /home/robot/robot_ws_base_rl/artifacts/t11/runs/t11_semantic_eta_fullsafety_seed102/checkpoints/step_000200
passed: true
acceptance_override: false

[INFO] [1783864429.492047103]: Finished loading Gazebo ROS API Plugin.
[INFO] [1783864429.492675706]: waitForService: Service [/gazebo/set_physics_properties] has not been advertised, waiting...
[INFO] [1783864430.027506640, 0.004000000]: waitForService: Service [/gazebo/set_physics_properties] is now available.
[INFO] [1783864430.063435146, 0.038000000]: Physics dynamic reconfigure ready.
[INFO] [1783864430.467681407, 0.382000000]: <initialOrientationAsReference> is unset, using default value of false to comply with REP 145 (world as orientation reference)
[INFO] [1783864430.467716158, 0.382000000]: <robotNamespace> set to: //
[INFO] [1783864430.467722910, 0.382000000]: <topicName> set to: imu/data
[INFO] [1783864430.467727661, 0.382000000]: <frameName> set to: imu_link
[INFO] [1783864430.467744932, 0.382000000]: <updateRateHZ> set to: 50
[INFO] [1783864430.467752181, 0.382000000]: <gaussianNoise> set to: 0
[INFO] [1783864430.467770038, 0.382000000]: <xyzOffset> set to: 0 0 0
[INFO] [1783864430.467785737, 0.382000000]: <rpyOffset> set to: 0 -0 0
[INFO] [1783864430.583334723, 0.382000000]: Laser Plugin: Using the 'robotNamespace' param: '/'
[INFO] [1783864430.583355360, 0.382000000]: Starting Laser Plugin (ns = /)
[INFO] [1783864430.584128015, 0.382000000]: Laser Plugin (ns = /)  <tf_prefix_>, set to ""
[INFO] [1783864430.697510628, 0.382000000]: M2 simulation-only Ackermann interface loaded; cmd_angle_instead_rotvel=false
ion.
[INFO] [1783864658.878340296, 228.172000000]: Footprint model 'polygon' loaded for trajectory optimization.
[INFO] [1783864659.567747651, 228.862000000]: Footprint model 'polygon' loaded for trajectory optimization.
[INFO] [1783864660.618925178, 229.910000000]: Footprint model 'polygon' loaded for trajectory optimization.
[INFO] [1783864661.691957057, 230.984000000]: Footprint model 'polygon' loaded for trajectory optimization.
[INFO] [1783864661.731647129, 231.024000000]: Footprint model 'polygon' loaded for trajectory optimization.
... logging to /home/robot/.ros/log/1b4f5f76-7df9-11f1-91bc-3382cc4c3ed1/roslaunch-WP-202775.log
Checking log directory for disk usage. This may take a while.
Press Ctrl-C to interrupt
]2;/home/robot/robot_ws_base_rl/src/tools/thesis_experiment/launch/t11_formal_run.launch
[1mstarted roslaunch server http://WP:36503/[0m

SUMMARY
========

PARAMETERS
 * /gazebo/enable_ros_network: True
 * /m2_gazebo/simulation_only: True
 * /m2_robot_state_publisher/publish_frequency: 30.0
 * /move_base/TebLocalPlannerROS/acc_lim_theta: 0.8
 * /move_base/TebLocalPlannerROS/acc_lim_x: 0.8
 * /move_base/TebLocalPlannerROS/allow_init_with_backwards_motion: True
 * /move_base/TebLocalPlannerROS/cmd_angle_instead_rotvel: False
 * /move_base/TebLocalPlannerROS/costmap_obstacles_behind_robot_dist: 1.5
 * /move_base/TebLocalPlannerROS/dt_hysteresis: 0.1
 * /move_base/TebLocalPlannerROS/dt_ref: 0.3
 * /move_base/TebLocalPlannerROS/enable_homotopy_class_planning: False
 * /move_base/TebLocalPlannerROS/enable_multithreading: True
 * /move_base/TebLocalPlannerROS/feasibility_check_no_poses: 5
 * /move_base/TebLocalPlannerROS/footprint_model/type: polygon
 * /move_base/TebLocalPlannerROS/footprint_model/vertices: [[0.52, 0.35], [0...
 * /move_base/TebLocalPlannerROS/global_plan_overwrite_orientation: True
 * /move_base/TebLocalPlannerROS/include_costmap_obstacles: True
 * /move_base/TebLocalPlannerROS/inflation_dist: 0.55
 * /move_base/TebLocalPlannerROS/map_frame: odom
 * /move_base/TebLocalPlannerROS/max_global_plan_lookahead_dist: 8.0
 * /move_base/TebLocalPlannerROS/max_number_classes: 4
 * /move_base/TebLocalPlannerROS/max_samples: 500
 * /move_base/TebLocalPlannerROS/max_vel_theta: 1.0
 * /move_base/TebLocalPlannerROS/max_vel_x: 1.2
 * /move_base/TebLocalPlannerROS/max_vel_x_backwards: 0.6
 * /move_base/TebLocalPlannerROS/max_vel_y: 0.0
 * /move_base/TebLocalPlannerROS/min_obstacle_dist: 0.25
 * /move_base/TebLocalPlannerROS/min_turning_radius: 1.2
 * /move_base/TebLocalPlannerROS/obstacle_poses_affected: 15
 * /move_base/TebLocalPlannerROS/odom_topic: /odom
 * /move_base/TebLocalPlannerROS/teb_autosize: True
 * /move_base/TebLocalPlannerROS/weight_acc_lim_theta: 1.0
 * /move_base/TebLocalPlannerROS/weight_acc_lim_x: 1.0
 * /move_base/TebLocalPlannerROS/weight_adapt_factor: 2.0
 * /move_base/TebLocalPlannerROS/weight_inflation: 0.1
 * /move_base/TebLocalPlannerROS/weight_kinematics_forward_drive: 10.0
 * /move_base/TebLocalPlannerROS/weight_kinematics_nh: 1000.0
 * /move_base/TebLocalPlannerROS/weight_kinematics_turning_radius: 10.0
 * /move_base/TebLocalPlannerROS/weight_max_vel_theta: 1.0
 * /move_base/TebLocalPlannerROS/weight_max_vel_x: 2.0
 * /move_base/TebLocalPlannerROS/weight_obstacle: 50.0
 * /move_base/TebLocalPlannerROS/weight_optimaltime: 1.0
 * /move_base/TebLocalPlannerROS/weight_viapoint: 1.0
 * /move_base/TebLocalPlannerROS/wheelbase: 0.65
 * /move_base/base_global_planner: navfn/NavfnROS
 * /move_base/base_local_planner: teb_local_planner...
 * /move_base/clearing_rotation_allowed: False
 * /move_base/controller_frequency: 10.0
 * /move_base/controller_patience: 5.0
 * /move_base/global_costmap/footprint: [[0.52, 0.35], [0...
 * /move_base/global_costmap/footprint_padding: 0.05
 * /move_base/global_costmap/global_frame: odom
 * /move_base/global_costmap/height: 30.0
 * /move_base/global_costmap/inflation_layer/cost_scaling_factor: 4.0
 * /move_base/global_costmap/inflation_layer/enabled: True
 * /move_base/global_costmap/inflation_layer/inflation_radius: 0.55
 * /move_base/global_costmap/obstacle_layer/enabled: True
 * /move_base/global_costmap/obstacle_layer/observation_sources: scan
 * /move_base/global_costmap/obstacle_layer/scan/clearing: True
 * /move_base/global_costmap/obstacle_layer/scan/data_type: LaserScan
 * /move_base/global_costmap/obstacle_layer/scan/inf_is_valid: True
 * /move_base/global_costmap/obstacle_layer/scan/marking: True
 * /move_base/global_costmap/obstacle_layer/scan/obstacle_range: 12.0
 * /move_base/global_costmap/obstacle_layer/scan/raytrace_range: 15.0
 * /move_base/global_costmap/obstacle_layer/scan/sensor_frame: laser_link
 * /move_base/global_costmap/obstacle_layer/scan/topic: /scan
 * /move_base/global_costmap/plugins: [{'name': 'obstac...
 * /move_base/global_costmap/publish_frequency: 2.0
 * /move_base/global_costmap/resolution: 0.05
 * /move_base/global_costmap/robot_base_frame: base_link
 * /move_base/global_costmap/rolling_window: True
 * /move_base/global_costmap/transform_tolerance: 0.3
 * /move_base/global_costmap/update_frequency: 5.0
 * /move_base/global_costmap/width: 30.0
 * /move_base/local_costmap/footprint: [[0.52, 0.35], [0...
 * /move_base/local_costmap/footprint_padding: 0.05
 * /move_base/local_costmap/global_frame: odom
 * /move_base/local_costmap/height: 12.0
 * /move_base/local_costmap/inflation_layer/cost_scaling_factor: 4.0
 * /move_base/local_costmap/inflation_layer/enabled: True
 * /move_base/local_costmap/inflation_layer/inflation_radius: 0.55
 * /move_base/local_costmap/obstacle_layer/enabled: True
 * /move_base/local_costmap/obstacle_layer/observation_sources: scan
 * /move_base/local_costmap/obstacle_layer/scan/clearing: True
 * /move_base/local_costmap/obstacle_layer/scan/data_type: LaserScan
 * /move_base/local_costmap/obstacle_layer/scan/inf_is_valid: True
 * /move_base/local_costmap/obstacle_layer/scan/marking: True
 * /move_base/local_costmap/obstacle_layer/scan/obstacle_range: 12.0
 * /move_base/local_costmap/obstacle_layer/scan/raytrace_range: 15.0
 * /move_base/local_costmap/obstacle_layer/scan/sensor_frame: laser_link
 * /move_base/local_costmap/obstacle_layer/scan/topic: /scan
 * /move_base/local_costmap/plugins: [{'name': 'obstac...
 * /move_base/local_costmap/publish_frequency: 5.0
 * /move_base/local_costmap/resolution: 0.05
 * /move_base/local_costmap/robot_base_frame: base_link
 * /move_base/local_costmap/rolling_window: True
 * /move_base/local_costmap/transform_tolerance: 0.3
 * /move_base/local_costmap/update_frequency: 10.0
 * /move_base/local_costmap/width: 12.0
 * /move_base/oscillation_distance: 0.2
 * /move_base/oscillation_timeout: 10.0
 * /move_base/planner_frequency: 1.0
 * /move_base/planner_patience: 5.0
 * /move_base/recovery_behavior_enabled: False
 * /move_base/shutdown_costmaps: False
 * /robot_description: <?xml version="1....
 * /rosdistro: noetic
 * /rosversion: 1.17.4
 * /t11_formal_run/acceptance_eval_seed_limit: 0
 * /t11_formal_run/acceptance_timesteps: 0
 * /t11_formal_run/algorithm: RL-TEB-Semantic-Eta
 * /t11_formal_run/checkpoint: /home/robot/robot...
 * /t11_formal_run/config: /home/robot/robot...
 * /t11_formal_run/output_dir: /home/robot/robot...
 * /t11_formal_run/phase: ablation
 * /t11_formal_run/run_id: t11_semantic_eta_...
 * /t11_formal_run/safety_mode: NoFallback
 * /t11_formal_run/training_seed: 102
 * /use_sim_time: True

NODES
  /
    gazebo (gazebo_ros/gzserver)
    m2_robot_state_publisher (robot_state_publisher/robot_state_publisher)
    move_base (move_base/move_base)
    spawn_m2 (gazebo_ros/spawn_model)
    t11_formal_run (thesis_experiment/t11_formal_run.py)

auto-starting new master
[1mprocess[master]: started with pid [202831][0m
[1mROS_MASTER_URI=http://localhost:11311[0m
]2;/home/robot/robot_ws_base_rl/src/tools/thesis_experiment/launch/t11_formal_run.launch http://localhost:11311
[1msetting /run_id to 1b4f5f76-7df9-11f1-91bc-3382cc4c3ed1[0m
[1mprocess[rosout-1]: started with pid [202864][0m
started core service [/rosout]
[1mprocess[gazebo-2]: started with pid [202871][0m
[1mprocess[spawn_m2-3]: started with pid [202874][0m
[1mprocess[m2_robot_state_publisher-4]: started with pid [202877][0m
[1mprocess[move_base-5]: started with pid [202878][0m
[1mprocess[t11_formal_run-6]: started with pid [202879][0m
[1m[spawn_m2-3] process has finished cleanly
log file: /home/robot/.ros/log/1b4f5f76-7df9-11f1-91bc-3382cc4c3ed1/spawn_m2-3*.log[0m
[t11_formal_run-6] killing on exit
[move_base-5] killing on exit
[m2_robot_state_publisher-4] killing on exit
[gazebo-2] killing on exit
[rosout-1] killing on exit
[master] killing on exit
shutting down processing monitor...
[31mWARNING: disk usage in log directory [/home/robot/.ros/log] is over 1GB.
It's recommended that you use the 'rosclean' command.[0m
WARNING: Package name "gazebo_ros_2Dmap_plugin" does not follow the naming conventions. It should start with a lower case letter and only contain lower case letters, digits, underscores, and dashes.
WARNING: Package name "gazebo_ros_2Dmap_plugin" does not follow the naming conventions. It should start with a lower case letter and only contain lower case letters, digits, underscores, and dashes.
[31m================================================================================REQUIRED process [t11_formal_run-6] has died!
process has finished cleanly
log file: /home/robot/.ros/log/1b4f5f76-7df9-11f1-91bc-3382cc4c3ed1/t11_formal_run-6*.log
Initiating shutdown!
================================================================================[0m
... shutting down processing monitor complete
[1mdone[0m
