WARNING: Package name "gazebo_ros_2Dmap_plugin" does not follow the naming conventions. It should start with a lower case letter and only contain lower case letters, digits, underscores, and dashes.
xacro: in-order processing became default in ROS Melodic. You can drop the option.
WARNING: Package name "gazebo_ros_2Dmap_plugin" does not follow the naming conventions. It should start with a lower case letter and only contain lower case letters, digits, underscores, and dashes.
WARNING: Package name "gazebo_ros_2Dmap_plugin" does not follow the naming conventions. It should start with a lower case letter and only contain lower case letters, digits, underscores, and dashes.
[INFO] [1783858709.689412, 0.000000]: Loading model XML from ros parameter robot_description
[INFO] [1783858709.692838, 0.000000]: Waiting for service /gazebo/spawn_urdf_model
[INFO] [1783858710.597378, 0.254000]: Calling service /gazebo/spawn_urdf_model
[INFO] [1783858710.886590, 0.378000]: Spawn status: SpawnModel: Successfully spawned entity
[INFO] [1783858711.216145946, 0.580000000]: global_costmap: Using plugin "obstacle_layer"
[INFO] [1783858711.221196997, 0.586000000]:     Subscribed to Topics: scan
[INFO] [1783858711.230576233, 0.594000000]: global_costmap: Using plugin "inflation_layer"
[INFO] [1783858711.254102397, 0.618000000]: local_costmap: Using plugin "obstacle_layer"
[INFO] [1783858711.255829464, 0.620000000]:     Subscribed to Topics: scan
[INFO] [1783858711.263915015, 0.628000000]: local_costmap: Using plugin "inflation_layer"
[INFO] [1783858711.276616535, 0.642000000]: Created local_planner teb_local_planner/TebLocalPlannerROS
[INFO] [1783858711.299766081, 0.664000000]: Footprint model 'polygon' loaded for trajectory optimization.
[INFO] [1783858711.299899688, 0.664000000]: Parallel planning in distinctive topologies disabled.
[INFO] [1783858711.299915271, 0.664000000]: No costmap conversion plugin specified. All occupied costmap cells are treaten as point obstacles.
[INFO] [1783858711.326227058, 0.692000000]: Footprint model 'polygon' loaded for trajectory optimization.
[INFO] [1783858711.481312894, 0.846000000]: Recovery behavior will clear layer 'obstacles'
[INFO] [1783858711.482195870, 0.848000000]: Recovery behavior will clear layer 'obstacles'
[INFO] [1783858711.551137623, 0.918000000]: odom received!
[INFO] [1783858713.326441406, 2.686000000]: Footprint model 'polygon' loaded for trajectory optimization.
[INFO] [1783858713.928998375, 3.288000000]: Footprint model 'polygon' loaded for trajectory optimization.
[INFO] [1783858714.473283284, 3.832000000]: Footprint model 'polygon' loaded for trajectory optimization.
[INFO] [1783858715.121160858, 4.480000000]: Footprint model 'polygon' loaded for trajectory optimization.
[INFO] [1783858716.865336501, 6.218000000]: GOAL Reached!
[INFO] [1783858716.955214960, 6.308000000]: Footprint model 'polygon' loaded for trajectory optimization.
[INFO] [1783858717.814686765, 7.170000000]: Footprint model 'polygon' loaded for trajectory optimization.
[INFO] [1783858718.367490629, 7.720000000]: Footprint model 'polygon' loaded for trajectory optimization.
[INFO] [1783858718.961813952, 8.314000000]: Footprint model 'polygon' loaded for trajectory optimization.
[INFO] [1783858719.608196301, 8.960000000]: Footprint model 'polygon' loaded for trajectory optimization.
[INFO] [1783858720.210719868, 9.562000000]: Footprint model 'polygon' loaded for trajectory optimization.
[INFO] [1783858720.817058165, 10.164000000]: Footprint model 'polygon' loaded for trajectory optimization.
[INFO] [1783858722.257895658, 11.602000000]: GOAL Reached!
[INFO] [1783858722.342664306, 11.688000000]: Footprint model 'polygon' loaded for trajectory optimization.
[INFO] [1783858723.222450686, 12.568000000]: Footprint model 'polygon' loaded for trajectory optimization.
[INFO] [1783858723.772673189, 13.116000000]: Footprint model 'polygon' loaded for trajectory optimization.
[INFO] [1783858724.730870229, 14.072000000]: Footprint model 'polygon' loaded for trajectory optimization.
[INFO] [1783858725.668444030, 15.008000000]: Footprint model 'polygon' loaded for trajectory optimization.
[INFO] [1783858726.266285404, 15.604000000]: Footprint model 'polygon' loaded for trajectory optimization.
[INFO] [1783858726.817895771, 16.154000000]: Footprint model 'polygon' loaded for trajectory optimization.
[INFO] [1783858727.466558149, 16.802000000]: Footprint model 'polygon' loaded for trajectory optimization.
[INFO] [1783858729.308151052, 18.642000000]: GOAL Reached!
[INFO] [1783858729.388385385, 18.722000000]: Footprint model 'polygon' loaded for trajectory optimization.
[INFO] [1783858730.276142638, 19.606000000]: Footprint model 'polygon' loaded for trajectory optimization.
[INFO] [1783858730.861392168, 20.190000000]: Footprint model 'polygon' loaded for trajectory optimization.
[INFO] [1783858731.461764878, 20.790000000]: Footprint model 'polygon' loaded for trajectory optimization.
[INFO] [1783858732.065232410, 21.392000000]: Footprint model 'polygon' loaded for trajectory optimization.
[INFO] [1783858732.614054501, 21.940000000]: Footprint [WARN] [1783858738.493166004, 27.812000000]: Control loop missed its desired rate of 10.0000Hz... the loop actually took 0.1140 seconds
model 'polygon' loaded for trajectory optimization.
[INFO] [1783858733.214828053, 22.540000000]: Footprint model 'polygon' loaded for trajectory optimization.
[INFO] [1783858734.801739505, 24.128000000]: GOAL Reached!
[INFO] [1783858734.894251081, 24.222000000]: Footprint model 'polygon' loaded for trajectory optimization.
[INFO] [1783858735.783115962, 25.106000000]: Footprint model 'polygon' loaded for trajectory optimization.
[INFO] [1783858736.334790374, 25.656000000]: Footprint model 'polygon' loaded for trajectory optimization.
[INFO] [1783858736.940149962, 26.260000000]: Footprint model 'polygon' loaded for trajectory optimization.
[INFO] [1783858737.870430560, 27.188000000]: Footprint model 'polygon' loaded for trajectory optimization.
[INFO] [1783858738.493990537, 27.814000000]: Footprint model 'polygon' loaded for trajectory optimization.
[INFO] [1783858739.430652952, 28.746000000]: Footprint model 'polygon' loaded for trajectory optimization.
[INFO] [1783858739.982179637, 29.298000000]: Footprint model 'polygon' loaded for trajectory optimization.
[INFO] [1783858740.633267219, 29.948000000]: Footprint model 'polygon' loaded for trajectory optimization.
[INFO] [1783858741.185797045, 30.498000000]: Footprint model 'polygon' loaded for trajectory optimization.
[INFO] [1783858742.973017841, 32.284000000]: GOAL Reached!
[INFO] [1783858743.076138966, 32.388000000]: Footprint model 'polygon' loaded for trajectory optimization.
[INFO] [1783858743.940346296, 33.248000000]: Footprint model 'polygon' loaded for trajectory optimization.
[INFO] [1783858744.499617026, 33.806000000]: Footprint model 'polygon' loaded for trajectory optimization.
[INFO] [1783858745.093322216, 34.402000000]: Footprint model 'polygon' loaded for trajectory optimization.
[INFO] [1783858745.700796176, 35.006000000]: Footprint model 'polygon' loaded for trajectory optimization.
[INFO] [1783858746.297810890, 35.602000000]: Footprint model 'polygon' loaded for trajectory optimization.
[INFO] [1783858746.948269736, 36.250000000]: Footprint model 'polygon' loaded for trajectory optimization.
[INFO] [1783858748.490240533, 37.790000000]: GOAL Reached!
[INFO] [1783858748.583179904, 37.884000000]: Footprint model 'polygon' loaded for trajectory optimization.
[INFO] [1783858749.469779457, 38.768000000]: Footprint model 'polygon' loaded for trajectory optimization.
[INFO] [1783858750.062106457, 39.360000000]: Footprint model 'polygon' loaded for trajectory optimization.
[INFO] [1783858750.991551876, 40.288000000]: Footprint model 'polygon' loaded for trajectory optimization.
[INFO] [1783858751.913169077, 41.208000000]: Footprint model 'polygon' loaded for trajectory optimization.
[INFO] [1783858752.461980036, 41.754000000]: Footprint model 'polygon' loaded for trajectory optimization.
[INFO] [1783858753.060615438, 42.352000000]: Footprint model 'polygon' loaded for trajectory optimization.
[INFO] [1783858753.710012827, 43.000000000]: Footprint model 'polygon' loaded for trajectory optimization.
[INFO] [1783858755.553659016, 44.840000000]: GOAL Reached!
[INFO] [1783858755.636575739, 44.922000000]: Footprint model 'polygon' loaded for trajectory optimization.
[INFO] [1783858756.501454026, 45.788000000]: Footprint model 'polygon' loaded for trajectory optimization.
[INFO] [1783858757.091206163, 46.376000000]: Footprint model 'polygon' loaded for trajectory optimization.
[INFO] [1783858757.644832287, 46.928000000]: Footprint model 'polygon' loaded for trajectory optimization.
[INFO] [1783858758.294240520, 47.576000000]: Footprint model 'polygon' loaded for trajectory optimization.
[INFO] [1783858758.891740519, 48.174000000]: Footprint model 'polygon' loaded for trajectory optimization.
[INFO] [1783858759.445378942, 48.726000000]: Footprint model 'polygon' loaded for trajectory optimization.
[INFO] [1783858761.037767554, 50.314000000]: GOAL Reached!
[INFO] [1783858761.120139256, 50.396000000]: Footprint model 'polygon' loaded for trajectory optimization.
[INFO] [1783858761.991477936, 51.268000000]: Footprint model 'polygon' loaded for trajectory optimization.
[INFO] [1783858762.540308120, 51.818000000]: Footprint model 'polygon' loaded for trajectory optimization.
[INFO] [1783858763.189198937, 52.464000000]: Footprint model 'polygon' loaded for trajectory optimization.
[INFO] [1783858764.155838352, 53.428000000]: Footprint model 'polygon' loaded for trajectory optimization.
[INFO] [1783858764.742529777, 54.016000000]: Footprint model 'polygon' loaded for trajectory optimization.
[INFO] [1783858765.654482513, 54.926000000]: Footprint model 'polygon' loaded for trajectory optimization.
[INFO] [1783858766.258801729, 55.530000000]: Footprint model 'polygon' loaded for trajectory optimization.
[INFO] [1783858766.810462665, 56.078000000]: Footprint model 'polygon' loaded for trajectory optimization.
[INFO] [1783858767.458222250, 56.726000000]: Footprint model 'polygon' loaded for trajectory optimization.
[INFO] [1783858769.199695983, 58.464000000]: GOAL Reached!
[INFO] [1783858769.306105896, 58.570000000]: Footprint model 'polygon' loaded for trajectory optimization.
[INFO] [1783858770.163159474, 59.426000000]: Footprint model 'polygon' loaded for trajectory optimization.
[INFO] [1783858770.722268181, 59.984000000]: Footprint model 'polygon' loaded for trajectory optimization.
[INFO] [1783858771.368361794, 60.628000000]: Footprint model 'polygon' loaded for trajectory optimization.
[INFO] [1783858771.966570179, 61.224000000]: Footprint model 'polygon' loaded for trajectory optimization.
[INFO] [1783858772.570812116, 61.828000000]: Footprint model 'polygon' loaded for trajectory optimization.
[INFO] [1783858773.170253068, 62.426000000]: Footprint model 'polygon' loaded for trajectory optimization.
[INFO] [1783858774.611874277, 63.866000000]: GOAL Reached!
[INFO] [1783858774.714811195, 63.970000000]: Footprint model 'polygon' loaded for trajectory optimization.
[INFO] [1783858775.575118720, 64.828000000]: Footprint model 'polygon' loaded for trajectory optimization.
[INFO] [1783858776.148735732, 65.402000000]: Footprint model 'polygon' loaded for trajectory optimization.
[INFO] [1783858777.099124925, 66.350000000]: Footprint model 'polygon' loaded for trajectory optimization.
[INFO] [1783858778.040260987, 67.288000000]: Footprint model 'polygon' loaded for trajectory optimization.
[INFO] [1783858778.588571570, 67.836000000]: Footprint model 'polygon' loaded for trajectory optimization.
[INFO] [1783858779.185964573, 68.432000000]: Footprint model 'polygon' loaded for trajectory optimization.
[INFO] [1783858779.837816145, 69.084000000]: Footprint model 'polygon' loaded for trajectory optimization.
[INFO] [1783858781.679526786, 70.922000000]: GOAL Reached!
[INFO] [1783858781.773337381, 71.014000000]: Footprint model 'polygon' loaded for trajectory optimization.
[INFO] [1783858782.647274177, 71.888000000]: Footprint model 'polygon' loaded for trajectory optimization.
[INFO] [1783858783.193978480, 72.434000000]: Footprint model 'polygon' loaded for trajectory optimization.
[INFO] [1783858783.792301955, 73.030000000]: Footprint model 'polygon' loaded for trajectory optimization.
[INFO] [1783858784.398726679, 73.636000000]: Footprint model 'polygon' loaded for trajectory optimization.
[INFO] [1783858785.043670167, 74.280000000]: Footprint model 'polygon' loaded for trajectory optimization.
[INFO] [1783858785.593298813, 74.830000000]: Footprint model 'polygon' loaded for trajectory optimization.
[INFO] [1783858787.085933464, 76.318000000]: GOAL Reached!
[INFO] [1783858787.175444151, 76.408000000]: Footprint model 'polygon' loaded for trajectory optimization.
[INFO] [1783858788.055568650, 77.286000000]: Footprint model 'polygon' loaded for trajectory optimization.
[INFO] [1783858788.615500607, 77.848000000]: Footprint model 'polygon' loaded for trajectory optimization.
[INFO] [1783858789.216467775, 78.446000000]: Footprint model 'polygon' loaded for trajectory optimization.
[INFO] [1783858789.862135294, 79.090000000]: Footprint model 'polygon' loaded for trajectory optimization.
[INFO] [1783858790.822816593, 80.050000000]: Footprint model 'polygon' loaded for trajectory optimization.
[INFO] [1783858791.418967989, 80.646000000]: Footprint model 'polygon' loaded for trajectory optimization.
[INFO] [1783858792.345107602, 81.568000000]: Footprint model 'polygon' loaded for trajectory optimization.
[INFO] [1783858792.891827607, 82.116000000]: Footprint model 'polygon' loaded for trajectory optimization.
[INFO] [1783858793.543330369, 82.764000000]: Footprint model 'polygon' loaded for trajectory optimization.
[INFO] [1783858794.093598913, 83.314000000]: Footprint model 'polygon' loaded for trajectory optimization.
[INFO] [1783858795.985036394, 85.202000000]: GOAL Reached!
[INFO] [1783858796.065265101, 85.284000000]: Footprint model 'polygon' loaded for trajectory optimization.
[INFO] [1783858796.930396292, 86.146000000]: Footprint model 'polygon' loaded for trajectory optimization.
[INFO] [1783858797.516375212, 86.730000000]: Footprint model 'polygon' loaded for trajectory optimization.
[INFO] [1783858798.073341836, 87.286000000]: Footprint model 'polygon' loaded for trajectory optimization.
[INFO] [1783858798.671374617, 87.886000000]: Footprint model 'polygon' loaded for trajectory optimization.
[INFO] [1783858799.272842470, 88.484000000]: Footprint model 'polygon' loaded for trajectory optimization.
[INFO] [1783858799.874360537, 89.084000000]: Footprint model 'polygon' loaded for trajectory optimization.
[INFO] [1783858801.461647596, 90.672000000]: GOAL Reached!
[INFO] [1783858801.544587079, 90.754000000]: Footprint model 'polygon' loaded for trajectory optimization.
[INFO] [1783858802.441798314, 91.646000000]: Footprint model 'polygon' loaded for trajectory optimization.
[INFO] [1783858803.023720357, 92.228000000]: Footprint model 'polygon' loaded for trajectory optimization.
[INFO] [1783858803.964506965, 93.170000000]: Footprint model 'polygon' loaded for trajectory optimization.
[INFO] [1783858804.887782474, 94.088000000]: Footprint model 'polygon' loaded for trajectory optimization.
[INFO] [1783858805.441175498, 94.642000000]: Footprint model 'polygon' loaded for trajectory optimization.
[INFO] [1783858806.088576272, 95.288000000]: Footprint model 'polygon' loaded for trajectory optimization.
[INFO] [1783858806.687263074, 95.888000000]: Footprint model 'polygon' loaded for trajectory optimization.
[INFO] [1783858808.431276508, 97.626000000]: GOAL Reached!
[INFO] [1783858808.535879964, 97.730000000]: Footprint model 'polygon' loaded for trajectory optimization.
[INFO] [1783858809.394405653, 98.586000000]: Footprint model 'polygon' loaded for trajectory optimization.
[INFO] [1783858809.949689236, 99.142000000]: Footprint model 'polygon' loaded for trajectory optimization.
[INFO] [1783858810.595929011, 99.786000000]: Footprint model 'polygon' loaded for trajectory optimization.
[INFO] [1783858811.147595597, 100.338000000]: Footprint model 'polygon' loaded for trajectory optimization.
[INFO] [1783858811.746582271, 100.938000000]: Footprint model 'polygon' loaded for trajectory optimization.
[INFO] [1783858812.398538269, 101.586000000]: Footprint model 'polygon' loaded for trajectory optimization.
[INFO] [1783858813.840169320, 103.026000000]: GOAL Reached!
[INFO] [1783858813.930442335, 103.116000000]: Footprint model 'polygon' loaded for trajectory optimization.
[INFO] [1783858814.781366342, 103.966000000]: Footprint model 'polygon' loaded for trajectory optimization.
[INFO] [1783858815.392690483, 104.576000000]: Footprint model 'polygon' loaded for trajectory optimization.
[INFO] [1783858815.942875408, 105.126000000]: Footprint model 'polygon' loaded for trajectory optimization.
[INFO] [1783858816.887947018, 106.068000000]: Footprint model 'polygon' loaded for trajectory optimization.
[INFO] [1783858817.454671554, 106.634000000]: Footprint model 'polygon' loaded for trajectory optimization.
[INFO] [1783858818.384949691, 107.562000000]: Footprint model 'polygon' loaded for trajectory optimization.
[INFO] [1783858818.992531859, 108.170000000]: Footprint model 'polygon' loaded for trajectory optimization.
[INFO] [1783858819.592996081, 108.770000000]: Footprint model 'polygon' loaded for trajectory optimization.
[INFO] [1783858820.142615616, 109.318000000]: Footprint model 'polygon' loaded for trajectory optimization.
[INFO] [1783858822.031034357, 111.206000000]: GOAL Reached!
[INFO] [1783858822.113387538, 111.288000000]: Footprint model 'polygon' loaded for trajectory optimization.
[INFO] [1783858822.974563468, 112.146000000]: Footprint model 'polygon' loaded for trajectory optimization.
[INFO] [1783858823.531220384, 112.702000000]: Footprint model 'polygon' loaded for trajectory optimization.
[INFO] [1783858824.179623574, 113.348000000]: Footprint model 'polygon' loaded for trajectory optimization.
[INFO] [1783858824.729787925, 113.898000000]: Footprint model 'polygon' loaded for trajectory optimization.
[INFO] [1783858825.331198311, 114.498000000]: Footprint model 'polygon' loaded for trajectory optimization.
[INFO] [1783858825.934575460, 115.100000000]: Footprint model 'polygon' loaded for trajectory optimization.
[INFO] [1783858827.423298781, 116.586000000]: GOAL Reached!
[INFO] [1783858827.519519282, 116.682000000]: Footprint model 'polygon' loaded for trajectory optimization.
[INFO] [1783858828.385437241, 117.548000000]: Footprint model 'polygon' loaded for trajectory optimization.
[INFO] [1783858828.944643239, 118.106000000]: Footprint model 'polygon' loaded for trajectory optimization.
[INFO] [1783858829.893807826, 119.052000000]: Footprint model 'polygon' loaded for trajectory optimization.
[INFO] [1783858830.830765687, 119.988000000]: Footprint model 'polygon' loaded for trajectory optimization.
[INFO] [1783858831.464261448, 120.622000000]: Footprint model 'polygon' loaded for trajectory optimization.
[INFO] [1783858832.065822399, 121.224000000]: Footprint model 'polygon' loaded for trajectory optimization.
[INFO] [1783858832.716661244, 121.870000000]: Footprint model 'polygon' loaded for trajectory optimization.
[INFO] [1783858834.359224954, 123.510000000]: GOAL Reached!
[INFO] [1783858834.457205227, 123.608000000]: Footprint model 'polygon' loaded for trajectory optimization.
[INFO] [1783858835.318453212, 124.466000000]: Footprint model 'polygon' loaded for trajectory optimization.
[INFO] [1783858835.926045637, 125.074000000]: Footprint model 'polygon' loaded for trajectory optimization.
[INFO] [1783858836.522244355, 125.670000000]: Footprint model 'polygon' loaded for trajectory optimization.
[INFO] [1783858837.072568942, 126.218000000]: Footprint model 'polygon' loaded for trajectory optimization.
[INFO] [1783858837.676005916, 126.822000000]: Footprint model 'polygon' loaded for trajectory optimization.
[INFO] [1783858838.326206596, 127.468000000]: Footprint model 'polygon' loaded for trajectory optimization.
[INFO] [1783858839.767742304, 128.908000000]: GOAL Reached!
[INFO] [1783858839.879608933, 129.020000000]: Footprint model 'polygon' loaded for trajectory optimization.
[INFO] [1783858840.749378638, 129.888000000]: Footprint model 'polygon' loaded for trajectory optimization.
[INFO] [1783858841.286207964, 130.424000000]: Footprint model 'polygon' loaded for trajectory optimization.
[INFO] [1783858841.890856209, 131.028000000]: Footprint model 'polygon' loaded for trajectory optimization.
[INFO] [1783858842.495706326, 131.630000000]: Footprint model 'polygon' loaded for trajectory optimization.
[INFO] [1783858843.456439145, 132.590000000]: Footprint model 'polygon' loaded for trajectory optimization.
[INFO] [1783858844.398347554, 133.530000000]: Footprint model 'polygon' loaded for trajectory optimization.
[INFO] [1783858845.039157743, 134.170000000]: Footprint model 'polygon' loaded for trajectory optimization.
[INFO] [1783858845.689750617, 134.820000000]: Footprint model 'polygon' loaded for trajectory optimization.
[INFO] [1783858846.238545917, 135.368000000]: Footprint model 'polygon' loaded for trajectory optimization.
[INFO] [1783858846.890143242, 136.016000000]: Footprint model 'polygon' loaded for trajectory optimization.
[INFO] [1783858847.443837622, 136.570000000]: Footprint model 'polygon' loaded for trajectory optimization.
[INFO] [1783858848.041050631, 137.166000000]: Footprint model 'polygon' loaded for trajectory optimization.
[INFO] [1783858848.688167297, 137.814000000]: Footprint model 'polygon' loaded for trajectory optimization.
[INFO] [1783858849.291338740, 138.416000000]: Footprint model 'polygon' loaded for trajectory optimization.
[INFO] [1783858851.033598922, 140.154000000]: GOAL Reached!
[INFO] [1783858851.141808606, 140.262000000]: Footprint model 'polygon' loaded for trajectory optimization.
[INFO] [1783858852.008640552, 141.126000000]: Footprint model 'polygon' loaded for trajectory optimization.
[INFO] [1783858852.563698544, 141.684000000]: Footprint model 'polygon' loaded for trajectory optimization.
[INFO] [1783858853.512296787, 142.628000000]: Footprint model 'polygon' loaded for trajectory optimization.
[INFO] [1783858854.434267166, 143.548000000]: Footprint model 'polygon' loaded for trajectory optimization.
[INFO] [1783858854.980601179, 144.092000000]: Footprint model 'polygon' loaded for trajectory optimization.
[INFO] [1783858855.582269175, 144.694000000]: Footprint model 'polygon' loaded for trajectory optimization.
[INFO] [1783858856.228454138, 145.340000000]: Footprint model 'polygon' loaded for trajectory optimization.
[INFO] [1783858856.829770058, 145.940000000]: Footprint model 'polygon' loaded for trajectory optimization.
[INFO] [1783858857.380258877, 146.490000000]: Footprint model 'polygon' loaded for trajectory optimization.
[INFO] [1783858858.031495350, 147.138000000]: Footprint model 'polygon' loaded for trajectory optimization.
[INFO] [1783858858.580328564, 147.686000000]: Footprint model 'polygon' loaded for trajectory optimization.
[INFO] [1783858860.273921226, 149.376000000]: GOAL Reached!
[INFO] [1783858860.354351254, 149.456000000]: Footprint model 'polygon' loaded for trajectory optimization.
[INFO] [1783858861.225530646, 150.328000000]: Footprint model 'polygon' loaded for trajectory optimization.
[INFO] [1783858861.777150600, 150.878000000]: Footprint model 'polygon' loaded for trajectory optimization.
[INFO] [1783858862.731298080, 151.830000000]: Footprint model 'polygon' loaded for trajectory optimization.
[INFO] [1783858863.671165526, 152.766000000]: Footprint model 'polygon' loaded for trajectory optimization.
[INFO] [1783858864.251935539, 153.348000000]: Footprint model 'polygon' loaded for trajectory optimization.
[INFO] [1783858864.862183167, 153.954000000]: Footprint model 'polygon' loaded for trajectory optimization.
[INFO] [1783858865.460414952, 154.554000000]: Footprint model 'polygon' loaded for trajectory optimization.
[INFO] [1783858866.032630495, 155.124000000]: Footprint model 'polygon' loaded for trajectory optimization.
[INFO] [1783858866.664285405, 155.754000000]: Footprint model 'polygon' loaded for trajectory optimization.
[INFO] [1783858867.263007495, 156.352000000]: Footprint model 'polygon' loaded for trajectory optimization.
[INFO] [1783858867.814197029, 156.902000000]: Footprint model 'polygon' loaded for trajectory optimization.
[INFO] [1783858869.505643251, 158.590000000]: GOAL Reached!
[INFO] [1783858869.601288428, 158.686000000]: Footprint model 'polygon' loaded for trajectory optimization.
[INFO] [1783858870.502345441, 159.588000000]: Footprint model 'polygon' loaded for trajectory optimization.
[INFO] [1783858871.124773666, 160.208000000]: Footprint model 'polygon' loaded for trajectory optimization.
[INFO] [1783858872.151710558, 161.232000000]: Footprint model 'polygon' loaded for trajectory optimization.
[INFO] [1783858873.109535511, 162.188000000]: Footprint model 'polygon' loaded for trajectory optimization.
[INFO] [1783858873.696326287, 162.772000000]: Footprint model 'polygon' loaded for trajectory optimization.
[INFO] [1783858874.258822634, 163.336000000]: Footprint model 'polygon' loaded for trajectory optimization.
[INFO] [1783858874.854341737, 163.934000000]: Footprint model 'polygon' loaded for trajectory optimization.
[INFO] [1783858875.499087265, 164.576000000]: Footprint model 'polygon' loaded for trajectory optimization.
[INFO] [1783858876.051715888, 165.126000000]: Footprint model 'polygon' loaded for trajectory optimization.
[INFO] [1783858876.699061666, 165.772000000]: Footprint model 'polygon' loaded for trajectory optimization.
[INFO] [1783858877.252225495, 166.324000000]: Footprint model 'polygon' loaded for trajectory optimization.
[INFO] [1783858877.852174213, 166.922000000]: Footprint model 'polygon' loaded for trajectory optimization.
[INFO] [1783858878.502729286, 167.572000000]: Footprint model 'polygon' loaded for trajectory optimization.
[INFO] [1783858879.945286937, 169.012000000]: GOAL Reached!
[INFO] [1783858880.039219746, 169.106000000]: Footprint model 'polygon' loaded for trajectory optimization.
[INFO] [1783858880.921201121, 169.988000000]: Footprint model 'polygon' loaded for trajectory optimization.
[INFO] [1783858881.470408779, 170.536000000]: Footprint model 'polygon' loaded for trajectory optimization.
[INFO] [1783858882.427708317, 171.492000000]: Footprint model 'polygon' loaded for trajectory optimization.
[INFO] [1783858883.360487718, 172.424000000]: Footprint model 'polygon' loaded for trajectory optimization.
[INFO] [1783858883.907711571, 172.968000000]: Footprint model 'polygon' loaded for trajectory optimization.
[INFO] [1783858884.558027180, 173.618000000]: Footprint model 'polygon' loaded for trajectory optimization.
[INFO] [1783858885.111251323, 174.170000000]: Footprint model 'polygon' loaded for trajectory optimization.
[INFO] [1783858885.757199022, 174.814000000]: Footprint model 'polygon' loaded for trajectory optimization.
[INFO] [1783858886.309625259, 175.368000000]: Footprint model 'polygon' loaded for trajectory optimization.
[INFO] [1783858886.911680704, 175.966000000]: Footprint model 'polygon' loaded for trajectory optimization.
[INFO] [1783858887.511601686, 176.566000000]: Footprint model 'polygon' loaded for trajectory optimization.
[INFO] [1783858888.157578920, 177.212000000]: Footprint model 'polygon' loaded for trajectory optimization.
[INFO] [1783858889.800910314, 178.852000000]: GOAL Reached!
[INFO] [1783858889.900032290, 178.950000000]: Footprint model 'polygon' loaded for trajectory optimization.
[INFO] [1783858890.776332061, 179.826000000]: Footprint model 'polygon' loaded for trajectory optimization.
[INFO] [1783858891.365889771, 180.414000000]: Footprint model 'polygon' loaded for trajectory optimization.
[INFO] [1783858892.302685172, 181.350000000]: Footprint model 'polygon' loaded for trajectory optimization.
[INFO] [1783858893.245997337, 182.290000000]: Footprint model 'polygon' loaded for trajectory optimization.
[INFO] [1783858893.844036242, 182.888000000]: Footprint model 'polygon' loaded for trajectory optimization.
[INFO] [1783858894.392650512, 183.434000000]: Footprint model 'polygon' loaded for trajectory optimization.
[INFO] [1783858894.994297353, 184.036000000]: Footprint model 'polygon' loaded for trajectory optimization.
[INFO] [1783858895.593197851, 184.634000000]: Footprint model 'polygon' loaded for trajectory optimization.
[INFO] [1783858896.194798234, 185.234000000]: Footprint model 'polygon' loaded for trajectory optimization.
[INFO] [1783858896.799449244, 185.838000000]: Footprint model 'polygon' loaded for trajectory optimization.
[INFO] [1783858897.447831468, 186.484000000]: Footprint model 'polygon' loaded for trajectory optimization.
[INFO] [1783858898.987863531, 188.022000000]: GOAL Reached!
[INFO] [1783858899.079297767, 188.114000000]: Footprint model 'polygon' loaded for trajectory optimization.
[INFO] [1783858899.954565668, 188.988000000]: Footprint model 'polygon' loaded for trajectory optimization.
[INFO] [1783858900.507559286, 189.542000000]: Footprint model 'polygon' loaded for trajectory optimization.
[INFO] [1783858901.459451441, 190.490000000]: Footprint model 'polygon' loaded for trajectory optimization.
[INFO] [1783858902.379654118, 191.408000000]: Footprint model 'polygon' loaded for trajectory optimization.
[INFO] [1783858902.975482950, 192.006000000]: Footprint model 'polygon' loaded for trajectory optimization.
[INFO] [1783858903.576840761, 192.604000000]: Footprint model 'polygon' loaded for trajectory optimization.
[INFO] [1783858904.178175863, 193.204000000]: Footprint model 'polygon' loaded for trajectory optimization.
[INFO] [1783858904.775140360, 193.802000000]: Footprint model 'polygon' loaded for trajectory optimization.
[INFO] [1783858905.330570452, 194.354000000]: Footprint model 'polygon' loaded for trajectory optimization.
[INFO] [1783858905.978279709, 195.000000000]: Footprint model 'polygon' loaded for trajectory optimization.
[INFO] [1783858906.531567453, 195.554000000]: Footprint model 'polygon' loaded for trajectory optimization.
[INFO] [1783858908.221124915, 197.240000000]: GOAL Reached!
[INFO] [1783858908.316545647, 197.336000000]: Footprint model 'polygon' loaded for trajectory optimization.
[INFO] [1783858909.190797628, 198.210000000]: Footprint model 'polygon' loaded for trajectory optimization.
[INFO] [1783858909.789368368, 198.808000000]: Footprint model 'polygon' loaded for trajectory optimization.
[INFO] [1783858910.735794279, 199.752000000]: Footprint model 'polygon' loaded for trajectory optimization.
[INFO] [1783858911.675537205, 200.688000000]: Footprint model 'polygon' loaded for trajectory optimization.
[INFO] [1783858912.228636852, 201.242000000]: Footprint model 'polygon' loaded for trajectory optimization.
[INFO] [1783858912.874590459, 201.886000000]: Footprint model 'polygon' loaded for trajectory optimization.
[INFO] [1783858913.476859829, 202.488000000]: Footprint model 'polygon' loaded for trajectory optimization.
[INFO] [1783858914.077904773, 203.086000000]: Footprint model 'polygon' loaded for trajectory optimization.
[INFO] [1783858914.630662263, 203.638000000]: Footprint model 'polygon' loaded for trajectory optimization.
[INFO] [1783858915.229743662, 204.236000000]: Footprint model 'polygon' loaded for trajectory optimization.
[INFO] [1783858915.879495140, 204.886000000]: Footprint model 'polygon' loaded for trajectory optimization.
[INFO] [1783858917.421289500, 206.424000000]: GOAL Reached!
[INFO] [1783858917.523731627, 206.526000000]: Footprint model 'polygon' loaded for trajectory optimization.
[INFO] [1783858918.385197836, 207.388000000]: Footprint model 'polygon' loaded for trajectory optimization.
[INFO] [1783858918.937092412, 207.940000000]: Footprint model 'polygon' loaded for trajectory optimization.
[INFO] [1783858919.889881948, 208.890000000]: Footprint model 'polygon' loaded for trajectory optimization.
[INFO] [1783858920.827775463, 209.826000000]: Footprint model 'polygon' loaded for trajectory optimization.
[INFO] [1783858921.370628833, 210.368000000]: Footprint model 'polygon' loaded for trajectory optimization.
[INFO] [1783858921.964982902, 210.964000000]: Footprint model 'polygon' loaded for trajectory optimization.
[INFO] [1783858922.566807096, 211.566000000]: Footprint model 'polygon' loaded for trajectory optimization.
[INFO] [1783858923.218102650, 212.212000000]: Footprint model 'polygon' loaded for trajectory optimization.
[INFO] [1783858923.817200703, 212.812000000]: Footprint model 'polygon' loaded for trajectory optimization.
[INFO] [1783858924.419717487, 213.412000000]: Footprint model 'polygon' loaded for trajectory optimization.
[INFO] [1783858925.015742688, 214.010000000]: Footprint model 'polygon' loaded for trajectory optimization.
[INFO] [1783858926.560551582, 215.550000000]: GOAL Reached!
[INFO] [1783858926.660332588, 215.650000000]: Footprint model 'polygon' loaded for trajectory optimization.
[INFO] [1783858927.539392551, 216.526000000]: Footprint model 'polygon' loaded for trajectory optimization.
[INFO] [1783858928.227423045, 217.218000000]: Footprint model 'polygon' loaded for trajectory optimization.
[INFO] [1783858929.183462809, 218.170000000]: Footprint model 'polygon' loaded for trajectory optimization.
[INFO] [1783858930.123061500, 219.108000000]: Footprint model 'polygon' loaded for trajectory optimization.
[INFO] [1783858930.677958396, 219.662000000]: Footprint model 'polygon' loaded for trajectory optimization.
[INFO] [1783858931.326646719, 220.308000000]: Footprint model 'polygon' loaded for trajectory optimization.
[INFO] [1783858931.929582260, 220.910000000]: Footprint mod[WARN] [1783858723.766722, 13.108000]: training environment stop requested: safety adapter requested emergency stop
[WARN] [1783858724.723342, 14.062000]: training environment stop requested: safety adapter requested emergency stop
[WARN] [1783858736.934027, 26.252000]: training environment stop requested: safety adapter requested emergency stop
[WARN] [1783858738.421606, 27.740000]: training environment stop requested: safety adapter requested emergency stop
[WARN] [1783858750.057950, 39.356000]: training environment stop requested: safety adapter requested emergency stop
[WARN] [1783858750.985147, 40.282000]: training environment stop requested: safety adapter requested emergency stop
[WARN] [1783858763.181981, 52.456000]: training environment stop requested: safety adapter requested emergency stop
[WARN] [1783858764.695012, 53.966000]: training environment stop requested: safety adapter requested emergency stop
[WARN] [1783858776.141296, 65.394000]: training environment stop requested: safety adapter requested emergency stop
[WARN] [1783858777.092723, 66.342000]: training environment stop requested: safety adapter requested emergency stop
[WARN] [1783858789.855564, 79.084000]: training environment stop requested: safety adapter requested emergency stop
[WARN] [1783858791.415242, 80.642000]: training environment stop requested: safety adapter requested emergency stop
[WARN] [1783858803.017117, 92.220000]: training environment stop requested: safety adapter requested emergency stop
[WARN] [1783858803.957870, 93.162000]: training environment stop requested: safety adapter requested emergency stop
[WARN] [1783858815.936493, 105.118000]: training environment stop requested: safety adapter requested emergency stop
[WARN] [1783858817.428420, 106.608000]: training environment stop requested: safety adapter requested emergency stop
[WARN] [1783858828.937678, 118.100000]: training environment stop requested: safety adapter requested emergency stop
[WARN] [1783858829.886343, 119.044000]: training environment stop requested: safety adapter requested emergency stop
[WARN] [1783858842.488708, 131.622000]: training environment stop requested: safety adapter requested emergency stop
[WARN] [1783858843.449387, 132.582000]: training environment stop requested: safety adapter requested emergency stop
[WARN] [1783858852.556325, 141.676000]: training environment stop requested: safety adapter requested emergency stop
[WARN] [1783858853.505749, 142.622000]: training environment stop requested: safety adapter requested emergency stop
[WARN] [1783858861.770393, 150.870000]: training environment stop requested: safety adapter requested emergency stop
[WARN] [1783858862.724868, 151.822000]: training environment stop requested: safety adapter requested emergency stop
[WARN] [1783858871.118656, 160.200000]: training environment stop requested: safety adapter requested emergency stop
[WARN] [1783858872.101825, 161.182000]: training environment stop requested: safety adapter requested emergency stop
[WARN] [1783858881.463998, 170.530000]: training environment stop requested: safety adapter requested emergency stop
[WARN] [1783858882.420558, 171.482000]: training environment stop requested: safety adapter requested emergency stop
[WARN] [1783858891.359626, 180.406000]: training environment stop requested: safety adapter requested emergency stop
[WARN] [1783858892.296277, 181.344000]: training environment stop requested: safety adapter requested emergency stop
[WARN] [1783858900.501071, 189.534000]: training environment stop requested: safety adapter requested emergency stop
[WARN] [1783858901.452523, 190.482000]: training environment stop requested: safety adapter requested emergency stop
[WARN] [1783858909.781646, 198.798000]: training environment stop requested: safety adapter requested emergency stop
[WARN] [1783858910.727900, 199.742000]: training environment stop requested: safety adapter requested emergency stop
[WARN] [1783858918.931298, 207.932000]: training environment stop requested: safety adapter requested emergency stop
[WARN] [1783858919.882741, 208.882000]: training environment stop requested: safety adapter requested emergency stop
[WARN] [1783858928.221484, 217.212000]: training environment stop requested: safety adapter requested emergency stop
[WARN] [1783858929.176095, 218.160000]: training environment stop requested: safety adapter requested emergency stop
[WARN] [1783858938.084340, 227.056000]: training environment stop requested: safety adapter requested emergency stop
[WARN] [1783858939.032455, 228.000000]: training environment stop requested: safety adapter requested emergency stop
[WARN] [1783858940.055899, 229.022000]: training environment stop requested: adapter_close
schema_version: '1.0'
task: T11
status: passed
run_id: t11_semantic_eta_no_fallback_seed101
algorithm: RL-TEB-Eta-NoFallback
training_seed: 101
safety_mode: NoFallback
episode_count: 70
step_count: 255
failure_count: 40
run_validation:
  valid: true
  run_id: t11_semantic_eta_no_fallback_seed101
  episode_count: 70
  step_count: 255
  verified_checksum_count: 4
selected_checkpoint: /home/robot/robot_ws_base_rl/artifacts/t11/runs/t11_semantic_eta_fullsafety_seed101/checkpoints/step_000300
passed: true
acceptance_override: false

[INFO] [1783858709.823448399]: Finished loading Gazebo ROS API Plugin.
[INFO] [1783858709.824602144]: waitForService: Service [/gazebo/set_physics_properties] has not been advertised, waiting...
[INFO] [1783858710.339247575, 0.004000000]: waitForService: Service [/gazebo/set_physics_properties] is now available.
[INFO] [1783858710.377767538, 0.040000000]: Physics dynamic reconfigure ready.
[INFO] [1783858710.775732062, 0.378000000]: <initialOrientationAsReference> is unset, using default value of false to comply with REP 145 (world as orientation reference)
[INFO] [1783858710.775768704, 0.378000000]: <robotNamespace> set to: //
[INFO] [1783858710.775777297, 0.378000000]: <topicName> set to: imu/data
[INFO] [1783858710.775783490, 0.378000000]: <frameName> set to: imu_link
[INFO] [1783858710.775801325, 0.378000000]: <updateRateHZ> set to: 50
[INFO] [1783858710.775809373, 0.378000000]: <gaussianNoise> set to: 0
[INFO] [1783858710.775826232, 0.378000000]: <xyzOffset> set to: 0 0 0
[INFO] [1783858710.775841077, 0.378000000]: <rpyOffset> set to: 0 -0 0
[INFO] [1783858710.890607422, 0.378000000]: Laser Plugin: Using the 'robotNamespace' param: '/'
[INFO] [1783858710.890627832, 0.378000000]: Starting Laser Plugin (ns = /)
[INFO] [1783858710.891316439, 0.378000000]: Laser Plugin (ns = /)  <tf_prefix_>, set to ""
[INFO] [1783858711.010430441, 0.378000000]: M2 simulation-only Ackermann interface loaded; cmd_angle_instead_rotvel=false
el 'polygon' loaded for trajectory optimization.
[INFO] [1783858932.527294473, 221.508000000]: Footprint model 'polygon' loaded for trajectory optimization.
[INFO] [1783858933.127718823, 222.106000000]: Footprint model 'polygon' loaded for trajectory optimization.
[INFO] [1783858933.682339699, 222.660000000]: Footprint model 'polygon' loaded for trajectory optimization.
[INFO] [1783858934.327198109, 223.306000000]: Footprint model 'polygon' loaded for trajectory optimization.
[INFO] [1783858936.573584420, 225.546000000]: GOAL Reached!
[INFO] [1783858936.679258292, 225.652000000]: Footprint model 'polygon' loaded for trajectory optimization.
[INFO] [1783858937.533944223, 226.506000000]: Footprint model 'polygon' loaded for trajectory optimization.
[INFO] [1783858938.090680016, 227.062000000]: Footprint model 'polygon' loaded for trajectory optimization.
[INFO] [1783858939.038871615, 228.008000000]: Footprint model 'polygon' loaded for trajectory optimization.
[INFO] [1783858940.059967801, 229.028000000]: Footprint model 'polygon' loaded for trajectory optimization.
[INFO] [1783858940.076732136, 229.044000000]: Footprint model 'polygon' loaded for trajectory optimization.
... logging to /home/robot/.ros/log/ca203682-7deb-11f1-91bc-3382cc4c3ed1/roslaunch-WP-125959.log
Checking log directory for disk usage. This may take a while.
Press Ctrl-C to interrupt
]2;/home/robot/robot_ws_base_rl/src/tools/thesis_experiment/launch/t11_formal_run.launch
[1mstarted roslaunch server http://WP:45693/[0m

SUMMARY
========

PARAMETERS
 * /gazebo/enable_ros_network: True
 * /m2_gazebo/simulation_only: True
 * /m2_robot_state_publisher/publish_frequency: 30.0
 * /move_base/TebLocalPlannerROS/acc_lim_theta: 0.8
 * /move_base/TebLocalPlannerROS/acc_lim_x: 0.8
 * /move_base/TebLocalPlannerROS/allow_init_with_backwards_motion: True
 * /move_base/TebLocalPlannerROS/cmd_angle_instead_rotvel: False
 * /move_base/TebLocalPlannerROS/costmap_obstacles_behind_robot_dist: 1.5
 * /move_base/TebLocalPlannerROS/dt_hysteresis: 0.1
 * /move_base/TebLocalPlannerROS/dt_ref: 0.3
 * /move_base/TebLocalPlannerROS/enable_homotopy_class_planning: False
 * /move_base/TebLocalPlannerROS/enable_multithreading: True
 * /move_base/TebLocalPlannerROS/feasibility_check_no_poses: 5
 * /move_base/TebLocalPlannerROS/footprint_model/type: polygon
 * /move_base/TebLocalPlannerROS/footprint_model/vertices: [[0.52, 0.35], [0...
 * /move_base/TebLocalPlannerROS/global_plan_overwrite_orientation: True
 * /move_base/TebLocalPlannerROS/include_costmap_obstacles: True
 * /move_base/TebLocalPlannerROS/inflation_dist: 0.55
 * /move_base/TebLocalPlannerROS/map_frame: odom
 * /move_base/TebLocalPlannerROS/max_global_plan_lookahead_dist: 8.0
 * /move_base/TebLocalPlannerROS/max_number_classes: 4
 * /move_base/TebLocalPlannerROS/max_samples: 500
 * /move_base/TebLocalPlannerROS/max_vel_theta: 1.0
 * /move_base/TebLocalPlannerROS/max_vel_x: 1.2
 * /move_base/TebLocalPlannerROS/max_vel_x_backwards: 0.6
 * /move_base/TebLocalPlannerROS/max_vel_y: 0.0
 * /move_base/TebLocalPlannerROS/min_obstacle_dist: 0.25
 * /move_base/TebLocalPlannerROS/min_turning_radius: 1.2
 * /move_base/TebLocalPlannerROS/obstacle_poses_affected: 15
 * /move_base/TebLocalPlannerROS/odom_topic: /odom
 * /move_base/TebLocalPlannerROS/teb_autosize: True
 * /move_base/TebLocalPlannerROS/weight_acc_lim_theta: 1.0
 * /move_base/TebLocalPlannerROS/weight_acc_lim_x: 1.0
 * /move_base/TebLocalPlannerROS/weight_adapt_factor: 2.0
 * /move_base/TebLocalPlannerROS/weight_inflation: 0.1
 * /move_base/TebLocalPlannerROS/weight_kinematics_forward_drive: 10.0
 * /move_base/TebLocalPlannerROS/weight_kinematics_nh: 1000.0
 * /move_base/TebLocalPlannerROS/weight_kinematics_turning_radius: 10.0
 * /move_base/TebLocalPlannerROS/weight_max_vel_theta: 1.0
 * /move_base/TebLocalPlannerROS/weight_max_vel_x: 2.0
 * /move_base/TebLocalPlannerROS/weight_obstacle: 50.0
 * /move_base/TebLocalPlannerROS/weight_optimaltime: 1.0
 * /move_base/TebLocalPlannerROS/weight_viapoint: 1.0
 * /move_base/TebLocalPlannerROS/wheelbase: 0.65
 * /move_base/base_global_planner: navfn/NavfnROS
 * /move_base/base_local_planner: teb_local_planner...
 * /move_base/clearing_rotation_allowed: False
 * /move_base/controller_frequency: 10.0
 * /move_base/controller_patience: 5.0
 * /move_base/global_costmap/footprint: [[0.52, 0.35], [0...
 * /move_base/global_costmap/footprint_padding: 0.05
 * /move_base/global_costmap/global_frame: odom
 * /move_base/global_costmap/height: 30.0
 * /move_base/global_costmap/inflation_layer/cost_scaling_factor: 4.0
 * /move_base/global_costmap/inflation_layer/enabled: True
 * /move_base/global_costmap/inflation_layer/inflation_radius: 0.55
 * /move_base/global_costmap/obstacle_layer/enabled: True
 * /move_base/global_costmap/obstacle_layer/observation_sources: scan
 * /move_base/global_costmap/obstacle_layer/scan/clearing: True
 * /move_base/global_costmap/obstacle_layer/scan/data_type: LaserScan
 * /move_base/global_costmap/obstacle_layer/scan/inf_is_valid: True
 * /move_base/global_costmap/obstacle_layer/scan/marking: True
 * /move_base/global_costmap/obstacle_layer/scan/obstacle_range: 12.0
 * /move_base/global_costmap/obstacle_layer/scan/raytrace_range: 15.0
 * /move_base/global_costmap/obstacle_layer/scan/sensor_frame: laser_link
 * /move_base/global_costmap/obstacle_layer/scan/topic: /scan
 * /move_base/global_costmap/plugins: [{'name': 'obstac...
 * /move_base/global_costmap/publish_frequency: 2.0
 * /move_base/global_costmap/resolution: 0.05
 * /move_base/global_costmap/robot_base_frame: base_link
 * /move_base/global_costmap/rolling_window: True
 * /move_base/global_costmap/transform_tolerance: 0.3
 * /move_base/global_costmap/update_frequency: 5.0
 * /move_base/global_costmap/width: 30.0
 * /move_base/local_costmap/footprint: [[0.52, 0.35], [0...
 * /move_base/local_costmap/footprint_padding: 0.05
 * /move_base/local_costmap/global_frame: odom
 * /move_base/local_costmap/height: 12.0
 * /move_base/local_costmap/inflation_layer/cost_scaling_factor: 4.0
 * /move_base/local_costmap/inflation_layer/enabled: True
 * /move_base/local_costmap/inflation_layer/inflation_radius: 0.55
 * /move_base/local_costmap/obstacle_layer/enabled: True
 * /move_base/local_costmap/obstacle_layer/observation_sources: scan
 * /move_base/local_costmap/obstacle_layer/scan/clearing: True
 * /move_base/local_costmap/obstacle_layer/scan/data_type: LaserScan
 * /move_base/local_costmap/obstacle_layer/scan/inf_is_valid: True
 * /move_base/local_costmap/obstacle_layer/scan/marking: True
 * /move_base/local_costmap/obstacle_layer/scan/obstacle_range: 12.0
 * /move_base/local_costmap/obstacle_layer/scan/raytrace_range: 15.0
 * /move_base/local_costmap/obstacle_layer/scan/sensor_frame: laser_link
 * /move_base/local_costmap/obstacle_layer/scan/topic: /scan
 * /move_base/local_costmap/plugins: [{'name': 'obstac...
 * /move_base/local_costmap/publish_frequency: 5.0
 * /move_base/local_costmap/resolution: 0.05
 * /move_base/local_costmap/robot_base_frame: base_link
 * /move_base/local_costmap/rolling_window: True
 * /move_base/local_costmap/transform_tolerance: 0.3
 * /move_base/local_costmap/update_frequency: 10.0
 * /move_base/local_costmap/width: 12.0
 * /move_base/oscillation_distance: 0.2
 * /move_base/oscillation_timeout: 10.0
 * /move_base/planner_frequency: 1.0
 * /move_base/planner_patience: 5.0
 * /move_base/recovery_behavior_enabled: False
 * /move_base/shutdown_costmaps: False
 * /robot_description: <?xml version="1....
 * /rosdistro: noetic
 * /rosversion: 1.17.4
 * /t11_formal_run/acceptance_eval_seed_limit: 0
 * /t11_formal_run/acceptance_timesteps: 0
 * /t11_formal_run/algorithm: RL-TEB-Semantic-Eta
 * /t11_formal_run/checkpoint: /home/robot/robot...
 * /t11_formal_run/config: /home/robot/robot...
 * /t11_formal_run/output_dir: /home/robot/robot...
 * /t11_formal_run/phase: ablation
 * /t11_formal_run/run_id: t11_semantic_eta_...
 * /t11_formal_run/safety_mode: NoFallback
 * /t11_formal_run/training_seed: 101
 * /use_sim_time: True

NODES
  /
    gazebo (gazebo_ros/gzserver)
    m2_robot_state_publisher (robot_state_publisher/robot_state_publisher)
    move_base (move_base/move_base)
    spawn_m2 (gazebo_ros/spawn_model)
    t11_formal_run (thesis_experiment/t11_formal_run.py)

auto-starting new master
[1mprocess[master]: started with pid [126015][0m
[1mROS_MASTER_URI=http://localhost:11311[0m
]2;/home/robot/robot_ws_base_rl/src/tools/thesis_experiment/launch/t11_formal_run.launch http://localhost:11311
[1msetting /run_id to ca203682-7deb-11f1-91bc-3382cc4c3ed1[0m
[1mprocess[rosout-1]: started with pid [126048][0m
started core service [/rosout]
[1mprocess[gazebo-2]: started with pid [126055][0m
[1mprocess[spawn_m2-3]: started with pid [126058][0m
[1mprocess[m2_robot_state_publisher-4]: started with pid [126061][0m
[1mprocess[move_base-5]: started with pid [126062][0m
[1mprocess[t11_formal_run-6]: started with pid [126063][0m
[1m[spawn_m2-3] process has finished cleanly
log file: /home/robot/.ros/log/ca203682-7deb-11f1-91bc-3382cc4c3ed1/spawn_m2-3*.log[0m
[t11_formal_run-6] killing on exit
[move_base-5] killing on exit
[m2_robot_state_publisher-4] killing on exit
[gazebo-2] killing on exit
[rosout-1] killing on exit
[master] killing on exit
shutting down processing monitor...
[31mWARNING: disk usage in log directory [/home/robot/.ros/log] is over 1GB.
It's recommended that you use the 'rosclean' command.[0m
WARNING: Package name "gazebo_ros_2Dmap_plugin" does not follow the naming conventions. It should start with a lower case letter and only contain lower case letters, digits, underscores, and dashes.
WARNING: Package name "gazebo_ros_2Dmap_plugin" does not follow the naming conventions. It should start with a lower case letter and only contain lower case letters, digits, underscores, and dashes.
[31m================================================================================REQUIRED process [t11_formal_run-6] has died!
process has finished cleanly
log file: /home/robot/.ros/log/ca203682-7deb-11f1-91bc-3382cc4c3ed1/t11_formal_run-6*.log
Initiating shutdown!
================================================================================[0m
... shutting down processing monitor complete
[1mdone[0m
