WARNING: Package name "gazebo_ros_2Dmap_plugin" does not follow the naming conventions. It should start with a lower case letter and only contain lower case letters, digits, underscores, and dashes.
xacro: in-order processing became default in ROS Melodic. You can drop the option.
WARNING: Package name "gazebo_ros_2Dmap_plugin" does not follow the naming conventions. It should start with a lower case letter and only contain lower case letters, digits, underscores, and dashes.
WARNING: Package name "gazebo_ros_2Dmap_plugin" does not follow the naming conventions. It should start with a lower case letter and only contain lower case letters, digits, underscores, and dashes.
[INFO] [1783859683.348418, 0.000000]: Loading model XML from ros parameter robot_description
[INFO] [1783859683.351793, 0.000000]: Waiting for service /gazebo/spawn_urdf_model
[INFO] [1783859684.256518, 0.248000]: Calling service /gazebo/spawn_urdf_model
[INFO] [1783859684.557520, 0.374000]: Spawn status: SpawnModel: Successfully spawned entity
[INFO] [1783859684.857318871, 0.558000000]: global_costmap: Using plugin "obstacle_layer"
[INFO] [1783859684.863794880, 0.564000000]:     Subscribed to Topics: scan
[INFO] [1783859684.879749569, 0.580000000]: global_costmap: Using plugin "inflation_layer"
[INFO] [1783859684.903993976, 0.604000000]: local_costmap: Using plugin "obstacle_layer"
[INFO] [1783859684.905088131, 0.604000000]:     Subscribed to Topics: scan
[INFO] [1783859684.909655520, 0.610000000]: local_costmap: Using plugin "inflation_layer"
[INFO] [1783859684.919583153, 0.620000000]: Created local_planner teb_local_planner/TebLocalPlannerROS
[INFO] [1783859684.935206533, 0.634000000]: Footprint model 'polygon' loaded for trajectory optimization.
[INFO] [1783859684.935326606, 0.634000000]: Parallel planning in distinctive topologies disabled.
[INFO] [1783859684.935339710, 0.634000000]: No costmap conversion plugin specified. All occupied costmap cells are treaten as point obstacles.
[INFO] [1783859684.961900837, 0.662000000]: Footprint model 'polygon' loaded for trajectory optimization.
[INFO] [1783859685.129793778, 0.828000000]: Recovery behavior will clear layer 'obstacles'
[INFO] [1783859685.130617703, 0.830000000]: Recovery behavior will clear layer 'obstacles'
[INFO] [1783859685.139215211, 0.838000000]: odom received!
[INFO] [1783859686.887410492, 2.582000000]: Footprint model 'polygon' loaded for trajectory optimization.
[INFO] [1783859687.476613246, 3.170000000]: Footprint model 'polygon' loaded for trajectory optimization.
[INFO] [1783859688.070657825, 3.768000000]: Footprint model 'polygon' loaded for trajectory optimization.
[INFO] [1783859688.672584577, 4.368000000]: Footprint model 'polygon' loaded for trajectory optimization.
[INFO] [1783859690.116451680, 5.808000000]: GOAL Reached!
[INFO] [1783859690.214139477, 5.904000000]: Footprint model 'polygon' loaded for trajectory optimization.
[INFO] [1783859691.072884211, 6.764000000]: Footprint model 'polygon' loaded for trajectory optimization.
[INFO] [1783859691.672226544, 7.362000000]: Footprint model 'polygon' loaded for trajectory optimization.
[INFO] [1783859692.225127290, 7.916000000]: Footprint model 'polygon' loaded for trajectory optimization.
[INFO] [1783859692.873999894, 8.562000000]: Footprint model 'polygon' loaded for trajectory optimization.
[INFO] [1783859694.315988025, 10.002000000]: GOAL Reached!
[INFO] [1783859694.412035769, 10.096000000]: Footprint model 'polygon' loaded for trajectory optimization.
[INFO] [1783859695.280201269, 10.962000000]: Footprint model 'polygon' loaded for trajectory optimization.
[INFO] [1783859695.879968981, 11.564000000]: Footprint model 'polygon' loaded for trajectory optimization.
[INFO] [1783859696.579053945, 12.262000000]: Footprint model 'polygon' loaded for trajectory optimization.
[INFO] [1783859697.178880037, 12.858000000]: Footprint model 'polygon' loaded for trajectory optimization.
[INFO] [1783859698.723017075, 14.400000000]: GOAL Reached!
[INFO] [1783859698.810123328, 14.488000000]: Footprint model 'polygon' loaded for trajectory optimization.
[INFO] [1783859699.666239747, 15.342000000]: Footprint model 'polygon' loaded for trajectory optimization.
[INFO] [1783859700.206854976, 15.884000000]: Footprint model 'polygon' loaded for trajectory optimization.
[INFO] [1783859700.862415788, 16.536000000]: Footprint model 'polygon' loaded for trajectory optimization.
[INFO] [1783859701.458748778, 17.132000000]: Footprint model 'polygon' loaded for trajectory optimization.
[INFO] [1783859702.903030298, 18.574000000]: GOAL Reached!
[INFO] [1783859702.994106206, 18.664000000]: Footprint model 'polygon' loaded for trajectory optimization.
[INFO] [1783859703.853020463, 19.522000000]: Footprint model 'polygon' loaded for trajectory optimization.
[INFO] [1783859704.405215057, 20.072000000]: Footprint model 'polygon' loaded for trajectory optimization.
[INFO] [1783859705.001048932, 20.670000000]: Footprint model 'polygon' loaded for trajectory optimization.
[INFO] [1783859705.649033375, 21.318000000]: Footprint model 'polygon' loaded for trajectory optimization.
[INFO] [1783859707.092765872, 22.758000000]: GOAL Reached!
[INFO] [1783859707.173937349, 22.838000000]: Footprint model 'polygon' loaded for trajectory optimization.
[INFO] [1783859708.041710303, 23.702000000]: Footprint model 'polygon' loaded for trajectory optimization.
[INFO] [1783859708.632422254, 24.294000000]: Footprint model 'polygon' loaded for trajectory optimization.
[INFO] [1783859709.232844838, 24.892000000]: Footprint model 'polygon' loaded for trajectory optimization.
[INFO] [1783859709.931385022, 25.590000000]: Footprint model 'polygon' loaded for trajectory optimization.
[INFO] [1783859711.373138244, 27.032000000]: GOAL Reached!
[INFO] [1783859711.466807336, 27.126000000]: Footprint model 'polygon' loaded for trajectory optimization.
[INFO] [1783859712.327616730, 27.982000000]: Footprint model 'polygon' loaded for trajectory optimization.
[INFO] [1783859712.883299783, 28.538000000]: Footprint model 'polygon' loaded for trajectory optimization.
[INFO] [1783859713.528381252, 29.184000000]: Footprint model 'polygon' loaded for trajectory optimization.
[INFO] [1783859714.129950624, 29.782000000]: Footprint model 'polygon' loaded for trajectory optimization.
[INFO] [1783859715.572973013, 31.222000000]: GOAL Reached!
[INFO] [1783859715.656416189, 31.304000000]: Footprint model 'polygon' loaded for trajectory optimization.
[INFO] [1783859716.529858189, 32.178000000]: Footprint model 'polygon' loaded for trajectory optimization.
[INFO] [1783859717.121835446, 32.768000000]: Footprint model 'polygon' loaded for trajectory optimization.
[INFO] [1783859717.676400116, 33.322000000]: Footprint model 'polygon' loaded for trajectory optimization.
[INFO] [1783859718.322578727, 33.968000000]: Footprint model 'polygon' loaded for trajectory optimization.
[INFO] [1783859719.766398470, 35.408000000]: GOAL Reached!
[INFO] [1783859719.847530079, 35.490000000]: Footprint model 'polygon' loaded for trajectory optimization.
[INFO] [1783859720.703523504, 36.344000000]: Footprint model 'polygon' loaded for trajectory optimization.
[INFO] [1783859721.306109480, 36.946000000]: Footprint model 'polygon' loaded for trajectory optimization.
[INFO] [1783859721.955190838, 37.594000000]: Footprint model 'polygon' loaded for trajectory optimization.
[INFO] [1783859723.949072123, 39.584000000]: GOAL Reached!
[INFO] [1783859724.033343648, 39.668000000]: Footprint model 'polygon' loaded for trajectory optimization.
[INFO] [1783859724.909527011, 40.542000000]: Footprint model 'polygon' loaded for trajectory optimization.
[INFO] [1783859725.503678458, 41.136000000]: Footprint model 'polygon' loaded for trajectory optimization.
[INFO] [1783859726.104742453, 41.736000000]: Footprint model 'polygon' loaded for trajectory optimization.
[INFO] [1783859726.701362076, 42.330000000]: Footprint model 'polygon' loaded for trajectory optimization.
[INFO] [1783859728.243249702, 43.872000000]: GOAL Reached!
[INFO] [1783859728.347175582, 43.974000000]: Footprint model 'polygon' loaded for trajectory optimization.
[INFO] [1783859729.195713587, 44.820000000]: Footprint model 'polygon' loaded for trajectory optimization.
[INFO] [1783859729.750091118, 45.374000000]: Footprint model 'polygon' loaded for trajectory optimization.
[INFO] [1783859730.396314505, 46.022000000]: Footprint model 'polygon' loaded for trajectory optimization.
[INFO] [1783859730.949799581, 46.572000000]: Footprint model 'polygon' loaded for trajectory optimization.
[INFO] [1783859732.340801462, 47.962000000]: GOAL Reached!
[INFO] [1783859732.428722260, 48.050000000]: Footprint model 'polygon' loaded for trajectory optimization.
[INFO] [1783859733.285249159, 48.904000000]: Footprint model 'polygon' loaded for trajectory optimization.
[INFO] [1783859733.837937633, 49.456000000]: Footprint model 'polygon' loaded for trajectory optimization.
[INFO] [1783859734.435154322, 50.054000000]: Footprint model 'polygon' loaded for trajectory optimization.
[INFO] [1783859735.086254649, 50.702000000]: Footprint model 'polygon' loaded for trajectory optimization.
[INFO] [1783859736.631566682, 52.244000000]: GOAL Reached!
[INFO] [1783859736.719295713, 52.332000000]: Footprint model 'polygon' loaded for trajectory optimization.
[INFO] [1783859737.569421387, 53.182000000]: Footprint model 'polygon' loaded for trajectory optimization.
[INFO] [1783859738.174972293, 53.788000000]: Footprint model 'polygon' loaded for trajectory optimization.
[INFO] [1783859738.719926839, 54.334000000]: Footprint model 'polygon' loaded for trajectory optimization.
[INFO] [1783859739.371777376, 54.982000000]: Footprint model 'polygon' loaded for trajectory optimization.
[INFO] [1783859740.915769480, 56.522000000]: GOAL Reached!
[INFO] [1783859741.003257522, 56.610000000]: Footprint model 'polygon' loaded for trajectory optimization.
[INFO] [1783859741.854857709, 57.460000000]: Footprint model 'polygon' loaded for trajectory optimization.
[INFO] [1783859742.466755306, 58.072000000]: Footprint model 'polygon' loaded for trajectory optimization.
[INFO] [1783859743.012051406, 58.616000000]: Footprint model 'polygon' loaded for trajectory optimization.
[INFO] [1783859743.610140211, 59.214000000]: Footprint model 'polygon' loaded for trajectory optimization.
[INFO] [1783859745.105496005, 60.706000000]: GOAL Reached!
[INFO] [1783859745.191891687, 60.792000000]: Footprint model 'polygon' loaded for trajectory optimization.
[INFO] [1783859746.063724435, 61.662000000]: Footprint model 'polygon' loaded for trajectory optimization.
[INFO] [1783859746.614995039, 62.212000000]: Footprint model 'polygon' loaded for trajectory optimization.
[INFO] [1783859747.261939990, 62.858000000]: Footprint model 'polygon' loaded for trajectory optimization.
[INFO] [1783859749.305416062, 64.898000000]: GOAL Reached!
[INFO] [1783859749.403095595, 64.996000000]: Footprint model 'polygon' loaded for trajectory optimization.
[INFO] [1783859683.478099556]: Finished loading Gazebo ROS API Plugin.
[INFO] [1783859683.478805283]: waitForService: Service [/gazebo/set_physics_properties] has not been advertised, waiting...
[INFO] [1783859684.013117963, 0.010000000]: waitForService: Service [/gazebo/set_physics_properties] is now available.
[INFO] [1783859684.046685986, 0.042000000]: Physics dynamic reconfigure ready.
[INFO] [1783859684.444039854, 0.374000000]: <initialOrientationAsReference> is unset, using default value of false to comply with REP 145 (world as orientation reference)
[INFO] [1783859684.444080287, 0.374000000]: <robotNamespace> set to: //
[INFO] [1783859684.444090182, 0.374000000]: <topicName> set to: imu/data
[INFO] [1783859684.444096915, 0.374000000]: <frameName> set to: imu_link
[INFO] [1783859684.444118417, 0.374000000]: <updateRateHZ> set to: 50
[INFO] [1783859684.444128705, 0.374000000]: <gaussianNoise> set to: 0
[INFO] [1783859684.444150950, 0.374000000]: <xyzOffset> set to: 0 0 0
[INFO] [1783859684.444172773, 0.374000000]: <rpyOffset> set to: 0 -0 0
[INFO] [1783859684.564004404, 0.374000000]: Laser Plugin: Using the 'robotNamespace' param: '/'
[INFO] [1783859684.564025204, 0.374000000]: Starting Laser Plugin (ns = /)
[INFO] [1783859684.564773199, 0.374000000]: Laser Plugin (ns = /)  <tf_prefix_>, set to ""
[INFO] [1783859684.671569857, 0.374000000]: M2 simulation-only Ackermann interface loaded; cmd_angle_instead_rotvel=false
[WARN] [1783859750.058445, 65.052000]: training environment stop requested: adapter_close
Traceback (most recent call last):
  File "/home/robot/robot_ws_base_rl/src/tools/thesis_experiment/src/thesis_experiment/t11_training.py", line 451, in run
    return self._train(raw_vec, recorded, recorder)
  File "/home/robot/robot_ws_base_rl/src/tools/thesis_experiment/src/thesis_experiment/t11_training.py", line 476, in _train
    model.learn(total_timesteps=total_timesteps,
  File "/home/robot/robot_ws_base_rl/.venv/lib/python3.8/site-packages/stable_baselines3/sac/sac.py", line 307, in learn
    return super().learn(
  File "/home/robot/robot_ws_base_rl/.venv/lib/python3.8/site-packages/stable_baselines3/common/off_policy_algorithm.py", line 328, in learn
    rollout = self.collect_rollouts(
  File "/home/robot/robot_ws_base_rl/.venv/lib/python3.8/site-packages/stable_baselines3/common/off_policy_algorithm.py", line 560, in collect_rollouts
    new_obs, rewards, dones, infos = env.step(actions)
  File "/home/robot/robot_ws_base_rl/.venv/lib/python3.8/site-packages/stable_baselines3/common/vec_env/base_vec_env.py", line 206, in step
    return self.step_wait()
  File "/home/robot/robot_ws_base_rl/.venv/lib/python3.8/site-packages/stable_baselines3/common/vec_env/vec_normalize.py", line 181, in step_wait
    obs, rewards, dones, infos = self.venv.step_wait()
  File "/home/robot/robot_ws_base_rl/.venv/lib/python3.8/site-packages/stable_baselines3/common/vec_env/dummy_vec_env.py", line 70, in step_wait
    obs, self.reset_infos[env_idx] = self.envs[env_idx].reset()
  File "/home/robot/robot_ws_base_rl/src/tools/thesis_experiment/src/thesis_experiment/t11_training.py", line 250, in reset
    observation, info = self.env.reset(**kwargs)
  File "/home/robot/robot_ws_base_rl/src/application/teb_rl_tuner/src/teb_rl_tuner/sac_environment.py", line 144, in reset
    observation, info = self.core.reset(seed=seed)
  File "/home/robot/robot_ws_base_rl/src/application/teb_rl_tuner/src/teb_rl_tuner/training_environment.py", line 219, in reset
    self.adapter.reset(seed)
  File "/home/robot/robot_ws_base_rl/src/tools/thesis_experiment/src/thesis_experiment/gazebo_training_adapter.py", line 221, in reset
    rospy.sleep(0.05)
  File "/opt/ros/noetic/lib/python3/dist-packages/rospy/timer.py", line 165, in sleep
    raise rospy.exceptions.ROSInterruptException("ROS shutdown request")
rospy.exceptions.ROSInterruptException: ROS shutdown request

During handling of the above exception, another exception occurred:

Traceback (most recent call last):
  File "/home/robot/robot_ws_base_rl/src/tools/thesis_experiment/src/thesis_experiment/gazebo_training_adapter.py", line 496, in close
    self.parameter_client.restore()
  File "/home/robot/robot_ws_base_rl/src/application/teb_rl_tuner/src/teb_rl_tuner/teb_parameter_client.py", line 303, in restore
    return self._restore_snapshot()
  File "/home/robot/robot_ws_base_rl/src/application/teb_rl_tuner/src/teb_rl_tuner/teb_parameter_client.py", line 273, in _restore_snapshot
    ack_raw = self._backend.update_configuration(self._snapshot, self._timeout_s)
  File "/home/robot/robot_ws_base_rl/src/application/teb_rl_tuner/src/teb_rl_tuner/teb_parameter_client.py", line 390, in update_configuration
    return _daemon_call(lambda: self._client.update_configuration(dict(values)), timeout_s)
  File "/home/robot/robot_ws_base_rl/src/application/teb_rl_tuner/src/teb_rl_tuner/teb_parameter_client.py", line 352, in _daemon_call
    raise TebParameterError("dynamic_reconfigure service call failed: {}".format(value))
teb_rl_tuner.teb_parameter_client.TebParameterError: dynamic_reconfigure service call failed: service call failed

During handling of the above exception, another exception occurred:

Traceback (most recent call last):
  File "/home/robot/robot_ws_base_rl/devel/lib/thesis_experiment/t11_formal_run.py", line 15, in <module>
    exec(compile(fh.read(), python_script, 'exec'), context)
  File "/home/robot/robot_ws_base_rl/src/tools/thesis_experiment/scripts/t11_formal_run.py", line 20, in <module>
    sys.exit(main())
  File "/home/robot/robot_ws_base_rl/src/tools/thesis_experiment/scripts/t11_formal_run.py", line 14, in main
    report = T11FormalRunner().run()
  File "/home/robot/robot_ws_base_rl/src/tools/thesis_experiment/src/thesis_experiment/t11_training.py", line 455, in run
    self.adapter.close()
  File "/home/robot/robot_ws_base_rl/src/tools/thesis_experiment/src/thesis_experiment/gazebo_training_adapter.py", line 498, in close
    self.parameter_client.close()
  File "/home/robot/robot_ws_base_rl/src/application/teb_rl_tuner/src/teb_rl_tuner/teb_parameter_client.py", line 318, in close
    self._restore_snapshot(operation="close_restore")
  File "/home/robot/robot_ws_base_rl/src/application/teb_rl_tuner/src/teb_rl_tuner/teb_parameter_client.py", line 273, in _restore_snapshot
    ack_raw = self._backend.update_configuration(self._snapshot, self._timeout_s)
  File "/home/robot/robot_ws_base_rl/src/application/teb_rl_tuner/src/teb_rl_tuner/teb_parameter_client.py", line 390, in update_configuration
    return _daemon_call(lambda: self._client.update_configuration(dict(values)), timeout_s)
  File "/home/robot/robot_ws_base_rl/src/application/teb_rl_tuner/src/teb_rl_tuner/teb_parameter_client.py", line 352, in _daemon_call
    raise TebParameterError("dynamic_reconfigure service call failed: {}".format(value))
teb_rl_tuner.teb_parameter_client.TebParameterError: dynamic_reconfigure service call failed: service call failed
[31mWARNING: disk usage in log directory [/home/robot/.ros/log] is over 1GB.
It's recommended that you use the 'rosclean' command.[0m
WARNING: Package name "gazebo_ros_2Dmap_plugin" does not follow the naming conventions. It should start with a lower case letter and only contain lower case letters, digits, underscores, and dashes.
WARNING: Package name "gazebo_ros_2Dmap_plugin" does not follow the naming conventions. It should start with a lower case letter and only contain lower case letters, digits, underscores, and dashes.
... logging to /home/robot/.ros/log/0e76f990-7dee-11f1-91bc-3382cc4c3ed1/roslaunch-WP-138434.log
Checking log directory for disk usage. This may take a while.
Press Ctrl-C to interrupt
]2;/home/robot/robot_ws_base_rl/src/tools/thesis_experiment/launch/t11_formal_run.launch
[1mstarted roslaunch server http://WP:42833/[0m

SUMMARY
========

PARAMETERS
 * /gazebo/enable_ros_network: True
 * /m2_gazebo/simulation_only: True
 * /m2_robot_state_publisher/publish_frequency: 30.0
 * /move_base/TebLocalPlannerROS/acc_lim_theta: 0.8
 * /move_base/TebLocalPlannerROS/acc_lim_x: 0.8
 * /move_base/TebLocalPlannerROS/allow_init_with_backwards_motion: True
 * /move_base/TebLocalPlannerROS/cmd_angle_instead_rotvel: False
 * /move_base/TebLocalPlannerROS/costmap_obstacles_behind_robot_dist: 1.5
 * /move_base/TebLocalPlannerROS/dt_hysteresis: 0.1
 * /move_base/TebLocalPlannerROS/dt_ref: 0.3
 * /move_base/TebLocalPlannerROS/enable_homotopy_class_planning: False
 * /move_base/TebLocalPlannerROS/enable_multithreading: True
 * /move_base/TebLocalPlannerROS/feasibility_check_no_poses: 5
 * /move_base/TebLocalPlannerROS/footprint_model/type: polygon
 * /move_base/TebLocalPlannerROS/footprint_model/vertices: [[0.52, 0.35], [0...
 * /move_base/TebLocalPlannerROS/global_plan_overwrite_orientation: True
 * /move_base/TebLocalPlannerROS/include_costmap_obstacles: True
 * /move_base/TebLocalPlannerROS/inflation_dist: 0.55
 * /move_base/TebLocalPlannerROS/map_frame: odom
 * /move_base/TebLocalPlannerROS/max_global_plan_lookahead_dist: 8.0
 * /move_base/TebLocalPlannerROS/max_number_classes: 4
 * /move_base/TebLocalPlannerROS/max_samples: 500
 * /move_base/TebLocalPlannerROS/max_vel_theta: 1.0
 * /move_base/TebLocalPlannerROS/max_vel_x: 1.2
 * /move_base/TebLocalPlannerROS/max_vel_x_backwards: 0.6
 * /move_base/TebLocalPlannerROS/max_vel_y: 0.0
 * /move_base/TebLocalPlannerROS/min_obstacle_dist: 0.25
 * /move_base/TebLocalPlannerROS/min_turning_radius: 1.2
 * /move_base/TebLocalPlannerROS/obstacle_poses_affected: 15
 * /move_base/TebLocalPlannerROS/odom_topic: /odom
 * /move_base/TebLocalPlannerROS/teb_autosize: True
 * /move_base/TebLocalPlannerROS/weight_acc_lim_theta: 1.0
 * /move_base/TebLocalPlannerROS/weight_acc_lim_x: 1.0
 * /move_base/TebLocalPlannerROS/weight_adapt_factor: 2.0
 * /move_base/TebLocalPlannerROS/weight_inflation: 0.1
 * /move_base/TebLocalPlannerROS/weight_kinematics_forward_drive: 10.0
 * /move_base/TebLocalPlannerROS/weight_kinematics_nh: 1000.0
 * /move_base/TebLocalPlannerROS/weight_kinematics_turning_radius: 10.0
 * /move_base/TebLocalPlannerROS/weight_max_vel_theta: 1.0
 * /move_base/TebLocalPlannerROS/weight_max_vel_x: 2.0
 * /move_base/TebLocalPlannerROS/weight_obstacle: 50.0
 * /move_base/TebLocalPlannerROS/weight_optimaltime: 1.0
 * /move_base/TebLocalPlannerROS/weight_viapoint: 1.0
 * /move_base/TebLocalPlannerROS/wheelbase: 0.65
 * /move_base/base_global_planner: navfn/NavfnROS
 * /move_base/base_local_planner: teb_local_planner...
 * /move_base/clearing_rotation_allowed: False
 * /move_base/controller_frequency: 10.0
 * /move_base/controller_patience: 5.0
 * /move_base/global_costmap/footprint: [[0.52, 0.35], [0...
 * /move_base/global_costmap/footprint_padding: 0.05
 * /move_base/global_costmap/global_frame: odom
 * /move_base/global_costmap/height: 30.0
 * /move_base/global_costmap/inflation_layer/cost_scaling_factor: 4.0
 * /move_base/global_costmap/inflation_layer/enabled: True
 * /move_base/global_costmap/inflation_layer/inflation_radius: 0.55
 * /move_base/global_costmap/obstacle_layer/enabled: True
 * /move_base/global_costmap/obstacle_layer/observation_sources: scan
 * /move_base/global_costmap/obstacle_layer/scan/clearing: True
 * /move_base/global_costmap/obstacle_layer/scan/data_type: LaserScan
 * /move_base/global_costmap/obstacle_layer/scan/inf_is_valid: True
 * /move_base/global_costmap/obstacle_layer/scan/marking: True
 * /move_base/global_costmap/obstacle_layer/scan/obstacle_range: 12.0
 * /move_base/global_costmap/obstacle_layer/scan/raytrace_range: 15.0
 * /move_base/global_costmap/obstacle_layer/scan/sensor_frame: laser_link
 * /move_base/global_costmap/obstacle_layer/scan/topic: /scan
 * /move_base/global_costmap/plugins: [{'name': 'obstac...
 * /move_base/global_costmap/publish_frequency: 2.0
 * /move_base/global_costmap/resolution: 0.05
 * /move_base/global_costmap/robot_base_frame: base_link
 * /move_base/global_costmap/rolling_window: True
 * /move_base/global_costmap/transform_tolerance: 0.3
 * /move_base/global_costmap/update_frequency: 5.0
 * /move_base/global_costmap/width: 30.0
 * /move_base/local_costmap/footprint: [[0.52, 0.35], [0...
 * /move_base/local_costmap/footprint_padding: 0.05
 * /move_base/local_costmap/global_frame: odom
 * /move_base/local_costmap/height: 12.0
 * /move_base/local_costmap/inflation_layer/cost_scaling_factor: 4.0
 * /move_base/local_costmap/inflation_layer/enabled: True
 * /move_base/local_costmap/inflation_layer/inflation_radius: 0.55
 * /move_base/local_costmap/obstacle_layer/enabled: True
 * /move_base/local_costmap/obstacle_layer/observation_sources: scan
 * /move_base/local_costmap/obstacle_layer/scan/clearing: True
 * /move_base/local_costmap/obstacle_layer/scan/data_type: LaserScan
 * /move_base/local_costmap/obstacle_layer/scan/inf_is_valid: True
 * /move_base/local_costmap/obstacle_layer/scan/marking: True
 * /move_base/local_costmap/obstacle_layer/scan/obstacle_range: 12.0
 * /move_base/local_costmap/obstacle_layer/scan/raytrace_range: 15.0
 * /move_base/local_costmap/obstacle_layer/scan/sensor_frame: laser_link
 * /move_base/local_costmap/obstacle_layer/scan/topic: /scan
 * /move_base/local_costmap/plugins: [{'name': 'obstac...
 * /move_base/local_costmap/publish_frequency: 5.0
 * /move_base/local_costmap/resolution: 0.05
 * /move_base/local_costmap/robot_base_frame: base_link
 * /move_base/local_costmap/rolling_window: True
 * /move_base/local_costmap/transform_tolerance: 0.3
 * /move_base/local_costmap/update_frequency: 10.0
 * /move_base/local_costmap/width: 12.0
 * /move_base/oscillation_distance: 0.2
 * /move_base/oscillation_timeout: 10.0
 * /move_base/planner_frequency: 1.0
 * /move_base/planner_patience: 5.0
 * /move_base/recovery_behavior_enabled: False
 * /move_base/shutdown_costmaps: False
 * /robot_description: <?xml version="1....
 * /rosdistro: noetic
 * /rosversion: 1.17.4
 * /t11_formal_run/acceptance_eval_seed_limit: 0
 * /t11_formal_run/acceptance_timesteps: 0
 * /t11_formal_run/algorithm: RL-TEB-Direct-Theta
 * /t11_formal_run/checkpoint: 
 * /t11_formal_run/config: /home/robot/robot...
 * /t11_formal_run/output_dir: /home/robot/robot...
 * /t11_formal_run/phase: train
 * /t11_formal_run/run_id: t11_direct_theta_...
 * /t11_formal_run/safety_mode: FullSafety
 * /t11_formal_run/training_seed: 102
 * /use_sim_time: True

NODES
  /
    gazebo (gazebo_ros/gzserver)
    m2_robot_state_publisher (robot_state_publisher/robot_state_publisher)
    move_base (move_base/move_base)
    spawn_m2 (gazebo_ros/spawn_model)
    t11_formal_run (thesis_experiment/t11_formal_run.py)

auto-starting new master
[1mprocess[master]: started with pid [138490][0m
[1mROS_MASTER_URI=http://localhost:11311[0m
]2;/home/robot/robot_ws_base_rl/src/tools/thesis_experiment/launch/t11_formal_run.launch http://localhost:11311
[1msetting /run_id to 0e76f990-7dee-11f1-91bc-3382cc4c3ed1[0m
[1mprocess[rosout-1]: started with pid [138523][0m
started core service [/rosout]
[1mprocess[gazebo-2]: started with pid [138530][0m
[1mprocess[spawn_m2-3]: started with pid [138534][0m
[1mprocess[m2_robot_state_publisher-4]: started with pid [138536][0m
[1mprocess[move_base-5]: started with pid [138537][0m
[1mprocess[t11_formal_run-6]: started with pid [138538][0m
[1m[spawn_m2-3] process has finished cleanly
log file: /home/robot/.ros/log/0e76f990-7dee-11f1-91bc-3382cc4c3ed1/spawn_m2-3*.log[0m
[t11_formal_run-6] killing on exit
[move_base-5] killing on exit
[m2_robot_state_publisher-4] killing on exit
[gazebo-2] killing on exit
[rosout-1] killing on exit
[master] killing on exit
shutting down processing monitor...
... shutting down processing monitor complete
[1mdone[0m
