WARNING: Package name "gazebo_ros_2Dmap_plugin" does not follow the naming conventions. It should start with a lower case letter and only contain lower case letters, digits, underscores, and dashes.
xacro: in-order processing became default in ROS Melodic. You can drop the option.
WARNING: Package name "gazebo_ros_2Dmap_plugin" does not follow the naming conventions. It should start with a lower case letter and only contain lower case letters, digits, underscores, and dashes.
WARNING: Package name "gazebo_ros_2Dmap_plugin" does not follow the naming conventions. It should start with a lower case letter and only contain lower case letters, digits, underscores, and dashes.
[INFO] [1783871077.586616, 0.000000]: Loading model XML from ros parameter robot_description
[INFO] [1783871077.590396, 0.000000]: Waiting for service /gazebo/spawn_urdf_model
[INFO] [1783871078.194216, 0.036000]: Calling service /gazebo/spawn_urdf_model
[INFO] [1783871078.506655, 0.178000]: Spawn status: SpawnModel: Successfully spawned entity
[INFO] [1783871078.908167903, 0.458000000]: global_costmap: Using plugin "obstacle_layer"
[INFO] [1783871078.910655987, 0.462000000]:     Subscribed to Topics: scan
[INFO] [1783871078.916750607, 0.468000000]: global_costmap: Using plugin "inflation_layer"
[INFO] [1783871078.929323802, 0.480000000]: local_costmap: Using plugin "obstacle_layer"
[INFO] [1783871078.930188093, 0.480000000]:     Subscribed to Topics: scan
[INFO] [1783871078.935967848, 0.486000000]: local_costmap: Using plugin "inflation_layer"
[INFO] [1783871078.945901026, 0.496000000]: Created local_planner teb_local_planner/TebLocalPlannerROS
[INFO] [1783871078.962801430, 0.512000000]: Footprint model 'polygon' loaded for trajectory optimization.
[INFO] [1783871078.962929165, 0.514000000]: Parallel planning in distinctive topologies disabled.
[INFO] [1783871078.962942580, 0.514000000]: No costmap conversion plugin specified. All occupied costmap cells are treaten as point obstacles.
[INFO] [1783871078.987528095, 0.538000000]: Footprint model 'polygon' loaded for trajectory optimization.
[INFO] [1783871079.143127193, 0.696000000]: Recovery behavior will clear layer 'obstacles'
[INFO] [1783871079.144051654, 0.696000000]: Recovery behavior will clear layer 'obstacles'
[INFO] [1783871079.158518878, 0.710000000]: odom received!
[INFO] [1783871080.921732150, 2.468000000]: Footprint model 'polygon' loaded for trajectory optimization.
[INFO] [1783871081.473078477, 3.022000000]: Footprint model 'polygon' loaded for trajectory optimization.
[INFO] [1783871082.123526519, 3.670000000]: Footprint model 'polygon' loaded for trajectory optimization.
[INFO] [1783871082.669973187, 4.218000000]: Footprint model 'polygon' loaded for trajectory optimization.
[INFO] [1783871084.463908031, 6.006000000]: GOAL Reached!
[INFO] [1783871084.605756129, 6.148000000]: Footprint model 'polygon' loaded for trajectory optimization.
[INFO] [1783871085.466363812, 7.008000000]: Footprint model 'polygon' loaded for trajectory optimization.
[INFO] [1783871086.076939485, 7.616000000]: Footprint model 'polygon' loaded for trajectory optimization.
[INFO] [1783871086.628977266, 8.166000000]: Footprint model 'polygon' loaded for trajectory optimization.
[INFO] [1783871087.227350154, 8.768000000]: Footprint model 'polygon' loaded for trajectory optimization.
[INFO] [1783871087.825423960, 9.364000000]: Footprint model 'polygon' loaded for trajectory optimization.
[INFO] [1783871088.429469757, 9.964000000]: Footprint model 'polygon' loaded for trajectory optimization.
[INFO] [1783871089.919697585, 11.452000000]: GOAL Reached!
[INFO] [1783871090.072798095, 11.604000000]: Footprint model 'polygon' loaded for trajectory optimization.
[INFO] [1783871090.957457368, 12.488000000]: Footprint model 'polygon' loaded for trajectory optimization.
[INFO] [1783871091.507014305, 13.036000000]: Footprint model 'polygon' loaded for trajectory optimization.
[INFO] [1783871092.100206570, 13.632000000]: Footprint model 'polygon' loaded for trajectory optimization.
[INFO] [1783871092.710377573, 14.236000000]: Footprint model 'polygon' loaded for trajectory optimization.
[INFO] [1783871093.357798667, 14.884000000]: Footprint model 'polygon' loaded for trajectory optimization.
[INFO] [1783871093.955737493, 15.482000000]: Footprint model 'polygon' loaded for trajectory optimization.
[INFO] [1783871094.553553581, 16.082000000]: Footprint model 'polygon' loaded for trajectory optimization.
[INFO] [1783871095.160147745, 16.682000000]: Footprint model 'polygon' loaded for trajectory optimization.
[INFO] [1783871095.758877111, 17.282000000]: Footprint model 'polygon' loaded for trajectory optimization.
[INFO] [1783871097.700043018, 19.218000000]: GOAL Reached!
[INFO] [1783871097.846218531, 19.364000000]: Footprint model 'polygon' loaded for trajectory optimization.
[INFO] [1783871098.734422940, 20.250000000]: Footprint model 'polygon' loaded for trajectory optimization.
[INFO] [1783871099.277238486, 20.792000000]: Footprint model 'polygon' loaded for trajectory optimization.
[INFO] [1783871099.927303415, 21.442000000]: Footprint model 'polygon' loaded for trajectory optimization.
[INFO] [1783871100.525929193, 22.040000000]: Footprint model 'polygon' loaded for trajectory optimization.
[INFO] [1783871101.126496078, 22.638000000]: Footprint model 'polygon' loaded for trajectory optimization.
[INFO] [1783871101.728233831, 23.240000000]: Footprint model 'polygon' loaded for trajectory optimization.
[INFO] [1783871102.282296925, 23.794000000]: Footprint model 'polygon' loaded for trajectory optimization.
[INFO] [1783871102.930416207, 24.440000000]: Footprint model 'polygon' loaded for trajectory optimization.
[INFO] [1783871104.467668245, 25.974000000]: GOAL Reached!
[INFO] [1783871104.635601217, 26.142000000]: Footprint model 'polygon' loaded for trajectory optimization.
[INFO] [1783871105.501628019, 27.006000000]: Footprint model 'polygon' loaded for trajectory optimization.
[INFO] [1783871106.047649998, 27.552000000]: Footprint model 'polygon' loaded for trajectory optimization.
[INFO] [1783871106.650155378, 28.154000000]: Footprint model 'polygon' loaded for trajectory optimization.
[INFO] [1783871107.297557589, 28.800000000]: Footprint model 'polygon' loaded for trajectory optimization.
[INFO] [1783871109.141729187, 30.640000000]: GOAL Reached!
[INFO] [1783871109.280989322, 30.780000000]: Footprint model 'polygon' loaded for trajectory optimization.
[INFO] [1783871110.150588694, 31.646000000]: Footprint model 'polygon' loaded for trajectory optimization.
[INFO] [1783871110.706762611, 32.204000000]: Footprint model 'polygon' loaded for trajectory optimization.
[INFO] [1783871111.350173955, 32.844000000]: Footprint model 'polygon' loaded for trajectory optimization.
[INFO] [1783871111.956424892, 33.448000000]: Footprint model 'polygon' loaded for trajectory optimization.
[INFO] [1783871112.506054435, 34.000000000]: Footprint model 'polygon' loaded for trajectory optimization.
[INFO] [1783871113.149234357, 34.642000000]: Footprint model 'polygon' loaded for trajectory optimization.
[INFO] [1783871114.697217508, 36.186000000]: GOAL Reached!
[INFO] [1783871114.829858688, 36.318000000]: Footprint model 'polygon' loaded for trajectory optimization.
[INFO] [1783871115.702061415, 37.188000000]: Footprint model 'polygon' loaded for trajectory optimization.
[INFO] [1783871116.288163137, 37.778000000]: Footprint model 'polygon' loaded for trajectory optimization.
[INFO] [1783871116.890316594, 38.374000000]: Footprint model 'polygon' loaded for trajectory optimization.
[INFO] [1783871117.492065517, 38.976000000]: Footprint model 'polygon' loaded for trajectory optimization.
[INFO] [1783871118.043728381, 39.530000000]: Footprint model 'polygon' loaded for trajectory optimization.
[INFO] [1783871118.689860897, 40.174000000]: Footprint model 'polygon' loaded for trajectory optimization.
[INFO] [1783871119.288977926, 40.772000000]: Footprint model 'polygon' loaded for trajectory optimization.
[INFO] [1783871119.845896820, 41.330000000]: Footprint model 'polygon' loaded for trajectory optimization.
[INFO] [1783871120.492868196, 41.974000000]: Footprint model 'polygon' loaded for trajectory optimization.
[INFO] [1783871121.043394308, 42.524000000]: Footprint model 'polygon' loaded for trajectory optimization.
[INFO] [1783871122.734529133, 44.212000000]: GOAL Reached!
[INFO] [1783871122.840089675, 44.316000000]: Footprint model 'polygon' loaded for trajectory optimization.
[INFO] [1783871123.713621413, 45.188000000]: Footprint model 'polygon' loaded for trajectory optimization.
[INFO] [1783871124.303368060, 45.776000000]: Footprint model 'polygon' loaded for trajectory optimization.
[INFO] [1783871124.906488061, 46.378000000]: Footprint model 'polygon' loaded for trajectory optimization.
[INFO] [1783871125.454066548, 46.924000000]: Footprint model 'polygon' loaded for trajectory optimization.
[INFO] [1783871126.105649921, 47.576000000]: Footprint model 'polygon' loaded for trajectory optimization.
[INFO] [1783871126.653825276, 48.124000000]: Footprint model 'polygon' loaded for trajectory optimization.
[INFO] [1783871127.252988848, 48.720000000]: Footprint model 'polygon' loaded for trajectory optimization.
[INFO] [1783871077.721138927]: Finished loading Gazebo ROS API Plugin.
[INFO] [1783871077.722068913]: waitForService: Service [/gazebo/set_physics_properties] has not been advertised, waiting...
[INFO] [1783871078.154841030]: waitForService: Service [/gazebo/set_physics_properties] is now available.
[INFO] [1783871078.189125013, 0.032000000]: Physics dynamic reconfigure ready.
[INFO] [1783871078.394627479, 0.178000000]: <initialOrientationAsReference> is unset, using default value of false to comply with REP 145 (world as orientation reference)
[INFO] [1783871078.394663933, 0.178000000]: <robotNamespace> set to: //
[INFO] [1783871078.394670802, 0.178000000]: <topicName> set to: imu/data
[INFO] [1783871078.394675668, 0.178000000]: <frameName> set to: imu_link
[INFO] [1783871078.394692857, 0.178000000]: <updateRateHZ> set to: 50
[INFO] [1783871078.394699333, 0.178000000]: <gaussianNoise> set to: 0
[INFO] [1783871078.394721764, 0.178000000]: <xyzOffset> set to: 0 0 0
[INFO] [1783871078.394735857, 0.178000000]: <rpyOffset> set to: 0 -0 0
[INFO] [1783871078.510947033, 0.178000000]: Laser Plugin: Using the 'robotNamespace' param: '/'
[INFO] [1783871078.510969418, 0.178000000]: Starting Laser Plugin (ns = /)
[INFO] [1783871078.511906401, 0.178000000]: Laser Plugin (ns = /)  <tf_prefix_>, set to ""
[INFO] [1783871078.625072399, 0.178000000]: M2 simulation-only Ackermann interface loaded; cmd_angle_instead_rotvel=false
[WARN] [1783871128.247475, 49.118000]: training environment stop requested: ROSInterruptException: ROS shutdown request
[WARN] [1783871128.309293, 49.118000]: training environment stop requested: adapter_close
Traceback (most recent call last):
  File "/home/robot/robot_ws_base_rl/src/tools/thesis_experiment/src/thesis_experiment/t11_training.py", line 452, in run
    return self._ablation(raw_vec, recorded, recorder)
  File "/home/robot/robot_ws_base_rl/src/tools/thesis_experiment/src/thesis_experiment/t11_training.py", line 527, in _ablation
    returns = self._evaluate(model, vec, recorded, scenarios, "test")
  File "/home/robot/robot_ws_base_rl/src/tools/thesis_experiment/src/thesis_experiment/t11_training.py", line 434, in _evaluate
    observation, rewards, dones, _ = vec.step(action)
  File "/home/robot/robot_ws_base_rl/.venv/lib/python3.8/site-packages/stable_baselines3/common/vec_env/base_vec_env.py", line 206, in step
    return self.step_wait()
  File "/home/robot/robot_ws_base_rl/.venv/lib/python3.8/site-packages/stable_baselines3/common/vec_env/vec_normalize.py", line 181, in step_wait
    obs, rewards, dones, infos = self.venv.step_wait()
  File "/home/robot/robot_ws_base_rl/.venv/lib/python3.8/site-packages/stable_baselines3/common/vec_env/dummy_vec_env.py", line 70, in step_wait
    obs, self.reset_infos[env_idx] = self.envs[env_idx].reset()
  File "/home/robot/robot_ws_base_rl/src/tools/thesis_experiment/src/thesis_experiment/t11_training.py", line 250, in reset
    observation, info = self.env.reset(**kwargs)
  File "/home/robot/robot_ws_base_rl/src/application/teb_rl_tuner/src/teb_rl_tuner/sac_environment.py", line 89, in reset
    observation, info = self.core.reset(seed=seed)
  File "/home/robot/robot_ws_base_rl/src/application/teb_rl_tuner/src/teb_rl_tuner/training_environment.py", line 218, in reset
    self._restore_snapshot()
  File "/home/robot/robot_ws_base_rl/src/application/teb_rl_tuner/src/teb_rl_tuner/training_environment.py", line 210, in _restore_snapshot
    self.adapter.restore_parameter_snapshot(self._snapshot)
  File "/home/robot/robot_ws_base_rl/src/tools/thesis_experiment/src/thesis_experiment/gazebo_training_adapter.py", line 308, in restore_parameter_snapshot
    self._quiesce_navigation()
  File "/home/robot/robot_ws_base_rl/src/tools/thesis_experiment/src/thesis_experiment/gazebo_training_adapter.py", line 301, in _quiesce_navigation
    rospy.sleep(0.05)
  File "/opt/ros/noetic/lib/python3/dist-packages/rospy/timer.py", line 165, in sleep
    raise rospy.exceptions.ROSInterruptException("ROS shutdown request")
rospy.exceptions.ROSInterruptException: ROS shutdown request

During handling of the above exception, another exception occurred:

Traceback (most recent call last):
  File "/home/robot/robot_ws_base_rl/src/tools/thesis_experiment/src/thesis_experiment/gazebo_training_adapter.py", line 547, in close
    self.parameter_client.restore()
  File "/home/robot/robot_ws_base_rl/src/application/teb_rl_tuner/src/teb_rl_tuner/teb_parameter_client.py", line 303, in restore
    return self._restore_snapshot()
  File "/home/robot/robot_ws_base_rl/src/application/teb_rl_tuner/src/teb_rl_tuner/teb_parameter_client.py", line 273, in _restore_snapshot
    ack_raw = self._backend.update_configuration(self._snapshot, self._timeout_s)
  File "/home/robot/robot_ws_base_rl/src/application/teb_rl_tuner/src/teb_rl_tuner/teb_parameter_client.py", line 390, in update_configuration
    return _daemon_call(lambda: self._client.update_configuration(dict(values)), timeout_s)
  File "/home/robot/robot_ws_base_rl/src/application/teb_rl_tuner/src/teb_rl_tuner/teb_parameter_client.py", line 352, in _daemon_call
    raise TebParameterError("dynamic_reconfigure service call failed: {}".format(value))
teb_rl_tuner.teb_parameter_client.TebParameterError: dynamic_reconfigure service call failed: service call failed

During handling of the above exception, another exception occurred:

Traceback (most recent call last):
  File "/home/robot/robot_ws_base_rl/devel/lib/thesis_experiment/t11_formal_run.py", line 15, in <module>
    exec(compile(fh.read(), python_script, 'exec'), context)
  File "/home/robot/robot_ws_base_rl/src/tools/thesis_experiment/scripts/t11_formal_run.py", line 20, in <module>
    sys.exit(main())
  File "/home/robot/robot_ws_base_rl/src/tools/thesis_experiment/scripts/t11_formal_run.py", line 14, in main
    report = T11FormalRunner().run()
  File "/home/robot/robot_ws_base_rl/src/tools/thesis_experiment/src/thesis_experiment/t11_training.py", line 455, in run
    self.adapter.close()
  File "/home/robot/robot_ws_base_rl/src/tools/thesis_experiment/src/thesis_experiment/gazebo_training_adapter.py", line 549, in close
    self.parameter_client.close()
  File "/home/robot/robot_ws_base_rl/src/application/teb_rl_tuner/src/teb_rl_tuner/teb_parameter_client.py", line 318, in close
    self._restore_snapshot(operation="close_restore")
  File "/home/robot/robot_ws_base_rl/src/application/teb_rl_tuner/src/teb_rl_tuner/teb_parameter_client.py", line 273, in _restore_snapshot
    ack_raw = self._backend.update_configuration(self._snapshot, self._timeout_s)
  File "/home/robot/robot_ws_base_rl/src/application/teb_rl_tuner/src/teb_rl_tuner/teb_parameter_client.py", line 390, in update_configuration
    return _daemon_call(lambda: self._client.update_configuration(dict(values)), timeout_s)
  File "/home/robot/robot_ws_base_rl/src/application/teb_rl_tuner/src/teb_rl_tuner/teb_parameter_client.py", line 352, in _daemon_call
    raise TebParameterError("dynamic_reconfigure service call failed: {}".format(value))
teb_rl_tuner.teb_parameter_client.TebParameterError: dynamic_reconfigure service call failed: service call failed
... logging to /home/robot/.ros/log/95f5d534-7e08-11f1-91bc-3382cc4c3ed1/roslaunch-WP-296261.log
Checking log directory for disk usage. This may take a while.
Press Ctrl-C to interrupt
]2;/home/robot/robot_ws_base_rl/src/tools/thesis_experiment/launch/t11_formal_run.launch
[1mstarted roslaunch server http://WP:39791/[0m

SUMMARY
========

PARAMETERS
 * /gazebo/enable_ros_network: True
 * /m2_gazebo/simulation_only: True
 * /m2_robot_state_publisher/publish_frequency: 30.0
 * /move_base/TebLocalPlannerROS/acc_lim_theta: 0.8
 * /move_base/TebLocalPlannerROS/acc_lim_x: 0.8
 * /move_base/TebLocalPlannerROS/allow_init_with_backwards_motion: True
 * /move_base/TebLocalPlannerROS/cmd_angle_instead_rotvel: False
 * /move_base/TebLocalPlannerROS/costmap_obstacles_behind_robot_dist: 1.5
 * /move_base/TebLocalPlannerROS/dt_hysteresis: 0.1
 * /move_base/TebLocalPlannerROS/dt_ref: 0.3
 * /move_base/TebLocalPlannerROS/enable_homotopy_class_planning: False
 * /move_base/TebLocalPlannerROS/enable_multithreading: True
 * /move_base/TebLocalPlannerROS/feasibility_check_no_poses: 5
 * /move_base/TebLocalPlannerROS/footprint_model/type: polygon
 * /move_base/TebLocalPlannerROS/footprint_model/vertices: [[0.52, 0.35], [0...
 * /move_base/TebLocalPlannerROS/global_plan_overwrite_orientation: True
 * /move_base/TebLocalPlannerROS/include_costmap_obstacles: True
 * /move_base/TebLocalPlannerROS/inflation_dist: 0.55
 * /move_base/TebLocalPlannerROS/map_frame: odom
 * /move_base/TebLocalPlannerROS/max_global_plan_lookahead_dist: 8.0
 * /move_base/TebLocalPlannerROS/max_number_classes: 4
 * /move_base/TebLocalPlannerROS/max_samples: 500
 * /move_base/TebLocalPlannerROS/max_vel_theta: 1.0
 * /move_base/TebLocalPlannerROS/max_vel_x: 1.2
 * /move_base/TebLocalPlannerROS/max_vel_x_backwards: 0.6
 * /move_base/TebLocalPlannerROS/max_vel_y: 0.0
 * /move_base/TebLocalPlannerROS/min_obstacle_dist: 0.25
 * /move_base/TebLocalPlannerROS/min_turning_radius: 1.2
 * /move_base/TebLocalPlannerROS/obstacle_poses_affected: 15
 * /move_base/TebLocalPlannerROS/odom_topic: /odom
 * /move_base/TebLocalPlannerROS/teb_autosize: True
 * /move_base/TebLocalPlannerROS/weight_acc_lim_theta: 1.0
 * /move_base/TebLocalPlannerROS/weight_acc_lim_x: 1.0
 * /move_base/TebLocalPlannerROS/weight_adapt_factor: 2.0
 * /move_base/TebLocalPlannerROS/weight_inflation: 0.1
 * /move_base/TebLocalPlannerROS/weight_kinematics_forward_drive: 10.0
 * /move_base/TebLocalPlannerROS/weight_kinematics_nh: 1000.0
 * /move_base/TebLocalPlannerROS/weight_kinematics_turning_radius: 10.0
 * /move_base/TebLocalPlannerROS/weight_max_vel_theta: 1.0
 * /move_base/TebLocalPlannerROS/weight_max_vel_x: 2.0
 * /move_base/TebLocalPlannerROS/weight_obstacle: 50.0
 * /move_base/TebLocalPlannerROS/weight_optimaltime: 1.0
 * /move_base/TebLocalPlannerROS/weight_viapoint: 1.0
 * /move_base/TebLocalPlannerROS/wheelbase: 0.65
 * /move_base/base_global_planner: navfn/NavfnROS
 * /move_base/base_local_planner: teb_local_planner...
 * /move_base/clearing_rotation_allowed: False
 * /move_base/controller_frequency: 10.0
 * /move_base/controller_patience: 5.0
 * /move_base/global_costmap/footprint: [[0.52, 0.35], [0...
 * /move_base/global_costmap/footprint_padding: 0.05
 * /move_base/global_costmap/global_frame: odom
 * /move_base/global_costmap/height: 30.0
 * /move_base/global_costmap/inflation_layer/cost_scaling_factor: 4.0
 * /move_base/global_costmap/inflation_layer/enabled: True
 * /move_base/global_costmap/inflation_layer/inflation_radius: 0.55
 * /move_base/global_costmap/obstacle_layer/enabled: True
 * /move_base/global_costmap/obstacle_layer/observation_sources: scan
 * /move_base/global_costmap/obstacle_layer/scan/clearing: True
 * /move_base/global_costmap/obstacle_layer/scan/data_type: LaserScan
 * /move_base/global_costmap/obstacle_layer/scan/inf_is_valid: True
 * /move_base/global_costmap/obstacle_layer/scan/marking: True
 * /move_base/global_costmap/obstacle_layer/scan/obstacle_range: 12.0
 * /move_base/global_costmap/obstacle_layer/scan/raytrace_range: 15.0
 * /move_base/global_costmap/obstacle_layer/scan/sensor_frame: laser_link
 * /move_base/global_costmap/obstacle_layer/scan/topic: /scan
 * /move_base/global_costmap/plugins: [{'name': 'obstac...
 * /move_base/global_costmap/publish_frequency: 2.0
 * /move_base/global_costmap/resolution: 0.05
 * /move_base/global_costmap/robot_base_frame: base_link
 * /move_base/global_costmap/rolling_window: True
 * /move_base/global_costmap/transform_tolerance: 0.3
 * /move_base/global_costmap/update_frequency: 5.0
 * /move_base/global_costmap/width: 30.0
 * /move_base/local_costmap/footprint: [[0.52, 0.35], [0...
 * /move_base/local_costmap/footprint_padding: 0.05
 * /move_base/local_costmap/global_frame: odom
 * /move_base/local_costmap/height: 12.0
 * /move_base/local_costmap/inflation_layer/cost_scaling_factor: 4.0
 * /move_base/local_costmap/inflation_layer/enabled: True
 * /move_base/local_costmap/inflation_layer/inflation_radius: 0.55
 * /move_base/local_costmap/obstacle_layer/enabled: True
 * /move_base/local_costmap/obstacle_layer/observation_sources: scan
 * /move_base/local_costmap/obstacle_layer/scan/clearing: True
 * /move_base/local_costmap/obstacle_layer/scan/data_type: LaserScan
 * /move_base/local_costmap/obstacle_layer/scan/inf_is_valid: True
 * /move_base/local_costmap/obstacle_layer/scan/marking: True
 * /move_base/local_costmap/obstacle_layer/scan/obstacle_range: 12.0
 * /move_base/local_costmap/obstacle_layer/scan/raytrace_range: 15.0
 * /move_base/local_costmap/obstacle_layer/scan/sensor_frame: laser_link
 * /move_base/local_costmap/obstacle_layer/scan/topic: /scan
 * /move_base/local_costmap/plugins: [{'name': 'obstac...
 * /move_base/local_costmap/publish_frequency: 5.0
 * /move_base/local_costmap/resolution: 0.05
 * /move_base/local_costmap/robot_base_frame: base_link
 * /move_base/local_costmap/rolling_window: True
 * /move_base/local_costmap/transform_tolerance: 0.3
 * /move_base/local_costmap/update_frequency: 10.0
 * /move_base/local_costmap/width: 12.0
 * /move_base/oscillation_distance: 0.2
 * /move_base/oscillation_timeout: 10.0
 * /move_base/planner_frequency: 1.0
 * /move_base/planner_patience: 5.0
 * /move_base/recovery_behavior_enabled: False
 * /move_base/shutdown_costmaps: False
 * /robot_description: <?xml version="1....
 * /rosdistro: noetic
 * /rosversion: 1.17.4
 * /t11_formal_run/acceptance_eval_seed_limit: 0
 * /t11_formal_run/acceptance_timesteps: 0
 * /t11_formal_run/algorithm: RL-TEB-Semantic-Eta
 * /t11_formal_run/checkpoint: /home/robot/robot...
 * /t11_formal_run/config: /home/robot/robot...
 * /t11_formal_run/output_dir: /home/robot/robot...
 * /t11_formal_run/phase: ablation
 * /t11_formal_run/run_id: t11_semantic_eta_...
 * /t11_formal_run/safety_mode: NoSafety
 * /t11_formal_run/training_seed: 104
 * /use_sim_time: True

NODES
  /
    gazebo (gazebo_ros/gzserver)
    m2_robot_state_publisher (robot_state_publisher/robot_state_publisher)
    move_base (move_base/move_base)
    spawn_m2 (gazebo_ros/spawn_model)
    t11_formal_run (thesis_experiment/t11_formal_run.py)

auto-starting new master
[1mprocess[master]: started with pid [296317][0m
[1mROS_MASTER_URI=http://localhost:11311[0m
]2;/home/robot/robot_ws_base_rl/src/tools/thesis_experiment/launch/t11_formal_run.launch http://localhost:11311
[1msetting /run_id to 95f5d534-7e08-11f1-91bc-3382cc4c3ed1[0m
[1mprocess[rosout-1]: started with pid [296350][0m
started core service [/rosout]
[1mprocess[gazebo-2]: started with pid [296357][0m
[1mprocess[spawn_m2-3]: started with pid [296360][0m
[1mprocess[m2_robot_state_publisher-4]: started with pid [296363][0m
[1mprocess[move_base-5]: started with pid [296364][0m
[1mprocess[t11_formal_run-6]: started with pid [296365][0m
[1m[spawn_m2-3] process has finished cleanly
log file: /home/robot/.ros/log/95f5d534-7e08-11f1-91bc-3382cc4c3ed1/spawn_m2-3*.log[0m
[t11_formal_run-6] killing on exit
[move_base-5] killing on exit
[m2_robot_state_publisher-4] killing on exit
[gazebo-2] killing on exit
[rosout-1] killing on exit
[master] killing on exit
shutting down processing monitor...
[31mWARNING: disk usage in log directory [/home/robot/.ros/log] is over 1GB.
It's recommended that you use the 'rosclean' command.[0m
WARNING: Package name "gazebo_ros_2Dmap_plugin" does not follow the naming conventions. It should start with a lower case letter and only contain lower case letters, digits, underscores, and dashes.
WARNING: Package name "gazebo_ros_2Dmap_plugin" does not follow the naming conventions. It should start with a lower case letter and only contain lower case letters, digits, underscores, and dashes.
... shutting down processing monitor complete
[1mdone[0m
