WARNING: Package name "gazebo_ros_2Dmap_plugin" does not follow the naming conventions. It should start with a lower case letter and only contain lower case letters, digits, underscores, and dashes.
xacro: in-order processing became default in ROS Melodic. You can drop the option.
WARNING: Package name "gazebo_ros_2Dmap_plugin" does not follow the naming conventions. It should start with a lower case letter and only contain lower case letters, digits, underscores, and dashes.
WARNING: Package name "gazebo_ros_2Dmap_plugin" does not follow the naming conventions. It should start with a lower case letter and only contain lower case letters, digits, underscores, and dashes.
[INFO] [1783871130.632003, 0.000000]: Loading model XML from ros parameter robot_description
[INFO] [1783871130.634995, 0.000000]: Waiting for service /gazebo/spawn_urdf_model
[INFO] [1783871131.238453, 0.000000]: Calling service /gazebo/spawn_urdf_model
[INFO] [1783871131.560655, 0.182000]: Spawn status: SpawnModel: Successfully spawned entity
[INFO] [1783871131.948894392, 0.444000000]: global_costmap: Using plugin "obstacle_layer"
[INFO] [1783871131.951765933, 0.448000000]:     Subscribed to Topics: scan
[INFO] [1783871131.956270080, 0.452000000]: global_costmap: Using plugin "inflation_layer"
[INFO] [1783871131.967359264, 0.462000000]: local_costmap: Using plugin "obstacle_layer"
[INFO] [1783871131.968123219, 0.464000000]:     Subscribed to Topics: scan
[INFO] [1783871131.972818263, 0.468000000]: local_costmap: Using plugin "inflation_layer"
[INFO] [1783871131.983737674, 0.478000000]: Created local_planner teb_local_planner/TebLocalPlannerROS
[INFO] [1783871132.000752168, 0.496000000]: Footprint model 'polygon' loaded for trajectory optimization.
[INFO] [1783871132.000870898, 0.496000000]: Parallel planning in distinctive topologies disabled.
[INFO] [1783871132.000884699, 0.496000000]: No costmap conversion plugin specified. All occupied costmap cells are treaten as point obstacles.
[INFO] [1783871132.021981983, 0.516000000]: Footprint model 'polygon' loaded for trajectory optimization.
[INFO] [1783871132.186963494, 0.682000000]: Recovery behavior will clear layer 'obstacles'
[INFO] [1783871132.188185525, 0.684000000]: Recovery behavior will clear layer 'obstacles'
[INFO] [1783871132.206625894, 0.702000000]: odom received!
[INFO] [1783871133.999451405, 2.492000000]: Footprint model 'polygon' loaded for trajectory optimization.
[INFO] [1783871134.545394697, 3.038000000]: Footprint model 'polygon' loaded for trajectory optimization.
[INFO] [1783871135.196390143, 3.684000000]: Footprint model 'polygon' loaded for trajectory optimization.
[INFO] [1783871135.797844691, 4.284000000]: Footprint model 'polygon' loaded for trajectory optimization.
[INFO] [1783871137.435637378, 5.922000000]: GOAL Reached!
[INFO] [1783871137.578261294, 6.062000000]: Footprint model 'polygon' loaded for trajectory optimization.
[INFO] [1783871138.447684088, 6.932000000]: Footprint model 'polygon' loaded for trajectory optimization.
[INFO] [1783871139.033040914, 7.518000000]: Footprint model 'polygon' loaded for trajectory optimization.
[INFO] [1783871139.643169451, 8.126000000]: Footprint model 'polygon' loaded for trajectory optimization.
[INFO] [1783871140.241019151, 8.720000000]: Footprint model 'polygon' loaded for trajectory optimization.
[INFO] [1783871140.841484122, 9.320000000]: Footprint model 'polygon' loaded for trajectory optimization.
[INFO] [1783871141.394299335, 9.872000000]: Footprint model 'polygon' loaded for trajectory optimization.
[INFO] [1783871143.085930317, 11.558000000]: GOAL Reached!
[INFO] [1783871143.242771523, 11.716000000]: Footprint model 'polygon' loaded for trajectory optimization.
[INFO] [1783871144.123686132, 12.594000000]: Footprint model 'polygon' loaded for trajectory optimization.
[INFO] [1783871144.665424044, 13.136000000]: Footprint model 'polygon' loaded for trajectory optimization.
[INFO] [1783871145.264991164, 13.736000000]: Footprint model 'polygon' loaded for trajectory optimization.
[INFO] [1783871145.868098670, 14.338000000]: Footprint model 'polygon' loaded for trajectory optimization.
[INFO] [1783871146.517294995, 14.986000000]: Footprint model 'polygon' loaded for trajectory optimization.
[INFO] [1783871147.066934512, 15.536000000]: Footprint model 'polygon' loaded for trajectory optimization.
[INFO] [1783871147.667659701, 16.134000000]: Footprint model 'polygon' loaded for trajectory optimization.
[INFO] [1783871148.315383722, 16.784000000]: Footprint model 'polygon' loaded for trajectory optimization.
[INFO] [1783871148.919268689, 17.384000000]: Footprint model 'polygon' loaded for trajectory optimization.
[INFO] [1783871150.859696006, 19.320000000]: GOAL Reached!
[INFO] [1783871151.009552648, 19.470000000]: Footprint model 'polygon' loaded for trajectory optimization.
[INFO] [1783871151.892289274, 20.352000000]: Footprint model 'polygon' loaded for trajectory optimization.
[INFO] [1783871152.439306567, 20.898000000]: Footprint model 'polygon' loaded for trajectory optimization.
[INFO] [1783871153.086708060, 21.544000000]: Footprint model 'polygon' loaded for trajectory optimization.
[INFO] [1783871153.641107594, 22.098000000]: Footprint model 'polygon' loaded for trajectory optimization.
[INFO] [1783871154.236472917, 22.694000000]: Footprint model 'polygon' loaded for trajectory optimization.
[INFO] [1783871154.887484634, 23.342000000]: Footprint model 'polygon' loaded for trajectory optimization.
[INFO] [1783871155.484189183, 23.938000000]: Footprint model 'polygon' loaded for trajectory optimization.
[INFO] [1783871156.086287535, 24.540000000]: Footprint model 'polygon' loaded for trajectory optimization.
[INFO] [1783871157.626604211, 26.076000000]: GOAL Reached!
[INFO] [1783871157.773107143, 26.222000000]: Footprint model 'polygon' loaded for trajectory optimization.
[INFO] [1783871158.644376535, 27.092000000]: Footprint model 'polygon' loaded for trajectory optimization.
[INFO] [1783871159.234914096, 27.684000000]: Footprint model 'polygon' loaded for trajectory optimization.
[INFO] [1783871159.788891458, 28.236000000]: Footprint model 'polygon' loaded for trajectory optimization.
[INFO] [1783871160.436320782, 28.880000000]: Footprint model 'polygon' loaded for trajectory optimization.
[INFO] [1783871162.280689386, 30.722000000]: GOAL Reached!
[INFO] [1783871162.411471278, 30.852000000]: Footprint model 'polygon' loaded for trajectory optimization.
[INFO] [1783871163.275168470, 31.716000000]: Footprint model 'polygon' loaded for trajectory optimization.
[INFO] [1783871163.823581706, 32.262000000]: Footprint model 'polygon' loaded for trajectory optimization.
[INFO] [1783871164.471190272, 32.910000000]: Footprint model 'polygon' loaded for trajectory optimization.
[INFO] [1783871165.071020737, 33.508000000]: Footprint model 'polygon' loaded for trajectory optimization.
[INFO] [1783871165.626157760, 34.064000000]: Footprint model 'polygon' loaded for trajectory optimization.
[INFO] [1783871166.276189825, 34.710000000]: Footprint model 'polygon' loaded for trajectory optimization.
[INFO] [1783871167.816215554, 36.248000000]: GOAL Reached!
[INFO] [1783871167.961579094, 36.396000000]: Footprint model 'polygon' loaded for trajectory optimization.
[INFO] [1783871168.863147370, 37.292000000]: Footprint model 'polygon' loaded for trajectory optimization.
[INFO] [1783871169.499311870, 37.928000000]: Footprint model 'polygon' loaded for trajectory optimization.
[INFO] [1783871170.146851725, 38.574000000]: Footprint model 'polygon' loaded for trajectory optimization.
[INFO] [1783871170.699827186, 39.126000000]: Footprint model 'polygon' loaded for trajectory optimization.
[INFO] [1783871171.299967137, 39.724000000]: Footprint model 'polygon' loaded for trajectory optimization.
[INFO] [1783871171.899725195, 40.322000000]: Footprint model 'polygon' loaded for trajectory optimization.
[INFO] [1783871172.504311230, 40.926000000]: Footprint model 'polygon' loaded for trajectory optimization.
[INFO] [1783871173.105930923, 41.526000000]: Footprint model 'polygon' loaded for trajectory optimization.
[INFO] [1783871173.700869567, 42.122000000]: Footprint model 'polygon' loaded for trajectory optimization.
[INFO] [1783871175.893699828, 44.310000000]: GOAL Reached!
[INFO] [1783871176.028208432, 44.444000000]: Footprint model 'polygon' loaded for trajectory optimization.
[INFO] [1783871176.896179099, 45.310000000]: Footprint model 'polygon' loaded for trajectory optimization.
[INFO] [1783871177.449319036, 45.864000000]: Footprint model 'polygon' loaded for trajectory optimization.
[INFO] [1783871178.094188982, 46.510000000]: Footprint model 'polygon' loaded for trajectory optimization.
[INFO] [1783871178.742759409, 47.156000000]: Footprint model 'polygon' loaded for trajectory optimization.
[INFO] [1783871179.342605374, 47.754000000]: Footprint model 'polygon' loaded for trajectory optimization.
[INFO] [1783871179.990930367, 48.402000000]: Footprint model 'polygon' loaded for trajectory optimization.
[INFO] [1783871180.594910220, 49.004000000]: Footprint model 'polygon' loaded for trajectory optimization.
[INFO] [1783871181.194938212, 49.602000000]: Footprint model 'polygon' loaded for trajectory optimization.
[INFO] [1783871182.931957080, 51.336000000]: GOAL Reached!
[INFO] [1783871183.073847367, 51.478000000]: Footprint model 'polygon' loaded for trajectory optimization.
[INFO] [1783871183.948586532, 52.350000000]: Footprint model 'polygon' loaded for trajectory optimization.
[INFO] [1783871184.552859757, 52.954000000]: Footprint model 'polygon' loaded for trajectory optimization.
[INFO] [1783871185.153224225, 53.554000000]: Footprint model 'polygon' loaded for trajectory optimization.
[INFO] [1783871185.755496812, 54.154000000]: Footprint model 'polygon' loaded for trajectory optimization.
[INFO] [1783871187.495186578, 55.892000000]: GOAL Reached!
[INFO] [1783871187.639536804, 56.036000000]: Footprint model 'polygon' loaded for trajectory optimization.
[INFO] [1783871130.767834859]: Finished loading Gazebo ROS API Plugin.
[INFO] [1783871130.768822195]: waitForService: Service [/gazebo/set_physics_properties] has not been advertised, waiting...
[INFO] [1783871131.220398367, 0.010000000]: waitForService: Service [/gazebo/set_physics_properties] is now available.
[INFO] [1783871131.448863389, 0.182000000]: <initialOrientationAsReference> is unset, using default value of false to comply with REP 145 (world as orientation reference)
[INFO] [1783871131.448900296, 0.182000000]: <robotNamespace> set to: //
[INFO] [1783871131.448907930, 0.182000000]: <topicName> set to: imu/data
[INFO] [1783871131.448913545, 0.182000000]: <frameName> set to: imu_link
[INFO] [1783871131.448931770, 0.182000000]: <updateRateHZ> set to: 50
[INFO] [1783871131.448940654, 0.182000000]: <gaussianNoise> set to: 0
[INFO] [1783871131.448958579, 0.182000000]: <xyzOffset> set to: 0 0 0
[INFO] [1783871131.448973727, 0.182000000]: <rpyOffset> set to: 0 -0 0
[INFO] [1783871131.563803991, 0.182000000]: Physics dynamic reconfigure ready.
[INFO] [1783871131.565196260, 0.182000000]: Laser Plugin: Using the 'robotNamespace' param: '/'
[INFO] [1783871131.565217761, 0.182000000]: Starting Laser Plugin (ns = /)
[INFO] [1783871131.565892988, 0.182000000]: Laser Plugin (ns = /)  <tf_prefix_>, set to ""
[INFO] [1783871131.682710008, 0.182000000]: M2 simulation-only Ackermann interface loaded; cmd_angle_instead_rotvel=false
[WARN] [1783871188.314470, 56.114000]: training environment stop requested: adapter_close
Traceback (most recent call last):
  File "/home/robot/robot_ws_base_rl/src/tools/thesis_experiment/src/thesis_experiment/t11_training.py", line 452, in run
    return self._ablation(raw_vec, recorded, recorder)
  File "/home/robot/robot_ws_base_rl/src/tools/thesis_experiment/src/thesis_experiment/t11_training.py", line 527, in _ablation
    returns = self._evaluate(model, vec, recorded, scenarios, "test")
  File "/home/robot/robot_ws_base_rl/src/tools/thesis_experiment/src/thesis_experiment/t11_training.py", line 434, in _evaluate
    observation, rewards, dones, _ = vec.step(action)
  File "/home/robot/robot_ws_base_rl/.venv/lib/python3.8/site-packages/stable_baselines3/common/vec_env/base_vec_env.py", line 206, in step
    return self.step_wait()
  File "/home/robot/robot_ws_base_rl/.venv/lib/python3.8/site-packages/stable_baselines3/common/vec_env/vec_normalize.py", line 181, in step_wait
    obs, rewards, dones, infos = self.venv.step_wait()
  File "/home/robot/robot_ws_base_rl/.venv/lib/python3.8/site-packages/stable_baselines3/common/vec_env/dummy_vec_env.py", line 70, in step_wait
    obs, self.reset_infos[env_idx] = self.envs[env_idx].reset()
  File "/home/robot/robot_ws_base_rl/src/tools/thesis_experiment/src/thesis_experiment/t11_training.py", line 250, in reset
    observation, info = self.env.reset(**kwargs)
  File "/home/robot/robot_ws_base_rl/src/application/teb_rl_tuner/src/teb_rl_tuner/sac_environment.py", line 89, in reset
    observation, info = self.core.reset(seed=seed)
  File "/home/robot/robot_ws_base_rl/src/application/teb_rl_tuner/src/teb_rl_tuner/training_environment.py", line 219, in reset
    self.adapter.reset(seed)
  File "/home/robot/robot_ws_base_rl/src/tools/thesis_experiment/src/thesis_experiment/gazebo_training_adapter.py", line 221, in reset
    rospy.sleep(0.05)
  File "/opt/ros/noetic/lib/python3/dist-packages/rospy/timer.py", line 165, in sleep
    raise rospy.exceptions.ROSInterruptException("ROS shutdown request")
rospy.exceptions.ROSInterruptException: ROS shutdown request

During handling of the above exception, another exception occurred:

Traceback (most recent call last):
  File "/home/robot/robot_ws_base_rl/src/tools/thesis_experiment/src/thesis_experiment/gazebo_training_adapter.py", line 547, in close
    self.parameter_client.restore()
  File "/home/robot/robot_ws_base_rl/src/application/teb_rl_tuner/src/teb_rl_tuner/teb_parameter_client.py", line 303, in restore
    return self._restore_snapshot()
  File "/home/robot/robot_ws_base_rl/src/application/teb_rl_tuner/src/teb_rl_tuner/teb_parameter_client.py", line 273, in _restore_snapshot
    ack_raw = self._backend.update_configuration(self._snapshot, self._timeout_s)
  File "/home/robot/robot_ws_base_rl/src/application/teb_rl_tuner/src/teb_rl_tuner/teb_parameter_client.py", line 390, in update_configuration
    return _daemon_call(lambda: self._client.update_configuration(dict(values)), timeout_s)
  File "/home/robot/robot_ws_base_rl/src/application/teb_rl_tuner/src/teb_rl_tuner/teb_parameter_client.py", line 352, in _daemon_call
    raise TebParameterError("dynamic_reconfigure service call failed: {}".format(value))
teb_rl_tuner.teb_parameter_client.TebParameterError: dynamic_reconfigure service call failed: service call failed

During handling of the above exception, another exception occurred:

Traceback (most recent call last):
  File "/home/robot/robot_ws_base_rl/devel/lib/thesis_experiment/t11_formal_run.py", line 15, in <module>
    exec(compile(fh.read(), python_script, 'exec'), context)
  File "/home/robot/robot_ws_base_rl/src/tools/thesis_experiment/scripts/t11_formal_run.py", line 20, in <module>
    sys.exit(main())
  File "/home/robot/robot_ws_base_rl/src/tools/thesis_experiment/scripts/t11_formal_run.py", line 14, in main
    report = T11FormalRunner().run()
  File "/home/robot/robot_ws_base_rl/src/tools/thesis_experiment/src/thesis_experiment/t11_training.py", line 455, in run
    self.adapter.close()
  File "/home/robot/robot_ws_base_rl/src/tools/thesis_experiment/src/thesis_experiment/gazebo_training_adapter.py", line 549, in close
    self.parameter_client.close()
  File "/home/robot/robot_ws_base_rl/src/application/teb_rl_tuner/src/teb_rl_tuner/teb_parameter_client.py", line 318, in close
    self._restore_snapshot(operation="close_restore")
  File "/home/robot/robot_ws_base_rl/src/application/teb_rl_tuner/src/teb_rl_tuner/teb_parameter_client.py", line 273, in _restore_snapshot
    ack_raw = self._backend.update_configuration(self._snapshot, self._timeout_s)
  File "/home/robot/robot_ws_base_rl/src/application/teb_rl_tuner/src/teb_rl_tuner/teb_parameter_client.py", line 390, in update_configuration
    return _daemon_call(lambda: self._client.update_configuration(dict(values)), timeout_s)
  File "/home/robot/robot_ws_base_rl/src/application/teb_rl_tuner/src/teb_rl_tuner/teb_parameter_client.py", line 352, in _daemon_call
    raise TebParameterError("dynamic_reconfigure service call failed: {}".format(value))
teb_rl_tuner.teb_parameter_client.TebParameterError: dynamic_reconfigure service call failed: service call failed
... logging to /home/robot/.ros/log/b593c7b6-7e08-11f1-91bc-3382cc4c3ed1/roslaunch-WP-297371.log
Checking log directory for disk usage. This may take a while.
Press Ctrl-C to interrupt
]2;/home/robot/robot_ws_base_rl/src/tools/thesis_experiment/launch/t11_formal_run.launch
[1mstarted roslaunch server http://WP:39791/[0m

SUMMARY
========

PARAMETERS
 * /gazebo/enable_ros_network: True
 * /m2_gazebo/simulation_only: True
 * /m2_robot_state_publisher/publish_frequency: 30.0
 * /move_base/TebLocalPlannerROS/acc_lim_theta: 0.8
 * /move_base/TebLocalPlannerROS/acc_lim_x: 0.8
 * /move_base/TebLocalPlannerROS/allow_init_with_backwards_motion: True
 * /move_base/TebLocalPlannerROS/cmd_angle_instead_rotvel: False
 * /move_base/TebLocalPlannerROS/costmap_obstacles_behind_robot_dist: 1.5
 * /move_base/TebLocalPlannerROS/dt_hysteresis: 0.1
 * /move_base/TebLocalPlannerROS/dt_ref: 0.3
 * /move_base/TebLocalPlannerROS/enable_homotopy_class_planning: False
 * /move_base/TebLocalPlannerROS/enable_multithreading: True
 * /move_base/TebLocalPlannerROS/feasibility_check_no_poses: 5
 * /move_base/TebLocalPlannerROS/footprint_model/type: polygon
 * /move_base/TebLocalPlannerROS/footprint_model/vertices: [[0.52, 0.35], [0...
 * /move_base/TebLocalPlannerROS/global_plan_overwrite_orientation: True
 * /move_base/TebLocalPlannerROS/include_costmap_obstacles: True
 * /move_base/TebLocalPlannerROS/inflation_dist: 0.55
 * /move_base/TebLocalPlannerROS/map_frame: odom
 * /move_base/TebLocalPlannerROS/max_global_plan_lookahead_dist: 8.0
 * /move_base/TebLocalPlannerROS/max_number_classes: 4
 * /move_base/TebLocalPlannerROS/max_samples: 500
 * /move_base/TebLocalPlannerROS/max_vel_theta: 1.0
 * /move_base/TebLocalPlannerROS/max_vel_x: 1.2
 * /move_base/TebLocalPlannerROS/max_vel_x_backwards: 0.6
 * /move_base/TebLocalPlannerROS/max_vel_y: 0.0
 * /move_base/TebLocalPlannerROS/min_obstacle_dist: 0.25
 * /move_base/TebLocalPlannerROS/min_turning_radius: 1.2
 * /move_base/TebLocalPlannerROS/obstacle_poses_affected: 15
 * /move_base/TebLocalPlannerROS/odom_topic: /odom
 * /move_base/TebLocalPlannerROS/teb_autosize: True
 * /move_base/TebLocalPlannerROS/weight_acc_lim_theta: 1.0
 * /move_base/TebLocalPlannerROS/weight_acc_lim_x: 1.0
 * /move_base/TebLocalPlannerROS/weight_adapt_factor: 2.0
 * /move_base/TebLocalPlannerROS/weight_inflation: 0.1
 * /move_base/TebLocalPlannerROS/weight_kinematics_forward_drive: 10.0
 * /move_base/TebLocalPlannerROS/weight_kinematics_nh: 1000.0
 * /move_base/TebLocalPlannerROS/weight_kinematics_turning_radius: 10.0
 * /move_base/TebLocalPlannerROS/weight_max_vel_theta: 1.0
 * /move_base/TebLocalPlannerROS/weight_max_vel_x: 2.0
 * /move_base/TebLocalPlannerROS/weight_obstacle: 50.0
 * /move_base/TebLocalPlannerROS/weight_optimaltime: 1.0
 * /move_base/TebLocalPlannerROS/weight_viapoint: 1.0
 * /move_base/TebLocalPlannerROS/wheelbase: 0.65
 * /move_base/base_global_planner: navfn/NavfnROS
 * /move_base/base_local_planner: teb_local_planner...
 * /move_base/clearing_rotation_allowed: False
 * /move_base/controller_frequency: 10.0
 * /move_base/controller_patience: 5.0
 * /move_base/global_costmap/footprint: [[0.52, 0.35], [0...
 * /move_base/global_costmap/footprint_padding: 0.05
 * /move_base/global_costmap/global_frame: odom
 * /move_base/global_costmap/height: 30.0
 * /move_base/global_costmap/inflation_layer/cost_scaling_factor: 4.0
 * /move_base/global_costmap/inflation_layer/enabled: True
 * /move_base/global_costmap/inflation_layer/inflation_radius: 0.55
 * /move_base/global_costmap/obstacle_layer/enabled: True
 * /move_base/global_costmap/obstacle_layer/observation_sources: scan
 * /move_base/global_costmap/obstacle_layer/scan/clearing: True
 * /move_base/global_costmap/obstacle_layer/scan/data_type: LaserScan
 * /move_base/global_costmap/obstacle_layer/scan/inf_is_valid: True
 * /move_base/global_costmap/obstacle_layer/scan/marking: True
 * /move_base/global_costmap/obstacle_layer/scan/obstacle_range: 12.0
 * /move_base/global_costmap/obstacle_layer/scan/raytrace_range: 15.0
 * /move_base/global_costmap/obstacle_layer/scan/sensor_frame: laser_link
 * /move_base/global_costmap/obstacle_layer/scan/topic: /scan
 * /move_base/global_costmap/plugins: [{'name': 'obstac...
 * /move_base/global_costmap/publish_frequency: 2.0
 * /move_base/global_costmap/resolution: 0.05
 * /move_base/global_costmap/robot_base_frame: base_link
 * /move_base/global_costmap/rolling_window: True
 * /move_base/global_costmap/transform_tolerance: 0.3
 * /move_base/global_costmap/update_frequency: 5.0
 * /move_base/global_costmap/width: 30.0
 * /move_base/local_costmap/footprint: [[0.52, 0.35], [0...
 * /move_base/local_costmap/footprint_padding: 0.05
 * /move_base/local_costmap/global_frame: odom
 * /move_base/local_costmap/height: 12.0
 * /move_base/local_costmap/inflation_layer/cost_scaling_factor: 4.0
 * /move_base/local_costmap/inflation_layer/enabled: True
 * /move_base/local_costmap/inflation_layer/inflation_radius: 0.55
 * /move_base/local_costmap/obstacle_layer/enabled: True
 * /move_base/local_costmap/obstacle_layer/observation_sources: scan
 * /move_base/local_costmap/obstacle_layer/scan/clearing: True
 * /move_base/local_costmap/obstacle_layer/scan/data_type: LaserScan
 * /move_base/local_costmap/obstacle_layer/scan/inf_is_valid: True
 * /move_base/local_costmap/obstacle_layer/scan/marking: True
 * /move_base/local_costmap/obstacle_layer/scan/obstacle_range: 12.0
 * /move_base/local_costmap/obstacle_layer/scan/raytrace_range: 15.0
 * /move_base/local_costmap/obstacle_layer/scan/sensor_frame: laser_link
 * /move_base/local_costmap/obstacle_layer/scan/topic: /scan
 * /move_base/local_costmap/plugins: [{'name': 'obstac...
 * /move_base/local_costmap/publish_frequency: 5.0
 * /move_base/local_costmap/resolution: 0.05
 * /move_base/local_costmap/robot_base_frame: base_link
 * /move_base/local_costmap/rolling_window: True
 * /move_base/local_costmap/transform_tolerance: 0.3
 * /move_base/local_costmap/update_frequency: 10.0
 * /move_base/local_costmap/width: 12.0
 * /move_base/oscillation_distance: 0.2
 * /move_base/oscillation_timeout: 10.0
 * /move_base/planner_frequency: 1.0
 * /move_base/planner_patience: 5.0
 * /move_base/recovery_behavior_enabled: False
 * /move_base/shutdown_costmaps: False
 * /robot_description: <?xml version="1....
 * /rosdistro: noetic
 * /rosversion: 1.17.4
 * /t11_formal_run/acceptance_eval_seed_limit: 0
 * /t11_formal_run/acceptance_timesteps: 0
 * /t11_formal_run/algorithm: RL-TEB-Semantic-Eta
 * /t11_formal_run/checkpoint: /home/robot/robot...
 * /t11_formal_run/config: /home/robot/robot...
 * /t11_formal_run/output_dir: /home/robot/robot...
 * /t11_formal_run/phase: ablation
 * /t11_formal_run/run_id: t11_semantic_eta_...
 * /t11_formal_run/safety_mode: NoSafety
 * /t11_formal_run/training_seed: 104
 * /use_sim_time: True

NODES
  /
    gazebo (gazebo_ros/gzserver)
    m2_robot_state_publisher (robot_state_publisher/robot_state_publisher)
    move_base (move_base/move_base)
    spawn_m2 (gazebo_ros/spawn_model)
    t11_formal_run (thesis_experiment/t11_formal_run.py)

auto-starting new master
[1mprocess[master]: started with pid [297427][0m
[1mROS_MASTER_URI=http://localhost:11311[0m
]2;/home/robot/robot_ws_base_rl/src/tools/thesis_experiment/launch/t11_formal_run.launch http://localhost:11311
[1msetting /run_id to b593c7b6-7e08-11f1-91bc-3382cc4c3ed1[0m
[1mprocess[rosout-1]: started with pid [297460][0m
started core service [/rosout]
[1mprocess[gazebo-2]: started with pid [297467][0m
[1mprocess[spawn_m2-3]: started with pid [297470][0m
[1mprocess[m2_robot_state_publisher-4]: started with pid [297473][0m
[1mprocess[move_base-5]: started with pid [297474][0m
[1mprocess[t11_formal_run-6]: started with pid [297475][0m
[1m[spawn_m2-3] process has finished cleanly
log file: /home/robot/.ros/log/b593c7b6-7e08-11f1-91bc-3382cc4c3ed1/spawn_m2-3*.log[0m
[t11_formal_run-6] killing on exit
[move_base-5] killing on exit
[m2_robot_state_publisher-4] killing on exit
[gazebo-2] killing on exit
[rosout-1] killing on exit
[master] killing on exit
shutting down processing monitor...
[31mWARNING: disk usage in log directory [/home/robot/.ros/log] is over 1GB.
It's recommended that you use the 'rosclean' command.[0m
WARNING: Package name "gazebo_ros_2Dmap_plugin" does not follow the naming conventions. It should start with a lower case letter and only contain lower case letters, digits, underscores, and dashes.
WARNING: Package name "gazebo_ros_2Dmap_plugin" does not follow the naming conventions. It should start with a lower case letter and only contain lower case letters, digits, underscores, and dashes.
... shutting down processing monitor complete
[1mdone[0m
