schema_version: '2.0'
architecture_generation: v2
evaluator_id: fam_teb_v2_02_evaluator_1
formal_result: false
runtime_ready: false
scene_id: v2-04e4-dynamic-s4732
family: DYNAMIC
split: calibration
seed: 4732
instance_sha256: 445394cee0d7b4d996429c95e38a93acb90fc8963e90960eb1563c63022e1b9c
raw_trace_sha256: 89fbf9545df0472662a43406634411f43a57e279c1d8b7722dc2688da0a70a81
termination: SUCCESS
metrics:
  common:
    success: true
    collision: false
    navigation_time_s: 20.1
    path_length_m: 18.104732801942323
    mean_abs_speed_mps: 0.9005831889296704
    minimum_clearance_m: 1.7527030537318062
    stop_count: 1
    reverse_distance_m: 0.0
  family:
    minimum_predicted_ttc_s: null
    stop_count: 1
    interaction_clearance_m: 1.7527030537318062
stage: V2-04E4
method: rule_multi_anchor
episode_timeout_s: 80.0
tracker_message_count: 299
tracker_health_valid_fraction: 1.0
finite_ttc_sample_count: 0
ttc_status: NO_CONFLICT_IN_HORIZON
context_message_count: 101
context_valid_count: 99
context_geometry_sequence:
- BALANCED
- CRUISE
- BALANCED
- CRUISE
context_geometry_switch_count: 3
transaction_message_count: 101
transaction_valid_count: 99
transaction_activated_count: 99
transaction_fault_count: 2
transaction_backends:
- simulation_teb_dynamic_reconfigure
active_anchor_sequence:
- anchor_balanced
- anchor_cruise
- anchor_balanced
- anchor_cruise
active_anchor_switch_count: 3
typed_transaction_expected: true
typed_transaction_valid: true
training_used: false
runtime_policy_manifest_access: false
runtime_scene_labels_available: false
experiment_manager_validation_manifest_access: false
runner_fault_reason: ''
supervisor_profile_id: pocket_g_exit10
context_geometry_sample_counts:
  BALANCED: 55
  CRUISE: 44
  STATIC_DENSE: 0
  CORRIDOR: 0
  MANEUVER: 0
context_geometry_sample_fractions:
  BALANCED: 0.5555555555555556
  CRUISE: 0.4444444444444444
  STATIC_DENSE: 0.0
  CORRIDOR: 0.0
  MANEUVER: 0.0
context_overlay_sample_counts:
  NONE: 99
  CROSSING: 0
  HEAD_ON: 0
  FOLLOW: 0
  OVERTAKE_OR_YIELD: 0
context_overlay_sample_fractions:
  NONE: 1.0
  CROSSING: 0.0
  HEAD_ON: 0.0
  FOLLOW: 0.0
  OVERTAKE_OR_YIELD: 0.0
experiment_manager_calibration_manifest_access: true
mode_measurement_window: post_readiness_goal_execution_only

