schema_version: '2.0'
architecture_generation: v2
evaluator_id: fam_teb_v2_02_evaluator_1
formal_result: false
runtime_ready: false
scene_id: v2-04g-static-s4908
family: STATIC_DENSE
split: calibration
seed: 4908
instance_sha256: c4a11dadec0c0a337d8cd7d935e2a6ab953ceaa6db5d9fbc97f2837bf44a1e55
raw_trace_sha256: da006a55e6a378ad14440b271b3ce0c54c11db45939b0acaf45f03ede5cad319
termination: SUCCESS
metrics:
  common:
    success: true
    collision: false
    navigation_time_s: 30.0
    path_length_m: 14.281152687564667
    mean_abs_speed_mps: 0.4759766923899615
    minimum_clearance_m: 0.48399317520792934
    stop_count: 1
    reverse_distance_m: 0.0
  family:
    topology_switch_count: 3
    global_replan_count: 60
    recovery_count: 0
stage: V2-04G
method: rule_multi_anchor
episode_timeout_s: 50.0
tracker_message_count: 445
tracker_health_valid_fraction: 1.0
finite_ttc_sample_count: 75
ttc_status: OBSERVED_CONFLICT
context_message_count: 150
context_valid_count: 149
context_geometry_sequence:
- BALANCED
- STATIC_DENSE
- BALANCED
- STATIC_DENSE
context_geometry_switch_count: 3
transaction_message_count: 151
transaction_valid_count: 150
transaction_activated_count: 150
transaction_fault_count: 1
transaction_backends:
- simulation_teb_dynamic_reconfigure
active_anchor_sequence:
- anchor_balanced
- anchor_static_dense
- anchor_balanced
- anchor_static_dense
active_anchor_switch_count: 3
typed_transaction_expected: true
typed_transaction_valid: true
training_used: false
runtime_policy_manifest_access: false
runtime_scene_labels_available: false
experiment_manager_validation_manifest_access: false
runner_fault_reason: ''
supervisor_profile_id: g0_frozen_control
context_geometry_sample_counts:
  BALANCED: 33
  CRUISE: 0
  STATIC_DENSE: 116
  CORRIDOR: 0
  MANEUVER: 0
context_geometry_sample_fractions:
  BALANCED: 0.2214765100671141
  CRUISE: 0.0
  STATIC_DENSE: 0.7785234899328859
  CORRIDOR: 0.0
  MANEUVER: 0.0
context_overlay_sample_counts:
  NONE: 85
  CROSSING: 0
  HEAD_ON: 0
  FOLLOW: 0
  OVERTAKE_OR_YIELD: 64
context_overlay_sample_fractions:
  NONE: 0.5704697986577181
  CROSSING: 0.0
  HEAD_ON: 0.0
  FOLLOW: 0.0
  OVERTAKE_OR_YIELD: 0.42953020134228187
experiment_manager_calibration_manifest_access: true
mode_measurement_window: post_readiness_goal_execution_only
clearance_audit:
  schema_version: '2.0'
  stage: V2-04G
  evaluator_only_gazebo_truth_used: true
  runtime_policy_received_truth: false
  minimum_signed_scan_clearance_m: 0.48399317520792934
  minimum_truth_box_clearance_m: 0.4886328070308271
  classification: CLEARANCE_POSITIVE
  minimum_scan_detail:
    stamp_s: 8.592
    robot_x_m: 2.3782464710099473
    robot_y_m: 0.3156385366955904
    signed_scan_clearance_m: 0.48399317520792934
    clipped_scan_clearance_m: 0.48399317520792934
    raw_range_m: 0.8426900506019592
    ray_index: 205
    ray_angle_rad: -1.3501410922035575
    footprint_boundary_range_m: 0.3586968753940299
  minimum_truth_detail:
    stamp_s: 7.892
    clearance_m: 0.4886328070308271
    closest_model: pillar-1
    model_x_m: 3.114737122
    model_y_m: -0.72943222
  contact_count: 0
mechanism_message_count: 0
mechanism_topology_locked_sample_count: 0
mechanism_corridor_centerline_sample_count: 0
mechanism_maneuver_reverse_sample_count: 0
mechanism_topology_switch_count: 0

