schema_version: '2.0'
architecture_generation: v2
evaluator_id: fam_teb_v2_02_evaluator_1
formal_result: false
runtime_ready: false
scene_id: v2-04g-dynamic-clear-s4906
family: DYNAMIC
split: calibration
seed: 4906
instance_sha256: acb71048a1f12746ed945ec86c2041f16f562d3463fc6b6e44378d6188fc4e8a
raw_trace_sha256: 19aa40c346e2a87344cd2890edcae2edb64b28787df507ae235dde3241f4a2a7
termination: SUCCESS
metrics:
  common:
    success: true
    collision: false
    navigation_time_s: 17.6
    path_length_m: 18.150787972187505
    mean_abs_speed_mps: 1.0312708486385818
    minimum_clearance_m: 2.7778678590776043
    stop_count: 1
    reverse_distance_m: 0.0
  family:
    minimum_predicted_ttc_s: null
    stop_count: 1
    interaction_clearance_m: 2.7778678590776043
stage: V2-04G
method: fixed_teb
episode_timeout_s: 80.0
tracker_message_count: 263
tracker_health_valid_fraction: 1.0
finite_ttc_sample_count: 0
ttc_status: NO_CONFLICT_IN_HORIZON
context_message_count: 0
context_valid_count: 0
context_geometry_sequence: []
context_geometry_switch_count: 0
transaction_message_count: 0
transaction_valid_count: 0
transaction_activated_count: 0
transaction_fault_count: 0
transaction_backends: []
active_anchor_sequence:
- fixed_teb
active_anchor_switch_count: 0
typed_transaction_expected: false
typed_transaction_valid: true
training_used: false
runtime_policy_manifest_access: false
runtime_scene_labels_available: false
experiment_manager_validation_manifest_access: false
runner_fault_reason: ''
supervisor_profile_id: fixed_reference
context_geometry_sample_counts:
  BALANCED: 0
  CRUISE: 0
  STATIC_DENSE: 0
  CORRIDOR: 0
  MANEUVER: 0
context_geometry_sample_fractions:
  BALANCED: 0.0
  CRUISE: 0.0
  STATIC_DENSE: 0.0
  CORRIDOR: 0.0
  MANEUVER: 0.0
context_overlay_sample_counts:
  NONE: 0
  CROSSING: 0
  HEAD_ON: 0
  FOLLOW: 0
  OVERTAKE_OR_YIELD: 0
context_overlay_sample_fractions:
  NONE: 0.0
  CROSSING: 0.0
  HEAD_ON: 0.0
  FOLLOW: 0.0
  OVERTAKE_OR_YIELD: 0.0
experiment_manager_calibration_manifest_access: true
mode_measurement_window: post_readiness_goal_execution_only
clearance_audit:
  schema_version: '2.0'
  stage: V2-04G
  evaluator_only_gazebo_truth_used: true
  runtime_policy_received_truth: false
  minimum_signed_scan_clearance_m: 2.7778678590776043
  minimum_truth_box_clearance_m: 2.797217308361646
  classification: CLEARANCE_POSITIVE
  minimum_scan_detail:
    stamp_s: 10.038
    robot_x_m: 7.776772999305871
    robot_y_m: 0.0733507494471041
    signed_scan_clearance_m: 2.7778678590776043
    clipped_scan_clearance_m: 2.7778678590776043
    raw_range_m: 3.128009080886841
    ray_index: 536
    ray_angle_rad: 1.5423936769366264
    footprint_boundary_range_m: 0.3501412218092366
  minimum_truth_detail:
    stamp_s: 9.638
    clearance_m: 2.797217308361646
    closest_model: crossing-agent
    model_x_m: 8.0
    model_y_m: 3.5
  contact_count: 0
mechanism_message_count: 0
mechanism_topology_locked_sample_count: 0
mechanism_corridor_centerline_sample_count: 0
mechanism_maneuver_reverse_sample_count: 0
mechanism_topology_switch_count: 0

