schema_version: '2.0'
architecture_generation: v2
evaluator_id: fam_teb_v2_02_evaluator_1
formal_result: false
runtime_ready: false
scene_id: v2-04e-cruise-s4701
family: CRUISE
split: calibration
seed: 4701
instance_sha256: 6d1045fa8f0e36bbb8e76c1e359a649c4b468b7a0323d96ac10bac07e3efe61d
raw_trace_sha256: d71e3229eaa5038f5018b245e6ab802c9ede62509ef66a4bce866b93db2d60ec
termination: SUCCESS
metrics:
  common:
    success: true
    collision: false
    navigation_time_s: 34.2
    path_length_m: 35.105811031454856
    mean_abs_speed_mps: 1.026546818025745
    minimum_clearance_m: 2.6777417852020515
    stop_count: 1
    reverse_distance_m: 0.0
  family:
    lateral_rms_m: 0.011881415055090123
    heading_oscillation_rad: 0.0
    unnecessary_deceleration_count: 1
stage: V2-04E
method: rule_multi_anchor
episode_timeout_s: 55.0
tracker_message_count: 509
tracker_health_valid_fraction: 1.0
finite_ttc_sample_count: 0
ttc_status: NO_CONFLICT_IN_HORIZON
context_message_count: 174
context_valid_count: 174
context_geometry_sequence:
- BALANCED
- CRUISE
- BALANCED
- CRUISE
context_geometry_switch_count: 3
transaction_message_count: 173
transaction_valid_count: 173
transaction_activated_count: 173
transaction_fault_count: 0
transaction_backends:
- simulation_teb_dynamic_reconfigure
active_anchor_sequence:
- anchor_balanced
- anchor_cruise
- anchor_balanced
- anchor_cruise
active_anchor_switch_count: 3
typed_transaction_expected: true
typed_transaction_valid: true
training_used: false
runtime_policy_manifest_access: false
runtime_scene_labels_available: false
experiment_manager_validation_manifest_access: false
runner_fault_reason: ''
supervisor_profile_id: repair_c_cruise_guarded
context_geometry_sample_counts:
  BALANCED: 54
  CRUISE: 120
  STATIC_DENSE: 0
  CORRIDOR: 0
  MANEUVER: 0
context_geometry_sample_fractions:
  BALANCED: 0.3103448275862069
  CRUISE: 0.6896551724137931
  STATIC_DENSE: 0.0
  CORRIDOR: 0.0
  MANEUVER: 0.0
context_overlay_sample_counts:
  NONE: 174
  CROSSING: 0
  HEAD_ON: 0
  FOLLOW: 0
  OVERTAKE_OR_YIELD: 0
context_overlay_sample_fractions:
  NONE: 1.0
  CROSSING: 0.0
  HEAD_ON: 0.0
  FOLLOW: 0.0
  OVERTAKE_OR_YIELD: 0.0
experiment_manager_calibration_manifest_access: true

