WARNING: Package name "gazebo_ros_2Dmap_plugin" does not follow the naming conventions. It should start with a lower case letter and only contain lower case letters, digits, underscores, and dashes.
WARNING: Package name "gazebo_ros_2Dmap_plugin" does not follow the naming conventions. It should start with a lower case letter and only contain lower case letters, digits, underscores, and dashes.
... logging to /home/robot/robot_ws_base_rl/artifacts/v2/integration/v2_04g_r6_i1/r6_i5_execution/attempts/02__r6_semantics_circle_contact__v2-04g-r6-i5-dynamic-conflict-single-s5161/work/ros_logs/8b01452e-84e2-11f1-bd0b-156f9b6ad262/roslaunch-WP-50887.log
Checking log directory for disk usage. This may take a while.
Press Ctrl-C to interrupt
Done checking log file disk usage. Usage is <1GB.
]2;/home/robot/robot_ws_base_rl/src/application/teb_mode_manager/launch/v2_04g_r6_simulation_typed_anchor.launch
[1mstarted roslaunch server http://127.0.0.1:42023/[0m

SUMMARY
========

PARAMETERS
 * /rosdistro: noetic
 * /rosversion: 1.17.4
 * /v2_04g_r6_typed_anchor_transaction/action_trace_topic: /teb_rl_v2/action...
 * /v2_04g_r6_typed_anchor_transaction/allow_simulation_teb_parameter_write: True
 * /v2_04g_r6_typed_anchor_transaction/allow_unfrozen_simulation_candidate: True
 * /v2_04g_r6_typed_anchor_transaction/anchor_bank: /home/robot/robot...
 * /v2_04g_r6_typed_anchor_transaction/arm_execution_service: /teb_mode_manager...
 * /v2_04g_r6_typed_anchor_transaction/attempt_number: 1
 * /v2_04g_r6_typed_anchor_transaction/attempt_profile_id: r6_semantics_circ...
 * /v2_04g_r6_typed_anchor_transaction/attempt_scene_id: v2-04g-r6-i5-dyna...
 * /v2_04g_r6_typed_anchor_transaction/attempt_seed: 5161
 * /v2_04g_r6_typed_anchor_transaction/attempt_stage: V2-04G-R6-I5
 * /v2_04g_r6_typed_anchor_transaction/clock_timeout_s: 10.0
 * /v2_04g_r6_typed_anchor_transaction/context_maximum_age_s: 0.4
 * /v2_04g_r6_typed_anchor_transaction/context_topic: /teb_mode_manager...
 * /v2_04g_r6_typed_anchor_transaction/equality_tolerance: 1e-09
 * /v2_04g_r6_typed_anchor_transaction/force_geometry_balanced: False
 * /v2_04g_r6_typed_anchor_transaction/geometry_topic: /nav_world_model/...
 * /v2_04g_r6_typed_anchor_transaction/join_maximum_arrival_age_s: 1.0
 * /v2_04g_r6_typed_anchor_transaction/join_maximum_entries: 32
 * /v2_04g_r6_typed_anchor_transaction/join_maximum_sequence_delta: 2
 * /v2_04g_r6_typed_anchor_transaction/join_maximum_timestamp_delta_s: 0.45
 * /v2_04g_r6_typed_anchor_transaction/mechanism_config: /home/robot/robot...
 * /v2_04g_r6_typed_anchor_transaction/mechanism_state_topic: /teb_mode_manager...
 * /v2_04g_r6_typed_anchor_transaction/restore_startup_service: /teb_mode_manager...
 * /v2_04g_r6_typed_anchor_transaction/startup_profile_topic: /teb_mode_manager...
 * /v2_04g_r6_typed_anchor_transaction/supervisor_config_sha256: d5e35cfe84082b229...
 * /v2_04g_r6_typed_anchor_transaction/teardown_receipt_topic: /teb_mode_manager...
 * /v2_04g_r6_typed_anchor_transaction/teb_namespace: /move_base/TebLoc...
 * /v2_04g_r6_typed_anchor_transaction/transaction_timeout_s: 2.0

NODES
  /
    v2_04g_r6_typed_anchor_transaction (teb_mode_manager/v2_04g_r6_typed_anchor_transaction_node.py)

[1mROS_MASTER_URI=http://127.0.0.1:11311[0m
]2;/home/robot/robot_ws_base_rl/src/application/teb_mode_manager/launch/v2_04g_r6_simulation_typed_anchor.launch http://127.0.0.1:11311
[1mprocess[v2_04g_r6_typed_anchor_transaction-1]: started with pid [50958][0m
[v2_04g_r6_typed_anchor_transaction-1] killing on exit
shutting down processing monitor...
... shutting down processing monitor complete
[1mdone[0m
