schema_version: '2.0'
architecture_generation: v2
evaluator_id: fam_teb_v2_02_evaluator_1
formal_result: false
runtime_ready: false
scene_id: v2-04g-dynamic-conflict-s4904
family: DYNAMIC
split: calibration
seed: 4904
instance_sha256: 5a0abbb01fcf2159e4ec79034e2a958b9e199063327d854c4afbe827b6a8a168
raw_trace_sha256: 4a66e65af78aacdda53d84c5deec1a39fceed80c862ceff82a6c9e71d3acafda
termination: SUCCESS
metrics:
  common:
    success: true
    collision: false
    navigation_time_s: 17.7
    path_length_m: 18.142114599702968
    mean_abs_speed_mps: 1.0247999006026192
    minimum_clearance_m: 0.0
    stop_count: 1
    reverse_distance_m: 0.0
  family:
    minimum_predicted_ttc_s: 0.0
    stop_count: 1
    interaction_clearance_m: 0.0
stage: V2-04G
method: fixed_teb
episode_timeout_s: 80.0
tracker_message_count: 266
tracker_health_valid_fraction: 1.0
finite_ttc_sample_count: 32
ttc_status: OBSERVED_CONFLICT
context_message_count: 0
context_valid_count: 0
context_geometry_sequence: []
context_geometry_switch_count: 0
transaction_message_count: 0
transaction_valid_count: 0
transaction_activated_count: 0
transaction_fault_count: 0
transaction_backends: []
active_anchor_sequence:
- fixed_teb
active_anchor_switch_count: 0
typed_transaction_expected: false
typed_transaction_valid: true
training_used: false
runtime_policy_manifest_access: false
runtime_scene_labels_available: false
experiment_manager_validation_manifest_access: false
runner_fault_reason: ''
supervisor_profile_id: fixed_reference
context_geometry_sample_counts:
  BALANCED: 0
  CRUISE: 0
  STATIC_DENSE: 0
  CORRIDOR: 0
  MANEUVER: 0
context_geometry_sample_fractions:
  BALANCED: 0.0
  CRUISE: 0.0
  STATIC_DENSE: 0.0
  CORRIDOR: 0.0
  MANEUVER: 0.0
context_overlay_sample_counts:
  NONE: 0
  CROSSING: 0
  HEAD_ON: 0
  FOLLOW: 0
  OVERTAKE_OR_YIELD: 0
context_overlay_sample_fractions:
  NONE: 0.0
  CROSSING: 0.0
  HEAD_ON: 0.0
  FOLLOW: 0.0
  OVERTAKE_OR_YIELD: 0.0
experiment_manager_calibration_manifest_access: true
mode_measurement_window: post_readiness_goal_execution_only
clearance_audit:
  schema_version: '2.0'
  stage: V2-04G
  evaluator_only_gazebo_truth_used: true
  runtime_policy_received_truth: false
  minimum_signed_scan_clearance_m: -0.20320273538248523
  minimum_truth_box_clearance_m: 0.0
  classification: TRUE_GEOMETRIC_INTRUSION
  minimum_scan_detail:
    stamp_s: 10.812
    robot_x_m: 8.728624996480864
    robot_y_m: -0.01963433554839349
    signed_scan_clearance_m: -0.20320273538248523
    clipped_scan_clearance_m: 0.0
    raw_range_m: 0.4207206964492798
    ray_index: 67
    ray_angle_rad: -2.5560921439900994
    footprint_boundary_range_m: 0.623923431831765
  minimum_truth_detail:
    stamp_s: 10.412
    clearance_m: 0.0
    closest_model: crossing-agent
    model_x_m: 8.0
    model_y_m: -0.5757123233749999
  contact_count: 0
mechanism_message_count: 0
mechanism_topology_locked_sample_count: 0
mechanism_corridor_centerline_sample_count: 0
mechanism_maneuver_reverse_sample_count: 0
mechanism_topology_switch_count: 0

