schema_version: '2.0'
architecture_generation: v2
evaluator_id: fam_teb_v2_02_evaluator_1
formal_result: false
runtime_ready: false
scene_id: v2-04e-static-s4703
family: STATIC_DENSE
split: calibration
seed: 4703
instance_sha256: 27057778d1357cb62b23ed4324e4e6356fa38610fafae0e879f08d5806dd89a3
raw_trace_sha256: a1eff02d4c8ce9d32db4a74a05966e1ae58de9767824166053cc69088ae73849
termination: SUCCESS
metrics:
  common:
    success: true
    collision: false
    navigation_time_s: 28.900000000000002
    path_length_m: 14.24023233785124
    mean_abs_speed_mps: 0.49258737929496216
    minimum_clearance_m: 0.49983258851596707
    stop_count: 1
    reverse_distance_m: 0.0
  family:
    topology_switch_count: 5
    global_replan_count: 58
    recovery_count: 0
stage: V2-04E
method: rule_multi_anchor
episode_timeout_s: 50.0
tracker_message_count: 430
tracker_health_valid_fraction: 1.0
finite_ttc_sample_count: 0
ttc_status: NO_CONFLICT_IN_HORIZON
context_message_count: 147
context_valid_count: 145
context_geometry_sequence:
- BALANCED
- STATIC_DENSE
- BALANCED
- STATIC_DENSE
- BALANCED
- STATIC_DENSE
context_geometry_switch_count: 5
transaction_message_count: 146
transaction_valid_count: 144
transaction_activated_count: 144
transaction_fault_count: 2
transaction_backends:
- simulation_teb_dynamic_reconfigure
active_anchor_sequence:
- anchor_balanced
- anchor_static_dense
- anchor_balanced
- anchor_static_dense
- anchor_balanced
- anchor_static_dense
active_anchor_switch_count: 5
typed_transaction_expected: true
typed_transaction_valid: true
training_used: false
runtime_policy_manifest_access: false
runtime_scene_labels_available: false
experiment_manager_validation_manifest_access: false
runner_fault_reason: ''
supervisor_profile_id: repair_d_strong_hysteresis
context_geometry_sample_counts:
  BALANCED: 57
  CRUISE: 0
  STATIC_DENSE: 88
  CORRIDOR: 0
  MANEUVER: 0
context_geometry_sample_fractions:
  BALANCED: 0.3931034482758621
  CRUISE: 0.0
  STATIC_DENSE: 0.6068965517241379
  CORRIDOR: 0.0
  MANEUVER: 0.0
context_overlay_sample_counts:
  NONE: 81
  CROSSING: 0
  HEAD_ON: 0
  FOLLOW: 0
  OVERTAKE_OR_YIELD: 64
context_overlay_sample_fractions:
  NONE: 0.5586206896551724
  CROSSING: 0.0
  HEAD_ON: 0.0
  FOLLOW: 0.0
  OVERTAKE_OR_YIELD: 0.4413793103448276
experiment_manager_calibration_manifest_access: true

