WARNING: Package name "gazebo_ros_2Dmap_plugin" does not follow the naming conventions. It should start with a lower case letter and only contain lower case letters, digits, underscores, and dashes.
xacro: in-order processing became default in ROS Melodic. You can drop the option.
WARNING: Package name "gazebo_ros_2Dmap_plugin" does not follow the naming conventions. It should start with a lower case letter and only contain lower case letters, digits, underscores, and dashes.
WARNING: Package name "gazebo_ros_2Dmap_plugin" does not follow the naming conventions. It should start with a lower case letter and only contain lower case letters, digits, underscores, and dashes.
[INFO] [1783874891.128117, 0.000000]: Loading model XML from ros parameter robot_description
[INFO] [1783874891.131601, 0.000000]: Waiting for service /gazebo/spawn_urdf_model
[INFO] [1783874892.337629, 0.216000]: Calling service /gazebo/spawn_urdf_model
[INFO] [1783874892.669019, 0.374000]: Spawn status: SpawnModel: Successfully spawned entity
[INFO] [1783874893.064087320, 0.656000000]: global_costmap: Using plugin "obstacle_layer"
[INFO] [1783874893.066825824, 0.658000000]:     Subscribed to Topics: scan
[INFO] [1783874893.071918319, 0.662000000]: global_costmap: Using plugin "inflation_layer"
[INFO] [1783874893.084270470, 0.676000000]: local_costmap: Using plugin "obstacle_layer"
[INFO] [1783874893.085143589, 0.676000000]:     Subscribed to Topics: scan
[INFO] [1783874893.089501890, 0.680000000]: local_costmap: Using plugin "inflation_layer"
[INFO] [1783874893.100942937, 0.692000000]: Created local_planner teb_local_planner/TebLocalPlannerROS
[INFO] [1783874893.117587435, 0.710000000]: Footprint model 'polygon' loaded for trajectory optimization.
[INFO] [1783874893.117746817, 0.710000000]: Parallel planning in distinctive topologies disabled.
[INFO] [1783874893.117763496, 0.710000000]: No costmap conversion plugin specified. All occupied costmap cells are treaten as point obstacles.
[INFO] [1783874893.143284401, 0.736000000]: Footprint model 'polygon' loaded for trajectory optimization.
[INFO] [1783874893.300462011, 0.892000000]: Recovery behavior will clear layer 'obstacles'
[INFO] [1783874893.301978821, 0.894000000]: Recovery behavior will clear layer 'obstacles'
[INFO] [1783874893.311406530, 0.904000000]: odom received!
[INFO] [1783874895.006944003, 2.598000000]: Footprint model 'polygon' loaded for trajectory optimization.
[INFO] [1783874895.603354039, 3.194000000]: Footprint model 'polygon' loaded for trajectory optimization.
[INFO] [1783874896.199622103, 3.790000000]: Footprint model 'polygon' loaded for trajectory optimization.
[INFO] [1783874896.803697675, 4.392000000]: Footprint model 'polygon' loaded for trajectory optimization.
[INFO] [1783874898.546095228, 6.134000000]: GOAL Reached!
[INFO] [1783874898.668520403, 6.256000000]: Footprint model 'polygon' loaded for trajectory optimization.
[INFO] [1783874899.509907285, 7.098000000]: Footprint model 'polygon' loaded for trajectory optimization.
[INFO] [1783874900.099224454, 7.688000000]: Footprint model 'polygon' loaded for trajectory optimization.
[INFO] [1783874900.701761409, 8.288000000]: Footprint model 'polygon' loaded for trajectory optimization.
[INFO] [1783874901.268079684, 8.848000000]: Footprint model 'polygon' loaded for trajectory optimization.
[INFO] [1783874901.911696751, 9.488000000]: Footprint model 'polygon' loaded for trajectory optimization.
[INFO] [1783874902.508095276, 10.082000000]: Footprint model 'polygon' loaded for trajectory optimization.
[INFO] [1783874904.056410443, 11.632000000]: GOAL Reached!
[INFO] [1783874904.186123345, 11.760000000]: Footprint model 'polygon' loaded for trajectory optimization.
[INFO] [1783874905.022602437, 12.598000000]: Footprint model 'polygon' loaded for trajectory optimization.
[INFO] [1783874905.622824517, 13.198000000]: Footprint model 'polygon' loaded for trajectory optimization.
[INFO] [1783874906.219070236, 13.794000000]: Footprint model 'polygon' loaded for trajectory optimization.
[INFO] [1783874906.781393582, 14.356000000]: Footprint model 'polygon' loaded for trajectory optimization.
[INFO] [1783874907.421859159, 14.994000000]: Footprint model 'polygon' loaded for trajectory optimization.
[INFO] [1783874907.972645712, 15.546000000]: Footprint model 'polygon' loaded for trajectory optimization.
[INFO] [1783874908.621373079, 16.194000000]: Footprint model 'polygon' loaded for trajectory optimization.
[INFO] [1783874909.222128315, 16.794000000]: Footprint model 'polygon' loaded for trajectory optimization.
[INFO] [1783874909.828655997, 17.400000000]: Footprint model 'polygon' loaded for trajectory optimization.
[INFO] [1783874910.420937350, 17.992000000]: Footprint model 'polygon' loaded for trajectory optimization.
[INFO] [1783874912.068364054, 19.638000000]: GOAL Reached!
[INFO] [1783874912.185346489, 19.754000000]: Footprint model 'polygon' loaded for trajectory optimization.
[INFO] [1783874913.029928696, 20.598000000]: Footprint model 'polygon' loaded for trajectory optimization.
[INFO] [1783874913.621164301, 21.190000000]: Footprint model 'polygon' loaded for trajectory optimization.
[INFO] [1783874914.219549276, 21.788000000]: Footprint model 'polygon' loaded for trajectory optimization.
[INFO] [1783874914.771237913, 22.340000000]: Footprint model 'polygon' loaded for trajectory optimization.
[INFO] [1783874915.371336207, 22.938000000]: Footprint model 'polygon' loaded for trajectory optimization.
[INFO] [1783874916.023355195, 23.590000000]: Footprint model 'polygon' loaded for trajectory optimization.
[INFO] [1783874916.620989195, 24.186000000]: Footprint model 'polygon' loaded for trajectory optimization.
[INFO] [1783874917.222506645, 24.788000000]: Footprint model 'polygon' loaded for trajectory optimization.
[INFO] [1783874917.820602368, 25.386000000]: Footprint model 'polygon' loaded for trajectory optimization.
[INFO] [1783874918.423171739, 25.986000000]: Footprint model 'polygon' loaded for trajectory optimization.
[INFO] [1783874920.166163846, 27.730000000]: GOAL Reached!
[INFO] [1783874920.286905299, 27.850000000]: Footprint model 'polygon' loaded for trajectory optimization.
[INFO] [1783874921.124960022, 28.678000000]: Footprint model 'polygon' loaded for trajectory optimization.
[INFO] [1783874921.678406278, 29.232000000]: Footprint model 'polygon' loaded for trajectory optimization.
[INFO] [1783874922.276326849, 29.830000000]: Footprint model 'polygon' loaded for trajectory optimization.
[INFO] [1783874922.877918476, 30.430000000]: Footprint model 'polygon' loaded for trajectory optimization.
[INFO] [1783874924.672060762, 32.224000000]: GOAL Reached!
[INFO] [1783874924.790258070, 32.342000000]: Footprint model 'polygon' loaded for trajectory optimization.
[INFO] [1783874925.628503375, 33.178000000]: Footprint model 'polygon' loaded for trajectory optimization.
[INFO] [1783874926.229547654, 33.780000000]: Footprint model 'polygon' loaded for trajectory optimization.
[INFO] [1783874926.819974827, 34.372000000]: Footprint model 'polygon' loaded for trajectory optimization.
[INFO] [1783874927.420487574, 34.970000000]: Footprint model 'polygon' loaded for trajectory optimization.
[INFO] [1783874928.023956562, 35.572000000]: Footprint model 'polygon' loaded for trajectory optimization.
[INFO] [1783874928.622509146, 36.170000000]: Footprint model 'polygon' loaded for trajectory optimization.
[INFO] [1783874930.168170891, 37.716000000]: GOAL Reached!
[INFO] [1783874930.295167085, 37.842000000]: Footprint model 'polygon' loaded for trajectory optimization.
[INFO] [1783874931.133721176, 38.680000000]: Footprint model 'polygon' loaded for trajectory optimization.
[INFO] [1783874931.689766051, 39.236000000]: Footprint model 'polygon' loaded for trajectory optimization.
[INFO] [1783874932.336628528, 39.882000000]: Footprint model 'polygon' loaded for trajectory optimization.
[INFO] [1783874932.939685584, 40.484000000]: Footprint model 'polygon' loaded for trajectory optimization.
[INFO] [1783874933.538126638, 41.082000000]: Footprint model 'polygon' loaded for trajectory optimization.
[INFO] [1783874934.090423617, 41.634000000]: Footprint model 'polygon' loaded for trajectory optimization.
[INFO] [1783874934.738357627, 42.282000000]: Footprint model 'polygon' loaded for trajectory optimization.
[INFO] [1783874935.338940034, 42.882000000]: Footprint model 'polygon' loaded for trajectory optimization.
[INFO] [1783874935.939408541, 43.482000000]: Footprint model 'polygon' loaded for trajectory optimization.
[INFO] [1783874936.539440458, 44.082000000]: Footprint model 'polygon' loaded for trajectory optimization.
[INFO] [1783874938.187241458, 45.726000000]: GOAL Reached!
[INFO] [1783874938.345040476, 45.884000000]: Footprint model 'polygon' loaded for trajectory optimization.
[INFO] [1783874939.227939529, 46.764000000]: Footprint model 'polygon' loaded for trajectory optimization.
[INFO] [1783874939.777043866, 47.312000000]: Footprint model 'polygon' loaded for trajectory optimization.
[INFO] [1783874940.424647874, 47.956000000]: Footprint model 'polygon' loaded for trajectory optimization.
[INFO] [1783874940.976343739, 48.510000000]: Footprint model 'polygon' loaded for trajectory optimization.
[INFO] [1783874941.625074370, 49.160000000]: Footprint model 'polygon' loaded for trajectory optimization.
[INFO] [1783874942.219560370, 49.752000000]: Footprint model 'polygon' loaded for trajectory optimization.
[INFO] [1783874942.825067349, 50.354000000]: Footprint model 'polygon' loaded for trajectory optimization.
[INFO] [1783874943.426786962, 50.954000000]: Footprint model 'polygon' loaded for trajectory optimization.
[INFO] [1783874943.975709980, 51.504000000]: Footprint model 'polygon' loaded for trajectory optimization.
[INFO] [1783874944.628969026, 52.156000000]: Footprint model 'polygon' loaded for trajectory optimization.
[INFO] [1783874945.176689010, 52.702000000]: Footprint model 'polygon' loaded for trajectory optimization.
[INFO] [1783874946.866545147, 54.390000000]: GOAL Reached!
[INFO] [1783874946.978967108, 54.502000000]: Footprint model 'polygon' loaded for trajectory optimization.
[INFO] [1783874947.840357356, 55.364000000]: Footprint model 'polygon' loaded for trajectory optimization.
[INFO] [1783874948.453078211, 55.972000000]: Footprint model 'polygon' loaded for trajectory optimization.
[INFO] [1783874949.047688123, 56.568000000]: Footprint model 'polygon' loaded for trajectory optimization.
[INFO] [1783874949.653203842, 57.174000000]: Footprint model 'polygon' loaded for trajectory optimization.
[INFO] [1783874951.391928590, 58.908000000]: GOAL Reached!
[INFO] [1783874951.530708727, 59.046000000]: Footprint model 'polygon' loaded for trajectory optimization.
[INFO] [1783874952.408552891, 59.920000000]: Footprint model 'polygon' loaded for trajectory optimization.
[INFO] [1783874952.948730570, 60.462000000]: Footprint model 'polygon' loaded for trajectory optimization.
[INFO] [1783874953.553899276, 61.064000000]: Footprint model 'polygon' loaded for trajectory optimization.
[INFO] [1783874954.152597038, 61.662000000]: Footprint model 'polygon' loaded for trajectory optimization.
[INFO] [1783874954.749842814, 62.260000000]: Footprint model 'polygon' loaded for trajectory optimization.
[INFO] [1783874955.350493234, 62.858000000]: Footprint model 'polygon' loaded for trajectory optimization.
[INFO] [1783874956.944869730, 64.448000000]: GOAL Reached!
[INFO] [1783874957.074376741, 64.576000000]: Footprint model 'polygon' loaded for trajectory optimization.
[INFO] [1783874957.938854936, 65.442000000]: Footprint model 'polygon' loaded for trajectory optimization.
[INFO] [1783874958.531722394, 66.034000000]: Footprint model 'polygon' loaded for trajectory optimization.
[INFO] [1783874959.083528762, 66.586000000]: Footprint model 'polygon' loaded for trajectory optimization.
[INFO] [1783874959.684025676, 67.186000000]: Footprint model 'polygon' loaded for trajectory optimization.
[INFO] [1783874960.298887325, 67.798000000]: Footprint model 'polygon' loaded for trajectory optimization.
[INFO] [1783874960.887256558, 68.384000000]: Footprint model 'polygon' loaded for trajectory optimization.
[INFO] [1783874961.536479164, 69.034000000]: Footprint model 'polygon' loaded for trajectory optimization.
[INFO] [1783874962.133673398, 69.630000000]: Footprint model 'polygon' loaded for trajectory optimization.
[INFO] [1783874962.736881211, 70.232000000]: Footprint model 'polygon' loaded for trajectory optimization.
[INFO] [1783874963.337518453, 70.832000000]: Footprint model 'polygon' loaded for trajectory optimization.
[INFO] [1783874965.275971971, 72.768000000]: GOAL Reached!
[INFO] [1783874965.392023574, 72.884000000]: Footprint model 'polygon' loaded for trajectory optimization.
[INFO] [1783874966.268783847, 73.760000000]: Footprint model 'polygon' loaded for trajectory optimization.
[INFO] [1783874966.939824477, 74.428000000]: Footprint model 'polygon' loaded for trajectory optimization.
[INFO] [1783874967.492092038, 74.980000000]: Footprint model 'polygon' loaded for trajectory optimization.
[INFO] [1783874968.143531286, 75.634000000]: Footprint model 'polygon' loaded for trajectory optimization.
[INFO] [1783874968.749311789, 76.238000000]: Footprint model 'polygon' loaded for trajectory optimization.
[INFO] [1783874969.301129203, 76.790000000]: Footprint model 'polygon' loaded for trajectory optimization.
[INFO] [1783874969.950495610, 77.434000000]: Footprint model 'polygon' loaded for trajectory optimization.
[INFO] [1783874970.548648516, 78.032000000]: Footprint model 'polygon' loaded for trajectory optimization.
[INFO] [1783874971.107285115, 78.590000000]: Footprint model 'polygon' loaded for trajectory optimization.
[INFO] [1783874973.291748850, 80.770000000]: GOAL Reached!
[INFO] [1783874973.440242870, 80.918000000]: Footprint model 'polygon' loaded for trajectory optimization.
[INFO] [1783874974.306102775, 81.784000000]: Footprint model 'polygon' loaded for trajectory optimization.
[INFO] [1783874974.863922233, 82.340000000]: Footprint model 'polygon' loaded for trajectory optimization.
[INFO] [1783874975.462379040, 82.938000000]: Footprint model 'polygon' loaded for trajectory optimization.
[INFO] [1783874976.058443766, 83.536000000]: Footprint model 'polygon' loaded for trajectory optimization.
[INFO] [1783874977.951416042, 85.424000000]: GOAL Reached!
[INFO] [1783874978.058548589, 85.530000000]: Footprint model 'polygon' loaded for trajectory optimization.
[INFO] [1783874978.905859256, 86.378000000]: Footprint model 'polygon' loaded for trajectory optimization.
[INFO] [1783874979.501430245, 86.972000000]: Footprint model 'polygon' loaded for trajectory optimization.
[INFO] [1783874980.068086912, 87.538000000]: Footprint model 'polygon' loaded for trajectory optimization.
[INFO] [1783874980.664247133, 88.130000000]: Footprint model 'polygon' loaded for trajectory optimization.
[INFO] [1783874981.255721584, 88.724000000]: Footprint model 'polygon' loaded for trajectory optimization.
[INFO] [1783874981.859147288, 89.324000000]: Footprint model 'polygon' loaded for trajectory optimization.
[INFO] [1783874983.447849203, 90.912000000]: GOAL Reached!
[INFO] [1783874983.609008160, 91.072000000]: Footprint model 'polygon' loaded for trajectory optimization.
[INFO] [1783874984.502872619, 91.964000000]: Footprint model 'polygon' loaded for trajectory optimization.
[INFO] [1783874985.088011256, 92.548000000]: Footprint model 'polygon' loaded for trajectory optimization.
[INFO] [1783874985.693543697, 93.152000000]: Footprint model 'polygon' loaded for trajectory optimization.
[INFO] [1783874986.243476395, 93.702000000]: Footprint model 'polygon' loaded for trajectory optimization.
[INFO] [1783874986.844602797, 94.300000000]: Footprint model 'polygon' loaded for trajectory optimization.
[INFO] [1783874987.494377566, 94.952000000]: Footprint model 'polygon' loaded for trajectory optimization.
[INFO] [1783874988.045832529, 95.500000000]: Footprint model 'polygon' loaded for trajectory optimization.
[INFO] [1783874988.687422121, 96.142000000]: Footprint model 'polygon' loaded for trajectory optimization.
[INFO] [1783874989.289121023, 96.742000000]: Footprint model 'polygon' loaded for trajectory optimization.
[INFO] [1783874991.334803497, 98.784000000]: GOAL Reached!
[INFO] [1783874991.478190769, 98.926000000]: Footprint model 'polygon' loaded for trajectory optimization.
[INFO] [1783874992.352928611, 99.802000000]: Footprint model 'polygon' loaded for trajectory optimization.
[INFO] [1783874992.903857052, 100.350000000]: Footprint model 'polygon' loaded for trajectory optimization.
[INFO] [1783874993.506197751, 100.952000000]: Footprint model 'polygon' loaded for trajectory optimization.
[INFO] [1783874994.154813714, 101.600000000]: Footprint model 'polygon' loaded for trajectory optimization.
[INFO] [1783874994.754593687, 102.198000000]: Footprint model 'polygon' loaded for trajectory optimization.
[INFO] [1783874995.352583668, 102.794000000]: Footprint model 'polygon' loaded for trajectory optimization.
[INFO] [1783874995.953423194, 103.396000000]: Footprint model 'polygon' loaded for trajectory optimization.
[INFO] [1783874996.556332852, 103.998000000]: Footprint model 'polygon' loaded for trajectory optimization.
[INFO] [1783874997.153476136, 104.592000000]: Footprint model 'polygon' loaded for trajectory optimization.
[INFO] [1783874997.707109025, 105.146000000]: Footprint model 'polygon' loaded for trajectory optimization.
[INFO] [1783874999.397311341, 106.832000000]: GOAL Reached!
[INFO] [1783874999.545343454, 106.980000000]: Footprint model 'polygon' loaded for trajectory optimization.
[INFO] [1783875000.431273043, 107.864000000]: Footprint model 'polygon' loaded for trajectory optimization.
[INFO] [1783875001.015538976, 108.448000000]: Footprint model 'polygon' loaded for trajectory optimization.
[INFO] [1783875001.619356704, 109.050000000]: Footprint model 'polygon' loaded for trajectory optimization.
[INFO] [1783875002.171449533, 109.602000000]: Footprint model 'polygon' loaded for trajectory optimization.
[INFO] [1783875003.960456360, 111.388000000]: GOAL Reached!
[INFO] [1783875004.123967874, 111.550000000]: Footprint model 'polygon' loaded for trajectory optimization.
[INFO] [1783875004.998756049, 112.424000000]: Footprint model 'polygon' loaded for trajectory optimization.
[INFO] [1783875005.558647961, 112.982000000]: Footprint model 'polygon' loaded for trajectory optimization.
[INFO] [1783875006.202947610, 113.626000000]: Footprint model 'polygon' loaded for trajectory optimization.
[INFO] [1783875006.752342418, 114.176000000]: Footprint model 'polygon' loaded for trajectory optimization.
[INFO] [1783875007.353518904, 114.774000000]: Footprint model 'polygon' loaded for trajectory optimization.
[INFO] [1783875008.002305555, 115.422000000]: Footprint model 'polygon' loaded for trajectory optimization.
[INFO] [1783875009.444338096, 116.862000000]: GOAL Reached!
[INFO] [1783875009.586411197, 117.002000000]: Footprint model 'polygon' loaded for trajectory optimization.
[INFO] [1783875010.446369207, 117.862000000]: Footprint model 'polygon' loaded for trajectory optimization.
[INFO] [1783875011.009801730, 118.424000000]: Footprint model 'polygon' loaded for trajectory optimization.
[INFO] [1783875011.602207160, 119.018000000]: Footprint model 'polygon' loaded for trajectory optimization.
[INFO] [1783875012.248493056, 119.662000000]: Footprint model 'polygon' loaded for trajectory optimization.
[INFO] [1783875012.803944118, 120.216000000]: Footprint model 'polygon' loaded for trajectory optimization.
[INFO] [1783875013.446057434, 120.860000000]: Footprint model 'polygon' loaded for trajectory optimization.
[INFO] [1783875014.047967499, 121.458000000]: Footprint model 'polygon' loaded for trajectory optimization.
[INFO] [1783875014.651900264, 122.060000000]: Footprint model 'polygon' loaded for trajectory optimization.
[INFO] [1783875015.203599104, 122.612000000]: Footprint model 'polygon' loaded for trajectory optimization.
[INFO] [1783875017.193943816, 124.598000000]: GOAL Reached!
[INFO] [1783875017.328632937, 124.732000000]: Footprint model 'polygon' loaded for trajectory optimization.
[INFO] [1783875018.221376071, 125.624000000]: Footprint model 'polygon' loaded for trajectory optimization.
[INFO] [1783875018.865145994, 126.266000000]: Footprint model 'polygon' loaded for trajectory optimization.
[INFO] [1783875019.462562000, 126.864000000]: Footprint model 'polygon' loaded for trajectory optimization.
[INFO] [1783875020.112394217, 127.510000000]: Footprint model 'polygon' loaded for trajectory optimization.
[INFO] [1783875020.665759450, 128.062000000]: Footprint model 'polygon' loaded for trajectory optimization.
[INFO] [1783875021.311120011, 128.710000000]: Footprint model 'polygon' loaded for trajectory optimization.
[INFO] [1783875021.861919613, 129.258000000]: Footprint model 'polygon' loaded for trajectory optimization.
[INFO] [1783875022.464894123, 129.858000000]: Footprint model 'polygon' loaded for trajectory optimization.
[INFO] [1783875023.112676217, 130.506000000]: Footprint model 'polygon' loaded for trajectory optimization.
[INFO] [1783875023.710086276, 131.104000000]: Footprint model 'polygon' loaded for trajectory optimization.
[INFO] [1783875025.355651600, 132.744000000]: GOAL Reached!
[INFO] [1783875025.509416187, 132.898000000]: Footprint model 'polygon' loaded for trajectory optimization.
[INFO] [1783875026.375469922, 133.764000000]: Footprint model 'polygon' loaded for trajectory optimization.
[INFO] [1783875026.919439279, 134.306000000]: Footprint model 'polygon' loaded for trajectory optimization.
[INFO] [1783875027.571517245, 134.956000000]: Footprint model 'polygon' loaded for trajectory optimization.
[INFO] [1783875028.168741357, 135.552000000]: Footprint model 'polygon' loaded for trajectory optimization.
[INFO] [1783875029.909782834, 137.292000000]: GOAL Reached!
[INFO] [1783875030.054304334, 137.436000000]: Footprint model 'polygon' loaded for trajectory optimization.
[INFO] [1783875030.923538485, 138.304000000]: Footprint model 'polygon' loaded for trajectory optimization.
[INFO] [1783875031.486605469, 138.866000000]: Footprint model 'polygon' loaded for trajectory optimization.
[INFO] [1783875032.075451051, 139.454000000]: Footprint model 'polygon' loaded for trajectory optimization.
[INFO] [1783875032.678287515, 140.056000000]: Footprint model 'polygon' loaded for trajectory optimization.
[INFO] [1783875033.324515061, 140.700000000]: Footprint model 'polygon' loaded for trajectory optimization.
[INFO] [1783875033.925216077, 141.300000000]: Footprint model 'polygon' loaded for trajectory optimization.
[INFO] [1783875035.467008235, 142.840000000]: GOAL Reached!
[INFO] [1783875035.610356579, 142.982000000]: Footprint model 'polygon' loaded for trajectory optimization.
[INFO] [1783875036.512770424, 143.884000000]: Footprint model 'polygon' loaded for trajectory optimization.
[INFO] [1783875037.053436795, 144.422000000]: Footprint model 'polygon' loaded for trajectory optimization.
[INFO] [1783875037.699184103, 145.066000000]: Footprint model 'polygon' loaded for trajectory optimization.
[INFO] [1783875038.252620656, 145.620000000]: Footprint model 'polygon' loaded for trajectory optimization.
[INFO] [1783875038.851868876, 146.218000000]: Footprint model 'polygon' loaded for trajectory optimization.
[INFO] [1783875039.501461613, 146.866000000]: Footprint model 'polygon' loaded for trajectory optimization.
[INFO] [1783875040.094232766, 147.460000000]: Footprint model 'polygon' loaded for trajectory optimization.
[INFO] [1783875040.698649985, 148.064000000]: Footprint model 'polygon' loaded for trajectory optimization.
[INFO] [1783875041.254726400, 148.618000000]: Footprint model 'polygon' loaded for trajectory optimization.
[INFO] [1783875041.853683236, 149.214000000]: Footprint model 'polygon' loaded for trajectory optimization.
[INFO] [1783875043.846097331, 151.202000000]: GOAL Reached!
[INFO] [1783875043.987340817, 151.344000000]: Footprint model 'polygon' loaded for trajectory optimization.
[INFO] [1783875044.870151465, 152.224000000]: Footprint model 'polygon' loaded for trajectory optimization.
[INFO] [1783875045.411277209, 152.766000000]: Footprint model 'polygon' loaded for trajectory optimization.
[INFO] [1783875046.016835018, 153.370000000]: Footprint model 'polygon' loaded for trajectory optimization.
[INFO] [1783875046.616031331, 153.968000000]: Footprint model 'polygon' loaded for trajectory optimization.
[INFO] [1783875047.268430881, 154.618000000]: Footprint model 'polygon' loaded for trajectory optimization.
[INFO] [1783875047.859698794, 155.210000000]: Footprint model 'polygon' loaded for trajectory optimization.
[INFO] [1783875048.468131363, 155.816000000]: Footprint model 'polygon' loaded for trajectory optimization.
[INFO] [1783875049.071140709, 156.418000000]: Footprint model 'polygon' loaded for trajectory optimization.
[INFO] [1783875049.618282767, 156.966000000]: Footprint model 'polygon' loaded for trajectory optimization.
[INFO] [1783875051.705830048, 159.050000000]: GOAL Reached!
[INFO] [1783875051.869198005, 159.212000000]: Footprint model 'polygon' loaded for trajectory optimization.
[INFO] [1783875052.739849715, 160.084000000]: Footprint model 'polygon' loaded for trajectory optimization.
[INFO] [1783875053.298569800, 160.638000000]: Footprint model 'polygon' loaded for trajectory optimization.
[INFO] [1783875053.946470047, 161.286000000]: Footprint model 'polygon' loaded for trajectory optimization.
[INFO] [1783875054.547988308, 161.886000000]: Footprint model 'polygon' loaded for trajectory optimization.
[INFO] [1783875056.386679909, 163.724000000]: GOAL Reached!
[INFO] [1783875056.531722530, 163.868000000]: Footprint model 'polygon' loaded for trajectory optimization.
[INFO] [1783875057.407955772, 164.742000000]: Footprint model 'polygon' loaded for trajectory optimization.
[INFO] [1783875058.007001155, 165.340000000]: Footprint model 'polygon' loaded for trajectory optimization.
[INFO] [1783875058.549171238, 165.884000000]: Footprint model 'polygon' loaded for trajectory optimization.
[INFO] [1783875059.158436948, 166.490000000]: Footprint model 'polygon' loaded for trajectory optimization.
[INFO] [1783875059.754642381, 167.084000000]: Footprint model 'polygon' loaded for trajectory optimization.
[INFO] [1783875060.402830207, 167.732000000]: Footprint model 'polygon' loaded for trajectory optimization.
[INFO] [1783875061.845489055, 169.172000000]: GOAL Reached!
[INFO] [1783875062.000659030, 169.326000000]: Footprint model 'polygon' loaded for trajectory optimization.
[INFO] [1783875062.875158553, 170.202000000]: Footprint model 'polygon' loaded for trajectory optimization.
[INFO] [1783875063.428337663, 170.752000000]: Footprint model 'polygon' loaded for trajectory optimization.
[INFO] [1783875064.075660788, 171.398000000]: Footprint model 'polygon' loaded for trajectory optimization.
[INFO] [1783875064.626511844, 171.950000000]: Footprint model 'polygon' loaded for trajectory optimization.
[INFO] [1783875065.275627067, 172.596000000]: Footprint model 'polygon' loaded for trajectory optimization.
[INFO] [1783875065.842419352, 173.162000000]: Footprint model 'polygon' loaded for trajectory optimization.
[INFO] [1783875066.472564177, 173.792000000]: Footprint model 'polygon' loaded for trajectory optimization.
[INFO] [1783875067.074487260, 174.390000000]: Footprint model 'polygon' loaded for trajectory optimization.
[INFO] [1783875067.677199020, 174.994000000]: Footprint model 'polygon' loaded for trajectory optimization.
[INFO] [1783875069.517272255, 176.830000000]: GOAL Reached!
[INFO] [1783875069.682961945, 176.996000000]: Footprint model 'polygon' loaded for trajectory optimization.
[INFO] [1783875070.554035712, 177.866000000]: Footprint model 'polygon' loaded for trajectory optimization.
[INFO] [1783875071.107406945, 178.418000000]: Footprint model 'polygon' loaded for trajectory optimization.
[INFO] [1783875071.712015894, 179.022000000]: Footprint model 'polygon' loaded for trajectory optimization.
[INFO] [1783875072.308861561, 179.622000000]: Footprint model 'polygon' loaded for trajectory optimization.
[INFO] [1783875072.909211860, 180.220000000]: Footprint model 'polygon' loaded for trajectory optimization.
[INFO] [1783875073.557916747, 180.868000000]: Footprint model 'polygon' loaded for trajectory optimization.
[INFO] [1783875074.113167154, 181.420000000]: Footprint model 'polygon' loaded for trajectory optimization.
[INFO] [1783875074.761625930, 182.066000000]: Footprint model 'polygon' loaded for trajectory optimization.
[INFO] [1783875075.361556181, 182.666000000]: Footprint model 'polygon' loaded for trajectory optimization.
[INFO] [1783875077.401670911, 184.702000000]: GOAL Reached!
[INFO] [1783875077.563933299, 184.864000000]: Footprint model 'polygon' loaded for trajectory optimization.
[INFO] [1783875078.443894547, 185.742000000]: Footprint model 'polygon' loaded for trajectory optimization.
[INFO] [1783875078.987657193, 186.284000000]: Footprint model 'polygon' loaded for trajectory optimization.
[INFO] [1783875079.588728963, 186.886000000]: Footprint model 'polygon' loaded for trajectory optimization.
[INFO] [1783875080.187639473, 187.482000000]: Footprint model 'polygon' loaded for trajectory optimization.
[INFO] [1783875081.879375110, 189.172000000]: GOAL Reached!
[INFO] [1783875082.036311030, 189.328000000]: Footprint model 'polygon' loaded for trajectory optimization.
[INFO] [1783875082.913826475, 190.204000000]: Footprint model 'polygon' loaded for trajectory optimization.
[INFO] [1783875083.502311406, 190.790000000]: Footprint model 'polygon' loaded for trajectory optimization.
[INFO] [1783875084.098707844, 191.388000000]: Footprint model 'polygon' loaded for trajectory optimization.
[INFO] [1783875084.656297174, 191.942000000]: Footprint model 'polygon' loaded for trajectory optimization.
[INFO] [1783875085.253693805, 192.540000000]: Footprint model 'polygon' loaded for trajectory optimization.
[INFO] [1783875085.856390944, 193.140000000]: Footprint model 'polygon' loaded for trajectory optimization.
[INFO] [1783875087.345289409, 194.628000000]: GOAL Reached!
[INFO] [1783875087.494366763, 194.776000000]: Footprint model 'polygon' loaded for trajectory optimization.
[INFO] [1783875088.384699273, 195.664000000]: Footprint model 'polygon' loaded for trajectory optimization.
[INFO] [1783875088.928271192, 196.208000000]: Footprint model 'polygon' loaded for trajectory optimization.
[INFO] [1783875089.527425268, 196.806000000]: Footprint model 'polygon' loaded for trajectory optimization.
[INFO] [1783875090.176655038, 197.452000000]: Footprint model 'polygon' loaded for trajectory optimization.
[INFO] [1783875090.777821022, 198.054000000]: Footprint model 'polygon' loaded for trajectory optimization.
[INFO] [1783875091.325322187, 198.604000000]: Footprint model 'polygon' loaded for trajectory optimization.
[INFO] [1783875091.926426074, 199.202000000]: Footprint model 'polygon' loaded for trajectory optimization.
[INFO] [1783875092.528241233, 199.800000000]: Footprint model 'polygon' loaded for trajectory optimization.
[INFO] [1783875093.129031218, 200.402000000]: Footprint model 'polygon' loaded for trajectory optimization.
[INFO] [1783875093.728555640, 201.000000000]: Footprint model 'polygon' loaded for trajectory optimization.
[INFO] [1783875095.419991577, 202.688000000]: GOAL Reached!
[INFO] [1783875095.560290206, 202.830000000]: Footprint model 'polygon' loaded for trajectory optimization.
[INFO] [1783875096.438346173, 203.704000000]: Footprint model 'polygon' loaded for trajectory optimization.
[INFO] [1783875096.994772171, 204.260000000]: Footprint model 'polygon' loaded for trajectory optimization.
[INFO] [1783875097.597624075, 204.862000000]: Footprint model 'polygon' loaded for trajectory optimization.
[INFO] [1783875098.240902561, 205.508000000]: Footprint model 'polygon' loaded for trajectory optimization.
[INFO] [1783875098.842697321, 206.106000000]: Footprint model 'polygon' loaded for trajectory optimization.
[INFO] [1783875099.394366437, 206.656000000]: Footprint model 'polygon' loaded for trajectory optimization.
[INFO] [1783875100.045015295, 207.306000000]: Footprint model 'polygon' loaded for trajectory optimization.
[INFO] [1783875100.646103838, 207.904000000]: Footprint model 'polygon' loaded for trajectory optimization.
[INFO] [1783875101.242821026, 208.500000000]: Footprint model 'polygon' loaded for trajectory optimization.
[INFO] [1783875101.848687431, 209.106000000]: Footprint model 'polygon' loaded for trajectory optimization.
[INFO] [1783875103.484850357, 210.740000000]: GOAL Reached!
[INFO] [1783875103.625054682, 210.880000000]: Footprint model 'polygon' loaded for trajectory optimization.
[INFO] [1783875104.510532673, 211.764000000]: Footprint model 'polygon' loaded for trajectory optimization.
[INFO] [1783875105.102888600, 212.356000000]: Footprint model 'polygon' loaded for trajectory optimization.
[INFO] [1783875105.694421288, 212.946000000]: Footprint model 'polygon' loaded for trajectory optimization.
[INFO] [1783875106.297711066, 213.548000000]: Footprint model 'polygon' loaded for trajectory optimization.
[INFO] [1783875108.140376529, 215.388000000]: GOAL Reached!
[INFO] [1783875108.295413181, 215.544000000]: Footprint model 'polygon' loaded for trajectory optimization.
[INFO] [1783875109.158094778, 216.402000000]: Footprint model 'polygon' loaded for trajectory optimization.
[INFO] [1783875109.703161594, 216.948000000]: Footprint model 'polygon' loaded for trajectory optimization.
[INFO] [1783875110.353972206, 217.598000000]: Footprint model 'polygon' loaded for trajectory optimization.
[INFO] [1783875110.949526758, 218.192000000]: Footprint model 'polygon' loaded for trajectory optimization.
[INFO] [1783875111.504611530, 218.744000000]: Footprint model 'polygon' loaded for trajectory optimization.
[INFO] [1783875112.106529806, 219.346000000]: Footprint model 'polygon' loaded for trajectory optimization.
[INFO] [1783875113.597904250, 220.834000000]: GOAL Reached!
[INFO] [1783875113.751488976, 220.988000000]: Footprint model 'polygon' loaded for trajectory optimization.
[INFO] [1783875114.627534310, 221.864000000]: Footprint model 'polygon' loaded for trajectory optimization.
[INFO] [1783875115.171486942, 222.406000000]: Footprint model 'polygon' loaded for trajectory optimization.
[INFO] [1783875115.822852777, 223.056000000]: Footprint model 'polygon' loaded for trajectory optimization.
[INFO] [1783875116.375282541, 223.606000000]: Footprint model 'polygon' loaded for trajectory optimization.
[INFO] [1783875116.976281543, 224.206000000]: Footprint model 'polygon' loaded for trajectory optimization.
[INFO] [1783875117.576976439, 224.806000000]: Footprint model 'polygon' loaded for trajectory optimization.
[INFO] [1783875118.175112631, 225.404000000]: Footprint model 'polygon' loaded for trajectory optimization.
[INFO] [1783875118.776902035, 226.004000000]: Footprint model 'polygon' loaded for trajectory optimization.
[INFO] [1783875119.424263948, 226.648000000]: Footprint model 'polygon' loaded for trajectory optimization.
[INFO] [1783875120.024293209, 227.248000000]: Footprint model 'polygon' loaded for trajectory optimization.
[INFO] [1783875121.467386327, 228.690000000]: GOAL Reached!
[INFO] [1783875121.609084631, 228.832000000]: Footprint model 'polygon' loaded for trajectory optimization.
[INFO] [1783875122.506756620, 229.728000000]: Footprint model 'polygon' loaded for trajectory optimization.
[INFO] [1783875123.190336312, 230.408000000]: Footprint model 'polygon' loaded for trajectory optimization.
[INFO] [1783875123.790299999, 231.008000000]: Footprint model 'polygon' loaded for trajectory optimization.
[INFO] [1783875124.343849079, 231.562000000]: Footprint model 'polygon' loaded for trajectory optimization.
[INFO] [1783875124.944100410, 232.160000000]: Footprint model 'polygon' loaded for trajectory optimization.
[INFO] [1783875125.547125171, 232.762000000]: Footprint model 'polygon' loaded for trajectory optimization.
[INFO] [1783875126.142778364, 233.358000000]: Footprint model 'polygon' loaded for trajectory optimization.
[INFO] [1783875126.745297352, 233.958000000]: Footprint model 'polygon' loaded for trajectory optimization.
[INFO] [1783875127.395328963, 234.608000000]: Footprint model 'polygon' loaded for trajectory optimization.
[INFO] [1783875129.535273996, 236.744000000]: GOAL Reached!
[INFO] [1783875129.682652547, 236.890000000]: Footprint model 'polygon' loaded for trajectory optimization.
[INFO] [1783875130.555359345, 237.762000000]: Footprint model 'polygon' loaded for trajectory optimization.
[INFO] [1783875131.101515888, 238.306000000]: Footprint model 'polygon' loaded for trajectory optimization.
[INFO] [1783875131.700436902, 238.904000000]: Footprint model 'polygon' loaded for trajectory optimization.
[INFO] [1783875132.301738521, 239.506000000]: Footprint model 'polygon' loaded for trajectory optimization.
[INFO] [1783875133.992829267, 241.192000000]: GOAL Reached!
[INFO] [1783875134.152772582, 241.352000000]: Footprint model 'polygon' loaded for trajectory optimization.
[INFO] [1783875135.003181822, 242.202000000]: Footprint model 'polygon' loaded for trajectory optimization.
[INFO] [1783875135.567539538, 242.764000000]: Footprint model 'polygon' loaded for trajectory optimization.
[INFO] [1783875136.215447914, 243.412000000]: Footprint model 'polygon' loaded for trajectory optimization.
[INFO] [1783875136.766368450, 243.964000000]: Footprint model 'polygon' loaded for trajectory optimization.
[INFO] [1783875137.365070857, 244.560000000]: Footprint model 'polygon' loaded for trajectory optimization.
[INFO] [1783875138.010643628, 245.204000000]: Footprint model 'polygon' loaded for trajectory optimization.
[INFO] [1783875139.453902835, 246.646000000]: GOAL Reached!
[INFO] [1783875139.593976362, 246.786000000]: Footprint model 'polygon' loaded for trajectory optimization.
[INFO] [1783875140.476142388, 247.664000000]: Footprint model 'polygon' loaded for trajectory optimization.
[INFO] [1783875141.017541658, 248.206000000]: Footprint model 'polygon' loaded for trajectory optimization.
[INFO] [1783875141.618102447, 248.804000000]: Footprint model 'polygon' loaded for trajectory optimization.
[INFO] [1783875142.218842657, 249.404000000]: Footprint model 'polygon' loaded for trajectory optimization.
[INFO] [1783875142.813813310, 250.000000000]: Footprint model 'polygon' loaded for trajectory optimization.
[INFO] [1783875143.468816460, 250.652000000]: Footprint model 'polygon' loaded for trajectory optimization.
[INFO] [1783875144.015938734, 251.200000000]: Footprint model 'polygon' loaded for trajectory optimization.
[INFO] [1783875144.621784676, 251.804000000]: Footprint model 'polygon' loaded for trajectory optimization.
[INFO] [1783875145.261371336, 252.444000000]: Footprint model 'polygon' loaded for trajectory optimization.
[INFO] [1783875145.864783723, 253.046000000]: Footprint model 'polygon' loaded for trajectory optimization.
[INFO] [1783875147.708287871, 254.884000000]: GOAL Reached!
[INFO] [1783875147.842944984, 255.018000000]: Footprint model 'polygon' loaded for trajectory optimization.
[INFO] [1783875148.708774436, 255.884000000]: Footprint model 'polygon' loaded for trajectory optimization.
[INFO] [1783875149.268939657, 256.442000000]: Footprint model 'polygon' loaded for trajectory optimization.
[INFO] [1783875149.912069054, 257.084000000]: Footprint model 'polygon' loaded for trajectory optimization.
[INFO] [1783875150.469986418, 257.642000000]: Footprint model 'polygon' loaded for trajectory optimization.
[INFO] [1783875151.070358981, 258.240000000]: Footprint model 'polygon' loaded for trajectory optimization.
[INFO] [1783875151.720358531, 258.888000000]: Footprint model 'polygon' loaded for trajectory optimization.
[INFO] [1783875152.316479398, 259.486000000]: Footprint model 'polygon' loaded for trajectory optimization.
[INFO] [1783875152.869942451, 260.036000000]: Footprint model 'polygon' loaded for trajectory optimization.
[INFO] [1783875153.469436741, 260.636000000]: Footprint model 'polygon' loaded for trajectory optimization.
[INFO] [1783875155.557429875, 262.722000000]: GOAL Reached!
[INFO] [1783875155.704195505, 262.868000000]: Footprint model 'polygon' loaded for trajectory optimization.
[INFO] [1783875156.571306114, 263.738000000]: Footprint model 'polygon' loaded for trajectory optimization.
[INFO] [1783875157.127905076, 264.290000000]: Footprint model 'polygon' loaded for trajectory optimization.
[INFO] [1783875157.770217836, 264.936000000]: Footprint model 'polygon' loaded for trajectory optimization.
[INFO] [1783875158.326087636, 265.488000000]: Footprint model 'polygon' loaded for trajectory optimization.
[INFO] [1783875158.975614447, 266.136000000]: Footprint model 'polygon' loaded for trajectory optimization.
[INFO] [1783875159.571764796, 266.736000000]: Footprint model 'polygon' loaded for trajectory optimization.
[INFO] [1783875160.175343897, 267.336000000]: Footprint model 'polygon' loaded for trajectory optimization.
[INFO] [1783875160.724841217, 267.886000000]: Footprint model 'polygon' loaded for trajectory optimization.
[INFO] [1783875162.620859534, 269.780000000]: GOAL Reached!
[INFO] [1783875162.737637463, 269.896000000]: Footprint model 'polygon' loaded for trajectory optimization.
[INFO] [1783875163.582145938, 270.738000000]: Footprint model 'polygon' loaded for trajectory optimization.
[INFO] [1783875164.132962054, 271.288000000]: Footprint model 'polygon' loaded for trajectory optimization.
[INFO] [1783875164.733676150, 271.888000000]: Footprint model 'polygon' loaded for trajectory optimization.
[INFO] [1783875165.331043236, 272.488000000]: Footprint model 'polygon' loaded for t[WARN] [1783875175.362720992, 282.508000000]: TebLocalPlannerROS: possible oscillation (of the robot or its local plan) detected. Activating recovery strategy (prefer current turning direction during optimization).
rajectory optimization.
[INFO] [1783875165.941993892, 273.100000000]: Footprint model 'polygon' loaded for trajectory optimization.
[INFO] [1783875166.533328487, 273.686000000]: Footprint model 'polygon' loaded for trajectory optimization.
[INFO] [1783875167.183513707, 274.336000000]: Footprint model 'polygon' loaded for trajectory optimization.
[INFO] [1783875167.786728574, 274.940000000]: Footprint model 'polygon' loaded for trajectory optimization.
[INFO] [1783875168.335349703, 275.488000000]: Footprint model 'polygon' loaded for trajectory optimization.
[INFO] [1783875170.331408482, 277.480000000]: GOAL Reached!
[INFO] [1783875170.465164460, 277.614000000]: Footprint model 'polygon' loaded for trajectory optimization.
[INFO] [1783875171.329959502, 278.478000000]: Footprint model 'polygon' loaded for trajectory optimization.
[INFO] [1783875171.933232646, 279.080000000]: Footprint model 'polygon' loaded for trajectory optimization.
[INFO] [1783875172.526724340, 279.672000000]: Footprint model 'polygon' loaded for trajectory optimization.
[INFO] [1783875173.127957020, 280.272000000]: Footprint model 'polygon' loaded for trajectory optimization.
[INFO] [1783875173.680387926, 280.824000000]: Footprint model 'polygon' loaded for trajectory optimization.
[INFO] [1783875174.324719538, 281.470000000]: Footprint model 'polygon' loaded for trajectory optimization.
[INFO] [1783875174.882489775, 282.026000000]: Footprint model 'polygon' loaded for trajectory optimization.
[INFO] [1783875175.527827015, 282.674000000]: Footprint model 'polygon' loaded for trajectory optimization.
[INFO] [1783875176.083894327, 283.226000000]: Footprint model 'polygon' loaded for trajectory optimization.
[INFO] [1783875176.683216494, 283.824000000]: Footprint model 'polygon' loaded for trajectory optimization.
[INFO] [1783875177.290250918, 284.430000000]: Footprint model 'polygon' loaded for trajectory optimization.
[INFO] [1783875177.935105641, 285.076000000]: Footprint model 'polygon' loaded for trajectory optimization.
[INFO] [1783875178.533654043, 285.672000000]: Footprint model 'polygon' loaded for trajectory optimization.
[INFO] [1783875179.136697101, 286.274000000]: Footprint model 'polygon' loaded for trajectory optimization.
[INFO] [1783875179.736770559, 286.874000000]: Footprint model 'polygon' loaded for trajectory optimization.
[INFO] [1783875180.331757135, 287.470000000]: Footprint model 'polygon' loaded for trajectory optimization.
[INFO] [1783875180.883657532, 288.024000000]: Footprint model 'polygon' loaded for trajectory optimization.
[INFO] [1783875181.485610847, 288.624000000]: Footprint model 'polygon' loaded for trajectory optimization.
[INFO] [1783875182.084337121, 289.220000000]: Footprint model 'polygon' loaded for trajectory optimization.
[INFO] [1783875182.732328536, 289.866000000]: Footprint model 'polygon' loaded for trajectory optimization.
[INFO] [1783875183.287743594, 290.420000000]: Footprint model 'polygon' loaded for trajectory optimization.
[INFO] [1783875183.931231444, 291.066000000]: Footprint model 'polygon' loaded for trajectory optimization.
[INFO] [1783875184.484076390, 291.618000000]: Footprint model 'polygon' loaded for trajectory optimization.
[INFO] [1783875185.128593666, 292.264000000]: Footprint model 'polygon' loaded for trajectory optimization.
[INFO] [1783875185.729580792, 292.864000000]: Footprint model 'polygon' loaded for trajectory optimization.
[INFO] [1783875186.330166620, 293.464000000]: Footprint model 'polygon' loaded for trajectory optimization.
[INFO] [1783875186.933115024, 294.064000000]: Footprint model 'polygon' loaded for trajectory optimization.
[INFO] [1783875187.536112086, 294.664000000]: Footprint model 'polygon' loaded for trajectory optimization.
[INFO] [1783875188.140134627, 295.268000000]: Footprint model 'polygon' loaded for trajectory optimization.
[INFO] [1783875190.478956493, 297.608000000]: GOAL Reached!
[INFO] [1783875190.593248391, 297.722000000]: Footprint model 'polygon' loaded for trajectory optimization.
[INFO] [1783875191.431971457, 298.562000000]: Footprint model 'p[WARN] [1783875220.553099837, 327.632000000]: TebLocalPlannerROS: possible oscillation (of the robot or its local plan) detected. Activating recovery strategy (prefer current turning direction during optimization).
olygon' loaded for trajectory optimization.
[INFO] [1783875191.573694085, 298.700000000]: TebLocalPlannerROS: oscillation recovery disabled/expired.
[INFO] [1783875192.031806337, 299.156000000]: Footprint model 'polygon' loaded for trajectory optimization.
[INFO] [1783875192.584730410, 299.708000000]: Footprint model 'polygon' loaded for trajectory optimization.
[INFO] [1783875193.233819193, 300.356000000]: Footprint model 'polygon' loaded for trajectory optimization.
[INFO] [1783875193.783445922, 300.906000000]: Footprint model 'polygon' loaded for trajectory optimization.
[INFO] [1783875194.432210917, 301.554000000]: Footprint model 'polygon' loaded for trajectory optimization.
[INFO] [1783875194.984611046, 302.106000000]: Footprint model 'polygon' loaded for trajectory optimization.
[INFO] [1783875195.588267222, 302.710000000]: Footprint model 'polygon' loaded for trajectory optimization.
[INFO] [1783875197.178576891, 304.300000000]: GOAL Reached!
[INFO] [1783875197.294346836, 304.414000000]: Footprint model 'polygon' loaded for trajectory optimization.
[INFO] [1783875198.140274061, 305.258000000]: Footprint model 'polygon' loaded for trajectory optimization.
[INFO] [1783875198.690987710, 305.808000000]: Footprint model 'polygon' loaded for trajectory optimization.
[INFO] [1783875199.338496787, 306.454000000]: Footprint model 'polygon' loaded for trajectory optimization.
[INFO] [1783875199.894138976, 307.008000000]: Footprint model 'polygon' loaded for trajectory optimization.
[INFO] [1783875200.491446586, 307.606000000]: Footprint model 'polygon' loaded for trajectory optimization.
[INFO] [1783875201.131072413, 308.244000000]: Footprint model 'polygon' loaded for trajectory optimization.
[INFO] [1783875201.739778848, 308.852000000]: Footprint model 'polygon' loaded for trajectory optimization.
[INFO] [1783875202.338906367, 309.454000000]: Footprint model 'polygon' loaded for trajectory optimization.
[INFO] [1783875202.939019287, 310.054000000]: Footprint model 'polygon' loaded for trajectory optimization.
[INFO] [1783875203.496080083, 310.608000000]: Footprint model 'polygon' loaded for trajectory optimization.
[INFO] [1783875205.191255556, 312.298000000]: GOAL Reached!
[INFO] [1783875205.312289513, 312.418000000]: Footprint model 'polygon' loaded for trajectory optimization.
[INFO] [1783875206.196175678, 313.302000000]: Footprint model 'polygon' loaded for trajectory optimization.
[INFO] [1783875206.747439380, 313.852000000]: Footprint model 'polygon' loaded for trajectory optimization.
[INFO] [1783875207.352536263, 314.456000000]: Footprint model 'polygon' loaded for trajectory optimization.
[INFO] [1783875207.952002373, 315.054000000]: Footprint model 'polygon' loaded for trajectory optimization.
[INFO] [1783875208.602425301, 315.702000000]: Footprint model 'polygon' loaded for trajectory optimization.
[INFO] [1783875209.200069811, 316.300000000]: Footprint model 'polygon' loaded for trajectory optimization.
[INFO] [1783875209.750122033, 316.850000000]: Footprint model 'polygon' loaded for trajectory optimization.
[INFO] [1783875210.403665767, 317.502000000]: Footprint model 'polygon' loaded for trajectory optimization.
[INFO] [1783875211.004361879, 318.100000000]: Footprint model 'polygon' loaded for trajectory optimization.
[INFO] [1783875214.618108811, 321.706000000]: Footprint model 'polygon' loaded for trajectory optimization.
[INFO] [1783875215.218717051, 322.308000000]: Footprint model 'polygon' loaded for trajectory optimization.
[INFO] [1783875215.809673486, 322.900000000]: Footprint model 'polygon' loaded for trajectory optimization.
[INFO] [1783875216.423233112, 323.510000000]: Footprint model 'polygon' loaded for trajectory optimization.
[INFO] [1783875216.961024094, 324.046000000]: Footprint model 'polygon' loaded for trajectory optimization.
[INFO] [1783875217.616441454, 324.700000000]: Footprint model 'polygon' loaded for trajectory optimization.
[INFO] [1783875218.219680229, 325.304000000]: Footprint model 'polygon' loaded for trajectory optimization.
[INFO] [1783875221.824675636, 328.902000000]: F[INFO] [1783874891.276837316]: Finished loading Gazebo ROS API Plugin.
[INFO] [1783874891.277742324]: waitForService: Service [/gazebo/set_physics_properties] has not been advertised, waiting...
[INFO] [1783874892.118570847, 0.002000000]: waitForService: Service [/gazebo/set_physics_properties] is now available.
[INFO] [1783874892.150639244, 0.032000000]: Physics dynamic reconfigure ready.
[INFO] [1783874892.554255150, 0.374000000]: <initialOrientationAsReference> is unset, using default value of false to comply with REP 145 (world as orientation reference)
[INFO] [1783874892.554296362, 0.374000000]: <robotNamespace> set to: //
[INFO] [1783874892.554304795, 0.374000000]: <topicName> set to: imu/data
[INFO] [1783874892.554311043, 0.374000000]: <frameName> set to: imu_link
[INFO] [1783874892.554329611, 0.374000000]: <updateRateHZ> set to: 50
[INFO] [1783874892.554337673, 0.374000000]: <gaussianNoise> set to: 0
[INFO] [1783874892.554355877, 0.374000000]: <xyzOffset> set to: 0 0 0
[INFO] [1783874892.554371174, 0.374000000]: <rpyOffset> set to: 0 -0 0
[INFO] [1783874892.672911125, 0.374000000]: Laser Plugin: Using the 'robotNamespace' param: '/'
[INFO] [1783874892.672934433, 0.374000000]: Starting Laser Plugin (ns = /)
[INFO] [1783874892.673781647, 0.374000000]: Laser Plugin (ns = /)  <tf_prefix_>, set to ""
[INFO] [1783874892.780469082, 0.374000000]: M2 simulation-only Ackermann interface loaded; cmd_angle_instead_rotvel=false
ootprint model 'polygon' loaded for trajectory optimization.
[INFO] [1783875222.386529228, 329.462000000]: Footprint model 'polygon' loaded for trajectory optimization.
[INFO] [1783875223.043489068, 330.118000000]: Footprint model 'polygon' loaded for trajectory optimization.
[INFO] [1783875223.692614847, 330.766000000]: Footprint model 'polygon' loaded for trajectory optimization.
[WARN] [1783875224.476381, 330.950000]: training environment stop requested: ROSInterruptException: ROS shutdown request
[WARN] [1783875224.548543, 330.950000]: training environment stop requested: adapter_close
Traceback (most recent call last):
  File "/home/robot/robot_ws_base_rl/src/tools/thesis_experiment/src/thesis_experiment/t11_training.py", line 452, in run
    return self._ablation(raw_vec, recorded, recorder)
  File "/home/robot/robot_ws_base_rl/src/tools/thesis_experiment/src/thesis_experiment/t11_training.py", line 527, in _ablation
    returns = self._evaluate(model, vec, recorded, scenarios, "test")
  File "/home/robot/robot_ws_base_rl/src/tools/thesis_experiment/src/thesis_experiment/t11_training.py", line 434, in _evaluate
    observation, rewards, dones, _ = vec.step(action)
  File "/home/robot/robot_ws_base_rl/.venv/lib/python3.8/site-packages/stable_baselines3/common/vec_env/base_vec_env.py", line 206, in step
    return self.step_wait()
  File "/home/robot/robot_ws_base_rl/.venv/lib/python3.8/site-packages/stable_baselines3/common/vec_env/vec_normalize.py", line 181, in step_wait
    obs, rewards, dones, infos = self.venv.step_wait()
  File "/home/robot/robot_ws_base_rl/.venv/lib/python3.8/site-packages/stable_baselines3/common/vec_env/dummy_vec_env.py", line 70, in step_wait
    obs, self.reset_infos[env_idx] = self.envs[env_idx].reset()
  File "/home/robot/robot_ws_base_rl/src/tools/thesis_experiment/src/thesis_experiment/t11_training.py", line 250, in reset
    observation, info = self.env.reset(**kwargs)
  File "/home/robot/robot_ws_base_rl/src/application/teb_rl_tuner/src/teb_rl_tuner/sac_environment.py", line 89, in reset
    observation, info = self.core.reset(seed=seed)
  File "/home/robot/robot_ws_base_rl/src/application/teb_rl_tuner/src/teb_rl_tuner/training_environment.py", line 218, in reset
    self._restore_snapshot()
  File "/home/robot/robot_ws_base_rl/src/application/teb_rl_tuner/src/teb_rl_tuner/training_environment.py", line 210, in _restore_snapshot
    self.adapter.restore_parameter_snapshot(self._snapshot)
  File "/home/robot/robot_ws_base_rl/src/tools/thesis_experiment/src/thesis_experiment/gazebo_training_adapter.py", line 308, in restore_parameter_snapshot
    self._quiesce_navigation()
  File "/home/robot/robot_ws_base_rl/src/tools/thesis_experiment/src/thesis_experiment/gazebo_training_adapter.py", line 301, in _quiesce_navigation
    rospy.sleep(0.05)
  File "/opt/ros/noetic/lib/python3/dist-packages/rospy/timer.py", line 165, in sleep
    raise rospy.exceptions.ROSInterruptException("ROS shutdown request")
rospy.exceptions.ROSInterruptException: ROS shutdown request

During handling of the above exception, another exception occurred:

Traceback (most recent call last):
  File "/home/robot/robot_ws_base_rl/src/tools/thesis_experiment/src/thesis_experiment/gazebo_training_adapter.py", line 547, in close
    self.parameter_client.restore()
  File "/home/robot/robot_ws_base_rl/src/application/teb_rl_tuner/src/teb_rl_tuner/teb_parameter_client.py", line 303, in restore
    return self._restore_snapshot()
  File "/home/robot/robot_ws_base_rl/src/application/teb_rl_tuner/src/teb_rl_tuner/teb_parameter_client.py", line 273, in _restore_snapshot
    ack_raw = self._backend.update_configuration(self._snapshot, self._timeout_s)
  File "/home/robot/robot_ws_base_rl/src/application/teb_rl_tuner/src/teb_rl_tuner/teb_parameter_client.py", line 390, in update_configuration
    return _daemon_call(lambda: self._client.update_configuration(dict(values)), timeout_s)
  File "/home/robot/robot_ws_base_rl/src/application/teb_rl_tuner/src/teb_rl_tuner/teb_parameter_client.py", line 352, in _daemon_call
    raise TebParameterError("dynamic_reconfigure service call failed: {}".format(value))
teb_rl_tuner.teb_parameter_client.TebParameterError: dynamic_reconfigure service call failed: service call failed

During handling of the above exception, another exception occurred:

Traceback (most recent call last):
  File "/home/robot/robot_ws_base_rl/devel/lib/thesis_experiment/t11_formal_run.py", line 15, in <module>
    exec(compile(fh.read(), python_script, 'exec'), context)
  File "/home/robot/robot_ws_base_rl/src/tools/thesis_experiment/scripts/t11_formal_run.py", line 20, in <module>
    sys.exit(main())
  File "/home/robot/robot_ws_base_rl/src/tools/thesis_experiment/scripts/t11_formal_run.py", line 14, in main
    report = T11FormalRunner().run()
  File "/home/robot/robot_ws_base_rl/src/tools/thesis_experiment/src/thesis_experiment/t11_training.py", line 455, in run
    self.adapter.close()
  File "/home/robot/robot_ws_base_rl/src/tools/thesis_experiment/src/thesis_experiment/gazebo_training_adapter.py", line 549, in close
    self.parameter_client.close()
  File "/home/robot/robot_ws_base_rl/src/application/teb_rl_tuner/src/teb_rl_tuner/teb_parameter_client.py", line 318, in close
    self._restore_snapshot(operation="close_restore")
  File "/home/robot/robot_ws_base_rl/src/application/teb_rl_tuner/src/teb_rl_tuner/teb_parameter_client.py", line 273, in _restore_snapshot
    ack_raw = self._backend.update_configuration(self._snapshot, self._timeout_s)
  File "/home/robot/robot_ws_base_rl/src/application/teb_rl_tuner/src/teb_rl_tuner/teb_parameter_client.py", line 390, in update_configuration
    return _daemon_call(lambda: self._client.update_configuration(dict(values)), timeout_s)
  File "/home/robot/robot_ws_base_rl/src/application/teb_rl_tuner/src/teb_rl_tuner/teb_parameter_client.py", line 352, in _daemon_call
    raise TebParameterError("dynamic_reconfigure service call failed: {}".format(value))
teb_rl_tuner.teb_parameter_client.TebParameterError: dynamic_reconfigure service call failed: service call failed
... logging to /home/robot/.ros/log/76e3ff8c-7e11-11f1-91bc-3382cc4c3ed1/roslaunch-WP-370717.log
Checking log directory for disk usage. This may take a while.
Press Ctrl-C to interrupt
]2;/home/robot/robot_ws_base_rl/src/tools/thesis_experiment/launch/t11_formal_run.launch
[1mstarted roslaunch server http://WP:40933/[0m

SUMMARY
========

PARAMETERS
 * /gazebo/enable_ros_network: True
 * /m2_gazebo/simulation_only: True
 * /m2_robot_state_publisher/publish_frequency: 30.0
 * /move_base/TebLocalPlannerROS/acc_lim_theta: 0.8
 * /move_base/TebLocalPlannerROS/acc_lim_x: 0.8
 * /move_base/TebLocalPlannerROS/allow_init_with_backwards_motion: True
 * /move_base/TebLocalPlannerROS/cmd_angle_instead_rotvel: False
 * /move_base/TebLocalPlannerROS/costmap_obstacles_behind_robot_dist: 1.5
 * /move_base/TebLocalPlannerROS/dt_hysteresis: 0.1
 * /move_base/TebLocalPlannerROS/dt_ref: 0.3
 * /move_base/TebLocalPlannerROS/enable_homotopy_class_planning: False
 * /move_base/TebLocalPlannerROS/enable_multithreading: True
 * /move_base/TebLocalPlannerROS/feasibility_check_no_poses: 5
 * /move_base/TebLocalPlannerROS/footprint_model/type: polygon
 * /move_base/TebLocalPlannerROS/footprint_model/vertices: [[0.52, 0.35], [0...
 * /move_base/TebLocalPlannerROS/global_plan_overwrite_orientation: True
 * /move_base/TebLocalPlannerROS/include_costmap_obstacles: True
 * /move_base/TebLocalPlannerROS/inflation_dist: 0.55
 * /move_base/TebLocalPlannerROS/map_frame: odom
 * /move_base/TebLocalPlannerROS/max_global_plan_lookahead_dist: 8.0
 * /move_base/TebLocalPlannerROS/max_number_classes: 4
 * /move_base/TebLocalPlannerROS/max_samples: 500
 * /move_base/TebLocalPlannerROS/max_vel_theta: 1.0
 * /move_base/TebLocalPlannerROS/max_vel_x: 1.2
 * /move_base/TebLocalPlannerROS/max_vel_x_backwards: 0.6
 * /move_base/TebLocalPlannerROS/max_vel_y: 0.0
 * /move_base/TebLocalPlannerROS/min_obstacle_dist: 0.25
 * /move_base/TebLocalPlannerROS/min_turning_radius: 1.2
 * /move_base/TebLocalPlannerROS/obstacle_poses_affected: 15
 * /move_base/TebLocalPlannerROS/odom_topic: /odom
 * /move_base/TebLocalPlannerROS/teb_autosize: True
 * /move_base/TebLocalPlannerROS/weight_acc_lim_theta: 1.0
 * /move_base/TebLocalPlannerROS/weight_acc_lim_x: 1.0
 * /move_base/TebLocalPlannerROS/weight_adapt_factor: 2.0
 * /move_base/TebLocalPlannerROS/weight_inflation: 0.1
 * /move_base/TebLocalPlannerROS/weight_kinematics_forward_drive: 10.0
 * /move_base/TebLocalPlannerROS/weight_kinematics_nh: 1000.0
 * /move_base/TebLocalPlannerROS/weight_kinematics_turning_radius: 10.0
 * /move_base/TebLocalPlannerROS/weight_max_vel_theta: 1.0
 * /move_base/TebLocalPlannerROS/weight_max_vel_x: 2.0
 * /move_base/TebLocalPlannerROS/weight_obstacle: 50.0
 * /move_base/TebLocalPlannerROS/weight_optimaltime: 1.0
 * /move_base/TebLocalPlannerROS/weight_viapoint: 1.0
 * /move_base/TebLocalPlannerROS/wheelbase: 0.65
 * /move_base/base_global_planner: navfn/NavfnROS
 * /move_base/base_local_planner: teb_local_planner...
 * /move_base/clearing_rotation_allowed: False
 * /move_base/controller_frequency: 10.0
 * /move_base/controller_patience: 5.0
 * /move_base/global_costmap/footprint: [[0.52, 0.35], [0...
 * /move_base/global_costmap/footprint_padding: 0.05
 * /move_base/global_costmap/global_frame: odom
 * /move_base/global_costmap/height: 30.0
 * /move_base/global_costmap/inflation_layer/cost_scaling_factor: 4.0
 * /move_base/global_costmap/inflation_layer/enabled: True
 * /move_base/global_costmap/inflation_layer/inflation_radius: 0.55
 * /move_base/global_costmap/obstacle_layer/enabled: True
 * /move_base/global_costmap/obstacle_layer/observation_sources: scan
 * /move_base/global_costmap/obstacle_layer/scan/clearing: True
 * /move_base/global_costmap/obstacle_layer/scan/data_type: LaserScan
 * /move_base/global_costmap/obstacle_layer/scan/inf_is_valid: True
 * /move_base/global_costmap/obstacle_layer/scan/marking: True
 * /move_base/global_costmap/obstacle_layer/scan/obstacle_range: 12.0
 * /move_base/global_costmap/obstacle_layer/scan/raytrace_range: 15.0
 * /move_base/global_costmap/obstacle_layer/scan/sensor_frame: laser_link
 * /move_base/global_costmap/obstacle_layer/scan/topic: /scan
 * /move_base/global_costmap/plugins: [{'name': 'obstac...
 * /move_base/global_costmap/publish_frequency: 2.0
 * /move_base/global_costmap/resolution: 0.05
 * /move_base/global_costmap/robot_base_frame: base_link
 * /move_base/global_costmap/rolling_window: True
 * /move_base/global_costmap/transform_tolerance: 0.3
 * /move_base/global_costmap/update_frequency: 5.0
 * /move_base/global_costmap/width: 30.0
 * /move_base/local_costmap/footprint: [[0.52, 0.35], [0...
 * /move_base/local_costmap/footprint_padding: 0.05
 * /move_base/local_costmap/global_frame: odom
 * /move_base/local_costmap/height: 12.0
 * /move_base/local_costmap/inflation_layer/cost_scaling_factor: 4.0
 * /move_base/local_costmap/inflation_layer/enabled: True
 * /move_base/local_costmap/inflation_layer/inflation_radius: 0.55
 * /move_base/local_costmap/obstacle_layer/enabled: True
 * /move_base/local_costmap/obstacle_layer/observation_sources: scan
 * /move_base/local_costmap/obstacle_layer/scan/clearing: True
 * /move_base/local_costmap/obstacle_layer/scan/data_type: LaserScan
 * /move_base/local_costmap/obstacle_layer/scan/inf_is_valid: True
 * /move_base/local_costmap/obstacle_layer/scan/marking: True
 * /move_base/local_costmap/obstacle_layer/scan/obstacle_range: 12.0
 * /move_base/local_costmap/obstacle_layer/scan/raytrace_range: 15.0
 * /move_base/local_costmap/obstacle_layer/scan/sensor_frame: laser_link
 * /move_base/local_costmap/obstacle_layer/scan/topic: /scan
 * /move_base/local_costmap/plugins: [{'name': 'obstac...
 * /move_base/local_costmap/publish_frequency: 5.0
 * /move_base/local_costmap/resolution: 0.05
 * /move_base/local_costmap/robot_base_frame: base_link
 * /move_base/local_costmap/rolling_window: True
 * /move_base/local_costmap/transform_tolerance: 0.3
 * /move_base/local_costmap/update_frequency: 10.0
 * /move_base/local_costmap/width: 12.0
 * /move_base/oscillation_distance: 0.2
 * /move_base/oscillation_timeout: 10.0
 * /move_base/planner_frequency: 1.0
 * /move_base/planner_patience: 5.0
 * /move_base/recovery_behavior_enabled: False
 * /move_base/shutdown_costmaps: False
 * /robot_description: <?xml version="1....
 * /rosdistro: noetic
 * /rosversion: 1.17.4
 * /t11_formal_run/acceptance_eval_seed_limit: 0
 * /t11_formal_run/acceptance_timesteps: 0
 * /t11_formal_run/algorithm: RL-TEB-Semantic-Eta
 * /t11_formal_run/checkpoint: /home/robot/robot...
 * /t11_formal_run/config: /home/robot/robot...
 * /t11_formal_run/output_dir: /home/robot/robot...
 * /t11_formal_run/phase: ablation
 * /t11_formal_run/run_id: t11_semantic_eta_...
 * /t11_formal_run/safety_mode: NoSafety
 * /t11_formal_run/training_seed: 105
 * /use_sim_time: True

NODES
  /
    gazebo (gazebo_ros/gzserver)
    m2_robot_state_publisher (robot_state_publisher/robot_state_publisher)
    move_base (move_base/move_base)
    spawn_m2 (gazebo_ros/spawn_model)
    t11_formal_run (thesis_experiment/t11_formal_run.py)

auto-starting new master
[1mprocess[master]: started with pid [370831][0m
[1mROS_MASTER_URI=http://localhost:11311[0m
]2;/home/robot/robot_ws_base_rl/src/tools/thesis_experiment/launch/t11_formal_run.launch http://localhost:11311
[1msetting /run_id to 76e3ff8c-7e11-11f1-91bc-3382cc4c3ed1[0m
[1mprocess[rosout-1]: started with pid [370876][0m
started core service [/rosout]
[1mprocess[gazebo-2]: started with pid [370883][0m
[1mprocess[spawn_m2-3]: started with pid [370887][0m
[1mprocess[m2_robot_state_publisher-4]: started with pid [370889][0m
[1mprocess[move_base-5]: started with pid [370890][0m
[1mprocess[t11_formal_run-6]: started with pid [370891][0m
[1m[spawn_m2-3] process has finished cleanly
log file: /home/robot/.ros/log/76e3ff8c-7e11-11f1-91bc-3382cc4c3ed1/spawn_m2-3*.log[0m
[t11_formal_run-6] killing on exit
[move_base-5] killing on exit
[m2_robot_state_publisher-4] killing on exit
[gazebo-2] killing on exit
[rosout-1] killing on exit
[master] killing on exit
shutting down processing monitor...
[31mWARNING: disk usage in log directory [/home/robot/.ros/log] is over 1GB.
It's recommended that you use the 'rosclean' command.[0m
WARNING: Package name "gazebo_ros_2Dmap_plugin" does not follow the naming conventions. It should start with a lower case letter and only contain lower case letters, digits, underscores, and dashes.
WARNING: Package name "gazebo_ros_2Dmap_plugin" does not follow the naming conventions. It should start with a lower case letter and only contain lower case letters, digits, underscores, and dashes.
... shutting down processing monitor complete
[1mdone[0m
