WARNING: Package name "gazebo_ros_2Dmap_plugin" does not follow the naming conventions. It should start with a lower case letter and only contain lower case letters, digits, underscores, and dashes.
xacro: in-order processing became default in ROS Melodic. You can drop the option.
WARNING: Package name "gazebo_ros_2Dmap_plugin" does not follow the naming conventions. It should start with a lower case letter and only contain lower case letters, digits, underscores, and dashes.
WARNING: Package name "gazebo_ros_2Dmap_plugin" does not follow the naming conventions. It should start with a lower case letter and only contain lower case letters, digits, underscores, and dashes.
[INFO] [1783874674.523587, 0.000000]: Loading model XML from ros parameter robot_description
[INFO] [1783874674.526407, 0.000000]: Waiting for service /gazebo/spawn_urdf_model
[INFO] [1783874675.430654, 0.000000]: Calling service /gazebo/spawn_urdf_model
[INFO] [1783874675.725857, 0.170000]: Spawn status: SpawnModel: Successfully spawned entity
[INFO] [1783874676.079522826, 0.410000000]: global_costmap: Using plugin "obstacle_layer"
[INFO] [1783874676.082382062, 0.414000000]:     Subscribed to Topics: scan
[INFO] [1783874676.087703457, 0.420000000]: global_costmap: Using plugin "inflation_layer"
[INFO] [1783874676.102828571, 0.434000000]: local_costmap: Using plugin "obstacle_layer"
[INFO] [1783874676.103646682, 0.436000000]:     Subscribed to Topics: scan
[INFO] [1783874676.108078824, 0.440000000]: local_costmap: Using plugin "inflation_layer"
[INFO] [1783874676.122415424, 0.454000000]: Created local_planner teb_local_planner/TebLocalPlannerROS
[INFO] [1783874676.139408323, 0.470000000]: Footprint model 'polygon' loaded for trajectory optimization.
[INFO] [1783874676.139537598, 0.470000000]: Parallel planning in distinctive topologies disabled.
[INFO] [1783874676.139554216, 0.470000000]: No costmap conversion plugin specified. All occupied costmap cells are treaten as point obstacles.
[INFO] [1783874676.167388590, 0.498000000]: Footprint model 'polygon' loaded for trajectory optimization.
[INFO] [1783874676.324009026, 0.654000000]: Recovery behavior will clear layer 'obstacles'
[INFO] [1783874676.326036990, 0.656000000]: Recovery behavior will clear layer 'obstacles'
[INFO] [1783874676.339836145, 0.670000000]: odom received!
[INFO] [1783874677.884566198, 2.214000000]: Footprint model 'polygon' loaded for trajectory optimization.
[INFO] [1783874678.484230823, 2.812000000]: Footprint model 'polygon' loaded for trajectory optimization.
[INFO] [1783874679.080381177, 3.410000000]: Footprint model 'polygon' loaded for trajectory optimization.
[INFO] [1783874679.679675224, 4.008000000]: Footprint model 'polygon' loaded for trajectory optimization.
[INFO] [1783874681.427223565, 5.754000000]: GOAL Reached!
[INFO] [1783874681.556389886, 5.882000000]: Footprint model 'polygon' loaded for trajectory optimization.
[INFO] [1783874682.392177569, 6.716000000]: Footprint model 'polygon' loaded for trajectory optimization.
[INFO] [1783874682.991780344, 7.316000000]: Footprint model 'polygon' loaded for trajectory optimization.
[INFO] [1783874683.590304218, 7.914000000]: Footprint model 'polygon' loaded for trajectory optimization.
[INFO] [1783874684.190717848, 8.514000000]: Footprint model 'polygon' loaded for trajectory optimization.
[INFO] [1783874684.789402081, 9.114000000]: Footprint model 'polygon' loaded for trajectory optimization.
[INFO] [1783874685.389282508, 9.712000000]: Footprint model 'polygon' loaded for trajectory optimization.
[INFO] [1783874686.838246372, 11.158000000]: GOAL Reached!
[INFO] [1783874686.954708561, 11.274000000]: Footprint model 'polygon' loaded for trajectory optimization.
[INFO] [1783874687.792852011, 12.114000000]: Footprint model 'polygon' loaded for trajectory optimization.
[INFO] [1783874688.392988140, 12.714000000]: Footprint model 'polygon' loaded for trajectory optimization.
[INFO] [1783874688.992621771, 13.312000000]: Footprint model 'polygon' loaded for trajectory optimization.
[INFO] [1783874689.604054300, 13.924000000]: Footprint model 'polygon' loaded for trajectory optimization.
[INFO] [1783874690.147221616, 14.464000000]: Footprint model 'polygon' loaded for trajectory optimization.
[INFO] [1783874690.746657448, 15.064000000]: Footprint model 'polygon' loaded for trajectory optimization.
[INFO] [1783874691.347754290, 15.666000000]: Footprint model 'polygon' loaded for trajectory optimization.
[INFO] [1783874691.995668821, 16.312000000]: Footprint model 'polygon' loaded for trajectory optimization.
[INFO] [1783874692.596003615, 16.914000000]: Footprint model 'polygon' loaded for trajectory optimization.
[INFO] [1783874693.147280922, 17.464000000]: Footprint model 'polygon' loaded for trajectory optimization.
[INFO] [1783874694.939853141, 19.256000000]: GOAL Reached!
[INFO] [1783874695.066128783, 19.380000000]: Footprint model 'polygon' loaded for trajectory optimization.
[INFO] [1783874695.906123565, 20.214000000]: Footprint model 'polygon' loaded for trajectory optimization.
[INFO] [1783874696.510917279, 20.820000000]: Footprint model 'polygon' loaded for trajectory optimization.
[INFO] [1783874697.108089653, 21.418000000]: Footprint model 'polygon' loaded for trajectory optimization.
[INFO] [1783874697.661172720, 21.968000000]: Footprint model 'polygon' loaded for trajectory optimization.
[INFO] [1783874698.308761401, 22.616000000]: Footprint model 'polygon' loaded for trajectory optimization.
[INFO] [1783874698.909352517, 23.216000000]: Footprint model 'polygon' loaded for trajectory optimization.
[INFO] [1783874699.510989223, 23.818000000]: Footprint model 'polygon' loaded for trajectory optimization.
[INFO] [1783874700.111482557, 24.416000000]: Footprint model 'polygon' loaded for trajectory optimization.
[INFO] [1783874700.712790887, 25.018000000]: Footprint model 'polygon' loaded for trajectory optimization.
[INFO] [1783874701.310285291, 25.616000000]: Footprint model 'polygon' loaded for trajectory optimization.
[INFO] [1783874703.257686201, 27.560000000]: GOAL Reached!
[INFO] [1783874703.380260248, 27.682000000]: Footprint model 'polygon' loaded for trajectory optimization.
[INFO] [1783874704.212858876, 28.514000000]: Footprint model 'polygon' loaded for trajectory optimization.
[INFO] [1783874704.812461437, 29.114000000]: Footprint model 'polygon' loaded for trajectory optimization.
[INFO] [1783874705.413590325, 29.714000000]: Footprint model 'polygon' loaded for trajectory optimization.
[INFO] [1783874706.014101487, 30.314000000]: Footprint model 'polygon' loaded for trajectory optimization.
[INFO] [1783874707.859767628, 32.158000000]: GOAL Reached!
[INFO] [1783874707.976751553, 32.276000000]: Footprint model 'polygon' loaded for trajectory optimization.
[INFO] [1783874708.814951850, 33.114000000]: Footprint model 'polygon' loaded for trajectory optimization.
[INFO] [1783874709.410245476, 33.708000000]: Footprint model 'polygon' loaded for trajectory optimization.
[INFO] [1783874710.015195012, 34.312000000]: Footprint model 'polygon' loaded for trajectory optimization.
[INFO] [1783874710.563148151, 34.858000000]: Footprint model 'polygon' loaded for trajectory optimization.
[INFO] [1783874711.208119185, 35.506000000]: Footprint model 'polygon' loaded for trajectory optimization.
[INFO] [1783874711.761327899, 36.058000000]: Footprint model 'polygon' loaded for trajectory optimization.
[INFO] [1783874713.355186922, 37.652000000]: GOAL Reached!
[INFO] [1783874713.475322911, 37.770000000]: Footprint model 'polygon' loaded for trajectory optimization.
[INFO] [1783874714.321269852, 38.614000000]: Footprint model 'polygon' loaded for trajectory optimization.
[INFO] [1783874714.926800907, 39.218000000]: Footprint model 'polygon' loaded for trajectory optimization.
[INFO] [1783874715.522917585, 39.816000000]: Footprint model 'polygon' loaded for trajectory optimization.
[INFO] [1783874716.140513857, 40.432000000]: Footprint model 'polygon' loaded for trajectory optimization.
[INFO] [1783874716.725382711, 41.016000000]: Footprint model 'polygon' loaded for trajectory optimization.
[INFO] [1783874717.325108393, 41.616000000]: Footprint model 'polygon' loaded for trajectory optimization.
[INFO] [1783874717.927399562, 42.216000000]: Footprint model 'polygon' loaded for trajectory optimization.
[INFO] [1783874718.479076035, 42.768000000]: Footprint model 'polygon' loaded for trajectory optimization.
[INFO] [1783874719.126932674, 43.416000000]: Footprint model 'polygon' loaded for trajectory optimization.
[INFO] [1783874719.678147662, 43.966000000]: Footprint model 'polygon' loaded for trajectory optimization.
[INFO] [1783874721.472090611, 45.760000000]: GOAL Reached!
[INFO] [1783874721.593415809, 45.880000000]: Footprint model 'polygon' loaded for trajectory optimization.
[INFO] [1783874722.448879494, 46.734000000]: Footprint model 'polygon' loaded for trajectory optimization.
[INFO] [1783874723.040369450, 47.324000000]: Footprint model 'polygon' loaded for trajectory optimization.
[INFO] [1783874723.635568505, 47.920000000]: Footprint model 'polygon' loaded for trajectory optimization.
[INFO] [1783874724.182556388, 48.468000000]: Footprint model 'polygon' loaded for trajectory optimization.
[INFO] [1783874724.833832197, 49.118000000]: Footprint model 'polygon' loaded for trajectory optimization.
[INFO] [1783874725.433390168, 49.716000000]: Footprint model 'polygon' loaded for trajectory optimization.
[INFO] [1783874726.033863084, 50.318000000]: Footprint model 'polygon' loaded for trajectory optimization.
[INFO] [1783874726.635035262, 50.918000000]: Footprint model 'polygon' loaded for trajectory optimization.
[INFO] [1783874727.185677873, 51.468000000]: Footprint model 'polygon' loaded for trajectory optimization.
[INFO] [1783874729.278649138, 53.560000000]: GOAL Reached!
[INFO] [1783874729.408032915, 53.688000000]: Footprint model 'polygon' loaded for trajectory optimization.
[INFO] [1783874730.256020019, 54.534000000]: Footprint model 'polygon' loaded for trajectory optimization.
[INFO] [1783874730.842325521, 55.122000000]: Footprint model 'polygon' loaded for trajectory optimization.
[INFO] [1783874731.445257649, 55.722000000]: Footprint model 'polygon' loaded for trajectory optimization.
[INFO] [1783874731.994667361, 56.272000000]: Footprint model 'polygon' loaded for trajectory optimization.
[INFO] [1783874733.789093816, 58.066000000]: GOAL Reached!
[INFO] [1783874733.910133027, 58.186000000]: Footprint model 'polygon' loaded for trajectory optimization.
[INFO] [1783874734.743065994, 59.016000000]: Footprint model 'polygon' loaded for trajectory optimization.
[INFO] [1783874735.342888047, 59.616000000]: Footprint model 'polygon' loaded for trajectory optimization.
[INFO] [1783874735.941973080, 60.216000000]: Footprint model 'polygon' loaded for trajectory optimization.
[INFO] [1783874736.541982417, 60.816000000]: Footprint model 'polygon' loaded for trajectory optimization.
[INFO] [1783874737.140592995, 61.414000000]: Footprint model 'polygon' loaded for trajectory optimization.
[INFO] [1783874737.741047417, 62.014000000]: Footprint model 'polygon' loaded for trajectory optimization.
[INFO] [1783874739.289563215, 63.560000000]: GOAL Reached!
[INFO] [1783874739.402211361, 63.672000000]: Footprint model 'polygon' loaded for trajectory optimization.
[INFO] [1783874740.245777833, 64.516000000]: Footprint model 'polygon' loaded for trajectory optimization.
[INFO] [1783874740.841951331, 65.112000000]: Footprint model 'polygon' loaded for trajectory optimization.
[INFO] [1783874741.437432554, 65.708000000]: Footprint model 'polygon' loaded for trajectory optimization.
[INFO] [1783874742.010277263, 66.278000000]: Footprint model 'polygon' loaded for trajectory optimization.
[INFO] [1783874742.591410773, 66.860000000]: Footprint model 'polygon' loaded for trajectory optimization.
[INFO] [1783874743.238536668, 67.506000000]: Footprint model 'polygon' loaded for trajectory optimization.
[INFO] [1783874743.840230412, 68.106000000]: Footprint model 'polygon' loaded for trajectory optimization.
[INFO] [1783874744.440412748, 68.706000000]: Footprint model 'polygon' loaded for trajectory optimization.
[INFO] [1783874745.039771130, 69.306000000]: Footprint model 'polygon' loaded for trajectory optimization.
[INFO] [1783874745.600413719, 69.866000000]: Footprint model 'polygon' loaded for trajectory optimization.
[INFO] [1783874747.685585746, 71.950000000]: GOAL Reached!
[INFO] [1783874747.816439147, 72.080000000]: Footprint model 'polygon' loaded for trajectory optimization.
[INFO] [1783874748.651717558, 72.914000000]: Footprint model 'polygon' loaded for trajectory optimization.
[INFO] [1783874749.207421470, 73.470000000]: Footprint model 'polygon' loaded for trajectory optimization.
[INFO] [1783874749.861556019, 74.124000000]: Footprint model 'polygon' loaded for trajectory optimization.
[INFO] [1783874750.456035859, 74.718000000]: Footprint model 'polygon' loaded for trajectory optimization.
[INFO] [1783874751.054110254, 75.316000000]: Footprint model 'polygon' loaded for trajectory optimization.
[INFO] [1783874751.657454422, 75.918000000]: Footprint model 'polygon' loaded for trajectory optimization.
[INFO] [1783874752.255464870, 76.516000000]: Footprint model 'polygon' loaded for trajectory optimization.
[INFO] [1783874752.809743064, 77.070000000]: Footprint model 'polygon' loaded for trajectory optimization.
[INFO] [1783874753.455770456, 77.716000000]: Footprint model 'polygon' loaded for trajectory optimization.
[INFO] [1783874754.053025162, 78.314000000]: Footprint model 'polygon' loaded for trajectory optimization.
[INFO] [1783874755.802034606, 80.060000000]: GOAL Reached!
[INFO] [1783874755.936237211, 80.194000000]: Footprint model 'polygon' loaded for trajectory optimization.
[INFO] [1783874756.757202907, 81.014000000]: Footprint model 'polygon' loaded for trajectory optimization.
[INFO] [1783874757.315604718, 81.572000000]: Footprint model 'polygon' loaded for trajectory optimization.
[INFO] [1783874757.967800848, 82.222000000]: Footprint model 'polygon' loaded for trajectory optimization.
[INFO] [1783874758.564927250, 82.820000000]: Footprint model 'polygon' loaded for trajectory optimization.
[INFO] [1783874760.410687096, 84.666000000]: GOAL Reached!
[INFO] [1783874760.522775486, 84.778000000]: Footprint model 'polygon' loaded for trajectory optimization.
[INFO] [1783874761.359589806, 85.614000000]: Footprint model 'polygon' loaded for trajectory optimization.
[INFO] [1783874761.957300741, 86.210000000]: Footprint model 'polygon' loaded for trajectory optimization.
[INFO] [1783874762.556653640, 86.810000000]: Footprint model 'polygon' loaded for trajectory optimization.
[INFO] [1783874763.113621136, 87.360000000]: Footprint model 'polygon' loaded for trajectory optimization.
[INFO] [1783874763.713847270, 87.960000000]: Footprint model 'polygon' loaded for trajectory optimization.
[INFO] [1783874764.315519428, 88.560000000]: Footprint model 'polygon' loaded for trajectory optimization.
[INFO] [1783874765.911373139, 90.154000000]: GOAL Reached!
[INFO] [1783874766.030379963, 90.274000000]: Footprint model 'polygon' loaded for trajectory optimization.
[INFO] [1783874766.871495020, 91.114000000]: Footprint model 'polygon' loaded for trajectory optimization.
[INFO] [1783874767.420742275, 91.662000000]: Footprint model 'polygon' loaded for trajectory optimization.
[INFO] [1783874768.020270320, 92.262000000]: Footprint model 'polygon' loaded for trajectory optimization.
[INFO] [1783874768.667920278, 92.908000000]: Footprint model 'polygon' loaded for trajectory optimization.
[INFO] [1783874769.275255379, 93.508000000]: Footprint model 'polygon' loaded for trajectory optimization.
[INFO] [1783874769.876627514, 94.108000000]: Footprint model 'polygon' loaded for trajectory optimization.
[INFO] [1783874770.477403464, 94.708000000]: Footprint model 'polygon' loaded for trajectory optimization.
[INFO] [1783874771.025216685, 95.258000000]: Footprint model 'polygon' loaded for trajectory optimization.
[INFO] [1783874771.676721814, 95.908000000]: Footprint model 'polygon' loaded for trajectory optimization.
[INFO] [1783874773.921470888, 98.152000000]: GOAL Reached!
[INFO] [1783874774.042907398, 98.272000000]: Footprint model 'polygon' loaded for trajectory optimization.
[INFO] [1783874774.891470148, 99.118000000]: Footprint model 'polygon' loaded for trajectory optimization.
[INFO] [1783874775.483778665, 99.712000000]: Footprint model 'polygon' loaded for trajectory optimization.
[INFO] [1783874776.085550846, 100.312000000]: Footprint model 'polygon' loaded for trajectory optimization.
[INFO] [1783874776.684768970, 100.910000000]: Footprint model 'polygon' loaded for trajectory optimization.
[INFO] [1783874777.283347432, 101.510000000]: Footprint model 'polygon' loaded for trajectory optimization.
[INFO] [1783874777.883779340, 102.110000000]: Footprint model 'polygon' loaded for trajectory optimization.
[INFO] [1783874778.484682766, 102.710000000]: Footprint model 'polygon' loaded for trajectory optimization.
[INFO] [1783874779.083985682, 103.310000000]: Footprint model 'polygon' loaded for trajectory optimization.
[INFO] [1783874779.689464131, 103.914000000]: Footprint model 'polygon' loaded for trajectory optimization.
[INFO] [1783874780.285599278, 104.510000000]: Footprint model 'polygon' loaded for trajectory optimization.
[INFO] [1783874781.931945203, 106.154000000]: GOAL Reached!
[INFO] [1783874782.059484009, 106.282000000]: Footprint model 'polygon' loaded for trajectory optimization.
[INFO] [1783874782.892279444, 107.114000000]: Footprint model 'polygon' loaded for trajectory optimization.
[INFO] [1783874783.493190173, 107.714000000]: Footprint model 'polygon' loaded for trajectory optimization.
[INFO] [1783874784.094660651, 108.314000000]: Footprint model 'polygon' loaded for trajectory optimization.
[INFO] [1783874784.643606926, 108.864000000]: Footprint model 'polygon' loaded for trajectory optimization.
[INFO] [1783874786.438760928, 110.658000000]: GOAL Reached!
[INFO] [1783874786.561601342, 110.780000000]: Footprint model 'polygon' loaded for trajectory optimization.
[INFO] [1783874787.395365463, 111.614000000]: Footprint model 'polygon' loaded for trajectory optimization.
[INFO] [1783874787.995835095, 112.212000000]: Footprint model 'polygon' loaded for trajectory optimization.
[INFO] [1783874788.595977789, 112.812000000]: Footprint model 'polygon' loaded for trajectory optimization.
[INFO] [1783874789.194929002, 113.412000000]: Footprint model 'polygon' loaded for trajectory optimization.
[INFO] [1783874789.744265538, 113.962000000]: Footprint model 'polygon' loaded for trajectory optimization.
[INFO] [1783874790.346390160, 114.562000000]: Footprint model 'polygon' loaded for trajectory optimization.
[INFO] [1783874791.840899750, 116.056000000]: GOAL Reached!
[INFO] [1783874791.964104490, 116.178000000]: Footprint model 'polygon' loaded for trajectory optimization.
[INFO] [1783874792.803694763, 117.014000000]: Footprint model 'polygon' loaded for trajectory optimization.
[INFO] [1783874793.407585290, 117.618000000]: Footprint model 'polygon' loaded for trajectory optimization.
[INFO] [1783874793.999089454, 118.212000000]: Footprint model 'polygon' loaded for trajectory optimization.
[INFO] [1783874794.602247541, 118.810000000]: Footprint model 'polygon' loaded for trajectory optimization.
[INFO] [1783874795.200447721, 119.412000000]: Footprint model 'polygon' loaded for trajectory optimization.
[INFO] [1783874795.799357055, 120.010000000]: Footprint model 'polygon' loaded for trajectory optimization.
[INFO] [1783874796.401583607, 120.610000000]: Footprint model 'polygon' loaded for trajectory optimization.
[INFO] [1783874797.002649809, 121.210000000]: Footprint model 'polygon' loaded for trajectory optimization.
[INFO] [1783874797.601406971, 121.810000000]: Footprint model 'polygon' loaded for trajectory optimization.
[INFO] [1783874799.448407635, 123.654000000]: GOAL Reached!
[INFO] [1783874799.571951519, 123.776000000]: Footprint model 'polygon' loaded for trajectory optimization.
[INFO] [1783874800.411956519, 124.618000000]: Footprint model 'polygon' loaded for trajectory optimization.
[INFO] [1783874800.958815646, 125.164000000]: Footprint model 'polygon' loaded for trajectory optimization.
[INFO] [1783874801.603812938, 125.810000000]: Footprint model 'polygon' loaded for trajectory optimization.
[INFO] [1783874802.205919259, 126.412000000]: Footprint model 'polygon' loaded for trajectory optimization.
[INFO] [1783874802.808803416, 127.014000000]: Footprint model 'polygon' loaded for trajectory optimization.
[INFO] [1783874803.407303464, 127.610000000]: Footprint model 'polygon' loaded for trajectory optimization.
[INFO] [1783874803.958122850, 128.162000000]: Footprint model 'polygon' loaded for trajectory optimization.
[INFO] [1783874804.607310645, 128.810000000]: Footprint model 'polygon' loaded for trajectory optimization.
[INFO] [1783874805.161478106, 129.362000000]: Footprint model 'polygon' loaded for trajectory optimization.
[INFO] [1783874805.816530881, 130.010000000]: Footprint model 'polygon' loaded for trajectory optimization.
[INFO] [1783874807.660678303, 131.854000000]: GOAL Reached!
[INFO] [1783874807.791749341, 131.984000000]: Footprint model 'polygon' loaded for trajectory optimization.
[INFO] [1783874808.630959200, 132.822000000]: Footprint model 'polygon' loaded for trajectory optimization.
[INFO] [1783874809.226914648, 133.418000000]: Footprint model 'polygon' loaded for trajectory optimization.
[INFO] [1783874809.824200567, 134.016000000]: Footprint model 'polygon' loaded for trajectory optimization.
[INFO] [1783874810.374792201, 134.568000000]: Footprint model 'polygon' loaded for trajectory optimization.
[INFO] [1783874812.270817744, 136.460000000]: GOAL Reached!
[INFO] [1783874812.403017376, 136.592000000]: Footprint model 'polygon' loaded for trajectory optimization.
[INFO] [1783874813.247420512, 137.436000000]: Footprint model 'polygon' loaded for trajectory optimization.
[INFO] [1783874813.842221443, 138.030000000]: Footprint model 'polygon' loaded for trajectory optimization.
[INFO] [1783874814.444024225, 138.626000000]: Footprint model 'polygon' loaded for trajectory optimization.
[INFO] [1783874814.994704012, 139.174000000]: Footprint model 'polygon' loaded for trajectory optimization.
[INFO] [1783874815.649976901, 139.824000000]: Footprint model 'polygon' loaded for trajectory optimization.
[INFO] [1783874816.202024249, 140.374000000]: Footprint model 'polygon' loaded for trajectory optimization.
[INFO] [1783874817.696840841, 141.868000000]: GOAL Reached!
[INFO] [1783874817.817179841, 141.988000000]: Footprint model 'polygon' loaded for trajectory optimization.
[INFO] [1783874818.662267295, 142.834000000]: Footprint model 'polygon' loaded for trajectory optimization.
[INFO] [1783874819.209043228, 143.380000000]: Footprint model 'polygon' loaded for trajectory optimization.
[INFO] [1783874819.856484981, 144.028000000]: Footprint model 'polygon' loaded for trajectory optimization.
[INFO] [1783874820.453691615, 144.624000000]: Footprint model 'polygon' loaded for trajectory optimization.
[INFO] [1783874821.057133939, 145.226000000]: Footprint model 'polygon' loaded for trajectory optimization.
[INFO] [1783874821.657500906, 145.824000000]: Footprint model 'polygon' loaded for trajectory optimization.
[INFO] [1783874822.256733219, 146.426000000]: Footprint model 'polygon' loaded for trajectory optimization.
[INFO] [1783874822.857151193, 147.024000000]: Footprint model 'polygon' loaded for trajectory optimization.
[INFO] [1783874823.456642751, 147.624000000]: Footprint model 'polygon' loaded for trajectory optimization.
[INFO] [1783874824.059669967, 148.224000000]: Footprint model 'polygon' loaded for trajectory optimization.
[INFO] [1783874824.656676209, 148.824000000]: Footprint model 'polygon' loaded for trajectory optimization.
[INFO] [1783874826.404106378, 150.568000000]: GOAL Reached!
[INFO] [1783874826.518101711, 150.682000000]: Footprint model 'polygon' loaded for trajectory optimization.
[INFO] [1783874827.350356712, 151.514000000]: Footprint model 'polygon' loaded for trajectory optimization.
[INFO] [1783874827.906277854, 152.070000000]: Footprint model 'polygon' loaded for trajectory optimization.
[INFO] [1783874828.556968079, 152.718000000]: Footprint model 'polygon' loaded for trajectory optimization.
[INFO] [1783874829.156362730, 153.320000000]: Footprint model 'polygon' loaded for trajectory optimization.
[INFO] [1783874829.756097720, 153.916000000]: Footprint model 'polygon' loaded for trajectory optimization.
[INFO] [1783874830.361355986, 154.522000000]: Footprint model 'polygon' loaded for trajectory optimization.
[INFO] [1783874830.956476915, 155.116000000]: Footprint model 'polygon' loaded for trajectory optimization.
[INFO] [1783874831.559669275, 155.718000000]: Footprint model 'polygon' loaded for trajectory optimization.
[INFO] [1783874832.156366775, 156.316000000]: Footprint model 'polygon' loaded for trajectory optimization.
[INFO] [1783874834.402635817, 158.560000000]: GOAL Reached!
[INFO] [1783874834.523436146, 158.680000000]: Footprint model 'polygon' loaded for trajectory optimization.
[INFO] [1783874835.358628102, 159.514000000]: Footprint model 'polygon' loaded for trajectory optimization.
[INFO] [1783874835.956465369, 160.112000000]: Footprint model 'polygon' loaded for trajectory optimization.
[INFO] [1783874836.508488381, 160.664000000]: Footprint m[INFO] [1783874674.656956112]: Finished loading Gazebo ROS API Plugin.
[INFO] [1783874674.657662419]: waitForService: Service [/gazebo/set_physics_properties] has not been advertised, waiting...
[INFO] [1783874675.376975600]: waitForService: Service [/gazebo/set_physics_properties] is now available.
[INFO] [1783874675.420294055, 0.038000000]: Physics dynamic reconfigure ready.
[INFO] [1783874675.612100473, 0.170000000]: <initialOrientationAsReference> is unset, using default value of false to comply with REP 145 (world as orientation reference)
[INFO] [1783874675.612144080, 0.170000000]: <robotNamespace> set to: //
[INFO] [1783874675.612152149, 0.170000000]: <topicName> set to: imu/data
[INFO] [1783874675.612158243, 0.170000000]: <frameName> set to: imu_link
[INFO] [1783874675.612178437, 0.170000000]: <updateRateHZ> set to: 50
[INFO] [1783874675.612186917, 0.170000000]: <gaussianNoise> set to: 0
[INFO] [1783874675.612207100, 0.170000000]: <xyzOffset> set to: 0 0 0
[INFO] [1783874675.612222361, 0.170000000]: <rpyOffset> set to: 0 -0 0
[INFO] [1783874675.730884110, 0.170000000]: Laser Plugin: Using the 'robotNamespace' param: '/'
[INFO] [1783874675.730906603, 0.170000000]: Starting Laser Plugin (ns = /)
[INFO] [1783874675.731773167, 0.170000000]: Laser Plugin (ns = /)  <tf_prefix_>, set to ""
[INFO] [1783874675.837422195, 0.170000000]: M2 simulation-only Ackermann interface loaded; cmd_angle_instead_rotvel=false
odel 'polygon' loaded for trajectory optimization.
[INFO] [1783874837.155500060, 161.310000000]: Footprint model 'polygon' loaded for trajectory optimization.
[INFO] [1783874839.003092798, 163.156000000]: GOAL Reached!
[INFO] [1783874839.117083245, 163.270000000]: Footprint model 'polygon' loaded for trajectory optimization.
[INFO] [1783874839.941450667, 164.094000000]: Footprint model 'polygon' loaded for trajectory optimization.
[INFO] [1783874840.503498116, 164.656000000]: Footprint model 'polygon' loaded for trajectory optimization.
[INFO] [1783874841.152401575, 165.304000000]: Footprint model 'polygon' loaded for trajectory optimization.
[INFO] [1783874841.770742062, 165.920000000]: Footprint model 'polygon' loaded for trajectory optimization.
[INFO] [1783874842.301992958, 166.452000000]: Footprint model 'polygon' loaded for trajectory optimization.
[INFO] [1783874842.901068454, 167.052000000]: Footprint model 'polygon' loaded for trajectory optimization.
[INFO] [1783874844.498037420, 168.646000000]: GOAL Reached!
[INFO] [1783874844.616828701, 168.764000000]: Footprint model 'polygon' loaded for trajectory optimization.
[INFO] [1783874845.467759454, 169.614000000]: Footprint model 'polygon' loaded for trajectory optimization.
[INFO] [1783874846.056178108, 170.204000000]: Footprint model 'polygon' loaded for trajectory optimization.
[INFO] [1783874846.652560396, 170.800000000]: Footprint model 'polygon' loaded for trajectory optimization.
[INFO] [1783874847.205348320, 171.352000000]: Footprint model 'polygon' loaded for trajectory optimization.
[INFO] [1783874847.827726087, 171.974000000]: Footprint model 'polygon' loaded for trajectory optimization.
[INFO] [1783874848.413777112, 172.558000000]: Footprint model 'polygon' loaded for trajectory optimization.
[INFO] [1783874849.005867868, 173.150000000]: Footprint model 'polygon' loaded for trajectory optimization.
[INFO] [1783874849.654560809, 173.798000000]: Footprint model 'polygon' loaded for trajectory optimization.
[INFO] [1783874850.206030950, 174.348000000]: Footprint model 'polygon' loaded for trajectory optimization.
[INFO] [1783874852.197766683, 176.342000000]: GOAL Reached!
[INFO] [1783874852.311256567, 176.454000000]: Footprint model 'polygon' loaded for trajectory optimization.
[INFO] [1783874853.153316082, 177.294000000]: Footprint model 'polygon' loaded for trajectory optimization.
[INFO] [1783874853.702606082, 177.844000000]: Footprint model 'polygon' loaded for trajectory optimization.
[INFO] [1783874854.366003297, 178.506000000]: Footprint model 'polygon' loaded for trajectory optimization.
[INFO] [1783874854.903426689, 179.042000000]: Footprint model 'polygon' loaded for trajectory optimization.
[INFO] [1783874855.544816614, 179.686000000]: Footprint model 'polygon' loaded for trajectory optimization.
[INFO] [1783874856.144799207, 180.286000000]: Footprint model 'polygon' loaded for trajectory optimization.
[INFO] [1783874856.746677428, 180.886000000]: Footprint model 'polygon' loaded for trajectory optimization.
[INFO] [1783874857.347229782, 181.486000000]: Footprint model 'polygon' loaded for trajectory optimization.
[INFO] [1783874857.948286458, 182.086000000]: Footprint model 'polygon' loaded for trajectory optimization.
[WARN] [1783874858.918102, 182.456000]: training environment stop requested: ROSInterruptException: ROS shutdown request
[WARN] [1783874858.982546, 182.456000]: training environment stop requested: adapter_close
Traceback (most recent call last):
  File "/home/robot/robot_ws_base_rl/src/tools/thesis_experiment/src/thesis_experiment/t11_training.py", line 452, in run
    return self._ablation(raw_vec, recorded, recorder)
  File "/home/robot/robot_ws_base_rl/src/tools/thesis_experiment/src/thesis_experiment/t11_training.py", line 527, in _ablation
    returns = self._evaluate(model, vec, recorded, scenarios, "test")
  File "/home/robot/robot_ws_base_rl/src/tools/thesis_experiment/src/thesis_experiment/t11_training.py", line 434, in _evaluate
    observation, rewards, dones, _ = vec.step(action)
  File "/home/robot/robot_ws_base_rl/.venv/lib/python3.8/site-packages/stable_baselines3/common/vec_env/base_vec_env.py", line 206, in step
    return self.step_wait()
  File "/home/robot/robot_ws_base_rl/.venv/lib/python3.8/site-packages/stable_baselines3/common/vec_env/vec_normalize.py", line 181, in step_wait
    obs, rewards, dones, infos = self.venv.step_wait()
  File "/home/robot/robot_ws_base_rl/.venv/lib/python3.8/site-packages/stable_baselines3/common/vec_env/dummy_vec_env.py", line 70, in step_wait
    obs, self.reset_infos[env_idx] = self.envs[env_idx].reset()
  File "/home/robot/robot_ws_base_rl/src/tools/thesis_experiment/src/thesis_experiment/t11_training.py", line 250, in reset
    observation, info = self.env.reset(**kwargs)
  File "/home/robot/robot_ws_base_rl/src/application/teb_rl_tuner/src/teb_rl_tuner/sac_environment.py", line 89, in reset
    observation, info = self.core.reset(seed=seed)
  File "/home/robot/robot_ws_base_rl/src/application/teb_rl_tuner/src/teb_rl_tuner/training_environment.py", line 218, in reset
    self._restore_snapshot()
  File "/home/robot/robot_ws_base_rl/src/application/teb_rl_tuner/src/teb_rl_tuner/training_environment.py", line 210, in _restore_snapshot
    self.adapter.restore_parameter_snapshot(self._snapshot)
  File "/home/robot/robot_ws_base_rl/src/tools/thesis_experiment/src/thesis_experiment/gazebo_training_adapter.py", line 308, in restore_parameter_snapshot
    self._quiesce_navigation()
  File "/home/robot/robot_ws_base_rl/src/tools/thesis_experiment/src/thesis_experiment/gazebo_training_adapter.py", line 301, in _quiesce_navigation
    rospy.sleep(0.05)
  File "/opt/ros/noetic/lib/python3/dist-packages/rospy/timer.py", line 165, in sleep
    raise rospy.exceptions.ROSInterruptException("ROS shutdown request")
rospy.exceptions.ROSInterruptException: ROS shutdown request

During handling of the above exception, another exception occurred:

Traceback (most recent call last):
  File "/home/robot/robot_ws_base_rl/src/tools/thesis_experiment/src/thesis_experiment/gazebo_training_adapter.py", line 547, in close
    self.parameter_client.restore()
  File "/home/robot/robot_ws_base_rl/src/application/teb_rl_tuner/src/teb_rl_tuner/teb_parameter_client.py", line 303, in restore
    return self._restore_snapshot()
  File "/home/robot/robot_ws_base_rl/src/application/teb_rl_tuner/src/teb_rl_tuner/teb_parameter_client.py", line 273, in _restore_snapshot
    ack_raw = self._backend.update_configuration(self._snapshot, self._timeout_s)
  File "/home/robot/robot_ws_base_rl/src/application/teb_rl_tuner/src/teb_rl_tuner/teb_parameter_client.py", line 390, in update_configuration
    return _daemon_call(lambda: self._client.update_configuration(dict(values)), timeout_s)
  File "/home/robot/robot_ws_base_rl/src/application/teb_rl_tuner/src/teb_rl_tuner/teb_parameter_client.py", line 352, in _daemon_call
    raise TebParameterError("dynamic_reconfigure service call failed: {}".format(value))
teb_rl_tuner.teb_parameter_client.TebParameterError: dynamic_reconfigure service call failed: service call failed

During handling of the above exception, another exception occurred:

Traceback (most recent call last):
  File "/home/robot/robot_ws_base_rl/devel/lib/thesis_experiment/t11_formal_run.py", line 15, in <module>
    exec(compile(fh.read(), python_script, 'exec'), context)
  File "/home/robot/robot_ws_base_rl/src/tools/thesis_experiment/scripts/t11_formal_run.py", line 20, in <module>
    sys.exit(main())
  File "/home/robot/robot_ws_base_rl/src/tools/thesis_experiment/scripts/t11_formal_run.py", line 14, in main
    report = T11FormalRunner().run()
  File "/home/robot/robot_ws_base_rl/src/tools/thesis_experiment/src/thesis_experiment/t11_training.py", line 455, in run
    self.adapter.close()
  File "/home/robot/robot_ws_base_rl/src/tools/thesis_experiment/src/thesis_experiment/gazebo_training_adapter.py", line 549, in close
    self.parameter_client.close()
  File "/home/robot/robot_ws_base_rl/src/application/teb_rl_tuner/src/teb_rl_tuner/teb_parameter_client.py", line 318, in close
    self._restore_snapshot(operation="close_restore")
  File "/home/robot/robot_ws_base_rl/src/application/teb_rl_tuner/src/teb_rl_tuner/teb_parameter_client.py", line 273, in _restore_snapshot
    ack_raw = self._backend.update_configuration(self._snapshot, self._timeout_s)
  File "/home/robot/robot_ws_base_rl/src/application/teb_rl_tuner/src/teb_rl_tuner/teb_parameter_client.py", line 390, in update_configuration
    return _daemon_call(lambda: self._client.update_configuration(dict(values)), timeout_s)
  File "/home/robot/robot_ws_base_rl/src/application/teb_rl_tuner/src/teb_rl_tuner/teb_parameter_client.py", line 352, in _daemon_call
    raise TebParameterError("dynamic_reconfigure service call failed: {}".format(value))
teb_rl_tuner.teb_parameter_client.TebParameterError: dynamic_reconfigure service call failed: service call failed
... logging to /home/robot/.ros/log/f5e17e8c-7e10-11f1-91bc-3382cc4c3ed1/roslaunch-WP-357536.log
Checking log directory for disk usage. This may take a while.
Press Ctrl-C to interrupt
]2;/home/robot/robot_ws_base_rl/src/tools/thesis_experiment/launch/t11_formal_run.launch
[1mstarted roslaunch server http://WP:33823/[0m

SUMMARY
========

PARAMETERS
 * /gazebo/enable_ros_network: True
 * /m2_gazebo/simulation_only: True
 * /m2_robot_state_publisher/publish_frequency: 30.0
 * /move_base/TebLocalPlannerROS/acc_lim_theta: 0.8
 * /move_base/TebLocalPlannerROS/acc_lim_x: 0.8
 * /move_base/TebLocalPlannerROS/allow_init_with_backwards_motion: True
 * /move_base/TebLocalPlannerROS/cmd_angle_instead_rotvel: False
 * /move_base/TebLocalPlannerROS/costmap_obstacles_behind_robot_dist: 1.5
 * /move_base/TebLocalPlannerROS/dt_hysteresis: 0.1
 * /move_base/TebLocalPlannerROS/dt_ref: 0.3
 * /move_base/TebLocalPlannerROS/enable_homotopy_class_planning: False
 * /move_base/TebLocalPlannerROS/enable_multithreading: True
 * /move_base/TebLocalPlannerROS/feasibility_check_no_poses: 5
 * /move_base/TebLocalPlannerROS/footprint_model/type: polygon
 * /move_base/TebLocalPlannerROS/footprint_model/vertices: [[0.52, 0.35], [0...
 * /move_base/TebLocalPlannerROS/global_plan_overwrite_orientation: True
 * /move_base/TebLocalPlannerROS/include_costmap_obstacles: True
 * /move_base/TebLocalPlannerROS/inflation_dist: 0.55
 * /move_base/TebLocalPlannerROS/map_frame: odom
 * /move_base/TebLocalPlannerROS/max_global_plan_lookahead_dist: 8.0
 * /move_base/TebLocalPlannerROS/max_number_classes: 4
 * /move_base/TebLocalPlannerROS/max_samples: 500
 * /move_base/TebLocalPlannerROS/max_vel_theta: 1.0
 * /move_base/TebLocalPlannerROS/max_vel_x: 1.2
 * /move_base/TebLocalPlannerROS/max_vel_x_backwards: 0.6
 * /move_base/TebLocalPlannerROS/max_vel_y: 0.0
 * /move_base/TebLocalPlannerROS/min_obstacle_dist: 0.25
 * /move_base/TebLocalPlannerROS/min_turning_radius: 1.2
 * /move_base/TebLocalPlannerROS/obstacle_poses_affected: 15
 * /move_base/TebLocalPlannerROS/odom_topic: /odom
 * /move_base/TebLocalPlannerROS/teb_autosize: True
 * /move_base/TebLocalPlannerROS/weight_acc_lim_theta: 1.0
 * /move_base/TebLocalPlannerROS/weight_acc_lim_x: 1.0
 * /move_base/TebLocalPlannerROS/weight_adapt_factor: 2.0
 * /move_base/TebLocalPlannerROS/weight_inflation: 0.1
 * /move_base/TebLocalPlannerROS/weight_kinematics_forward_drive: 10.0
 * /move_base/TebLocalPlannerROS/weight_kinematics_nh: 1000.0
 * /move_base/TebLocalPlannerROS/weight_kinematics_turning_radius: 10.0
 * /move_base/TebLocalPlannerROS/weight_max_vel_theta: 1.0
 * /move_base/TebLocalPlannerROS/weight_max_vel_x: 2.0
 * /move_base/TebLocalPlannerROS/weight_obstacle: 50.0
 * /move_base/TebLocalPlannerROS/weight_optimaltime: 1.0
 * /move_base/TebLocalPlannerROS/weight_viapoint: 1.0
 * /move_base/TebLocalPlannerROS/wheelbase: 0.65
 * /move_base/base_global_planner: navfn/NavfnROS
 * /move_base/base_local_planner: teb_local_planner...
 * /move_base/clearing_rotation_allowed: False
 * /move_base/controller_frequency: 10.0
 * /move_base/controller_patience: 5.0
 * /move_base/global_costmap/footprint: [[0.52, 0.35], [0...
 * /move_base/global_costmap/footprint_padding: 0.05
 * /move_base/global_costmap/global_frame: odom
 * /move_base/global_costmap/height: 30.0
 * /move_base/global_costmap/inflation_layer/cost_scaling_factor: 4.0
 * /move_base/global_costmap/inflation_layer/enabled: True
 * /move_base/global_costmap/inflation_layer/inflation_radius: 0.55
 * /move_base/global_costmap/obstacle_layer/enabled: True
 * /move_base/global_costmap/obstacle_layer/observation_sources: scan
 * /move_base/global_costmap/obstacle_layer/scan/clearing: True
 * /move_base/global_costmap/obstacle_layer/scan/data_type: LaserScan
 * /move_base/global_costmap/obstacle_layer/scan/inf_is_valid: True
 * /move_base/global_costmap/obstacle_layer/scan/marking: True
 * /move_base/global_costmap/obstacle_layer/scan/obstacle_range: 12.0
 * /move_base/global_costmap/obstacle_layer/scan/raytrace_range: 15.0
 * /move_base/global_costmap/obstacle_layer/scan/sensor_frame: laser_link
 * /move_base/global_costmap/obstacle_layer/scan/topic: /scan
 * /move_base/global_costmap/plugins: [{'name': 'obstac...
 * /move_base/global_costmap/publish_frequency: 2.0
 * /move_base/global_costmap/resolution: 0.05
 * /move_base/global_costmap/robot_base_frame: base_link
 * /move_base/global_costmap/rolling_window: True
 * /move_base/global_costmap/transform_tolerance: 0.3
 * /move_base/global_costmap/update_frequency: 5.0
 * /move_base/global_costmap/width: 30.0
 * /move_base/local_costmap/footprint: [[0.52, 0.35], [0...
 * /move_base/local_costmap/footprint_padding: 0.05
 * /move_base/local_costmap/global_frame: odom
 * /move_base/local_costmap/height: 12.0
 * /move_base/local_costmap/inflation_layer/cost_scaling_factor: 4.0
 * /move_base/local_costmap/inflation_layer/enabled: True
 * /move_base/local_costmap/inflation_layer/inflation_radius: 0.55
 * /move_base/local_costmap/obstacle_layer/enabled: True
 * /move_base/local_costmap/obstacle_layer/observation_sources: scan
 * /move_base/local_costmap/obstacle_layer/scan/clearing: True
 * /move_base/local_costmap/obstacle_layer/scan/data_type: LaserScan
 * /move_base/local_costmap/obstacle_layer/scan/inf_is_valid: True
 * /move_base/local_costmap/obstacle_layer/scan/marking: True
 * /move_base/local_costmap/obstacle_layer/scan/obstacle_range: 12.0
 * /move_base/local_costmap/obstacle_layer/scan/raytrace_range: 15.0
 * /move_base/local_costmap/obstacle_layer/scan/sensor_frame: laser_link
 * /move_base/local_costmap/obstacle_layer/scan/topic: /scan
 * /move_base/local_costmap/plugins: [{'name': 'obstac...
 * /move_base/local_costmap/publish_frequency: 5.0
 * /move_base/local_costmap/resolution: 0.05
 * /move_base/local_costmap/robot_base_frame: base_link
 * /move_base/local_costmap/rolling_window: True
 * /move_base/local_costmap/transform_tolerance: 0.3
 * /move_base/local_costmap/update_frequency: 10.0
 * /move_base/local_costmap/width: 12.0
 * /move_base/oscillation_distance: 0.2
 * /move_base/oscillation_timeout: 10.0
 * /move_base/planner_frequency: 1.0
 * /move_base/planner_patience: 5.0
 * /move_base/recovery_behavior_enabled: False
 * /move_base/shutdown_costmaps: False
 * /robot_description: <?xml version="1....
 * /rosdistro: noetic
 * /rosversion: 1.17.4
 * /t11_formal_run/acceptance_eval_seed_limit: 0
 * /t11_formal_run/acceptance_timesteps: 0
 * /t11_formal_run/algorithm: RL-TEB-Semantic-Eta
 * /t11_formal_run/checkpoint: /home/robot/robot...
 * /t11_formal_run/config: /home/robot/robot...
 * /t11_formal_run/output_dir: /home/robot/robot...
 * /t11_formal_run/phase: ablation
 * /t11_formal_run/run_id: t11_semantic_eta_...
 * /t11_formal_run/safety_mode: NoSafety
 * /t11_formal_run/training_seed: 105
 * /use_sim_time: True

NODES
  /
    gazebo (gazebo_ros/gzserver)
    m2_robot_state_publisher (robot_state_publisher/robot_state_publisher)
    move_base (move_base/move_base)
    spawn_m2 (gazebo_ros/spawn_model)
    t11_formal_run (thesis_experiment/t11_formal_run.py)

auto-starting new master
[1mprocess[master]: started with pid [357628][0m
[1mROS_MASTER_URI=http://localhost:11311[0m
]2;/home/robot/robot_ws_base_rl/src/tools/thesis_experiment/launch/t11_formal_run.launch http://localhost:11311
[1msetting /run_id to f5e17e8c-7e10-11f1-91bc-3382cc4c3ed1[0m
[1mprocess[rosout-1]: started with pid [357668][0m
started core service [/rosout]
[1mprocess[gazebo-2]: started with pid [357680][0m
[1mprocess[spawn_m2-3]: started with pid [357684][0m
[1mprocess[m2_robot_state_publisher-4]: started with pid [357686][0m
[1mprocess[move_base-5]: started with pid [357687][0m
[1mprocess[t11_formal_run-6]: started with pid [357688][0m
[1m[spawn_m2-3] process has finished cleanly
log file: /home/robot/.ros/log/f5e17e8c-7e10-11f1-91bc-3382cc4c3ed1/spawn_m2-3*.log[0m
[t11_formal_run-6] killing on exit
[move_base-5] killing on exit
[m2_robot_state_publisher-4] killing on exit
[gazebo-2] killing on exit
[rosout-1] killing on exit
[master] killing on exit
shutting down processing monitor...
[31mWARNING: disk usage in log directory [/home/robot/.ros/log] is over 1GB.
It's recommended that you use the 'rosclean' command.[0m
WARNING: Package name "gazebo_ros_2Dmap_plugin" does not follow the naming conventions. It should start with a lower case letter and only contain lower case letters, digits, underscores, and dashes.
WARNING: Package name "gazebo_ros_2Dmap_plugin" does not follow the naming conventions. It should start with a lower case letter and only contain lower case letters, digits, underscores, and dashes.
... shutting down processing monitor complete
[1mdone[0m
