schema_version: '2.0'
architecture_generation: v2
evaluator_id: fam_teb_v2_02_evaluator_1
formal_result: false
runtime_ready: false
scene_id: v2-04g-r1-dynamic-clear-s4926
family: DYNAMIC
split: calibration
seed: 4926
instance_sha256: f1c8e076b247a4aa068e7d6d50059f44dd84b2360b9888f62c84b64937ae1f9d
raw_trace_sha256: 284bb5b4669e41a5e4542c5980b3daa34873dc8a6f75e79bc9baf202bd6f0c87
termination: SUCCESS
metrics:
  common:
    success: true
    collision: false
    navigation_time_s: 22.2
    path_length_m: 18.171404564232688
    mean_abs_speed_mps: 0.818538243500643
    minimum_clearance_m: 3.001107000734657
    stop_count: 1
    reverse_distance_m: 0.0
  family:
    minimum_predicted_ttc_s: null
    stop_count: 1
    interaction_clearance_m: 3.001107000734657
stage: V2-04G-R1
method: rule_multi_anchor
episode_timeout_s: 80.0
tracker_message_count: 331
tracker_health_valid_fraction: 1.0
finite_ttc_sample_count: 0
ttc_status: NO_CONFLICT_IN_HORIZON
context_message_count: 111
context_valid_count: 107
context_geometry_sequence:
- BALANCED
- CRUISE
- BALANCED
context_geometry_switch_count: 2
transaction_message_count: 113
transaction_valid_count: 109
transaction_activated_count: 109
transaction_fault_count: 4
transaction_backends:
- simulation_teb_dynamic_reconfigure
active_anchor_sequence:
- anchor_balanced
- anchor_cruise
- anchor_balanced
active_anchor_switch_count: 2
typed_transaction_expected: true
typed_transaction_valid: true
training_used: false
runtime_policy_manifest_access: false
runtime_scene_labels_available: false
experiment_manager_validation_manifest_access: false
runner_fault_reason: ''
supervisor_profile_id: g1_mechanism_balanced
context_geometry_sample_counts:
  BALANCED: 81
  CRUISE: 26
  STATIC_DENSE: 0
  CORRIDOR: 0
  MANEUVER: 0
context_geometry_sample_fractions:
  BALANCED: 0.7570093457943925
  CRUISE: 0.24299065420560748
  STATIC_DENSE: 0.0
  CORRIDOR: 0.0
  MANEUVER: 0.0
context_overlay_sample_counts:
  NONE: 107
  CROSSING: 0
  HEAD_ON: 0
  FOLLOW: 0
  OVERTAKE_OR_YIELD: 0
context_overlay_sample_fractions:
  NONE: 1.0
  CROSSING: 0.0
  HEAD_ON: 0.0
  FOLLOW: 0.0
  OVERTAKE_OR_YIELD: 0.0
experiment_manager_calibration_manifest_access: true
mode_measurement_window: post_readiness_goal_execution_only
clearance_audit:
  schema_version: '2.0'
  stage: V2-04G-R1
  evaluator_only_gazebo_truth_used: true
  runtime_policy_received_truth: false
  minimum_signed_scan_clearance_m: 3.001107000734657
  minimum_truth_box_clearance_m: 3.0037562605152153
  classification: CLEARANCE_POSITIVE
  minimum_scan_detail:
    stamp_s: 14.304
    robot_x_m: 8.509718804469271
    robot_y_m: -0.15240746274391118
    signed_scan_clearance_m: 3.001107000734657
    clipped_scan_clearance_m: 3.001107000734657
    raw_range_m: 3.3523812294006348
    ray_index: 549
    ray_angle_rad: 1.6559977615252137
    footprint_boundary_range_m: 0.3512742286659777
  minimum_truth_detail:
    stamp_s: 13.404
    clearance_m: 3.0037562605152153
    closest_model: crossing-agent
    model_x_m: 8.0
    model_y_m: 3.5
  contact_count: 0
mechanism_message_count: 111
mechanism_join_valid_count: 111
mechanism_join_valid_fraction: 1.0
mechanism_join_reason_counts:
  EXACT_SEQUENCE_JOIN: 111
mechanism_topology_locked_sample_count: 0
mechanism_corridor_centerline_sample_count: 0
mechanism_maneuver_reverse_sample_count: 0
mechanism_topology_switch_count: 0

