schema_version: '2.0'
architecture_generation: v2
evaluator_id: fam_teb_v2_02_evaluator_1
formal_result: false
runtime_ready: false
scene_id: v2-04g-corridor-s4910
family: CORRIDOR
split: calibration
seed: 4910
instance_sha256: 6d2726ba74e57d38e5de3d881d54d5dda030c1291cf7cbbaeb0c0915c2ff6549
raw_trace_sha256: 80d57f42e2edc7d67036741e4e5fa17685012d131a1e45734b89e4a1bfc3ce36
termination: SUCCESS
metrics:
  common:
    success: true
    collision: false
    navigation_time_s: 17.8
    path_length_m: 10.105561618772226
    mean_abs_speed_mps: 0.5677478151270239
    minimum_clearance_m: 0.4638479325193261
    stop_count: 1
    reverse_distance_m: 0.0
  family:
    lateral_rms_m: 0.08885702490486733
    heading_oscillation_rad: 1.7053525234654499
    emergency_contact_count: 0
stage: V2-04G
method: rule_multi_anchor
episode_timeout_s: 45.0
tracker_message_count: 266
tracker_health_valid_fraction: 1.0
finite_ttc_sample_count: 0
ttc_status: NO_CONFLICT_IN_HORIZON
context_message_count: 89
context_valid_count: 89
context_geometry_sequence:
- CORRIDOR
context_geometry_switch_count: 0
transaction_message_count: 91
transaction_valid_count: 91
transaction_activated_count: 91
transaction_fault_count: 0
transaction_backends:
- simulation_teb_dynamic_reconfigure
active_anchor_sequence:
- anchor_corridor
active_anchor_switch_count: 0
typed_transaction_expected: true
typed_transaction_valid: true
training_used: false
runtime_policy_manifest_access: false
runtime_scene_labels_available: false
experiment_manager_validation_manifest_access: false
runner_fault_reason: ''
supervisor_profile_id: g0_frozen_control
context_geometry_sample_counts:
  BALANCED: 0
  CRUISE: 0
  STATIC_DENSE: 0
  CORRIDOR: 89
  MANEUVER: 0
context_geometry_sample_fractions:
  BALANCED: 0.0
  CRUISE: 0.0
  STATIC_DENSE: 0.0
  CORRIDOR: 1.0
  MANEUVER: 0.0
context_overlay_sample_counts:
  NONE: 89
  CROSSING: 0
  HEAD_ON: 0
  FOLLOW: 0
  OVERTAKE_OR_YIELD: 0
context_overlay_sample_fractions:
  NONE: 1.0
  CROSSING: 0.0
  HEAD_ON: 0.0
  FOLLOW: 0.0
  OVERTAKE_OR_YIELD: 0.0
experiment_manager_calibration_manifest_access: true
mode_measurement_window: post_readiness_goal_execution_only
clearance_audit:
  schema_version: '2.0'
  stage: V2-04G
  evaluator_only_gazebo_truth_used: true
  runtime_policy_received_truth: false
  minimum_signed_scan_clearance_m: 0.4638479325193261
  minimum_truth_box_clearance_m: 0.4709538990929245
  classification: CLEARANCE_POSITIVE
  minimum_scan_detail:
    stamp_s: 5.374
    robot_x_m: 0.04676736208047298
    robot_y_m: -8.73790184518823e-05
    signed_scan_clearance_m: 0.4638479325193261
    clipped_scan_clearance_m: 0.4638479325193261
    raw_range_m: 0.8139156103134155
    ray_index: 537
    ray_angle_rad: 1.55113245267421
    footprint_boundary_range_m: 0.3500676777940894
  minimum_truth_detail:
    stamp_s: 6.974
    clearance_m: 0.4709538990929245
    closest_model: corridor-left
    model_x_m: 4.993127271
    model_y_m: 1.106662846
  contact_count: 0
mechanism_message_count: 0
mechanism_topology_locked_sample_count: 0
mechanism_corridor_centerline_sample_count: 0
mechanism_maneuver_reverse_sample_count: 0
mechanism_topology_switch_count: 0

