WARNING: Package name "gazebo_ros_2Dmap_plugin" does not follow the naming conventions. It should start with a lower case letter and only contain lower case letters, digits, underscores, and dashes.
xacro: in-order processing became default in ROS Melodic. You can drop the option.
WARNING: Package name "gazebo_ros_2Dmap_plugin" does not follow the naming conventions. It should start with a lower case letter and only contain lower case letters, digits, underscores, and dashes.
WARNING: Package name "gazebo_ros_2Dmap_plugin" does not follow the naming conventions. It should start with a lower case letter and only contain lower case letters, digits, underscores, and dashes.
[INFO] [1783913318.254051, 0.000000]: Loading model XML from ros parameter robot_description
[INFO] [1783913318.256542, 0.000000]: Waiting for service /gazebo/spawn_urdf_model
[INFO] [1783913319.161649, 0.000000]: Calling service /gazebo/spawn_urdf_model
[INFO] [1783913319.498077, 0.176000]: Spawn status: SpawnModel: Successfully spawned entity
... logging to /home/robot/.ros/log/ef46b056-7e6a-11f1-91bc-3382cc4c3ed1/roslaunch-WP-669871.log
Checking log directory for disk usage. This may take a while.
Press Ctrl-C to interrupt
]2;/home/robot/robot_ws_base_rl/src/tools/thesis_experiment/launch/t11_formal_run.launch
[1mstarted roslaunch server http://WP:40091/[0m

SUMMARY
========

PARAMETERS
 * /gazebo/enable_ros_network: True
 * /m2_gazebo/simulation_only: True
 * /m2_robot_state_publisher/publish_frequency: 30.0
 * /move_base/TebLocalPlannerROS/acc_lim_theta: 0.8
 * /move_base/TebLocalPlannerROS/acc_lim_x: 0.8
 * /move_base/TebLocalPlannerROS/allow_init_with_backwards_motion: True
 * /move_base/TebLocalPlannerROS/cmd_angle_instead_rotvel: False
 * /move_base/TebLocalPlannerROS/costmap_obstacles_behind_robot_dist: 1.5
 * /move_base/TebLocalPlannerROS/dt_hysteresis: 0.1
 * /move_base/TebLocalPlannerROS/dt_ref: 0.3
 * /move_base/TebLocalPlannerROS/enable_homotopy_class_planning: False
 * /move_base/TebLocalPlannerROS/enable_multithreading: True
 * /move_base/TebLocalPlannerROS/feasibility_check_no_poses: 5
 * /move_base/TebLocalPlannerROS/footprint_model/type: polygon
 * /move_base/TebLocalPlannerROS/footprint_model/vertices: [[0.52, 0.35], [0...
 * /move_base/TebLocalPlannerROS/global_plan_overwrite_orientation: True
 * /move_base/TebLocalPlannerROS/include_costmap_obstacles: True
 * /move_base/TebLocalPlannerROS/inflation_dist: 0.55
 * /move_base/TebLocalPlannerROS/map_frame: odom
 * /move_base/TebLocalPlannerROS/max_global_plan_lookahead_dist: 8.0
 * /move_base/TebLocalPlannerROS/max_number_classes: 4
 * /move_base/TebLocalPlannerROS/max_samples: 500
 * /move_base/TebLocalPlannerROS/max_vel_theta: 1.0
 * /move_base/TebLocalPlannerROS/max_vel_x: 1.2
 * /move_base/TebLocalPlannerROS/max_vel_x_backwards: 0.6
 * /move_base/TebLocalPlannerROS/max_vel_y: 0.0
 * /move_base/TebLocalPlannerROS/min_obstacle_dist: 0.25
 * /move_base/TebLocalPlannerROS/min_turning_radius: 1.2
 * /move_base/TebLocalPlannerROS/obstacle_poses_affected: 15
 * /move_base/TebLocalPlannerROS/odom_topic: /odom
 * /move_base/TebLocalPlannerROS/teb_autosize: True
 * /move_base/TebLocalPlannerROS/weight_acc_lim_theta: 1.0
 * /move_base/TebLocalPlannerROS/weight_acc_lim_x: 1.0
 * /move_base/TebLocalPlannerROS/weight_adapt_factor: 2.0
 * /move_base/TebLocalPlannerROS/weight_inflation: 0.1
 * /move_base/TebLocalPlannerROS/weight_kinematics_forward_drive: 10.0
 * /move_base/TebLocalPlannerROS/weight_kinematics_nh: 1000.0
 * /move_base/TebLocalPlannerROS/weight_kinematics_turning_radius: 10.0
 * /move_base/TebLocalPlannerROS/weight_max_vel_theta: 1.0
 * /move_base/TebLocalPlannerROS/weight_max_vel_x: 2.0
 * /move_base/TebLocalPlannerROS/weight_obstacle: 50.0
 * /move_base/TebLocalPlannerROS/weight_optimaltime: 1.0
 * /move_base/TebLocalPlannerROS/weight_viapoint: 1.0
 * /move_base/TebLocalPlannerROS/wheelbase: 0.65
 * /move_base/base_global_planner: navfn/NavfnROS
 * /move_base/base_local_planner: teb_local_planner...
 * /move_base/clearing_rotation_allowed: False
 * /move_base/controller_frequency: 10.0
 * /move_base/controller_patience: 5.0
 * /move_base/global_costmap/footprint: [[0.52, 0.35], [0...
 * /move_base/global_costmap/footprint_padding: 0.05
 * /move_base/global_costmap/global_frame: odom
 * /move_base/global_costmap/height: 30.0
 * /move_base/global_costmap/inflation_layer/cost_scaling_factor: 4.0
 * /move_base/global_costmap/inflation_layer/enabled: True
 * /move_base/global_costmap/inflation_layer/inflation_radius: 0.55
 * /move_base/global_costmap/obstacle_layer/enabled: True
 * /move_base/global_costmap/obstacle_layer/observation_sources: scan
 * /move_base/global_costmap/obstacle_layer/scan/clearing: True
 * /move_base/global_costmap/obstacle_layer/scan/data_type: LaserScan
 * /move_base/global_costmap/obstacle_layer/scan/inf_is_valid: True
 * /move_base/global_costmap/obstacle_layer/scan/marking: True
 * /move_base/global_costmap/obstacle_layer/scan/obstacle_range: 12.0
 * /move_base/global_costmap/obstacle_layer/scan/raytrace_range: 15.0
 * /move_base/global_costmap/obstacle_layer/scan/sensor_frame: laser_link
 * /move_base/global_costmap/obstacle_layer/scan/topic: /scan
 * /move_base/global_costmap/plugins: [{'name': 'obstac...
 * /move_base/global_costmap/publish_frequency: 2.0
 * /move_base/global_costmap/resolution: 0.05
 * /move_base/global_costmap/robot_base_frame: base_link
 * /move_base/global_costmap/rolling_window: True
 * /move_base/global_costmap/transform_tolerance: 0.3
 * /move_base/global_costmap/update_frequency: 5.0
 * /move_base/global_costmap/width: 30.0
 * /move_base/local_costmap/footprint: [[0.52, 0.35], [0...
 * /move_base/local_costmap/footprint_padding: 0.05
 * /move_base/local_costmap/global_frame: odom
 * /move_base/local_costmap/height: 12.0
 * /move_base/local_costmap/inflation_layer/cost_scaling_factor: 4.0
 * /move_base/local_costmap/inflation_layer/enabled: True
 * /move_base/local_costmap/inflation_layer/inflation_radius: 0.55
 * /move_base/local_costmap/obstacle_layer/enabled: True
 * /move_base/local_costmap/obstacle_layer/observation_sources: scan
 * /move_base/local_costmap/obstacle_layer/scan/clearing: True
 * /move_base/local_costmap/obstacle_layer/scan/data_type: LaserScan
 * /move_base/local_costmap/obstacle_layer/scan/inf_is_valid: True
 * /move_base/local_costmap/obstacle_layer/scan/marking: True
 * /move_base/local_costmap/obstacle_layer/scan/obstacle_range: 12.0
 * /move_base/local_costmap/obstacle_layer/scan/raytrace_range: 15.0
 * /move_base/local_costmap/obstacle_layer/scan/sensor_frame: laser_link
 * /move_base/local_costmap/obstacle_layer/scan/topic: /scan
 * /move_base/local_costmap/plugins: [{'name': 'obstac...
 * /move_base/local_costmap/publish_frequency: 5.0
 * /move_base/local_costmap/resolution: 0.05
 * /move_base/local_costmap/robot_base_frame: base_link
 * /move_base/local_costmap/rolling_window: True
 * /move_base/local_costmap/transform_tolerance: 0.3
 * /move_base/local_costmap/update_frequency: 10.0
 * /move_base/local_costmap/width: 12.0
 * /move_base/oscillation_distance: 0.2
 * /move_base/oscillation_timeout: 10.0
 * /move_base/planner_frequency: 1.0
 * /move_base/planner_patience: 5.0
 * /move_base/recovery_behavior_enabled: False
 * /move_base/shutdown_costmaps: False
 * /robot_description: <?xml version="1....
 * /rosdistro: noetic
 * /rosversion: 1.17.4
 * /t11_formal_run/acceptance_eval_seed_limit: 0
 * /t11_formal_run/acceptance_timesteps: 0
 * /t11_formal_run/algorithm: RL-TEB-Semantic-Eta
 * /t11_formal_run/checkpoint: /home/robot/robot...
 * /t11_formal_run/config: /home/robot/robot...
 * /t11_formal_run/evaluation_seed_override: 601
 * /t11_formal_run/output_dir: /home/robot/robot...
 * /t11_formal_run/phase: ablation
 * /t11_formal_run/residual_config: /home/robot/robot...
 * /t11_formal_run/run_id: t12p_residual_see...
 * /t11_formal_run/safety_mode: T12Safety
 * /t11_formal_run/scene_manifest: /home/robot/robot...
 * /t11_formal_run/semantic_mode: residual_pilot
 * /t11_formal_run/t12_safety_config: /home/robot/robot...
 * /t11_formal_run/task: T12
 * /t11_formal_run/training_seed: 101
 * /t11_formal_run/zero_action_policy: True
 * /use_sim_time: True

NODES
  /
    gazebo (gazebo_ros/gzserver)
    m2_robot_state_publisher (robot_state_publisher/robot_state_publisher)
    move_base (move_base/move_base)
    spawn_m2 (gazebo_ros/spawn_model)
    t11_formal_run (thesis_experiment/t11_formal_run.py)

auto-starting new master
[1mprocess[master]: started with pid [669941][0m
[1mROS_MASTER_URI=http://localhost:11311[0m
]2;/home/robot/robot_ws_base_rl/src/tools/thesis_experiment/launch/t11_formal_run.launch http://localhost:11311
[1msetting /run_id to ef46b056-7e6a-11f1-91bc-3382cc4c3ed1[0m
[1mprocess[rosout-1]: started with pid [669958][0m
started core service [/rosout]
[1mprocess[gazebo-2]: started with pid [669971][0m
[1mprocess[spawn_m2-3]: started with pid [669976][0m
[1mprocess[m2_robot_state_publisher-4]: started with pid [669977][0m
[1mprocess[move_base-5]: started with pid [669978][0m
[1mprocess[t11_formal_run-6]: started with pid [669979][0m
[INFO] [1783913319.835768471, 0.398000000]: global_costmap: Using plugin "obstacle_layer"
[INFO] [1783913319.838852781, 0.400000000]:     Subscribed to Topics: scan
[INFO] [1783913319.844720240, 0.406000000]: global_costmap: Using plugin "inflation_layer"
[INFO] [1783913319.856396850, 0.418000000]: local_costmap: Using plugin "obstacle_layer"
[INFO] [1783913319.857223785, 0.420000000]:     Subscribed to Topics: scan
[INFO] [1783913319.862411608, 0.424000000]: local_costmap: Using plugin "inflation_layer"
[INFO] [1783913319.877327127, 0.440000000]: Created local_planner teb_local_planner/TebLocalPlannerROS
[INFO] [1783913319.893921418, 0.456000000]: Footprint model 'polygon' loaded for trajectory optimization.
[INFO] [1783913319.894064176, 0.456000000]: Parallel planning in distinctive topologies disabled.
[INFO] [1783913319.894077281, 0.456000000]: No costmap conversion plugin specified. All occupied costmap cells are treaten as point obstacles.
[INFO] [1783913319.919387917, 0.482000000]: Footprint model 'polygon' loaded for trajectory optimization.
[INFO] [1783913320.074901880, 0.636000000]: Recovery behavior will clear layer 'obstacles'
[INFO] [1783913320.075715336, 0.638000000]: Recovery behavior will clear layer 'obstacles'
[INFO] [1783913320.134382394, 0.696000000]: odom received!
[INFO] [1783913321.781248361, 2.340000000]: Footprint model 'polygon' loaded for trajectory optimization.
[INFO] [1783913322.341423351, 2.900000000]: Footprint model 'polygon' loaded for trajectory optimization.
[INFO] [1783913322.938798324, 3.498000000]: Footprint model 'polygon' loaded for trajectory optimization.
[INFO] [1783913323.538955944, 4.096000000]: Footprint model 'polygon' loaded for trajectory optimization.
[INFO] [1783913324.187770242, 4.746000000]: Footprint model 'polygon' loaded for trajectory optimization.
[INFO] [1783913324.737004038, 5.296000000]: Footprint model 'polygon' loaded for trajectory optimization.
[INFO] [1783913325.387833574, 5.944000000]: Footprint model 'polygon' loaded for trajectory optimization.
[INFO] [1783913325.990148534, 6.546000000]: Footprint model 'polygon' loaded for trajectory optimization.
[INFO] [1783913330.438715607, 10.988000000]: GOAL Reached!
[INFO] [1783913330.558920181, 11.108000000]: Footprint model 'polygon' loaded for trajectory optimization.
[INFO] [1783913331.389401584, 11.940000000]: Footprint model 'polygon' loaded for trajectory optimization.
[INFO] [1783913331.951943735, 12.498000000]: Footprint model 'polygon' loaded for trajectory optimization.
[INFO] [1783913332.597873507, 13.146000000]: Footprint model 'polygon' loaded for trajectory optimization.
[INFO] [1783913333.194268337, 13.742000000]: Footprint model 'polygon' loaded for trajectory optimization.
[INFO] [1783913333.795408915, 14.342000000]: Footprint model 'polygon' loaded for trajectory optimization.
[INFO] [1783913334.393951101, 14.942000000]: Footprint model 'polygon' loaded for trajectory optimization.
[INFO] [1783913340.445006459, 20.986000000]: GOAL Reached!
[INFO] [1783913340.553473760, 21.094000000]: Footprint model 'polygon' loaded for trajectory optimization.
[INFO] [1783913341.398900969, 21.940000000]: Footprint model 'polygon' loaded for trajectory optimization.
[INFO] [1783913341.994246699, 22.534000000]: Footprint model 'polygon' loaded for trajectory optimization.
[INFO] [1783913342.544383705, 23.084000000]: Footprint model 'polygon' loaded for trajectory optimization.
[INFO] [1783913343.197818005, 23.734000000]: Footprint model 'polygon' loaded for trajectory optimization.
[INFO] [1783913343.747947111, 24.286000000]: Footprint model 'polygon' loaded for trajectory optimization.
[INFO] [1783913344.349336182, 24.886000000]: Footprint model 'polygon' loaded for trajectory optimization.
[INFO] [1783913348.241245624, 28.774000000]: GOAL Reached!
[INFO] [1783913348.361380100, 28.894000000]: Footprint model 'polygon' loaded for trajectory optimization.
[INFO] [1783913349.209327796, 29.740000000]: Footprint model 'polygon' loaded for trajectory optimization.
[INFO] [1783913349.809502575, 30.340000000]: Footpri[WARN] [1783913357.647186, 38.172000]: training environment stop requested: adapter_close
schema_version: '1.0'
task: T12
status: passed
run_id: t12p_residual_seed101
algorithm: RL-TEB-Eta-FullSafety
training_seed: 101
safety_mode: T12Safety
episode_count: 4
step_count: 43
failure_count: 0
run_validation:
  valid: true
  run_id: t12p_residual_seed101
  episode_count: 4
  step_count: 43
  verified_checksum_count: 4
selected_checkpoint: /home/robot/robot_ws_base_rl/artifacts/t11/runs/t11_semantic_eta_fullsafety_seed101/checkpoints/step_000300
passed: true
acceptance_override: false

[INFO] [1783913318.487192945]: Finished loading Gazebo ROS API Plugin.
[INFO] [1783913318.488131754]: waitForService: Service [/gazebo/set_physics_properties] has not been advertised, waiting...
[INFO] [1783913319.145344003, 0.002000000]: waitForService: Service [/gazebo/set_physics_properties] is now available.
[INFO] [1783913319.383960673, 0.176000000]: <initialOrientationAsReference> is unset, using default value of false to comply with REP 145 (world as orientation reference)
[INFO] [1783913319.384010604, 0.176000000]: <robotNamespace> set to: //
[INFO] [1783913319.384018564, 0.176000000]: <topicName> set to: imu/data
[INFO] [1783913319.384024520, 0.176000000]: <frameName> set to: imu_link
[INFO] [1783913319.384047192, 0.176000000]: <updateRateHZ> set to: 50
[INFO] [1783913319.384055152, 0.176000000]: <gaussianNoise> set to: 0
[INFO] [1783913319.384074388, 0.176000000]: <xyzOffset> set to: 0 0 0
[INFO] [1783913319.384092904, 0.176000000]: <rpyOffset> set to: 0 -0 0
[INFO] [1783913319.503200475, 0.176000000]: Physics dynamic reconfigure ready.
[INFO] [1783913319.503624608, 0.176000000]: Laser Plugin: Using the 'robotNamespace' param: '/'
[INFO] [1783913319.503648032, 0.176000000]: Starting Laser Plugin (ns = /)
[INFO] [1783913319.504604429, 0.176000000]: Laser Plugin (ns = /)  <tf_prefix_>, set to ""
[INFO] [1783913319.611814381, 0.176000000]: M2 simulation-only Ackermann interface loaded; cmd_angle_instead_rotvel=false
nt model 'polygon' loaded for trajectory optimization.
[INFO] [1783913350.358837966, 30.890000000]: Footprint model 'polygon' loaded for trajectory optimization.
[INFO] [1783913351.006998891, 31.538000000]: Footprint model 'polygon' loaded for trajectory optimization.
[INFO] [1783913351.605743937, 32.138000000]: Footprint model 'polygon' loaded for trajectory optimization.
[INFO] [1783913352.206043577, 32.736000000]: Footprint model 'polygon' loaded for trajectory optimization.
[INFO] [1783913356.648880201, 37.176000000]: GOAL Reached!
[INFO] [1783913356.776078788, 37.302000000]: Footprint model 'polygon' loaded for trajectory optimization.
[INFO] [1783913357.655391502, 38.180000000]: Footprint model 'polygon' loaded for trajectory optimization.
[INFO] [1783913357.671477182, 38.196000000]: Footprint model 'polygon' loaded for trajectory optimization.
[31mWARNING: disk usage in log directory [/home/robot/.ros/log] is over 1GB.
It's recommended that you use the 'rosclean' command.[0m
WARNING: Package name "gazebo_ros_2Dmap_plugin" does not follow the naming conventions. It should start with a lower case letter and only contain lower case letters, digits, underscores, and dashes.
WARNING: Package name "gazebo_ros_2Dmap_plugin" does not follow the naming conventions. It should start with a lower case letter and only contain lower case letters, digits, underscores, and dashes.
[31m================================================================================REQUIRED process [t11_formal_run-6] has died!
process has finished cleanly
log file: /home/robot/.ros/log/ef46b056-7e6a-11f1-91bc-3382cc4c3ed1/t11_formal_run-6*.log
Initiating shutdown!
================================================================================[0m
[1m[spawn_m2-3] process has finished cleanly
log file: /home/robot/.ros/log/ef46b056-7e6a-11f1-91bc-3382cc4c3ed1/spawn_m2-3*.log[0m
[t11_formal_run-6] killing on exit
[move_base-5] killing on exit
[m2_robot_state_publisher-4] killing on exit
[gazebo-2] killing on exit
[rosout-1] killing on exit
[master] killing on exit
shutting down processing monitor...
... shutting down processing monitor complete
[1mdone[0m
