WARNING: Package name "gazebo_ros_2Dmap_plugin" does not follow the naming conventions. It should start with a lower case letter and only contain lower case letters, digits, underscores, and dashes.
xacro: in-order processing became default in ROS Melodic. You can drop the option.
WARNING: Package name "gazebo_ros_2Dmap_plugin" does not follow the naming conventions. It should start with a lower case letter and only contain lower case letters, digits, underscores, and dashes.
WARNING: Package name "gazebo_ros_2Dmap_plugin" does not follow the naming conventions. It should start with a lower case letter and only contain lower case letters, digits, underscores, and dashes.
[INFO] [1783912123.109057, 0.000000]: Loading model XML from ros parameter robot_description
[INFO] [1783912123.111738, 0.000000]: Waiting for service /gazebo/spawn_urdf_model
[INFO] [1783912124.018234, 0.102000]: Calling service /gazebo/spawn_urdf_model
[INFO] [1783912124.269006, 0.174000]: Spawn status: SpawnModel: Successfully spawned entity
... logging to /home/robot/.ros/log/26d5b920-7e68-11f1-91bc-3382cc4c3ed1/roslaunch-WP-599264.log
Checking log directory for disk usage. This may take a while.
Press Ctrl-C to interrupt
]2;/home/robot/robot_ws_base_rl/src/tools/thesis_experiment/launch/t11_formal_run.launch
[1mstarted roslaunch server http://WP:41549/[0m

SUMMARY
========

PARAMETERS
 * /gazebo/enable_ros_network: True
 * /m2_gazebo/simulation_only: True
 * /m2_robot_state_publisher/publish_frequency: 30.0
 * /move_base/TebLocalPlannerROS/acc_lim_theta: 0.8
 * /move_base/TebLocalPlannerROS/acc_lim_x: 0.8
 * /move_base/TebLocalPlannerROS/allow_init_with_backwards_motion: True
 * /move_base/TebLocalPlannerROS/cmd_angle_instead_rotvel: False
 * /move_base/TebLocalPlannerROS/costmap_obstacles_behind_robot_dist: 1.5
 * /move_base/TebLocalPlannerROS/dt_hysteresis: 0.1
 * /move_base/TebLocalPlannerROS/dt_ref: 0.3
 * /move_base/TebLocalPlannerROS/enable_homotopy_class_planning: False
 * /move_base/TebLocalPlannerROS/enable_multithreading: True
 * /move_base/TebLocalPlannerROS/feasibility_check_no_poses: 5
 * /move_base/TebLocalPlannerROS/footprint_model/type: polygon
 * /move_base/TebLocalPlannerROS/footprint_model/vertices: [[0.52, 0.35], [0...
 * /move_base/TebLocalPlannerROS/global_plan_overwrite_orientation: True
 * /move_base/TebLocalPlannerROS/include_costmap_obstacles: True
 * /move_base/TebLocalPlannerROS/inflation_dist: 0.55
 * /move_base/TebLocalPlannerROS/map_frame: odom
 * /move_base/TebLocalPlannerROS/max_global_plan_lookahead_dist: 8.0
 * /move_base/TebLocalPlannerROS/max_number_classes: 4
 * /move_base/TebLocalPlannerROS/max_samples: 500
 * /move_base/TebLocalPlannerROS/max_vel_theta: 1.0
 * /move_base/TebLocalPlannerROS/max_vel_x: 1.2
 * /move_base/TebLocalPlannerROS/max_vel_x_backwards: 0.6
 * /move_base/TebLocalPlannerROS/max_vel_y: 0.0
 * /move_base/TebLocalPlannerROS/min_obstacle_dist: 0.25
 * /move_base/TebLocalPlannerROS/min_turning_radius: 1.2
 * /move_base/TebLocalPlannerROS/obstacle_poses_affected: 15
 * /move_base/TebLocalPlannerROS/odom_topic: /odom
 * /move_base/TebLocalPlannerROS/teb_autosize: True
 * /move_base/TebLocalPlannerROS/weight_acc_lim_theta: 1.0
 * /move_base/TebLocalPlannerROS/weight_acc_lim_x: 1.0
 * /move_base/TebLocalPlannerROS/weight_adapt_factor: 2.0
 * /move_base/TebLocalPlannerROS/weight_inflation: 0.1
 * /move_base/TebLocalPlannerROS/weight_kinematics_forward_drive: 10.0
 * /move_base/TebLocalPlannerROS/weight_kinematics_nh: 1000.0
 * /move_base/TebLocalPlannerROS/weight_kinematics_turning_radius: 10.0
 * /move_base/TebLocalPlannerROS/weight_max_vel_theta: 1.0
 * /move_base/TebLocalPlannerROS/weight_max_vel_x: 2.0
 * /move_base/TebLocalPlannerROS/weight_obstacle: 50.0
 * /move_base/TebLocalPlannerROS/weight_optimaltime: 1.0
 * /move_base/TebLocalPlannerROS/weight_viapoint: 1.0
 * /move_base/TebLocalPlannerROS/wheelbase: 0.65
 * /move_base/base_global_planner: navfn/NavfnROS
 * /move_base/base_local_planner: teb_local_planner...
 * /move_base/clearing_rotation_allowed: False
 * /move_base/controller_frequency: 10.0
 * /move_base/controller_patience: 5.0
 * /move_base/global_costmap/footprint: [[0.52, 0.35], [0...
 * /move_base/global_costmap/footprint_padding: 0.05
 * /move_base/global_costmap/global_frame: odom
 * /move_base/global_costmap/height: 30.0
 * /move_base/global_costmap/inflation_layer/cost_scaling_factor: 4.0
 * /move_base/global_costmap/inflation_layer/enabled: True
 * /move_base/global_costmap/inflation_layer/inflation_radius: 0.55
 * /move_base/global_costmap/obstacle_layer/enabled: True
 * /move_base/global_costmap/obstacle_layer/observation_sources: scan
 * /move_base/global_costmap/obstacle_layer/scan/clearing: True
 * /move_base/global_costmap/obstacle_layer/scan/data_type: LaserScan
 * /move_base/global_costmap/obstacle_layer/scan/inf_is_valid: True
 * /move_base/global_costmap/obstacle_layer/scan/marking: True
 * /move_base/global_costmap/obstacle_layer/scan/obstacle_range: 12.0
 * /move_base/global_costmap/obstacle_layer/scan/raytrace_range: 15.0
 * /move_base/global_costmap/obstacle_layer/scan/sensor_frame: laser_link
 * /move_base/global_costmap/obstacle_layer/scan/topic: /scan
 * /move_base/global_costmap/plugins: [{'name': 'obstac...
 * /move_base/global_costmap/publish_frequency: 2.0
 * /move_base/global_costmap/resolution: 0.05
 * /move_base/global_costmap/robot_base_frame: base_link
 * /move_base/global_costmap/rolling_window: True
 * /move_base/global_costmap/transform_tolerance: 0.3
 * /move_base/global_costmap/update_frequency: 5.0
 * /move_base/global_costmap/width: 30.0
 * /move_base/local_costmap/footprint: [[0.52, 0.35], [0...
 * /move_base/local_costmap/footprint_padding: 0.05
 * /move_base/local_costmap/global_frame: odom
 * /move_base/local_costmap/height: 12.0
 * /move_base/local_costmap/inflation_layer/cost_scaling_factor: 4.0
 * /move_base/local_costmap/inflation_layer/enabled: True
 * /move_base/local_costmap/inflation_layer/inflation_radius: 0.55
 * /move_base/local_costmap/obstacle_layer/enabled: True
 * /move_base/local_costmap/obstacle_layer/observation_sources: scan
 * /move_base/local_costmap/obstacle_layer/scan/clearing: True
 * /move_base/local_costmap/obstacle_layer/scan/data_type: LaserScan
 * /move_base/local_costmap/obstacle_layer/scan/inf_is_valid: True
 * /move_base/local_costmap/obstacle_layer/scan/marking: True
 * /move_base/local_costmap/obstacle_layer/scan/obstacle_range: 12.0
 * /move_base/local_costmap/obstacle_layer/scan/raytrace_range: 15.0
 * /move_base/local_costmap/obstacle_layer/scan/sensor_frame: laser_link
 * /move_base/local_costmap/obstacle_layer/scan/topic: /scan
 * /move_base/local_costmap/plugins: [{'name': 'obstac...
 * /move_base/local_costmap/publish_frequency: 5.0
 * /move_base/local_costmap/resolution: 0.05
 * /move_base/local_costmap/robot_base_frame: base_link
 * /move_base/local_costmap/rolling_window: True
 * /move_base/local_costmap/transform_tolerance: 0.3
 * /move_base/local_costmap/update_frequency: 10.0
 * /move_base/local_costmap/width: 12.0
 * /move_base/oscillation_distance: 0.2
 * /move_base/oscillation_timeout: 10.0
 * /move_base/planner_frequency: 1.0
 * /move_base/planner_patience: 5.0
 * /move_base/recovery_behavior_enabled: False
 * /move_base/shutdown_costmaps: False
 * /robot_description: <?xml version="1....
 * /rosdistro: noetic
 * /rosversion: 1.17.4
 * /t11_formal_run/acceptance_eval_seed_limit: 0
 * /t11_formal_run/acceptance_timesteps: 0
 * /t11_formal_run/algorithm: RL-TEB-Semantic-Eta
 * /t11_formal_run/checkpoint: /home/robot/robot...
 * /t11_formal_run/config: /home/robot/robot...
 * /t11_formal_run/evaluation_seed_override: 601
 * /t11_formal_run/output_dir: /home/robot/robot...
 * /t11_formal_run/phase: ablation
 * /t11_formal_run/residual_config: /home/robot/robot...
 * /t11_formal_run/run_id: t12p_directional_...
 * /t11_formal_run/safety_mode: T12Safety
 * /t11_formal_run/scene_manifest: /home/robot/robot...
 * /t11_formal_run/semantic_mode: cumulative
 * /t11_formal_run/t12_safety_config: /home/robot/robot...
 * /t11_formal_run/task: T12
 * /t11_formal_run/training_seed: 101
 * /use_sim_time: True

NODES
  /
    gazebo (gazebo_ros/gzserver)
    m2_robot_state_publisher (robot_state_publisher/robot_state_publisher)
    move_base (move_base/move_base)
    spawn_m2 (gazebo_ros/spawn_model)
    t11_formal_run (thesis_experiment/t11_formal_run.py)

auto-starting new master
[1mprocess[master]: started with pid [599335][0m
[1mROS_MASTER_URI=http://localhost:11311[0m
]2;/home/robot/robot_ws_base_rl/src/tools/thesis_experiment/launch/t11_formal_run.launch http://localhost:11311
[1msetting /run_id to 26d5b920-7e68-11f1-91bc-3382cc4c3ed1[0m
[1mprocess[rosout-1]: started with pid [599363][0m
started core service [/rosout]
[1mprocess[gazebo-2]: started with pid [599370][0m
[1mprocess[spawn_m2-3]: started with pid [599374][0m
[1mprocess[m2_robot_state_publisher-4]: started with pid [599376][0m
[1mprocess[move_base-5]: started with pid [599377][0m
[1mprocess[t11_formal_run-6]: started with pid [599378][0m
[WARN] [1783912135.063887881, 10.844000000]: Control loop missed its desired rate of 10.0000Hz... the loop actually took 0.1160 seconds
[WARN] [1783912135.187182911, 10.970000000]: Control loop missed its desired rate of 10.0000Hz... the loop actually took 0.1400 seconds
[WARN] [1783912135.321471654, 11.104000000]: Control loop missed its desired rate of 10.0000Hz... the loop actually took 0.1760 seconds
[WARN] [1783912135.321902011, 11.104000000]: Map update loop missed its desired rate of 10.0000Hz... the loop actually took 0.1320 seconds
[WARN] [1783912135.464539769, 11.246000000]: Control loop missed its desired rate of 10.0000Hz... the loop actually took 0.2180 seconds
[WARN] [1783912135.610252310, 11.392000000]: Control loop missed its desired rate of 10.0000Hz... the loop actually took 0.1460 seconds
[WARN] [1783912135.610714921, 11.392000000]: Map update loop missed its desired rate of 10.0000Hz... the loop actually took 0.3200 seconds
[WARN] [1783912135.773084654, 11.556000000]: Control loop missed its desired rate of 10.0000Hz... the loop actually took 0.2100 seconds
[WARN] [1783912135.773485439, 11.556000000]: Map update loop missed its desired rate of 10.0000Hz... the loop actually took 0.1640 seconds
[WARN] [1783912135.922838254, 11.704000000]: Control loop missed its desired rate of 10.0000Hz... the loop actually took 0.1480 seconds
[WARN] [1783912135.923232436, 11.706000000]: Map update loop missed its desired rate of 10.0000Hz... the loop actually took 0.1140 seconds
[WARN] [1783912136.072375992, 11.852000000]: Control loop missed its desired rate of 10.0000Hz... the loop actually took 0.1960 seconds
[WARN] [1783912136.239665979, 12.020000000]: Control loop missed its desired rate of 10.0000Hz... the loop actually took 0.2640 seconds
[WARN] [1783912136.240171406, 12.020000000]: Map update loop missed its desired rate of 10.0000Hz... the loop actually took 0.1280 seconds
[WARN] [1783912136.405449081, 12.186000000]: Control loop missed its desired rate of 10.0000Hz... the loop actually took 0.1660 seconds
[WARN] [1783912136.576156633, 12.358000000]: Control loop missed its desired rate of 10.0000Hz... the loop actually took 0.2380 seconds
[WARN] [1783912136.576667088, 12.358000000]: Map update loop missed its desired rate of 10.0000Hz... the loop actually took 0.1660 seconds
[WARN] [1783912137.613708726, 13.390000000]: Control loop missed its desired rate of 10.0000Hz... the loop actually took 0.1400 seconds
[WARN] [1783912137.757287588, 13.532000000]: Control loop missed its desired rate of 10.0000Hz... the loop actually took 0.1820 seconds
[WARN] [1783912137.757727984, 13.532000000]: Map update loop missed its desired rate of 10.0000Hz... the loop actually took 0.1400 seconds
[WARN] [1783912137.899506887, 13.676000000]: Control loop missed its desired rate of 10.0000Hz... the loop actually took 0.2260 seconds
[WARN] [1783912138.060569708, 13.838000000]: Control loop missed its desired rate of 10.0000Hz... the loop actually took 0.1620 seconds
[WARN] [1783912138.061014372, 13.838000000]: Map update loop missed its desired rate of 10.0000Hz... the loop actually took 0.1460 seconds
[WARN] [1783912138.224861468, 14.002000000]: Control loop missed its desired rate of 10.0000Hz... the loop actually took 0.2260 seconds
[WARN] [1783912138.225318595, 14.002000000]: Map update loop missed its desired rate of 10.0000Hz... the loop actually took 0.2100 seconds
[WARN] [1783912138.395451219, 14.172000000]: Control loop missed its desired rate of 10.0000Hz... the loop actually took 0.1700 seconds
[WARN] [1783912138.395914634, 14.172000000]: Map update loop missed its desired rate of 10.0000Hz... the loop actually took 0.1700 seconds
[WARN] [1783912138.585876671, 14.362000000]: Control loop missed its desired rate of 10.0000Hz... the loop actually took 0.2600 seconds
[WARN] [1783912138.586373818, 14.362000000]: Map update loop missed its desired rate of 10.0000Hz... the loop actually took 0.1600 seconds
[WARN] [1783912138.767215914, 14.542000000]: Control loop missed its desired rate of 10.0000Hz... the loop actually took 0.1800 seconds
[WARN] [1783912138.767832126, 14.542000000]: Map update loop missed its desired rate of 10.0000Hz... the loop actually took 0.1400 seconds
[WARN] [1783912138.958579045, 14.732000000]: Control loop missed its desired rate of 10.0000Hz... the loop actually took 0.2700 seconds
[WARN] [1783912138.959064721, 14.734000000]: Map update loop missed its desired rate of 10.0000Hz... the loop actually took 0.1320 seconds
[WARN] [1783912139.167114649, 14.944000000]: Control loop missed its desired rate of 10.0000Hz... the loop actually took 0.2120 seconds
[WARN] [1783912139.167472613, 14.944000000]: Map update loop missed its desired rate of 10.0000Hz... the loop actually took 0.1420 seconds
[WARN] [1783912139.360185885, 15.136000000]: Control loop missed its desired rate of 10.0000Hz... the loop actually took 0.1920 seconds
[WARN] [1783912139.360730993, 15.138000000]: Map update loop missed its desired rate of 10.0000Hz... the loop actually took 0.1360 seconds
[WARN] [1783912139.559519100, 15.336000000]: Control loop missed its desired rate of 10.0000Hz... the loop actually took 0.2920 seconds
[WARN] [1783912139.560145166, 15.338000000]: Map update loop missed its desired rate of 10.0000Hz... the loop actually took 0.1360 seconds
[WARN] [1783912139.766033759, 15.544000000]: Control loop missed its desired rate of 10.0000Hz... the loop actually took 0.2080 seconds
[WARN] [1783912139.766595352, 15.544000000]: Map update loop missed its desired rate of 10.0000Hz... the loop actually took 0.2420 seconds
[WARN] [1783912139.968844048, 15.744000000]: Control loop missed its desired rate of 10.0000Hz... the loop actually took 0.2000 seconds
[WARN] [1783912139.969372612, 15.746000000]: Map update loop missed its desired rate of 10.0000Hz... the loop actually took 0.1020 seconds
[WARN] [1783912140.165234844, 15.942000000]: Control loop missed its desired rate of 10.0000Hz... the loop actually took 0.2980 seconds
[WARN] [1783912140.165844826, 15.942000000]: Map update loop missed its desired rate of 10.0000Hz... the loop actually took 0.1980 seconds
[WARN] [1783912140.360852367, 16.138000000]: Control loop missed its desired rate of 10.0000Hz... the loop actually took 0.1960 seconds
[WARN] [1783912140.361324174, 16.138000000]: Map update loop missed its desired rate of 10.0000Hz... the loop actually took 0.2940 seconds
[WARN] [1783912140.566389899, 16.342000000]: Control loop missed its desired rate of 10.0000Hz... the loop actually took 0.3000 seconds
[WARN] [1783912140.566930140, 16.342000000]: Map update loop missed its desired rate of 10.0000Hz... the loop actually took 0.1040 seconds
[WARN] [1783912140.776502334, 16.550000000]: Control loop missed its desired rate of 10.0000Hz... the loop actually took 0.2080 seconds
[WARN] [1783912140.777047072, 16.552000000]: Map update loop missed its desired rate of 10.0000Hz... the loop actually took 0.1140 seconds
[WARN] [1783912140.985151255, 16.760000000]: Control loop missed its desired rate of 10.0000Hz... the loop actually took 0.2100 seconds
[WARN] [1783912140.985749957, 16.760000000]: Map update loop missed its desired rate of 10.0000Hz... the loop actually took 0.1220 seconds
[WARN] [1783912141.198227065, 16.970000000]: Control loop missed its desired rate of 10.0000Hz... the loop actually took 0.2100 seconds
[WARN] [1783912141.198766643, 16.972000000]: Map update loop missed its desired rate of 10.0000Hz... the loop actually took 0.1340 seconds
[WARN] [1783912141.416491855, 17.192000000]: Control loop missed its desired rate of 10.0000Hz... the loop actually took 0.2220 seconds
[WARN] [1783912141.417064824, 17.192000000]: Map update loop missed its desired rate of 10.0000Hz... the loop actually took 0.2540 seconds
[WARN] [1783912141.643254835, 17.418000000]: Control loop missed its desired rate of 10.0000Hz... the loop actually took 0.2260 seconds
[WARN] [1783912141.643667243, 17.420000000]: Map update loop missed its desired rate of 10.0000Hz... the loop actually took 0.1280 seconds
[WARN] [1783912141.848997598, 17.624000000]: Control loop missed its desired rate of 10.0000Hz... the loop actually took 0.2060 seconds
[WARN] [1783912141.849439071, 17.626000000]: Map update loop missed its desired rate of 10.0000Hz... the loop actually took 0.2340 seconds
[WARN] [1783912142.064488878, 17.840000000]: Control loop missed its desired rate of 10.0000Hz... the loop actually took 0.2160 seconds
[WARN] [1783912142.064873509, 17.840000000]: Map update loop missed its desired rate of 10.0000Hz... the loop actually took 0.1140 seconds
[WARN] [1783912142.277559820, 18.052000000]: Control loop missed its desired rate of 10.0000Hz... the loop actually took 0.2120 seconds
[WARN] [1783912142.278072711, 18.052000000]: Map update loop missed its desired rate of 10.0000Hz... the loop actually took 0.1260 seconds
[WARN] [1783912142.498050161, 18.272000000]: Control loop missed its desired rate of 10.0000Hz... the loop actually took 0.2200 seconds
[WARN] [1783912142.498612733, 18.272000000]: Map update loop missed its desired rate of 10.0000Hz... the loop actually took 0.2460 seconds
[WARN] [1783912142.722041920, 18.494000000]: Control loop missed its desired rate of 10.0000Hz... the loop actually took 0.2220 seconds
[WARN] [1783912142.722431001, 18.494000000]: Map update loop missed its desired rate of 10.0000Hz... the loop actually took 0.2220 seconds
[WARN] [1783912142.976835182, 18.748000000]: Control loop missed its desired rate of 10.0000Hz... the loop actually took 0.2540 seconds
[WARN] [1783912142.977380082, 18.748000000]: Map update loop missed its desired rate of 10.0000Hz... the loop actually took 0.1540 seconds
[WARN] [1783912143.203263746, 18.976000000]: Control loop missed its desired rate of 10.0000Hz... the loop actually took 0.2280 seconds
[WARN] [1783912143.203826548, 18.976000000]: Map update loop missed its desired rate of 10.0000Hz... the loop actually took 0.1820 seconds
[WARN] [1783912143.427348582, 19.200000000]: Control loop missed its desired rate of 10.0000Hz... the loop actually took 0.2240 seconds
[WARN] [1783912143.427983542, 19.202000000]: Map update loop missed its desired rate of 10.0000Hz... the loop actually took 0.3080 seconds
[WARN] [1783912143.648484379, 19.422000000]: Control loop missed its desired rate of 10.0000Hz... the loop actually took 0.2220 seconds
[WARN] [1783912143.649064921, 19.422000000]: Map update loop missed its desired rate of 10.0000Hz... the loop actually took 0.2200 seconds
[WARN] [1783912143.892256746, 19.666000000]: Control loop missed its desired rate of 10.0000Hz... the loop actually took 0.2440 seconds
[WARN] [1783912143.892839244, 19.666000000]: Map update loop missed its desired rate of 10.0000Hz... the loop actually took 0.2440 seconds
[WARN] [1783912144.120357595, 19.892000000]: Control loop missed its desired rate of 10.0000Hz... the loop actually took 0.2260 seconds
[WARN] [1783912144.120906007, 19.892000000]: Map update loop missed its desired rate of 10.0000Hz... the loop actually took 0.1260 seconds
[WARN] [1783912144.357953215, 20.130000000]: Control loop missed its desired rate of 10.0000Hz... the loop actually took 0.2380 seconds
[WARN] [1783912144.358483286, 20.130000000]: Map update loop missed its desired rate of 10.0000Hz... the loop actually took 0.1640 seconds
[WARN] [1783912144.576359334, 20.350000000]: Control loop missed its desired rate of 10.0000Hz... the loop actually took 0.2200 seconds
[WARN] [1783912144.576896441, 20.350000000]: Map update loop missed its desired rate of 10.0000Hz... the loop actually took 0.1840 seconds
[WARN] [1783912144.809766325, 20.582000000]: Control loop missed its desired rate of 10.0000Hz... the loop actually took 0.2320 seconds
[WARN] [1783912144.810287875, 20.582000000]: Map update loop missed its desired rate of 10.0000Hz... the loop actually took 0.3160 seconds
[WARN] [1783912145.051865200, 20.822000000]: Control loop missed its desired rate of 10.0000Hz... the loop actually took 0.2400 seconds
[WARN] [1783912145.052399850, 20.824000000]: Map update loop missed its desired rate of 10.0000Hz... the loop actually took 0.1420 seconds
[WARN] [1783912145.315761958, 21.086000000]: Control loop missed its desired rate of 10.0000Hz... the loop actually took 0.2640 seconds
[WARN] [1783912145.316319303, 21.086000000]: Map update loop missed its desired rate of 10.0000Hz... the loop actually took 0.2040 seconds
[WARN] [1783912145.559775021, 21.330000000]: Control loop missed its desired rate of 10.0000Hz... the loop actually took 0.2440 seconds
[WARN] [1783912145.560379337, 21.330000000]: Map update loop missed its desired rate of 10.0000Hz... the loop actually took 0.1440 seconds
[WARN] [1783912145.812557257, 21.582000000]: Control loop missed its desired rate of 10.0000Hz... the loop actually took 0.2520 seconds
[WARN] [1783912145.812924452, 21.582000000]: Map update loop missed its desired rate of 10.0000Hz... the loop actually took 0.2960 seconds
[WARN] [1783912146.058165369, 21.828000000]: Control loop missed its desired rate of 10.0000Hz... the loop actually took 0.2460 seconds
[WARN] [1783912146.058704452, 21.828000000]: Map update loop missed its desired rate of 10.0000Hz... the loop actually took 0.1460 seconds
[WARN] [1783912146.305998932, 22.076000000]: Control loop missed its desired rate of 10.0000Hz... the loop actually took 0.2480 seconds
[WARN] [1783912146.306547330, 22.076000000]: Map update loop missed its desired rate of 10.0000Hz... the loop actually took 0.2940 seconds
[WARN] [1783912146.535895459, 22.304000000]: Control loop missed its desired rate of 10.0000Hz... the loop actually took 0.2280 seconds
[WARN] [1783912146.536364202, 22.306000000]: Map update loop missed its desired rate of 10.0000Hz... the loop actually took 0.1300 seconds
[INFO] [1783912124.544003918, 0.334000000]: global_costmap: Using plugin "obstacle_layer"
[INFO] [1783912124.548193174, 0.340000000]:     Subscribed to Topics: scan
[INFO] [1783912124.553915287, 0.344000000]: global_costmap: Using plugin "inflation_layer"
[INFO] [1783912124.568467072, 0.360000000]: local_costmap: Using plugin "obstacle_layer"
[INFO] [1783912124.569390577, 0.360000000]:     Subscribed to Topics: scan
[INFO] [1783912124.574207861, 0.366000000]: local_costmap: Using plugin "inflation_layer"
[INFO] [1783912124.585833740, 0.378000000]: Created local_planner teb_local_planner/TebLocalPlannerROS
[INFO] [1783912124.603670631, 0.394000000]: Footprint model 'polygon' loaded for trajectory optimization.
[INFO] [1783912124.603831094, 0.396000000]: Parallel planning in distinctive topologies disabled.
[INFO] [1783912124.603844962, 0.396000000]: No costmap conversion plugin specified. All occupied costmap cells are treaten as point obstacles.
[INFO] [1783912124.626179692, 0.418000000]: Footprint model 'polygon' loaded for trajectory optimization.
[INFO] [1783912124.784169995, 0.576000000]: Recovery behavior will clear layer 'obstacles'
[INFO] [1783912124.785549130, 0.578000000]: Recovery behavior will clear layer 'obstacles'
[INFO] [1783912124.794592703, 0.586000000]: odom received!
[INFO] [1783912126.428151129, 2.218000000]: Footprint model 'polygon' loaded for trajectory optimization.
[INFO] [1783912127.028281483, 2.818000000]: Footprint model 'polygon' loaded for trajectory optimization.
[INFO] [1783912127.624652713, 3.416000000]: Footprint model 'polygon' loaded for trajectory optimization.
[INFO] [1783912128.174417906, 3.964000000]: Footprint model 'polygon' loaded for trajectory optimization.
[INFO] [1783912128.775135096, 4.564000000]: Footprint model 'polygon' loaded for trajectory optimization.
[INFO] [1783912129.518770322, 5.308000000]: Footprint model 'polygon' loaded for trajectory optimization.
[INFO] [1783912130.412104595, 6.198000000]: Footprint model 'polygon' loaded for trajectory optimization.
[INFO] [1783912131.010879962, 6.798000000]: Footprint model 'polygon' loaded for trajectory optimization.
[INFO] [1783912131.609666287, 7.396000000]: Footprint model 'polygon' loaded for trajectory optimization.
[INFO] [1783912132.213203941, 8.000000000]: Footprint model 'polygon' loaded for trajectory optimization.
[INFO] [1783912132.763545948, 8.548000000]: Footprint model 'polygon' loaded for trajectory optimization.
[INFO] [1783912133.507130164, 9.292000000]: Footprint model 'polygon' loaded for trajectory optimization.
[INFO] [1783912134.416883069, 10.198000000]: Footprint model 'polygon' loaded for trajectory optimization.
[INFO] [1783912135.064670845, 10.846000000]: Footprint model 'polygon' loaded for trajectory optimization.
[INFO] [1783912135.773642867, 11.556000000]: Footprint model 'polygon' loaded for trajectory optimization.
[INFO] [1783912136.631888603, 12.412000000]: Footprint model 'polygon' loaded for trajectory optimization.
[INFO] [1783912137.757926068, 13.532000000]: Footprint model 'polygon' loaded for trajectory optimization.
[INFO] [1783912138.586522104, 14.362000000]: Footprint model 'polygon' loaded for trajectory optimization.
[INFO] [1783912139.360774045, 15.138000000]: Footprint model 'polygon' loaded for trajectory optimization.
[INFO] [1783912140.165784525, 15.942000000]: Footprint model 'polygon' loaded for trajectory optimization.
[INFO] [1783912140.986088236, 16.760000000]: Footprint model 'polygon' loaded for trajectory optimization.
[INFO] [1783912141.849719421, 17.626000000]: Footprint model 'polygon' loaded for trajectory optimization.
[INFO] [1783912142.722646552, 18.496000000]: Footprint model 'polygon' loaded for trajectory optimization.
[INFO] [1783912143.648985608, 19.422000000]: Footprint model 'polygon' loaded for trajectory optimization.
[INFO] [1783912144.576847919, 20.350000000]: Footprint model 'polygon' loaded for trajectory optimization.
[INFO] [1783912145.560633500, 21.330000000]: Footprint model 'polygon' loaded for trajectory optimization.
[INFO] [1783912146.[WARN] [1783912146.775611484, 22.544000000]: Control loop missed its desired rate of 10.0000Hz... the loop actually took 0.2400 seconds
[WARN] [1783912146.776074861, 22.546000000]: Map update loop missed its desired rate of 10.0000Hz... the loop actually took 0.2700 seconds
[WARN] [1783912147.014813193, 22.784000000]: Control loop missed its desired rate of 10.0000Hz... the loop actually took 0.2400 seconds
[WARN] [1783912147.015223291, 22.784000000]: Map update loop missed its desired rate of 10.0000Hz... the loop actually took 0.2380 seconds
[WARN] [1783912147.248675179, 23.018000000]: Control loop missed its desired rate of 10.0000Hz... the loop actually took 0.2340 seconds
[WARN] [1783912147.249092833, 23.018000000]: Map update loop missed its desired rate of 10.0000Hz... the loop actually took 0.2340 seconds
[WARN] [1783912147.483828670, 23.252000000]: Control loop missed its desired rate of 10.0000Hz... the loop actually took 0.2340 seconds
[WARN] [1783912147.484199881, 23.252000000]: Map update loop missed its desired rate of 10.0000Hz... the loop actually took 0.1340 seconds
[WARN] [1783912147.705855280, 23.474000000]: Control loop missed its desired rate of 10.0000Hz... the loop actually took 0.2220 seconds
[WARN] [1783912147.706244958, 23.474000000]: Map update loop missed its desired rate of 10.0000Hz... the loop actually took 0.1560 seconds
[WARN] [1783912147.921262864, 23.690000000]: Control loop missed its desired rate of 10.0000Hz... the loop actually took 0.2160 seconds
[WARN] [1783912147.921676770, 23.690000000]: Map update loop missed its desired rate of 10.0000Hz... the loop actually took 0.1720 seconds
[WARN] [1783912148.140442010, 23.908000000]: Control loop missed its desired rate of 10.0000Hz... the loop actually took 0.2180 seconds
[WARN] [1783912148.140810909, 23.908000000]: Map update loop missed its desired rate of 10.0000Hz... the loop actually took 0.1900 seconds
[WARN] [1783912148.367693686, 24.136000000]: Control loop missed its desired rate of 10.0000Hz... the loop actually took 0.2280 seconds
[WARN] [1783912148.368148571, 24.136000000]: Map update loop missed its desired rate of 10.0000Hz... the loop actually took 0.2180 seconds
[WARN] [1783912148.595740167, 24.362000000]: Control loop missed its desired rate of 10.0000Hz... the loop actually took 0.2260 seconds
[WARN] [1783912148.596287808, 24.364000000]: Map update loop missed its desired rate of 10.0000Hz... the loop actually took 0.1280 seconds
[WARN] [1783912148.832480013, 24.600000000]: Control loop missed its desired rate of 10.0000Hz... the loop actually took 0.2380 seconds
[WARN] [1783912148.832981727, 24.600000000]: Map update loop missed its desired rate of 10.0000Hz... the loop actually took 0.2640 seconds
[WARN] [1783912149.054815275, 24.824000000]: Control loop missed its desired rate of 10.0000Hz... the loop actually took 0.2240 seconds
[WARN] [1783912149.055328063, 24.824000000]: Map update loop missed its desired rate of 10.0000Hz... the loop actually took 0.1240 seconds
[WARN] [1783912149.274758558, 25.042000000]: Control loop missed its desired rate of 10.0000Hz... the loop actually took 0.2180 seconds
[WARN] [1783912129.372313, 5.162000]: training environment stop requested: CandidateRejected: max_vel_theta:coupling_outside_rate_limit
[WARN] [1783912133.362618, 9.146000]: training environment stop requested: CandidateRejected: max_vel_theta:coupling_outside_rate_limit
[WARN] [1783912136.487591, 12.268000]: training environment stop requested: CandidateRejected: max_vel_theta:coupling_outside_rate_limit
[WARN] [1783912151.300209, 27.064000]: training environment stop requested: config_seq 14 did not activate within 2.000s
[WARN] [1783912153.469788, 29.232000]: training environment stop requested: adapter_close
Traceback (most recent call last):
  File "/home/robot/robot_ws_base_rl/src/tools/thesis_experiment/src/thesis_experiment/t11_training.py", line 504, in run
    return self._ablation(raw_vec, recorded, recorder)
  File "/home/robot/robot_ws_base_rl/src/tools/thesis_experiment/src/thesis_experiment/t11_training.py", line 579, in _ablation
    returns = self._evaluate(model, vec, recorded, scenarios, "test")
  File "/home/robot/robot_ws_base_rl/src/tools/thesis_experiment/src/thesis_experiment/t11_training.py", line 486, in _evaluate
    observation, rewards, dones, _ = vec.step(action)
  File "/home/robot/robot_ws_base_rl/.venv/lib/python3.8/site-packages/stable_baselines3/common/vec_env/base_vec_env.py", line 206, in step
    return self.step_wait()
  File "/home/robot/robot_ws_base_rl/.venv/lib/python3.8/site-packages/stable_baselines3/common/vec_env/vec_normalize.py", line 181, in step_wait
    obs, rewards, dones, infos = self.venv.step_wait()
  File "/home/robot/robot_ws_base_rl/.venv/lib/python3.8/site-packages/stable_baselines3/common/vec_env/dummy_vec_env.py", line 70, in step_wait
    obs, self.reset_infos[env_idx] = self.envs[env_idx].reset()
  File "/home/robot/robot_ws_base_rl/src/tools/thesis_experiment/src/thesis_experiment/t11_training.py", line 256, in reset
    observation, info = self.env.reset(**kwargs)
  File "/home/robot/robot_ws_base_rl/src/application/teb_rl_tuner/src/teb_rl_tuner/sac_environment.py", line 91, in reset
    observation, info = self.core.reset(seed=seed)
  File "/home/robot/robot_ws_base_rl/src/application/teb_rl_tuner/src/teb_rl_tuner/training_environment.py", line 218, in reset
    self._restore_snapshot()
  File "/home/robot/robot_ws_base_rl/src/application/teb_rl_tuner/src/teb_rl_tuner/training_environment.py", line 210, in _restore_snapshot
    self.adapter.restore_parameter_snapshot(self._snapshot)
  File "/home/robot/robot_ws_base_rl/src/tools/thesis_experiment/src/thesis_experiment/gazebo_training_adapter.py", line 309, in restore_parameter_snapshot
    record = self.parameter_client.apply(snapshot)
  File "/home/robot/robot_ws_base_rl/src/application/teb_rl_tuner/src/teb_rl_tuner/teb_parameter_client.py", line 263, in apply
    raise exc
  File "/home/robot/robot_ws_base_rl/src/application/teb_rl_tuner/src/teb_rl_tuner/teb_parameter_client.py", line 231, in apply
    ack_raw = self._backend.update_configuration(request, self._timeout_s)
  File "/home/robot/robot_ws_base_rl/src/application/teb_rl_tuner/src/teb_rl_tuner/teb_parameter_client.py", line 390, in update_configuration
    return _daemon_call(lambda: self._client.update_configuration(dict(values)), timeout_s)
  File "/home/robot/robot_ws_base_rl/src/application/teb_rl_tuner/src/teb_rl_tuner/teb_parameter_client.py", line 352, in _daemon_call
    raise TebParameterError("dynamic_reconfigure service call failed: {}".format(value))
teb_rl_tuner.teb_parameter_client.TebParameterError: dynamic_reconfigure service call failed: service call failed

During handling of the above exception, another exception occurred:

Traceback (most recent call last):
  File "/home/robot/robot_ws_base_rl/src/tools/thesis_experiment/src/thesis_experiment/gazebo_training_adapter.py", line 556, in close
    self.parameter_client.restore()
  File "/home/robot/robot_ws_base_rl/src/application/teb_rl_tuner/src/teb_rl_tuner/teb_parameter_client.py", line 303, in restore
    return self._restore_snapshot()
  File "/home/robot/robot_ws_base_rl/src/application/teb_rl_tuner/src/teb_rl_tuner/teb_parameter_client.py", line 273, in _restore_snapshot
    ack_raw = self._backend.update_configuration(self._snapshot, self._timeout_s)
  File "/home/robot/robot_ws_base_rl/src/application/teb_rl_tuner/src/teb_rl_tuner/teb_parameter_client.py", line 390, in update_configuration
    return _daemon_call(lambda: self._client.update_configuration(dict(values)), timeout_s)
  File "/home/robot/robot_ws_base_rl/src/application/teb_rl_tuner/src/teb_rl_tuner/teb_parameter_client.py", line 352, in _daemon_call
    raise TebParameterError("dynamic_reconfigure service call failed: {}".format(value))
teb_rl_tuner.teb_parameter_client.TebParameterError: dynamic_reconfigure service call failed: service call failed

During handling of the above exception, another exception occurred:

Traceback (most recent call last):
  File "/home/robot/robot_ws_base_rl/devel/lib/thesis_experiment/t11_formal_run.py", line 15, in <module>
    exec(compile(fh.read(), python_script, 'exec'), context)
  File "/home/robot/robot_ws_base_rl/src/tools/thesis_experiment/scripts/t11_formal_run.py", line 20, in <module>
    sys.exit(main())
  File "/home/robot/robot_ws_base_rl/src/tools/thesis_experiment/scripts/t11_formal_run.py", line 14, in main
    report = T11FormalRunner().run()
  File "/home/robot/robot_ws_base_rl/src/tools/thesis_experiment/src/thesis_experiment/t11_training.py", line 507, in run
    self.adapter.close()
  File "/home/robot/robot_ws_base_rl/src/tools/thesis_experiment/src/thesis_experiment/gazebo_training_adapter.py", line 558, in close
    self.parameter_client.close()
  File "/home/robot/robot_ws_base_rl/src/application/teb_rl_tuner/src/teb_rl_tuner/teb_parameter_client.py", line 318, in close
    self._restore_snapshot(operation="close_restore")
  File "/home/robot/robot_ws_base_rl/src/application/teb_rl_tuner/src/teb_rl_tuner/teb_parameter_client.py", line 273, in _restore_snapshot
    ack_raw = self._backend.update_configuration(self._snapshot, self._timeout_s)
  File "/home/robot/robot_ws_base_rl/src/application/teb_rl_tuner/src/teb_rl_tuner/teb_parameter_client.py", line 390, in update_configuration
    return _daemon_call(lambda: self._client.update_configuration(dict(values)), timeout_s)
  File "/home/robot/robot_ws_base_rl/src/application/teb_rl_tuner/src/teb_rl_tuner/teb_parameter_client.py", line 352, in _daemon_call
    raise TebParameterError("dynamic_reconfigure service call failed: {}".format(value))
teb_rl_tuner.teb_parameter_client.TebParameterError: dynamic_reconfigure service call failed: service call failed
[INFO] [1783912123.224632862]: Finished loading Gazebo ROS API Plugin.
[INFO] [1783912123.225238094]: waitForService: Service [/gazebo/set_physics_properties] has not been advertised, waiting...
[INFO] [1783912123.905601299]: waitForService: Service [/gazebo/set_physics_properties] is now available.
[INFO] [1783912123.942792264, 0.028000000]: Physics dynamic reconfigure ready.
[INFO] [1783912124.146695741, 0.174000000]: <initialOrientationAsReference> is unset, using default value of false to comply with REP 145 (world as orientation reference)
[INFO] [1783912124.146735881, 0.174000000]: <robotNamespace> set to: //
[INFO] [1783912124.146743303, 0.174000000]: <topicName> set to: imu/data
[INFO] [1783912124.146749394, 0.174000000]: <frameName> set to: imu_link
[INFO] [1783912124.146770774, 0.174000000]: <updateRateHZ> set to: 50
[INFO] [1783912124.146782439, 0.174000000]: <gaussianNoise> set to: 0
[INFO] [1783912124.146802440, 0.174000000]: <xyzOffset> set to: 0 0 0
[INFO] [1783912124.146817597, 0.174000000]: <rpyOffset> set to: 0 -0 0
[INFO] [1783912124.276537200, 0.174000000]: Laser Plugin: Using the 'robotNamespace' param: '/'
[INFO] [1783912124.276560342, 0.174000000]: Starting Laser Plugin (ns = /)
[INFO] [1783912124.277596808, 0.174000000]: Laser Plugin (ns = /)  <tf_prefix_>, set to ""
[INFO] [1783912124.380850949, 0.174000000]: M2 simulation-only Ackermann interface loaded; cmd_angle_instead_rotvel=false
[31mWARNING: disk usage in log directory [/home/robot/.ros/log] is over 1GB.
It's recommended that you use the 'rosclean' command.[0m
WARNING: Package name "gazebo_ros_2Dmap_plugin" does not follow the naming conventions. It should start with a lower case letter and only contain lower case letters, digits, underscores, and dashes.
WARNING: Package name "gazebo_ros_2Dmap_plugin" does not follow the naming conventions. It should start with a lower case letter and only contain lower case letters, digits, underscores, and dashes.
[31m[move_base-5] process has died [pid 599377, exit code -11, cmd /opt/ros/noetic/lib/move_base/move_base cmd_vel:=/cmd_vel odom:=/odom __name:=move_base __log:=/home/robot/.ros/log/26d5b920-7e68-11f1-91bc-3382cc4c3ed1/move_base-5.log].
log file: /home/robot/.ros/log/26d5b920-7e68-11f1-91bc-3382cc4c3ed1/move_base-5*.log[0m
[31m================================================================================REQUIRED process [t11_formal_run-6] has died!
process has died [pid 599378, exit code 1, cmd /home/robot/robot_ws_base_rl/.venv/bin/python /home/robot/robot_ws_base_rl/devel/lib/thesis_experiment/t11_formal_run.py __name:=t11_formal_run __log:=/home/robot/.ros/log/26d5b920-7e68-11f1-91bc-3382cc4c3ed1/t11_formal_run-6.log].
log file: /home/robot/.ros/log/26d5b920-7e68-11f1-91bc-3382cc4c3ed1/t11_formal_run-6*.log
Initiating shutdown!
================================================================================[0m
[1m[spawn_m2-3] process has finished cleanly
log file: /home/robot/.ros/log/26d5b920-7e68-11f1-91bc-3382cc4c3ed1/spawn_m2-3*.log[0m
[t11_formal_run-6] killing on exit
[m2_robot_state_publisher-4] killing on exit
[gazebo-2] killing on exit
[rosout-1] killing on exit
[master] killing on exit
shutting down processing monitor...
... shutting down processing monitor complete
[1mdone[0m
