WARNING: Package name "gazebo_ros_2Dmap_plugin" does not follow the naming conventions. It should start with a lower case letter and only contain lower case letters, digits, underscores, and dashes.
xacro: in-order processing became default in ROS Melodic. You can drop the option.
WARNING: Package name "gazebo_ros_2Dmap_plugin" does not follow the naming conventions. It should start with a lower case letter and only contain lower case letters, digits, underscores, and dashes.
WARNING: Package name "gazebo_ros_2Dmap_plugin" does not follow the naming conventions. It should start with a lower case letter and only contain lower case letters, digits, underscores, and dashes.
[INFO] [1783913361.501462, 0.000000]: Loading model XML from ros parameter robot_description
[INFO] [1783913361.504332, 0.000000]: Waiting for service /gazebo/spawn_urdf_model
[INFO] [1783913362.409579, 0.164000]: Calling service /gazebo/spawn_urdf_model
[INFO] [1783913362.599381, 0.178000]: Spawn status: SpawnModel: Successfully spawned entity
... logging to /home/robot/.ros/log/08fdb634-7e6b-11f1-91bc-3382cc4c3ed1/roslaunch-WP-672423.log
Checking log directory for disk usage. This may take a while.
Press Ctrl-C to interrupt
]2;/home/robot/robot_ws_base_rl/src/tools/thesis_experiment/launch/t11_formal_run.launch
[1mstarted roslaunch server http://WP:42587/[0m

SUMMARY
========

PARAMETERS
 * /gazebo/enable_ros_network: True
 * /m2_gazebo/simulation_only: True
 * /m2_robot_state_publisher/publish_frequency: 30.0
 * /move_base/TebLocalPlannerROS/acc_lim_theta: 0.8
 * /move_base/TebLocalPlannerROS/acc_lim_x: 0.8
 * /move_base/TebLocalPlannerROS/allow_init_with_backwards_motion: True
 * /move_base/TebLocalPlannerROS/cmd_angle_instead_rotvel: False
 * /move_base/TebLocalPlannerROS/costmap_obstacles_behind_robot_dist: 1.5
 * /move_base/TebLocalPlannerROS/dt_hysteresis: 0.1
 * /move_base/TebLocalPlannerROS/dt_ref: 0.3
 * /move_base/TebLocalPlannerROS/enable_homotopy_class_planning: False
 * /move_base/TebLocalPlannerROS/enable_multithreading: True
 * /move_base/TebLocalPlannerROS/feasibility_check_no_poses: 5
 * /move_base/TebLocalPlannerROS/footprint_model/type: polygon
 * /move_base/TebLocalPlannerROS/footprint_model/vertices: [[0.52, 0.35], [0...
 * /move_base/TebLocalPlannerROS/global_plan_overwrite_orientation: True
 * /move_base/TebLocalPlannerROS/include_costmap_obstacles: True
 * /move_base/TebLocalPlannerROS/inflation_dist: 0.55
 * /move_base/TebLocalPlannerROS/map_frame: odom
 * /move_base/TebLocalPlannerROS/max_global_plan_lookahead_dist: 8.0
 * /move_base/TebLocalPlannerROS/max_number_classes: 4
 * /move_base/TebLocalPlannerROS/max_samples: 500
 * /move_base/TebLocalPlannerROS/max_vel_theta: 1.0
 * /move_base/TebLocalPlannerROS/max_vel_x: 1.2
 * /move_base/TebLocalPlannerROS/max_vel_x_backwards: 0.6
 * /move_base/TebLocalPlannerROS/max_vel_y: 0.0
 * /move_base/TebLocalPlannerROS/min_obstacle_dist: 0.25
 * /move_base/TebLocalPlannerROS/min_turning_radius: 1.2
 * /move_base/TebLocalPlannerROS/obstacle_poses_affected: 15
 * /move_base/TebLocalPlannerROS/odom_topic: /odom
 * /move_base/TebLocalPlannerROS/teb_autosize: True
 * /move_base/TebLocalPlannerROS/weight_acc_lim_theta: 1.0
 * /move_base/TebLocalPlannerROS/weight_acc_lim_x: 1.0
 * /move_base/TebLocalPlannerROS/weight_adapt_factor: 2.0
 * /move_base/TebLocalPlannerROS/weight_inflation: 0.1
 * /move_base/TebLocalPlannerROS/weight_kinematics_forward_drive: 10.0
 * /move_base/TebLocalPlannerROS/weight_kinematics_nh: 1000.0
 * /move_base/TebLocalPlannerROS/weight_kinematics_turning_radius: 10.0
 * /move_base/TebLocalPlannerROS/weight_max_vel_theta: 1.0
 * /move_base/TebLocalPlannerROS/weight_max_vel_x: 2.0
 * /move_base/TebLocalPlannerROS/weight_obstacle: 50.0
 * /move_base/TebLocalPlannerROS/weight_optimaltime: 1.0
 * /move_base/TebLocalPlannerROS/weight_viapoint: 1.0
 * /move_base/TebLocalPlannerROS/wheelbase: 0.65
 * /move_base/base_global_planner: navfn/NavfnROS
 * /move_base/base_local_planner: teb_local_planner...
 * /move_base/clearing_rotation_allowed: False
 * /move_base/controller_frequency: 10.0
 * /move_base/controller_patience: 5.0
 * /move_base/global_costmap/footprint: [[0.52, 0.35], [0...
 * /move_base/global_costmap/footprint_padding: 0.05
 * /move_base/global_costmap/global_frame: odom
 * /move_base/global_costmap/height: 30.0
 * /move_base/global_costmap/inflation_layer/cost_scaling_factor: 4.0
 * /move_base/global_costmap/inflation_layer/enabled: True
 * /move_base/global_costmap/inflation_layer/inflation_radius: 0.55
 * /move_base/global_costmap/obstacle_layer/enabled: True
 * /move_base/global_costmap/obstacle_layer/observation_sources: scan
 * /move_base/global_costmap/obstacle_layer/scan/clearing: True
 * /move_base/global_costmap/obstacle_layer/scan/data_type: LaserScan
 * /move_base/global_costmap/obstacle_layer/scan/inf_is_valid: True
 * /move_base/global_costmap/obstacle_layer/scan/marking: True
 * /move_base/global_costmap/obstacle_layer/scan/obstacle_range: 12.0
 * /move_base/global_costmap/obstacle_layer/scan/raytrace_range: 15.0
 * /move_base/global_costmap/obstacle_layer/scan/sensor_frame: laser_link
 * /move_base/global_costmap/obstacle_layer/scan/topic: /scan
 * /move_base/global_costmap/plugins: [{'name': 'obstac...
 * /move_base/global_costmap/publish_frequency: 2.0
 * /move_base/global_costmap/resolution: 0.05
 * /move_base/global_costmap/robot_base_frame: base_link
 * /move_base/global_costmap/rolling_window: True
 * /move_base/global_costmap/transform_tolerance: 0.3
 * /move_base/global_costmap/update_frequency: 5.0
 * /move_base/global_costmap/width: 30.0
 * /move_base/local_costmap/footprint: [[0.52, 0.35], [0...
 * /move_base/local_costmap/footprint_padding: 0.05
 * /move_base/local_costmap/global_frame: odom
 * /move_base/local_costmap/height: 12.0
 * /move_base/local_costmap/inflation_layer/cost_scaling_factor: 4.0
 * /move_base/local_costmap/inflation_layer/enabled: True
 * /move_base/local_costmap/inflation_layer/inflation_radius: 0.55
 * /move_base/local_costmap/obstacle_layer/enabled: True
 * /move_base/local_costmap/obstacle_layer/observation_sources: scan
 * /move_base/local_costmap/obstacle_layer/scan/clearing: True
 * /move_base/local_costmap/obstacle_layer/scan/data_type: LaserScan
 * /move_base/local_costmap/obstacle_layer/scan/inf_is_valid: True
 * /move_base/local_costmap/obstacle_layer/scan/marking: True
 * /move_base/local_costmap/obstacle_layer/scan/obstacle_range: 12.0
 * /move_base/local_costmap/obstacle_layer/scan/raytrace_range: 15.0
 * /move_base/local_costmap/obstacle_layer/scan/sensor_frame: laser_link
 * /move_base/local_costmap/obstacle_layer/scan/topic: /scan
 * /move_base/local_costmap/plugins: [{'name': 'obstac...
 * /move_base/local_costmap/publish_frequency: 5.0
 * /move_base/local_costmap/resolution: 0.05
 * /move_base/local_costmap/robot_base_frame: base_link
 * /move_base/local_costmap/rolling_window: True
 * /move_base/local_costmap/transform_tolerance: 0.3
 * /move_base/local_costmap/update_frequency: 10.0
 * /move_base/local_costmap/width: 12.0
 * /move_base/oscillation_distance: 0.2
 * /move_base/oscillation_timeout: 10.0
 * /move_base/planner_frequency: 1.0
 * /move_base/planner_patience: 5.0
 * /move_base/recovery_behavior_enabled: False
 * /move_base/shutdown_costmaps: False
 * /robot_description: <?xml version="1....
 * /rosdistro: noetic
 * /rosversion: 1.17.4
 * /t11_formal_run/acceptance_eval_seed_limit: 0
 * /t11_formal_run/acceptance_timesteps: 0
 * /t11_formal_run/algorithm: RL-TEB-Semantic-Eta
 * /t11_formal_run/checkpoint: /home/robot/robot...
 * /t11_formal_run/config: /home/robot/robot...
 * /t11_formal_run/evaluation_seed_override: 602
 * /t11_formal_run/output_dir: /home/robot/robot...
 * /t11_formal_run/phase: ablation
 * /t11_formal_run/residual_config: /home/robot/robot...
 * /t11_formal_run/run_id: t12p_residual_see...
 * /t11_formal_run/safety_mode: T12Safety
 * /t11_formal_run/scene_manifest: /home/robot/robot...
 * /t11_formal_run/semantic_mode: residual_pilot
 * /t11_formal_run/t12_safety_config: /home/robot/robot...
 * /t11_formal_run/task: T12
 * /t11_formal_run/training_seed: 102
 * /t11_formal_run/zero_action_policy: True
 * /use_sim_time: True

NODES
  /
    gazebo (gazebo_ros/gzserver)
    m2_robot_state_publisher (robot_state_publisher/robot_state_publisher)
    move_base (move_base/move_base)
    spawn_m2 (gazebo_ros/spawn_model)
    t11_formal_run (thesis_experiment/t11_formal_run.py)

auto-starting new master
[1mprocess[master]: started with pid [672492][0m
[1mROS_MASTER_URI=http://localhost:11311[0m
]2;/home/robot/robot_ws_base_rl/src/tools/thesis_experiment/launch/t11_formal_run.launch http://localhost:11311
[1msetting /run_id to 08fdb634-7e6b-11f1-91bc-3382cc4c3ed1[0m
[1mprocess[rosout-1]: started with pid [672516][0m
started core service [/rosout]
[1mprocess[gazebo-2]: started with pid [672524][0m
[1mprocess[spawn_m2-3]: started with pid [672528][0m
[1mprocess[m2_robot_state_publisher-4]: started with pid [672530][0m
[1mprocess[move_base-5]: started with pid [672532][0m
[1mprocess[t11_formal_run-6]: started with pid [672534][0m
[WARN] [1783913401.058745975, 38.484000000]: TebLocalPlannerROS: possible oscillation (of the robot or its local plan) detected. Activating recovery strategy (prefer current turning direction during optimization).
[ERROR] [1783913402.758792273, 40.184000000]: Aborting because the robot appears to be oscillating over and over. Even after executing all recovery behaviors
[WARN] [1783913419.518193178, 56.924000000]: TebLocalPlannerROS: possible oscillation (of the robot or its local plan) detected. Activating recovery strategy (prefer current turning direction during optimization).
[WARN] [1783913440.938380549, 78.324000000]: TebLocalPlannerROS: possible oscillation (of the robot or its local plan) detected. Activating recovery strategy (prefer current turning direction during optimization).
[INFO] [1783913362.936687568, 0.402000000]: global_costmap: Using plugin "obstacle_layer"
[INFO] [1783913362.940869521, 0.406000000]:     Subscribed to Topics: scan
[INFO] [1783913362.947381791, 0.412000000]: global_costmap: Using plugin "inflation_layer"
[INFO] [1783913362.962737022, 0.428000000]: local_costmap: Using plugin "obstacle_layer"
[INFO] [1783913362.963551547, 0.428000000]:     Subscribed to Topics: scan
[INFO] [1783913362.967937814, 0.432000000]: local_costmap: Using plugin "inflation_layer"
[INFO] [1783913362.979363827, 0.444000000]: Created local_planner teb_local_planner/TebLocalPlannerROS
[INFO] [1783913362.996553243, 0.462000000]: Footprint model 'polygon' loaded for trajectory optimization.
[INFO] [1783913362.996724771, 0.462000000]: Parallel planning in distinctive topologies disabled.
[INFO] [1783913362.996742118, 0.462000000]: No costmap conversion plugin specified. All occupied costmap cells are treaten as point obstacles.
[INFO] [1783913363.022241378, 0.486000000]: Footprint model 'polygon' loaded for trajectory optimization.
[INFO] [1783913363.189293525, 0.652000000]: Recovery behavior will clear layer 'obstacles'
[INFO] [1783913363.190087389, 0.652000000]: Recovery behavior will clear layer 'obstacles'
[INFO] [1783913363.233964106, 0.698000000]: odom received!
[INFO] [1783913364.880378256, 2.342000000]: Footprint model 'polygon' loaded for trajectory optimization.
[INFO] [1783913365.484546027, 2.944000000]: Footprint model 'polygon' loaded for trajectory optimization.
[INFO] [1783913366.082158488, 3.544000000]: Footprint model 'polygon' loaded for trajectory optimization.
[INFO] [1783913366.683548601, 4.144000000]: Footprint model 'polygon' loaded for trajectory optimization.
[INFO] [1783913373.433273923, 10.888000000]: GOAL Reached!
[INFO] [1783913373.552594026, 11.006000000]: Footprint model 'polygon' loaded for trajectory optimization.
[INFO] [1783913374.389823202, 11.842000000]: Footprint model 'polygon' loaded for trajectory optimization.
[INFO] [1783913374.940297501, 12.392000000]: Footprint model 'polygon' loaded for trajectory optimization.
[INFO] [1783913375.541140788, 12.992000000]: Footprint model 'polygon' loaded for trajectory optimization.
[INFO] [1783913376.141975463, 13.592000000]: Footprint model 'polygon' loaded for trajectory optimization.
[INFO] [1783913382.538063122, 19.984000000]: GOAL Reached!
[INFO] [1783913382.660994358, 20.106000000]: Footprint model 'polygon' loaded for trajectory optimization.
[INFO] [1783913383.499353736, 20.942000000]: Footprint model 'polygon' loaded for trajectory optimization.
[INFO] [1783913384.106543203, 21.548000000]: Footprint model 'polygon' loaded for trajectory optimization.
[INFO] [1783913384.707827243, 22.148000000]: Footprint model 'polygon' loaded for trajectory optimization.
[INFO] [1783913385.308866838, 22.750000000]: Footprint model 'polygon' loaded for trajectory optimization.
[INFO] [1783913385.906717956, 23.348000000]: Footprint model 'polygon' loaded for trajectory optimization.
[INFO] [1783913386.458104654, 23.898000000]: Footprint model 'polygon' loaded for trajectory optimization.
[INFO] [1783913403.321280018, 40.744000000]: Footprint model 'polygon' loaded for trajectory optimization.
[INFO] [1783913404.157678980, 41.582000000]: Footprint model 'polygon' loaded for trajectory optimization.
[INFO] [1783913404.718539873, 42.140000000]: Footprint model 'polygon' loaded for trajectory optimization.
[INFO] [1783913405.365616341, 42.786000000]: Footprint model 'polygon' loaded for trajectory optimization.
[INFO] [1783913405.968158218, 43.388000000]: Footprint model 'polygon' loaded for trajectory optimization.
[INFO] [1783913406.567339059, 43.986000000]: Footprint model 'polygon' loaded for trajectory optimization.
[INFO] [1783913407.168025546, 44.588000000]: Footprint model 'polygon' loaded for trajectory optimization.
[INFO] [1783913415.413926201, 52.824000000]: TebLocalPlannerROS: oscillation recovery disabled/expired.
[INFO] [1783913430.527799735, 67.924000000]: TebLocalPlannerROS: oscillation recovery disabled/expired.
[INFO][WARN] [1783913446.984666, 84.362000]: training environment stop requested: adapter_close
schema_version: '1.0'
task: T12
status: passed
run_id: t12p_residual_seed102
algorithm: RL-TEB-Eta-FullSafety
training_seed: 102
safety_mode: T12Safety
episode_count: 4
step_count: 111
failure_count: 2
run_validation:
  valid: true
  run_id: t12p_residual_seed102
  episode_count: 4
  step_count: 111
  verified_checksum_count: 4
selected_checkpoint: /home/robot/robot_ws_base_rl/artifacts/t11/runs/t11_semantic_eta_fullsafety_seed102/checkpoints/step_000200
passed: true
acceptance_override: false

 [1783913446.096903075, 83.476000000]: Footprint model 'polygon' loaded for trajectory optimization.
[INFO] [1783913447.079804345, 84.456000000]: Footprint model 'polygon' loaded for trajectory optimization.
[INFO] [1783913447.097322138, 84.474000000]: Footprint model 'polygon' loaded for trajectory optimization.
[INFO] [1783913361.621375716]: Finished loading Gazebo ROS API Plugin.
[INFO] [1783913361.622373819]: waitForService: Service [/gazebo/set_physics_properties] has not been advertised, waiting...
[INFO] [1783913362.238557431]: waitForService: Service [/gazebo/set_physics_properties] is now available.
[INFO] [1783913362.285556141, 0.044000000]: Physics dynamic reconfigure ready.
[INFO] [1783913362.483820123, 0.178000000]: <initialOrientationAsReference> is unset, using default value of false to comply with REP 145 (world as orientation reference)
[INFO] [1783913362.483868977, 0.178000000]: <robotNamespace> set to: //
[INFO] [1783913362.483877737, 0.178000000]: <topicName> set to: imu/data
[INFO] [1783913362.483883090, 0.178000000]: <frameName> set to: imu_link
[INFO] [1783913362.483903687, 0.178000000]: <updateRateHZ> set to: 50
[INFO] [1783913362.483911041, 0.178000000]: <gaussianNoise> set to: 0
[INFO] [1783913362.483930133, 0.178000000]: <xyzOffset> set to: 0 0 0
[INFO] [1783913362.483946272, 0.178000000]: <rpyOffset> set to: 0 -0 0
[INFO] [1783913362.606272029, 0.178000000]: Laser Plugin: Using the 'robotNamespace' param: '/'
[INFO] [1783913362.606300024, 0.178000000]: Starting Laser Plugin (ns = /)
[INFO] [1783913362.607365949, 0.178000000]: Laser Plugin (ns = /)  <tf_prefix_>, set to ""
[INFO] [1783913362.711662126, 0.178000000]: M2 simulation-only Ackermann interface loaded; cmd_angle_instead_rotvel=false
[31mWARNING: disk usage in log directory [/home/robot/.ros/log] is over 1GB.
It's recommended that you use the 'rosclean' command.[0m
WARNING: Package name "gazebo_ros_2Dmap_plugin" does not follow the naming conventions. It should start with a lower case letter and only contain lower case letters, digits, underscores, and dashes.
WARNING: Package name "gazebo_ros_2Dmap_plugin" does not follow the naming conventions. It should start with a lower case letter and only contain lower case letters, digits, underscores, and dashes.
[31m================================================================================REQUIRED process [t11_formal_run-6] has died!
process has finished cleanly
log file: /home/robot/.ros/log/08fdb634-7e6b-11f1-91bc-3382cc4c3ed1/t11_formal_run-6*.log
Initiating shutdown!
================================================================================[0m
[1m[spawn_m2-3] process has finished cleanly
log file: /home/robot/.ros/log/08fdb634-7e6b-11f1-91bc-3382cc4c3ed1/spawn_m2-3*.log[0m
[t11_formal_run-6] killing on exit
[m2_robot_state_publisher-4] killing on exit
[gazebo-2] killing on exit
[move_base-5] killing on exit
[rosout-1] killing on exit
[master] killing on exit
shutting down processing monitor...
... shutting down processing monitor complete
[1mdone[0m
