WARNING: Package name "gazebo_ros_2Dmap_plugin" does not follow the naming conventions. It should start with a lower case letter and only contain lower case letters, digits, underscores, and dashes.
xacro: in-order processing became default in ROS Melodic. You can drop the option.
WARNING: Package name "gazebo_ros_2Dmap_plugin" does not follow the naming conventions. It should start with a lower case letter and only contain lower case letters, digits, underscores, and dashes.
WARNING: Package name "gazebo_ros_2Dmap_plugin" does not follow the naming conventions. It should start with a lower case letter and only contain lower case letters, digits, underscores, and dashes.
[INFO] [1783913064.254039, 0.000000]: Loading model XML from ros parameter robot_description
[INFO] [1783913064.256786, 0.000000]: Waiting for service /gazebo/spawn_urdf_model
[INFO] [1783913065.162358, 0.110000]: Calling service /gazebo/spawn_urdf_model
[INFO] [1783913065.404152, 0.172000]: Spawn status: SpawnModel: Successfully spawned entity
... logging to /home/robot/.ros/log/57cc2b70-7e6a-11f1-91bc-3382cc4c3ed1/roslaunch-WP-655846.log
Checking log directory for disk usage. This may take a while.
Press Ctrl-C to interrupt
]2;/home/robot/robot_ws_base_rl/src/tools/thesis_experiment/launch/t11_formal_run.launch
[1mstarted roslaunch server http://WP:35905/[0m

SUMMARY
========

PARAMETERS
 * /gazebo/enable_ros_network: True
 * /m2_gazebo/simulation_only: True
 * /m2_robot_state_publisher/publish_frequency: 30.0
 * /move_base/TebLocalPlannerROS/acc_lim_theta: 0.8
 * /move_base/TebLocalPlannerROS/acc_lim_x: 0.8
 * /move_base/TebLocalPlannerROS/allow_init_with_backwards_motion: True
 * /move_base/TebLocalPlannerROS/cmd_angle_instead_rotvel: False
 * /move_base/TebLocalPlannerROS/costmap_obstacles_behind_robot_dist: 1.5
 * /move_base/TebLocalPlannerROS/dt_hysteresis: 0.1
 * /move_base/TebLocalPlannerROS/dt_ref: 0.3
 * /move_base/TebLocalPlannerROS/enable_homotopy_class_planning: False
 * /move_base/TebLocalPlannerROS/enable_multithreading: True
 * /move_base/TebLocalPlannerROS/feasibility_check_no_poses: 5
 * /move_base/TebLocalPlannerROS/footprint_model/type: polygon
 * /move_base/TebLocalPlannerROS/footprint_model/vertices: [[0.52, 0.35], [0...
 * /move_base/TebLocalPlannerROS/global_plan_overwrite_orientation: True
 * /move_base/TebLocalPlannerROS/include_costmap_obstacles: True
 * /move_base/TebLocalPlannerROS/inflation_dist: 0.55
 * /move_base/TebLocalPlannerROS/map_frame: odom
 * /move_base/TebLocalPlannerROS/max_global_plan_lookahead_dist: 8.0
 * /move_base/TebLocalPlannerROS/max_number_classes: 4
 * /move_base/TebLocalPlannerROS/max_samples: 500
 * /move_base/TebLocalPlannerROS/max_vel_theta: 1.0
 * /move_base/TebLocalPlannerROS/max_vel_x: 1.2
 * /move_base/TebLocalPlannerROS/max_vel_x_backwards: 0.6
 * /move_base/TebLocalPlannerROS/max_vel_y: 0.0
 * /move_base/TebLocalPlannerROS/min_obstacle_dist: 0.25
 * /move_base/TebLocalPlannerROS/min_turning_radius: 1.2
 * /move_base/TebLocalPlannerROS/obstacle_poses_affected: 15
 * /move_base/TebLocalPlannerROS/odom_topic: /odom
 * /move_base/TebLocalPlannerROS/teb_autosize: True
 * /move_base/TebLocalPlannerROS/weight_acc_lim_theta: 1.0
 * /move_base/TebLocalPlannerROS/weight_acc_lim_x: 1.0
 * /move_base/TebLocalPlannerROS/weight_adapt_factor: 2.0
 * /move_base/TebLocalPlannerROS/weight_inflation: 0.1
 * /move_base/TebLocalPlannerROS/weight_kinematics_forward_drive: 10.0
 * /move_base/TebLocalPlannerROS/weight_kinematics_nh: 1000.0
 * /move_base/TebLocalPlannerROS/weight_kinematics_turning_radius: 10.0
 * /move_base/TebLocalPlannerROS/weight_max_vel_theta: 1.0
 * /move_base/TebLocalPlannerROS/weight_max_vel_x: 2.0
 * /move_base/TebLocalPlannerROS/weight_obstacle: 50.0
 * /move_base/TebLocalPlannerROS/weight_optimaltime: 1.0
 * /move_base/TebLocalPlannerROS/weight_viapoint: 1.0
 * /move_base/TebLocalPlannerROS/wheelbase: 0.65
 * /move_base/base_global_planner: navfn/NavfnROS
 * /move_base/base_local_planner: teb_local_planner...
 * /move_base/clearing_rotation_allowed: False
 * /move_base/controller_frequency: 10.0
 * /move_base/controller_patience: 5.0
 * /move_base/global_costmap/footprint: [[0.52, 0.35], [0...
 * /move_base/global_costmap/footprint_padding: 0.05
 * /move_base/global_costmap/global_frame: odom
 * /move_base/global_costmap/height: 30.0
 * /move_base/global_costmap/inflation_layer/cost_scaling_factor: 4.0
 * /move_base/global_costmap/inflation_layer/enabled: True
 * /move_base/global_costmap/inflation_layer/inflation_radius: 0.55
 * /move_base/global_costmap/obstacle_layer/enabled: True
 * /move_base/global_costmap/obstacle_layer/observation_sources: scan
 * /move_base/global_costmap/obstacle_layer/scan/clearing: True
 * /move_base/global_costmap/obstacle_layer/scan/data_type: LaserScan
 * /move_base/global_costmap/obstacle_layer/scan/inf_is_valid: True
 * /move_base/global_costmap/obstacle_layer/scan/marking: True
 * /move_base/global_costmap/obstacle_layer/scan/obstacle_range: 12.0
 * /move_base/global_costmap/obstacle_layer/scan/raytrace_range: 15.0
 * /move_base/global_costmap/obstacle_layer/scan/sensor_frame: laser_link
 * /move_base/global_costmap/obstacle_layer/scan/topic: /scan
 * /move_base/global_costmap/plugins: [{'name': 'obstac...
 * /move_base/global_costmap/publish_frequency: 2.0
 * /move_base/global_costmap/resolution: 0.05
 * /move_base/global_costmap/robot_base_frame: base_link
 * /move_base/global_costmap/rolling_window: True
 * /move_base/global_costmap/transform_tolerance: 0.3
 * /move_base/global_costmap/update_frequency: 5.0
 * /move_base/global_costmap/width: 30.0
 * /move_base/local_costmap/footprint: [[0.52, 0.35], [0...
 * /move_base/local_costmap/footprint_padding: 0.05
 * /move_base/local_costmap/global_frame: odom
 * /move_base/local_costmap/height: 12.0
 * /move_base/local_costmap/inflation_layer/cost_scaling_factor: 4.0
 * /move_base/local_costmap/inflation_layer/enabled: True
 * /move_base/local_costmap/inflation_layer/inflation_radius: 0.55
 * /move_base/local_costmap/obstacle_layer/enabled: True
 * /move_base/local_costmap/obstacle_layer/observation_sources: scan
 * /move_base/local_costmap/obstacle_layer/scan/clearing: True
 * /move_base/local_costmap/obstacle_layer/scan/data_type: LaserScan
 * /move_base/local_costmap/obstacle_layer/scan/inf_is_valid: True
 * /move_base/local_costmap/obstacle_layer/scan/marking: True
 * /move_base/local_costmap/obstacle_layer/scan/obstacle_range: 12.0
 * /move_base/local_costmap/obstacle_layer/scan/raytrace_range: 15.0
 * /move_base/local_costmap/obstacle_layer/scan/sensor_frame: laser_link
 * /move_base/local_costmap/obstacle_layer/scan/topic: /scan
 * /move_base/local_costmap/plugins: [{'name': 'obstac...
 * /move_base/local_costmap/publish_frequency: 5.0
 * /move_base/local_costmap/resolution: 0.05
 * /move_base/local_costmap/robot_base_frame: base_link
 * /move_base/local_costmap/rolling_window: True
 * /move_base/local_costmap/transform_tolerance: 0.3
 * /move_base/local_costmap/update_frequency: 10.0
 * /move_base/local_costmap/width: 12.0
 * /move_base/oscillation_distance: 0.2
 * /move_base/oscillation_timeout: 10.0
 * /move_base/planner_frequency: 1.0
 * /move_base/planner_patience: 5.0
 * /move_base/recovery_behavior_enabled: False
 * /move_base/shutdown_costmaps: False
 * /robot_description: <?xml version="1....
 * /rosdistro: noetic
 * /rosversion: 1.17.4
 * /t11_formal_run/acceptance_eval_seed_limit: 0
 * /t11_formal_run/acceptance_timesteps: 0
 * /t11_formal_run/algorithm: RL-TEB-Semantic-Eta
 * /t11_formal_run/checkpoint: /home/robot/robot...
 * /t11_formal_run/config: /home/robot/robot...
 * /t11_formal_run/evaluation_seed_override: 602
 * /t11_formal_run/output_dir: /home/robot/robot...
 * /t11_formal_run/phase: ablation
 * /t11_formal_run/residual_config: /home/robot/robot...
 * /t11_formal_run/run_id: t12p_directional_...
 * /t11_formal_run/safety_mode: T12Safety
 * /t11_formal_run/scene_manifest: /home/robot/robot...
 * /t11_formal_run/semantic_mode: cumulative
 * /t11_formal_run/t12_safety_config: /home/robot/robot...
 * /t11_formal_run/task: T12
 * /t11_formal_run/training_seed: 102
 * /use_sim_time: True

NODES
  /
    gazebo (gazebo_ros/gzserver)
    m2_robot_state_publisher (robot_state_publisher/robot_state_publisher)
    move_base (move_base/move_base)
    spawn_m2 (gazebo_ros/spawn_model)
    t11_formal_run (thesis_experiment/t11_formal_run.py)

auto-starting new master
[1mprocess[master]: started with pid [655915][0m
[1mROS_MASTER_URI=http://localhost:11311[0m
]2;/home/robot/robot_ws_base_rl/src/tools/thesis_experiment/launch/t11_formal_run.launch http://localhost:11311
[1msetting /run_id to 57cc2b70-7e6a-11f1-91bc-3382cc4c3ed1[0m
[1mprocess[rosout-1]: started with pid [655937][0m
started core service [/rosout]
[1mprocess[gazebo-2]: started with pid [655944][0m
[1mprocess[spawn_m2-3]: started with pid [655948][0m
[1mprocess[m2_robot_state_publisher-4]: started with pid [655950][0m
[1mprocess[move_base-5]: started with pid [655951][0m
[1mprocess[t11_formal_run-6]: started with pid [655952][0m
[WARN] [1783913102.916950698, 37.536000000]: TebLocalPlannerROS: possible oscillation (of the robot or its local plan) detected. Activating recovery strategy (prefer current turning direction during optimization).
[WARN] [1783913123.339075253, 57.936000000]: TebLocalPlannerROS: possible oscillation (of the robot or its local plan) detected. Activating recovery strategy (prefer current turning direction during optimization).
[INFO] [1783913065.780596709, 0.434000000]: global_costmap: Using plugin "obstacle_layer"
[INFO] [1783913065.784369719, 0.438000000]:     Subscribed to Topics: scan
[INFO] [1783913065.790187285, 0.444000000]: global_costmap: Using plugin "inflation_layer"
[INFO] [1783913065.803405819, 0.456000000]: local_costmap: Using plugin "obstacle_layer"
[INFO] [1783913065.804413220, 0.458000000]:     Subscribed to Topics: scan
[INFO] [1783913065.809704298, 0.462000000]: local_costmap: Using plugin "inflation_layer"
[INFO] [1783913065.822017083, 0.476000000]: Created local_planner teb_local_planner/TebLocalPlannerROS
[INFO] [1783913065.838547678, 0.492000000]: Footprint model 'polygon' loaded for trajectory optimization.
[INFO] [1783913065.838679456, 0.492000000]: Parallel planning in distinctive topologies disabled.
[INFO] [1783913065.838694162, 0.492000000]: No costmap conversion plugin specified. All occupied costmap cells are treaten as point obstacles.
[INFO] [1783913065.861858219, 0.514000000]: Footprint model 'polygon' loaded for trajectory optimization.
[INFO] [1783913066.029501441, 0.682000000]: Recovery behavior will clear layer 'obstacles'
[INFO] [1783913066.030523702, 0.684000000]: Recovery behavior will clear layer 'obstacles'
[INFO] [1783913066.078994575, 0.732000000]: odom received!
[INFO] [1783913067.665387259, 2.318000000]: Footprint model 'polygon' loaded for trajectory optimization.
[INFO] [1783913068.296378311, 2.946000000]: Footprint model 'polygon' loaded for trajectory optimization.
[INFO] [1783913068.893074758, 3.542000000]: Footprint model 'polygon' loaded for trajectory optimization.
[INFO] [1783913069.497929750, 4.148000000]: Footprint model 'polygon' loaded for trajectory optimization.
[INFO] [1783913070.141220062, 4.790000000]: Footprint model 'polygon' loaded for trajectory optimization.
[INFO] [1783913070.742845823, 5.390000000]: Footprint model 'polygon' loaded for trajectory optimization.
[INFO] [1783913071.343778695, 5.990000000]: Footprint model 'polygon' loaded for trajectory optimization.
[INFO] [1783913071.941205333, 6.590000000]: Footprint model 'polygon' loaded for trajectory optimization.
[INFO] [1783913072.544112698, 7.190000000]: Footprint model 'polygon' loaded for trajectory optimization.
[INFO] [1783913075.291277834, 9.934000000]: GOAL Reached!
[INFO] [1783913075.412491791, 10.056000000]: Footprint model 'polygon' loaded for trajectory optimization.
[INFO] [1783913076.254093646, 10.896000000]: Footprint model 'polygon' loaded for trajectory optimization.
[INFO] [1783913076.802269104, 11.446000000]: Footprint model 'polygon' loaded for trajectory optimization.
[INFO] [1783913077.405609625, 12.046000000]: Footprint model 'polygon' loaded for trajectory optimization.
[INFO] [1783913078.054076399, 12.692000000]: Footprint model 'polygon' loaded for trajectory optimization.
[INFO] [1783913078.655919579, 13.294000000]: Footprint model 'polygon' loaded for trajectory optimization.
[INFO] [1783913079.206342836, 13.846000000]: Footprint model 'polygon' loaded for trajectory optimization.
[INFO] [1783913079.804135331, 14.444000000]: Footprint model 'polygon' loaded for trajectory optimization.
[INFO] [1783913084.500313994, 19.136000000]: GOAL Reached!
[INFO] [1783913084.621054589, 19.256000000]: Footprint model 'polygon' loaded for trajectory optimization.
[INFO] [1783913085.465075942, 20.098000000]: Footprint model 'polygon' loaded for trajectory optimization.
[INFO] [1783913086.020394538, 20.652000000]: Footprint model 'polygon' loaded for trajectory optimization.
[INFO] [1783913086.622721819, 21.256000000]: Footprint model 'polygon' loaded for trajectory optimization.
[INFO] [1783913087.220102611, 21.852000000]: Footprint model 'polygon' loaded for trajectory optimization.
[INFO] [1783913087.871314033, 22.502000000]: Footprint model 'polygon' loaded for trajectory optimization.
[INFO] [1783913088.420094368, 23.052000000]: Footprint model 'polygon' loaded for trajectory optimization.
[INFO] [1783913114.129133646, 48.736000000]: TebLocalPlannerROS: oscillation recovery disabled/expired.
[INFO] [1[WARN] [1783913130.579294919, 65.170000000]: The origin for the sensor at (7.20, 0.00) is out of map bounds. So, the costmap cannot raytrace for it.
[WARN] [1783913146.891414751, 81.466000000]: TebLocalPlannerROS: possible oscillation (of the robot or its local plan) detected. Activating recovery strategy (prefer current turning direction during optimization).
[WARN] [1783913164.207147923, 98.766000000]: TebLocalPlannerROS: possible oscillation (of the robot or its local plan) detected. Activating recovery strategy (prefer current turning direction during optimization).
[WARN] [1783913176.624361278, 111.170000000]: The origin for the sensor at (7.23, 0.00) is out of map bounds. So, the costmap cannot raytrace for it.
[WARN] [1783913177.462650, 112.008000]: training environment stop requested: adapter_close
schema_version: '1.0'
task: T12
status: passed
run_id: t12p_directional_seed102
algorithm: RL-TEB-Eta-FullSafety
training_seed: 102
safety_mode: T12Safety
episode_count: 4
step_count: 143
failure_count: 2
run_validation:
  valid: true
  run_id: t12p_directional_seed102
  episode_count: 4
  step_count: 143
  verified_checksum_count: 4
selected_checkpoint: /home/robot/robot_ws_base_rl/artifacts/t11/runs/t11_semantic_eta_fullsafety_seed102/checkpoints/step_000200
passed: true
acceptance_override: false

783913130.497740126, 65.088000000]: Footprint model 'polygon' loaded for trajectory optimization.
[INFO] [1783913131.345090828, 65.936000000]: Footprint model 'polygon' loaded for trajectory optimization.
[INFO] [1783913131.897747237, 66.486000000]: Footprint model 'polygon' loaded for trajectory optimization.
[INFO] [1783913132.545270104, 67.134000000]: Footprint model 'polygon' loaded for trajectory optimization.
[INFO] [1783913133.097166781, 67.686000000]: Footprint model 'polygon' loaded for trajectory optimization.
[INFO] [1783913133.746725775, 68.336000000]: Footprint model 'polygon' loaded for trajectory optimization.
[INFO] [1783913134.277074763, 68.866000000]: TebLocalPlannerROS: oscillation recovery disabled/expired.
[INFO] [1783913134.348853718, 68.936000000]: Footprint model 'polygon' loaded for trajectory optimization.
[INFO] [1783913157.901727897, 92.466000000]: TebLocalPlannerROS: oscillation recovery disabled/expired.
[INFO] [1783913175.217783034, 109.766000000]: TebLocalPlannerROS: oscillation recovery disabled/expired.
[INFO] [1783913176.572849636, 111.118000000]: Footprint model 'polygon' loaded for trajectory optimization.
[INFO] [1783913177.554959041, 112.100000000]: Footprint model 'polygon' loaded for trajectory optimization.
[INFO] [1783913177.572558827, 112.116000000]: Footprint model 'polygon' loaded for trajectory optimization.
[INFO] [1783913064.371473832]: Finished loading Gazebo ROS API Plugin.
[INFO] [1783913064.372246708]: waitForService: Service [/gazebo/set_physics_properties] has not been advertised, waiting...
[INFO] [1783913065.051135919, 0.002000000]: waitForService: Service [/gazebo/set_physics_properties] is now available.
[INFO] [1783913065.097256653, 0.046000000]: Physics dynamic reconfigure ready.
[INFO] [1783913065.286906987, 0.172000000]: <initialOrientationAsReference> is unset, using default value of false to comply with REP 145 (world as orientation reference)
[INFO] [1783913065.286943732, 0.172000000]: <robotNamespace> set to: //
[INFO] [1783913065.286950938, 0.172000000]: <topicName> set to: imu/data
[INFO] [1783913065.286956785, 0.172000000]: <frameName> set to: imu_link
[INFO] [1783913065.286974503, 0.172000000]: <updateRateHZ> set to: 50
[INFO] [1783913065.286982373, 0.172000000]: <gaussianNoise> set to: 0
[INFO] [1783913065.287000066, 0.172000000]: <xyzOffset> set to: 0 0 0
[INFO] [1783913065.287014307, 0.172000000]: <rpyOffset> set to: 0 -0 0
[INFO] [1783913065.408997236, 0.172000000]: Laser Plugin: Using the 'robotNamespace' param: '/'
[INFO] [1783913065.409020312, 0.172000000]: Starting Laser Plugin (ns = /)
[INFO] [1783913065.409739729, 0.172000000]: Laser Plugin (ns = /)  <tf_prefix_>, set to ""
[INFO] [1783913065.516655427, 0.172000000]: M2 simulation-only Ackermann interface loaded; cmd_angle_instead_rotvel=false
[31mWARNING: disk usage in log directory [/home/robot/.ros/log] is over 1GB.
It's recommended that you use the 'rosclean' command.[0m
WARNING: Package name "gazebo_ros_2Dmap_plugin" does not follow the naming conventions. It should start with a lower case letter and only contain lower case letters, digits, underscores, and dashes.
WARNING: Package name "gazebo_ros_2Dmap_plugin" does not follow the naming conventions. It should start with a lower case letter and only contain lower case letters, digits, underscores, and dashes.
[31m================================================================================REQUIRED process [t11_formal_run-6] has died!
process has finished cleanly
log file: /home/robot/.ros/log/57cc2b70-7e6a-11f1-91bc-3382cc4c3ed1/t11_formal_run-6*.log
Initiating shutdown!
================================================================================[0m
[1m[spawn_m2-3] process has finished cleanly
log file: /home/robot/.ros/log/57cc2b70-7e6a-11f1-91bc-3382cc4c3ed1/spawn_m2-3*.log[0m
[t11_formal_run-6] killing on exit
[move_base-5] killing on exit
[m2_robot_state_publisher-4] killing on exit
[gazebo-2] killing on exit
[rosout-1] killing on exit
[master] killing on exit
shutting down processing monitor...
... shutting down processing monitor complete
[1mdone[0m
