WARNING: Package name "gazebo_ros_2Dmap_plugin" does not follow the naming conventions. It should start with a lower case letter and only contain lower case letters, digits, underscores, and dashes.
xacro: in-order processing became default in ROS Melodic. You can drop the option.
WARNING: Package name "gazebo_ros_2Dmap_plugin" does not follow the naming conventions. It should start with a lower case letter and only contain lower case letters, digits, underscores, and dashes.
WARNING: Package name "gazebo_ros_2Dmap_plugin" does not follow the naming conventions. It should start with a lower case letter and only contain lower case letters, digits, underscores, and dashes.
[INFO] [1783912942.218136, 0.000000]: Loading model XML from ros parameter robot_description
[INFO] [1783912942.221097, 0.000000]: Waiting for service /gazebo/spawn_urdf_model
[INFO] [1783912943.126459, 0.086000]: Calling service /gazebo/spawn_urdf_model
[INFO] [1783912943.391240, 0.178000]: Spawn status: SpawnModel: Successfully spawned entity
... logging to /home/robot/.ros/log/0f16c822-7e6a-11f1-91bc-3382cc4c3ed1/roslaunch-WP-648522.log
Checking log directory for disk usage. This may take a while.
Press Ctrl-C to interrupt
]2;/home/robot/robot_ws_base_rl/src/tools/thesis_experiment/launch/t11_formal_run.launch
[1mstarted roslaunch server http://WP:43259/[0m

SUMMARY
========

PARAMETERS
 * /gazebo/enable_ros_network: True
 * /m2_gazebo/simulation_only: True
 * /m2_robot_state_publisher/publish_frequency: 30.0
 * /move_base/TebLocalPlannerROS/acc_lim_theta: 0.8
 * /move_base/TebLocalPlannerROS/acc_lim_x: 0.8
 * /move_base/TebLocalPlannerROS/allow_init_with_backwards_motion: True
 * /move_base/TebLocalPlannerROS/cmd_angle_instead_rotvel: False
 * /move_base/TebLocalPlannerROS/costmap_obstacles_behind_robot_dist: 1.5
 * /move_base/TebLocalPlannerROS/dt_hysteresis: 0.1
 * /move_base/TebLocalPlannerROS/dt_ref: 0.3
 * /move_base/TebLocalPlannerROS/enable_homotopy_class_planning: False
 * /move_base/TebLocalPlannerROS/enable_multithreading: True
 * /move_base/TebLocalPlannerROS/feasibility_check_no_poses: 5
 * /move_base/TebLocalPlannerROS/footprint_model/type: polygon
 * /move_base/TebLocalPlannerROS/footprint_model/vertices: [[0.52, 0.35], [0...
 * /move_base/TebLocalPlannerROS/global_plan_overwrite_orientation: True
 * /move_base/TebLocalPlannerROS/include_costmap_obstacles: True
 * /move_base/TebLocalPlannerROS/inflation_dist: 0.55
 * /move_base/TebLocalPlannerROS/map_frame: odom
 * /move_base/TebLocalPlannerROS/max_global_plan_lookahead_dist: 8.0
 * /move_base/TebLocalPlannerROS/max_number_classes: 4
 * /move_base/TebLocalPlannerROS/max_samples: 500
 * /move_base/TebLocalPlannerROS/max_vel_theta: 1.0
 * /move_base/TebLocalPlannerROS/max_vel_x: 1.2
 * /move_base/TebLocalPlannerROS/max_vel_x_backwards: 0.6
 * /move_base/TebLocalPlannerROS/max_vel_y: 0.0
 * /move_base/TebLocalPlannerROS/min_obstacle_dist: 0.25
 * /move_base/TebLocalPlannerROS/min_turning_radius: 1.2
 * /move_base/TebLocalPlannerROS/obstacle_poses_affected: 15
 * /move_base/TebLocalPlannerROS/odom_topic: /odom
 * /move_base/TebLocalPlannerROS/teb_autosize: True
 * /move_base/TebLocalPlannerROS/weight_acc_lim_theta: 1.0
 * /move_base/TebLocalPlannerROS/weight_acc_lim_x: 1.0
 * /move_base/TebLocalPlannerROS/weight_adapt_factor: 2.0
 * /move_base/TebLocalPlannerROS/weight_inflation: 0.1
 * /move_base/TebLocalPlannerROS/weight_kinematics_forward_drive: 10.0
 * /move_base/TebLocalPlannerROS/weight_kinematics_nh: 1000.0
 * /move_base/TebLocalPlannerROS/weight_kinematics_turning_radius: 10.0
 * /move_base/TebLocalPlannerROS/weight_max_vel_theta: 1.0
 * /move_base/TebLocalPlannerROS/weight_max_vel_x: 2.0
 * /move_base/TebLocalPlannerROS/weight_obstacle: 50.0
 * /move_base/TebLocalPlannerROS/weight_optimaltime: 1.0
 * /move_base/TebLocalPlannerROS/weight_viapoint: 1.0
 * /move_base/TebLocalPlannerROS/wheelbase: 0.65
 * /move_base/base_global_planner: navfn/NavfnROS
 * /move_base/base_local_planner: teb_local_planner...
 * /move_base/clearing_rotation_allowed: False
 * /move_base/controller_frequency: 10.0
 * /move_base/controller_patience: 5.0
 * /move_base/global_costmap/footprint: [[0.52, 0.35], [0...
 * /move_base/global_costmap/footprint_padding: 0.05
 * /move_base/global_costmap/global_frame: odom
 * /move_base/global_costmap/height: 30.0
 * /move_base/global_costmap/inflation_layer/cost_scaling_factor: 4.0
 * /move_base/global_costmap/inflation_layer/enabled: True
 * /move_base/global_costmap/inflation_layer/inflation_radius: 0.55
 * /move_base/global_costmap/obstacle_layer/enabled: True
 * /move_base/global_costmap/obstacle_layer/observation_sources: scan
 * /move_base/global_costmap/obstacle_layer/scan/clearing: True
 * /move_base/global_costmap/obstacle_layer/scan/data_type: LaserScan
 * /move_base/global_costmap/obstacle_layer/scan/inf_is_valid: True
 * /move_base/global_costmap/obstacle_layer/scan/marking: True
 * /move_base/global_costmap/obstacle_layer/scan/obstacle_range: 12.0
 * /move_base/global_costmap/obstacle_layer/scan/raytrace_range: 15.0
 * /move_base/global_costmap/obstacle_layer/scan/sensor_frame: laser_link
 * /move_base/global_costmap/obstacle_layer/scan/topic: /scan
 * /move_base/global_costmap/plugins: [{'name': 'obstac...
 * /move_base/global_costmap/publish_frequency: 2.0
 * /move_base/global_costmap/resolution: 0.05
 * /move_base/global_costmap/robot_base_frame: base_link
 * /move_base/global_costmap/rolling_window: True
 * /move_base/global_costmap/transform_tolerance: 0.3
 * /move_base/global_costmap/update_frequency: 5.0
 * /move_base/global_costmap/width: 30.0
 * /move_base/local_costmap/footprint: [[0.52, 0.35], [0...
 * /move_base/local_costmap/footprint_padding: 0.05
 * /move_base/local_costmap/global_frame: odom
 * /move_base/local_costmap/height: 12.0
 * /move_base/local_costmap/inflation_layer/cost_scaling_factor: 4.0
 * /move_base/local_costmap/inflation_layer/enabled: True
 * /move_base/local_costmap/inflation_layer/inflation_radius: 0.55
 * /move_base/local_costmap/obstacle_layer/enabled: True
 * /move_base/local_costmap/obstacle_layer/observation_sources: scan
 * /move_base/local_costmap/obstacle_layer/scan/clearing: True
 * /move_base/local_costmap/obstacle_layer/scan/data_type: LaserScan
 * /move_base/local_costmap/obstacle_layer/scan/inf_is_valid: True
 * /move_base/local_costmap/obstacle_layer/scan/marking: True
 * /move_base/local_costmap/obstacle_layer/scan/obstacle_range: 12.0
 * /move_base/local_costmap/obstacle_layer/scan/raytrace_range: 15.0
 * /move_base/local_costmap/obstacle_layer/scan/sensor_frame: laser_link
 * /move_base/local_costmap/obstacle_layer/scan/topic: /scan
 * /move_base/local_costmap/plugins: [{'name': 'obstac...
 * /move_base/local_costmap/publish_frequency: 5.0
 * /move_base/local_costmap/resolution: 0.05
 * /move_base/local_costmap/robot_base_frame: base_link
 * /move_base/local_costmap/rolling_window: True
 * /move_base/local_costmap/transform_tolerance: 0.3
 * /move_base/local_costmap/update_frequency: 10.0
 * /move_base/local_costmap/width: 12.0
 * /move_base/oscillation_distance: 0.2
 * /move_base/oscillation_timeout: 10.0
 * /move_base/planner_frequency: 1.0
 * /move_base/planner_patience: 5.0
 * /move_base/recovery_behavior_enabled: False
 * /move_base/shutdown_costmaps: False
 * /robot_description: <?xml version="1....
 * /rosdistro: noetic
 * /rosversion: 1.17.4
 * /t11_formal_run/acceptance_eval_seed_limit: 0
 * /t11_formal_run/acceptance_timesteps: 0
 * /t11_formal_run/algorithm: RL-TEB-Semantic-Eta
 * /t11_formal_run/checkpoint: /home/robot/robot...
 * /t11_formal_run/config: /home/robot/robot...
 * /t11_formal_run/evaluation_seed_override: 601
 * /t11_formal_run/output_dir: /home/robot/robot...
 * /t11_formal_run/phase: ablation
 * /t11_formal_run/residual_config: /home/robot/robot...
 * /t11_formal_run/run_id: t12p_directional_...
 * /t11_formal_run/safety_mode: T12Safety
 * /t11_formal_run/scene_manifest: /home/robot/robot...
 * /t11_formal_run/semantic_mode: cumulative
 * /t11_formal_run/t12_safety_config: /home/robot/robot...
 * /t11_formal_run/task: T12
 * /t11_formal_run/training_seed: 101
 * /use_sim_time: True

NODES
  /
    gazebo (gazebo_ros/gzserver)
    m2_robot_state_publisher (robot_state_publisher/robot_state_publisher)
    move_base (move_base/move_base)
    spawn_m2 (gazebo_ros/spawn_model)
    t11_formal_run (thesis_experiment/t11_formal_run.py)

auto-starting new master
[1mprocess[master]: started with pid [648585][0m
[1mROS_MASTER_URI=http://localhost:11311[0m
]2;/home/robot/robot_ws_base_rl/src/tools/thesis_experiment/launch/t11_formal_run.launch http://localhost:11311
[1msetting /run_id to 0f16c822-7e6a-11f1-91bc-3382cc4c3ed1[0m
[1mprocess[rosout-1]: started with pid [648607][0m
started core service [/rosout]
[1mprocess[gazebo-2]: started with pid [648614][0m
[1mprocess[spawn_m2-3]: started with pid [648618][0m
[1mprocess[m2_robot_state_publisher-4]: started with pid [648620][0m
[1mprocess[move_base-5]: started with pid [648621][0m
[1mprocess[t11_formal_run-6]: started with pid [648622][0m
[INFO] [1783912943.664513608, 0.338000000]: global_costmap: Using plugin "obstacle_layer"
[INFO] [1783912943.667495942, 0.342000000]:     Subscribed to Topics: scan
[INFO] [1783912943.672355099, 0.346000000]: global_costmap: Using plugin "inflation_layer"
[INFO] [1783912943.684045700, 0.358000000]: local_costmap: Using plugin "obstacle_layer"
[INFO] [1783912943.684853701, 0.360000000]:     Subscribed to Topics: scan
[INFO] [1783912943.689060153, 0.364000000]: local_costmap: Using plugin "inflation_layer"
[INFO] [1783912943.703843133, 0.378000000]: Created local_planner teb_local_planner/TebLocalPlannerROS
[INFO] [1783912943.722502698, 0.396000000]: Footprint model 'polygon' loaded for trajectory optimization.
[INFO] [1783912943.722649408, 0.396000000]: Parallel planning in distinctive topologies disabled.
[INFO] [1783912943.722663098, 0.396000000]: No costmap conversion plugin specified. All occupied costmap cells are treaten as point obstacles.
[INFO] [1783912943.747104720, 0.420000000]: Footprint model 'polygon' loaded for trajectory optimization.
[INFO] [1783912943.905506191, 0.578000000]: Recovery behavior will clear layer 'obstacles'
[INFO] [1783912943.906556293, 0.578000000]: Recovery behavior will clear layer 'obstacles'
[INFO] [1783912943.916316318, 0.588000000]: odom received!
[INFO] [1783912945.552015617, 2.224000000]: Footprint model 'polygon' loaded for trajectory optimization.
[INFO] [1783912946.103703825, 2.772000000]: Footprint model 'polygon' loaded for trajectory optimization.
[INFO] [1783912946.704105334, 3.370000000]: Footprint model 'polygon' loaded for trajectory optimization.
[INFO] [1783912947.300587232, 3.968000000]: Footprint model 'polygon' loaded for trajectory optimization.
[INFO] [1783912947.948511003, 4.616000000]: Footprint model 'polygon' loaded for trajectory optimization.
[INFO] [1783912948.547090905, 5.214000000]: Footprint model 'polygon' loaded for trajectory optimization.
[INFO] [1783912949.102058675, 5.768000000]: Footprint model 'polygon' loaded for trajectory optimization.
[INFO] [1783912949.701242364, 6.368000000]: Footprint model 'polygon' loaded for trajectory optimization.
[INFO] [1783912950.351136602, 7.016000000]: Footprint model 'polygon' loaded for trajectory optimization.
[INFO] [1783912950.951726363, 7.616000000]: Footprint model 'polygon' loaded for trajectory optimization.
[INFO] [1783912953.199361812, 9.860000000]: GOAL Reached!
[INFO] [1783912953.319925495, 9.980000000]: Footprint model 'polygon' loaded for trajectory optimization.
[INFO] [1783912954.160069642, 10.824000000]: Footprint model 'polygon' loaded for trajectory optimization.
[INFO] [1783912954.754875720, 11.416000000]: Footprint model 'polygon' loaded for trajectory optimization.
[INFO] [1783912955.305023459, 11.966000000]: Footprint model 'polygon' loaded for trajectory optimization.
[INFO] [1783912955.906496742, 12.566000000]: Footprint model 'polygon' loaded for trajectory optimization.
[INFO] [1783912956.556198001, 13.212000000]: Footprint model 'polygon' loaded for trajectory optimization.
[INFO] [1783912957.111565606, 13.768000000]: Footprint model 'polygon' loaded for trajectory optimization.
[INFO] [1783912957.752848026, 14.412000000]: Footprint model 'polygon' loaded for trajectory optimization.
[INFO] [1783912962.301986784, 18.956000000]: GOAL Reached!
[INFO] [1783912962.425619948, 19.078000000]: Footprint model 'polygon' loaded for trajectory optimization.
[INFO] [1783912963.269633078, 19.924000000]: Footprint model 'polygon' loaded for trajectory optimization.
[INFO] [1783912963.867403853, 20.520000000]: Footprint model 'polygon' loaded for trajectory optimization.
[INFO] [1783912964.464991147, 21.116000000]: Footprint model 'polygon' loaded for trajectory optimization.
[INFO] [1783912965.019915444, 21.670000000]: Footprint model 'polygon' loaded for trajectory optimization.
[INFO] [1783912965.618246815, 22.268000000]: Footprint model 'polygon' loaded for trajectory optimization.
[INFO] [1783912966.217546060, 22.866000000]: Footprint model 'polygon' loaded for trajectory optimization.
[INFO] [[WARN] [1783912993.527991804, 50.154000000]: TebLocalPlannerROS: possible oscillation (of the robot or its local plan) detected. Activating recovery strategy (prefer current turning direction during optimization).
[WARN] [1783913013.574257, 70.180000]: training environment stop requested: adapter_close
schema_version: '1.0'
task: T12
status: passed
run_id: t12p_directional_seed101
algorithm: RL-TEB-Eta-FullSafety
training_seed: 101
safety_mode: T12Safety
episode_count: 4
step_count: 92
failure_count: 1
run_validation:
  valid: true
  run_id: t12p_directional_seed101
  episode_count: 4
  step_count: 92
  verified_checksum_count: 4
selected_checkpoint: /home/robot/robot_ws_base_rl/artifacts/t11/runs/t11_semantic_eta_fullsafety_seed101/checkpoints/step_000300
passed: true
acceptance_override: false

1783912969.909246475, 26.556000000]: GOAL Reached!
[INFO] [1783912970.029941907, 26.676000000]: Footprint model 'polygon' loaded for trajectory optimization.
[INFO] [1783912970.879534047, 27.522000000]: Footprint model 'polygon' loaded for trajectory optimization.
[INFO] [1783912971.479925069, 28.122000000]: Footprint model 'polygon' loaded for trajectory optimization.
[INFO] [1783912972.032222358, 28.674000000]: Footprint model 'polygon' loaded for trajectory optimization.
[INFO] [1783912972.631330424, 29.274000000]: Footprint model 'polygon' loaded for trajectory optimization.
[INFO] [1783912973.276738993, 29.920000000]: Footprint model 'polygon' loaded for trajectory optimization.
[INFO] [1783912973.829601476, 30.472000000]: Footprint model 'polygon' loaded for trajectory optimization.
[INFO] [1783913004.738044419, 61.354000000]: TebLocalPlannerROS: oscillation recovery disabled/expired.
[INFO] [1783913012.698907955, 69.306000000]: Footprint model 'polygon' loaded for trajectory optimization.
[INFO] [1783913013.580150617, 70.188000000]: Footprint model 'polygon' loaded for trajectory optimization.
[INFO] [1783913013.598210528, 70.206000000]: Footprint model 'polygon' loaded for trajectory optimization.
[INFO] [1783912942.357332664]: Finished loading Gazebo ROS API Plugin.
[INFO] [1783912942.358221128]: waitForService: Service [/gazebo/set_physics_properties] has not been advertised, waiting...
[INFO] [1783912943.036826114]: waitForService: Service [/gazebo/set_physics_properties] is now available.
[INFO] [1783912943.078928964, 0.038000000]: Physics dynamic reconfigure ready.
[INFO] [1783912943.277371207, 0.178000000]: <initialOrientationAsReference> is unset, using default value of false to comply with REP 145 (world as orientation reference)
[INFO] [1783912943.277411949, 0.178000000]: <robotNamespace> set to: //
[INFO] [1783912943.277422325, 0.178000000]: <topicName> set to: imu/data
[INFO] [1783912943.277430239, 0.178000000]: <frameName> set to: imu_link
[INFO] [1783912943.277454889, 0.178000000]: <updateRateHZ> set to: 50
[INFO] [1783912943.277462619, 0.178000000]: <gaussianNoise> set to: 0
[INFO] [1783912943.277480336, 0.178000000]: <xyzOffset> set to: 0 0 0
[INFO] [1783912943.277496764, 0.178000000]: <rpyOffset> set to: 0 -0 0
[INFO] [1783912943.396823288, 0.178000000]: Laser Plugin: Using the 'robotNamespace' param: '/'
[INFO] [1783912943.396852598, 0.178000000]: Starting Laser Plugin (ns = /)
[INFO] [1783912943.397812822, 0.178000000]: Laser Plugin (ns = /)  <tf_prefix_>, set to ""
[INFO] [1783912943.503332597, 0.178000000]: M2 simulation-only Ackermann interface loaded; cmd_angle_instead_rotvel=false
[31mWARNING: disk usage in log directory [/home/robot/.ros/log] is over 1GB.
It's recommended that you use the 'rosclean' command.[0m
WARNING: Package name "gazebo_ros_2Dmap_plugin" does not follow the naming conventions. It should start with a lower case letter and only contain lower case letters, digits, underscores, and dashes.
WARNING: Package name "gazebo_ros_2Dmap_plugin" does not follow the naming conventions. It should start with a lower case letter and only contain lower case letters, digits, underscores, and dashes.
[31m================================================================================REQUIRED process [t11_formal_run-6] has died!
process has finished cleanly
log file: /home/robot/.ros/log/0f16c822-7e6a-11f1-91bc-3382cc4c3ed1/t11_formal_run-6*.log
Initiating shutdown!
================================================================================[0m
[1m[spawn_m2-3] process has finished cleanly
log file: /home/robot/.ros/log/0f16c822-7e6a-11f1-91bc-3382cc4c3ed1/spawn_m2-3*.log[0m
[t11_formal_run-6] killing on exit
[move_base-5] killing on exit
[m2_robot_state_publisher-4] killing on exit
[gazebo-2] killing on exit
[rosout-1] killing on exit
[master] killing on exit
shutting down processing monitor...
... shutting down processing monitor complete
[1mdone[0m
