WARNING: Package name "gazebo_ros_2Dmap_plugin" does not follow the naming conventions. It should start with a lower case letter and only contain lower case letters, digits, underscores, and dashes.
xacro: in-order processing became default in ROS Melodic. You can drop the option.
WARNING: Package name "gazebo_ros_2Dmap_plugin" does not follow the naming conventions. It should start with a lower case letter and only contain lower case letters, digits, underscores, and dashes.
WARNING: Package name "gazebo_ros_2Dmap_plugin" does not follow the naming conventions. It should start with a lower case letter and only contain lower case letters, digits, underscores, and dashes.
[INFO] [1783912387.225120, 0.000000]: Loading model XML from ros parameter robot_description
[INFO] [1783912387.228313, 0.000000]: Waiting for service /gazebo/spawn_urdf_model
[INFO] [1783912388.133158, 0.060000]: Calling service /gazebo/spawn_urdf_model
[INFO] [1783912388.431341, 0.180000]: Spawn status: SpawnModel: Successfully spawned entity
... logging to /home/robot/.ros/log/c46ba730-7e68-11f1-91bc-3382cc4c3ed1/roslaunch-WP-615507.log
Checking log directory for disk usage. This may take a while.
Press Ctrl-C to interrupt
]2;/home/robot/robot_ws_base_rl/src/tools/thesis_experiment/launch/t11_formal_run.launch
[1mstarted roslaunch server http://WP:40647/[0m

SUMMARY
========

PARAMETERS
 * /gazebo/enable_ros_network: True
 * /m2_gazebo/simulation_only: True
 * /m2_robot_state_publisher/publish_frequency: 30.0
 * /move_base/TebLocalPlannerROS/acc_lim_theta: 0.8
 * /move_base/TebLocalPlannerROS/acc_lim_x: 0.8
 * /move_base/TebLocalPlannerROS/allow_init_with_backwards_motion: True
 * /move_base/TebLocalPlannerROS/cmd_angle_instead_rotvel: False
 * /move_base/TebLocalPlannerROS/costmap_obstacles_behind_robot_dist: 1.5
 * /move_base/TebLocalPlannerROS/dt_hysteresis: 0.1
 * /move_base/TebLocalPlannerROS/dt_ref: 0.3
 * /move_base/TebLocalPlannerROS/enable_homotopy_class_planning: False
 * /move_base/TebLocalPlannerROS/enable_multithreading: True
 * /move_base/TebLocalPlannerROS/feasibility_check_no_poses: 5
 * /move_base/TebLocalPlannerROS/footprint_model/type: polygon
 * /move_base/TebLocalPlannerROS/footprint_model/vertices: [[0.52, 0.35], [0...
 * /move_base/TebLocalPlannerROS/global_plan_overwrite_orientation: True
 * /move_base/TebLocalPlannerROS/include_costmap_obstacles: True
 * /move_base/TebLocalPlannerROS/inflation_dist: 0.55
 * /move_base/TebLocalPlannerROS/map_frame: odom
 * /move_base/TebLocalPlannerROS/max_global_plan_lookahead_dist: 8.0
 * /move_base/TebLocalPlannerROS/max_number_classes: 4
 * /move_base/TebLocalPlannerROS/max_samples: 500
 * /move_base/TebLocalPlannerROS/max_vel_theta: 1.0
 * /move_base/TebLocalPlannerROS/max_vel_x: 1.2
 * /move_base/TebLocalPlannerROS/max_vel_x_backwards: 0.6
 * /move_base/TebLocalPlannerROS/max_vel_y: 0.0
 * /move_base/TebLocalPlannerROS/min_obstacle_dist: 0.25
 * /move_base/TebLocalPlannerROS/min_turning_radius: 1.2
 * /move_base/TebLocalPlannerROS/obstacle_poses_affected: 15
 * /move_base/TebLocalPlannerROS/odom_topic: /odom
 * /move_base/TebLocalPlannerROS/teb_autosize: True
 * /move_base/TebLocalPlannerROS/weight_acc_lim_theta: 1.0
 * /move_base/TebLocalPlannerROS/weight_acc_lim_x: 1.0
 * /move_base/TebLocalPlannerROS/weight_adapt_factor: 2.0
 * /move_base/TebLocalPlannerROS/weight_inflation: 0.1
 * /move_base/TebLocalPlannerROS/weight_kinematics_forward_drive: 10.0
 * /move_base/TebLocalPlannerROS/weight_kinematics_nh: 1000.0
 * /move_base/TebLocalPlannerROS/weight_kinematics_turning_radius: 10.0
 * /move_base/TebLocalPlannerROS/weight_max_vel_theta: 1.0
 * /move_base/TebLocalPlannerROS/weight_max_vel_x: 2.0
 * /move_base/TebLocalPlannerROS/weight_obstacle: 50.0
 * /move_base/TebLocalPlannerROS/weight_optimaltime: 1.0
 * /move_base/TebLocalPlannerROS/weight_viapoint: 1.0
 * /move_base/TebLocalPlannerROS/wheelbase: 0.65
 * /move_base/base_global_planner: navfn/NavfnROS
 * /move_base/base_local_planner: teb_local_planner...
 * /move_base/clearing_rotation_allowed: False
 * /move_base/controller_frequency: 10.0
 * /move_base/controller_patience: 5.0
 * /move_base/global_costmap/footprint: [[0.52, 0.35], [0...
 * /move_base/global_costmap/footprint_padding: 0.05
 * /move_base/global_costmap/global_frame: odom
 * /move_base/global_costmap/height: 30.0
 * /move_base/global_costmap/inflation_layer/cost_scaling_factor: 4.0
 * /move_base/global_costmap/inflation_layer/enabled: True
 * /move_base/global_costmap/inflation_layer/inflation_radius: 0.55
 * /move_base/global_costmap/obstacle_layer/enabled: True
 * /move_base/global_costmap/obstacle_layer/observation_sources: scan
 * /move_base/global_costmap/obstacle_layer/scan/clearing: True
 * /move_base/global_costmap/obstacle_layer/scan/data_type: LaserScan
 * /move_base/global_costmap/obstacle_layer/scan/inf_is_valid: True
 * /move_base/global_costmap/obstacle_layer/scan/marking: True
 * /move_base/global_costmap/obstacle_layer/scan/obstacle_range: 12.0
 * /move_base/global_costmap/obstacle_layer/scan/raytrace_range: 15.0
 * /move_base/global_costmap/obstacle_layer/scan/sensor_frame: laser_link
 * /move_base/global_costmap/obstacle_layer/scan/topic: /scan
 * /move_base/global_costmap/plugins: [{'name': 'obstac...
 * /move_base/global_costmap/publish_frequency: 2.0
 * /move_base/global_costmap/resolution: 0.05
 * /move_base/global_costmap/robot_base_frame: base_link
 * /move_base/global_costmap/rolling_window: True
 * /move_base/global_costmap/transform_tolerance: 0.3
 * /move_base/global_costmap/update_frequency: 5.0
 * /move_base/global_costmap/width: 30.0
 * /move_base/local_costmap/footprint: [[0.52, 0.35], [0...
 * /move_base/local_costmap/footprint_padding: 0.05
 * /move_base/local_costmap/global_frame: odom
 * /move_base/local_costmap/height: 12.0
 * /move_base/local_costmap/inflation_layer/cost_scaling_factor: 4.0
 * /move_base/local_costmap/inflation_layer/enabled: True
 * /move_base/local_costmap/inflation_layer/inflation_radius: 0.55
 * /move_base/local_costmap/obstacle_layer/enabled: True
 * /move_base/local_costmap/obstacle_layer/observation_sources: scan
 * /move_base/local_costmap/obstacle_layer/scan/clearing: True
 * /move_base/local_costmap/obstacle_layer/scan/data_type: LaserScan
 * /move_base/local_costmap/obstacle_layer/scan/inf_is_valid: True
 * /move_base/local_costmap/obstacle_layer/scan/marking: True
 * /move_base/local_costmap/obstacle_layer/scan/obstacle_range: 12.0
 * /move_base/local_costmap/obstacle_layer/scan/raytrace_range: 15.0
 * /move_base/local_costmap/obstacle_layer/scan/sensor_frame: laser_link
 * /move_base/local_costmap/obstacle_layer/scan/topic: /scan
 * /move_base/local_costmap/plugins: [{'name': 'obstac...
 * /move_base/local_costmap/publish_frequency: 5.0
 * /move_base/local_costmap/resolution: 0.05
 * /move_base/local_costmap/robot_base_frame: base_link
 * /move_base/local_costmap/rolling_window: True
 * /move_base/local_costmap/transform_tolerance: 0.3
 * /move_base/local_costmap/update_frequency: 10.0
 * /move_base/local_costmap/width: 12.0
 * /move_base/oscillation_distance: 0.2
 * /move_base/oscillation_timeout: 10.0
 * /move_base/planner_frequency: 1.0
 * /move_base/planner_patience: 5.0
 * /move_base/recovery_behavior_enabled: False
 * /move_base/shutdown_costmaps: False
 * /robot_description: <?xml version="1....
 * /rosdistro: noetic
 * /rosversion: 1.17.4
 * /t11_formal_run/acceptance_eval_seed_limit: 0
 * /t11_formal_run/acceptance_timesteps: 0
 * /t11_formal_run/algorithm: RL-TEB-Semantic-Eta
 * /t11_formal_run/checkpoint: /home/robot/robot...
 * /t11_formal_run/config: /home/robot/robot...
 * /t11_formal_run/evaluation_seed_override: 601
 * /t11_formal_run/output_dir: /home/robot/robot...
 * /t11_formal_run/phase: ablation
 * /t11_formal_run/residual_config: /home/robot/robot...
 * /t11_formal_run/run_id: t12p_residual_see...
 * /t11_formal_run/safety_mode: T12Safety
 * /t11_formal_run/scene_manifest: /home/robot/robot...
 * /t11_formal_run/semantic_mode: residual_pilot
 * /t11_formal_run/t12_safety_config: /home/robot/robot...
 * /t11_formal_run/task: T12
 * /t11_formal_run/training_seed: 101
 * /use_sim_time: True

NODES
  /
    gazebo (gazebo_ros/gzserver)
    m2_robot_state_publisher (robot_state_publisher/robot_state_publisher)
    move_base (move_base/move_base)
    spawn_m2 (gazebo_ros/spawn_model)
    t11_formal_run (thesis_experiment/t11_formal_run.py)

auto-starting new master
[1mprocess[master]: started with pid [615599][0m
[1mROS_MASTER_URI=http://localhost:11311[0m
]2;/home/robot/robot_ws_base_rl/src/tools/thesis_experiment/launch/t11_formal_run.launch http://localhost:11311
[1msetting /run_id to c46ba730-7e68-11f1-91bc-3382cc4c3ed1[0m
[1mprocess[rosout-1]: started with pid [615644][0m
started core service [/rosout]
[1mprocess[gazebo-2]: started with pid [615651][0m
[1mprocess[spawn_m2-3]: started with pid [615655][0m
[1mprocess[m2_robot_state_publisher-4]: started with pid [615657][0m
[1mprocess[move_base-5]: started with pid [615658][0m
[1mprocess[t11_formal_run-6]: started with pid [615659][0m
[INFO] [1783912388.805806040, 0.442000000]: global_costmap: Using plugin "obstacle_layer"
[INFO] [1783912388.808516161, 0.444000000]:     Subscribed to Topics: scan
[INFO] [1783912388.815063677, 0.450000000]: global_costmap: Using plugin "inflation_layer"
[INFO] [1783912388.827785662, 0.464000000]: local_costmap: Using plugin "obstacle_layer"
[INFO] [1783912388.828643181, 0.464000000]:     Subscribed to Topics: scan
[INFO] [1783912388.833678471, 0.468000000]: local_costmap: Using plugin "inflation_layer"
[INFO] [1783912388.848282417, 0.484000000]: Created local_planner teb_local_planner/TebLocalPlannerROS
[INFO] [1783912388.869678320, 0.504000000]: Footprint model 'polygon' loaded for trajectory optimization.
[INFO] [1783912388.869825564, 0.506000000]: Parallel planning in distinctive topologies disabled.
[INFO] [1783912388.869840776, 0.506000000]: No costmap conversion plugin specified. All occupied costmap cells are treaten as point obstacles.
[INFO] [1783912388.893532178, 0.528000000]: Footprint model 'polygon' loaded for trajectory optimization.
[INFO] [1783912389.053330810, 0.688000000]: Recovery behavior will clear layer 'obstacles'
[INFO] [1783912389.054235902, 0.688000000]: Recovery behavior will clear layer 'obstacles'
[INFO] [1783912389.106914071, 0.740000000]: odom received!
[INFO] [1783912390.731516722, 2.364000000]: Footprint model 'polygon' loaded for trajectory optimization.
[INFO] [1783912391.336417172, 2.968000000]: Footprint model 'polygon' loaded for trajectory optimization.
[INFO] [1783912391.884344895, 3.514000000]: Footprint model 'polygon' loaded for trajectory optimization.
[INFO] [1783912392.487451238, 4.116000000]: Footprint model 'polygon' loaded for trajectory optimization.
[INFO] [1783912393.086408089, 4.716000000]: Footprint model 'polygon' loaded for trajectory optimization.
[INFO] [1783912393.686653826, 5.316000000]: Footprint model 'polygon' loaded for trajectory optimization.
[INFO] [1783912394.336882664, 5.964000000]: Footprint model 'polygon' loaded for trajectory optimization.
[INFO] [1783912394.934506406, 6.562000000]: Footprint model 'polygon' loaded for trajectory optimization.
[INFO] [1783912395.535303718, 7.162000000]: Footprint model 'polygon' loaded for trajectory optimization.
[INFO] [1783912396.134613402, 7.762000000]: Footprint model 'polygon' loaded for trajectory optimization.
[INFO] [1783912396.735117327, 8.362000000]: Footprint model 'polygon' loaded for trajectory optimization.
[INFO] [1783912397.337052958, 8.964000000]: Footprint model 'polygon' loaded for trajectory optimization.
[INFO] [1783912399.083668912, 10.706000000]: GOAL Reached!
[INFO] [1783912399.193100420, 10.816000000]: Footprint model 'polygon' loaded for trajectory optimization.
[INFO] [1783912400.022064344, 11.644000000]: Footprint model 'polygon' loaded for trajectory optimization.
[INFO] [1783912400.627363128, 12.250000000]: Footprint model 'polygon' loaded for trajectory optimization.
[INFO] [1783912401.225968666, 12.848000000]: Footprint model 'polygon' loaded for trajectory optimization.
[INFO] [1783912401.825926659, 13.448000000]: Footprint model 'polygon' loaded for trajectory optimization.
[INFO] [1783912402.381740459, 14.002000000]: Footprint model 'polygon' loaded for trajectory optimization.
[INFO] [1783912402.980131686, 14.602000000]: Footprint model 'polygon' loaded for trajectory optimization.
[INFO] [1783912403.578911963, 15.200000000]: Footprint model 'polygon' loaded for trajectory optimization.
[INFO] [1783912404.231247184, 15.850000000]: Footprint model 'polygon' loaded for trajectory optimization.
[INFO] [1783912404.830042878, 16.448000000]: Footprint model 'polygon' loaded for trajectory optimization.
[INFO] [1783912405.428362121, 17.048000000]: Footprint model 'polygon' loaded for trajectory optimization.
[INFO] [1783912406.028909165, 17.648000000]: Footprint model 'polygon' loaded for trajectory optimization.
[INFO] [1783912408.074910066, 19.692000000]: GOAL Reached!
[INFO] [1783912408.188061323, 19.804000000]: Footprint model 'polygon' loaded for trajectory optimization.
[INFO] [[WARN] [1783912425.984217883, 37.584000000]: TebLocalPlannerROS: possible oscillation (of the robot or its local plan) detected. Activating recovery strategy (prefer current turning direction during optimization).
[ERROR] [1783912428.687005544, 40.284000000]: Aborting because the robot appears to be oscillating over and over. Even after executing all recovery behaviors
1783912409.028772138, 20.644000000]: Footprint model 'polygon' loaded for trajectory optimization.
[INFO] [1783912409.635645603, 21.250000000]: Footprint model 'polygon' loaded for trajectory optimization.
[INFO] [1783912410.186296696, 21.800000000]: Footprint model 'polygon' loaded for trajectory optimization.
[INFO] [1783912410.846001755, 22.460000000]: Footprint model 'polygon' loaded for trajectory optimization.
[INFO] [1783912411.395996580, 23.010000000]: Footprint model 'polygon' loaded for trajectory optimization.
[INFO] [1783912411.996733965, 23.608000000]: Footprint model 'polygon' loaded for trajectory optimization.
[INFO] [1783912412.641602257, 24.254000000]: Footprint model 'polygon' loaded for trajectory optimization.
[INFO] [1783912413.247684503, 24.860000000]: Footprint model 'polygon' loaded for trajectory optimization.
[INFO] [1783912413.799030284, 25.410000000]: Footprint model 'polygon' loaded for trajectory optimization.
[INFO] [1783912417.394644217, 29.004000000]: Footprint model 'polygon' loaded for trajectory optimization.
[INFO] [1783912418.036682979, 29.644000000]: Footprint model 'polygon' loaded for trajectory optimization.
[INFO] [1783912418.593851712, 30.200000000]: Footprint model 'polygon' loaded for trajectory optimization.
[INFO] [1783912419.187809310, 30.794000000]: Footprint model 'polygon' loaded for trajectory optimization.
[INFO] [1783912419.839532520, 31.446000000]: Footprint model 'polygon' loaded for trajectory optimization.
[INFO] [1783912420.439810406, 32.044000000]: Footprint model 'polygon' loaded for trajectory optimization.
[INFO] [1783912421.038964719, 32.644000000]: Footprint model 'polygon' loaded for trajectory optimization.
[INFO] [1783912421.638162790, 33.244000000]: Footprint model 'polygon' loaded for trajectory optimization.
[INFO] [1783912422.241218622, 33.846000000]: Footprint model 'polygon' loaded for trajectory optimization.
[INFO] [1783912422.839760897, 34.444000000]: Footprint model 'polygon' loaded for trajectory optimization.
[INFO] [1783912423.391185749, 34.994000000]: Footprint model 'polygon' loaded for trajectory optimization.
[INFO] [1783912424.041634153, 35.642000000]: Footprint model 'polygon' loaded for trajectory optimization.
[INFO] [1783912424.640641429, 36.242000000]: Footprint model 'polygon' loaded for trajectory optimization.
[INFO] [1783912425.193610651, 36.796000000]: Footprint model 'polygon' loaded for trajectory optimization.
[INFO] [1783912425.845038489, 37.444000000]: Footprint model 'polygon' loaded for trajectory optimization.
[INFO] [1783912426.442857160, 38.042000000]: Footprint model 'polygon' loaded for trajectory optimization.
[INFO] [1783912427.046284446, 38.646000000]: Footprint model 'polygon' loaded for trajectory optimization.
[INFO] [1783912427.646116303, 39.244000000]: Footprint model 'polygon' loaded for trajectory optimization.
[INFO] [1783912428.244470941, 39.842000000]: Footprint model 'polygon' loaded for trajectory optimization.
[INFO] [1783912428.955528198, 40.550000000]: Footprint model 'polygon' loaded for trajectory optimization.
[INFO] [1783912429.809164297, 41.404000000]: Footprint model 'polygon' loaded for trajectory optimization.
[INFO] [1783912430.358043288, 41.954000000]: Footprint model 'polygon' loaded for trajectory optimization.
[INFO] [1783912431.006745654, 42.602000000]: Footprint model 'polygon' loaded for trajectory optimization.
[INFO] [1783912431.564857076, 43.160000000]: Footprint model 'polygon' loaded for trajectory optimization.
[INFO] [1783912432.211723082, 43.808000000]: Footprint model 'polygon' loaded for trajectory optimization.
[INFO] [1783912432.815005920, 44.408000000]: Footprint model 'polygon' loaded for trajectory optimization.
[INFO] [1783912433.412785190, 45.008000000]: Footprint model 'polygon' loaded for trajectory optimization.
[INFO] [1783912434.022090866, 45.616000000]: Footprint model 'polygon' loaded for trajectory optimization.
[INFO] [1783912437.618738761, 49.208000000]: Footprint model 'polygon' loaded for trajectory optimization.
[INFO] [1783912438.154867419, 49.74400[ERROR] [1783912438.748225574, 50.338000000]: TebOptimalPlanner::getVelocityCommand() - timediff<=0 is invalid!
[WARN] [1783912438.748290484, 50.338000000]: TebLocalPlannerROS: velocity command invalid. Resetting planner...
[WARN] [1783912447.051266989, 58.632000000]: TebLocalPlannerROS: possible oscillation (of the robot or its local plan) detected. Activating recovery strategy (prefer current turning direction during optimization).
[ERROR] [1783912448.951220155, 60.532000000]: Aborting because the robot appears to be oscillating over and over. Even after executing all recovery behaviors
[WARN] [1783912449.199599697, 60.778000000]: The origin for the sensor at (7.51, 0.01) is out of map bounds. So, the costmap cannot raytrace for it.
[WARN] [1783912449.911607332, 61.490000000]: TebLocalPlannerROS: trajectory is not feasible. Resetting planner...
[WARN] [1783912450.103051, 61.680000]: training environment stop requested: adapter_close
schema_version: '1.0'
task: T12
status: passed
run_id: t12p_residual_seed101
algorithm: RL-TEB-Eta-FullSafety
training_seed: 101
safety_mode: T12Safety
episode_count: 4
step_count: 78
failure_count: 2
run_validation:
  valid: true
  run_id: t12p_residual_seed101
  episode_count: 4
  step_count: 78
  verified_checksum_count: 4
selected_checkpoint: /home/robot/robot_ws_base_rl/artifacts/t11/runs/t11_semantic_eta_fullsafety_seed101/checkpoints/step_000300
passed: true
acceptance_override: false

[INFO] [1783912387.462907794]: Finished loading Gazebo ROS API Plugin.
[INFO] [1783912387.463710903]: waitForService: Service [/gazebo/set_physics_properties] has not been advertised, waiting...
[INFO] [1783912388.079018992, 0.008000000]: waitForService: Service [/gazebo/set_physics_properties] is now available.
[INFO] [1783912388.312938708, 0.180000000]: <initialOrientationAsReference> is unset, using default value of false to comply with REP 145 (world as orientation reference)
[INFO] [1783912388.312994761, 0.180000000]: <robotNamespace> set to: //
[INFO] [1783912388.313002755, 0.180000000]: <topicName> set to: imu/data
[INFO] [1783912388.313009914, 0.180000000]: <frameName> set to: imu_link
[INFO] [1783912388.313034843, 0.180000000]: <updateRateHZ> set to: 50
[INFO] [1783912388.313042639, 0.180000000]: <gaussianNoise> set to: 0
[INFO] [1783912388.313064203, 0.180000000]: <xyzOffset> set to: 0 0 0
[INFO] [1783912388.313085035, 0.180000000]: <rpyOffset> set to: 0 -0 0
[INFO] [1783912388.435419690, 0.180000000]: Physics dynamic reconfigure ready.
[INFO] [1783912388.437592696, 0.180000000]: Laser Plugin: Using the 'robotNamespace' param: '/'
[INFO] [1783912388.437611026, 0.180000000]: Starting Laser Plugin (ns = /)
[INFO] [1783912388.438543274, 0.180000000]: Laser Plugin (ns = /)  <tf_prefix_>, set to ""
[INFO] [1783912388.543971071, 0.180000000]: M2 simulation-only Ackermann interface loaded; cmd_angle_instead_rotvel=false
0000]: Footprint model 'polygon' loaded for trajectory optimization.
[INFO] [1783912438.802565618, 50.392000000]: Footprint model 'polygon' loaded for trajectory optimization.
[INFO] [1783912439.415270517, 51.004000000]: Footprint model 'polygon' loaded for trajectory optimization.
[INFO] [1783912440.015954370, 51.604000000]: Footprint model 'polygon' loaded for trajectory optimization.
[INFO] [1783912440.563607295, 52.152000000]: Footprint model 'polygon' loaded for trajectory optimization.
[INFO] [1783912441.214870638, 52.802000000]: Footprint model 'polygon' loaded for trajectory optimization.
[INFO] [1783912441.344230224, 52.932000000]: TebLocalPlannerROS: oscillation recovery disabled/expired.
[INFO] [1783912441.766287511, 53.350000000]: Footprint model 'polygon' loaded for trajectory optimization.
[INFO] [1783912442.416224562, 53.998000000]: Footprint model 'polygon' loaded for trajectory optimization.
[INFO] [1783912442.967912263, 54.552000000]: Footprint model 'polygon' loaded for trajectory optimization.
[INFO] [1783912443.618898501, 55.202000000]: Footprint model 'polygon' loaded for trajectory optimization.
[INFO] [1783912444.219097043, 55.802000000]: Footprint model 'polygon' loaded for trajectory optimization.
[INFO] [1783912444.794971817, 56.378000000]: Footprint model 'polygon' loaded for trajectory optimization.
[INFO] [1783912445.368816942, 56.952000000]: Footprint model 'polygon' loaded for trajectory optimization.
[INFO] [1783912446.016789462, 57.600000000]: Footprint model 'polygon' loaded for trajectory optimization.
[INFO] [1783912446.569149513, 58.150000000]: Footprint model 'polygon' loaded for trajectory optimization.
[INFO] [1783912447.175402756, 58.756000000]: Footprint model 'polygon' loaded for trajectory optimization.
[INFO] [1783912447.824531471, 59.406000000]: Footprint model 'polygon' loaded for trajectory optimization.
[INFO] [1783912448.419151907, 60.000000000]: Footprint model 'polygon' loaded for trajectory optimization.
[INFO] [1783912449.126265865, 60.704000000]: Footprint model 'polygon' loaded for trajectory optimization.
[INFO] [1783912450.205950968, 61.784000000]: Footprint model 'polygon' loaded for trajectory optimization.
[INFO] [1783912450.223141722, 61.802000000]: Footprint model 'polygon' loaded for trajectory optimization.
[31mWARNING: disk usage in log directory [/home/robot/.ros/log] is over 1GB.
It's recommended that you use the 'rosclean' command.[0m
WARNING: Package name "gazebo_ros_2Dmap_plugin" does not follow the naming conventions. It should start with a lower case letter and only contain lower case letters, digits, underscores, and dashes.
WARNING: Package name "gazebo_ros_2Dmap_plugin" does not follow the naming conventions. It should start with a lower case letter and only contain lower case letters, digits, underscores, and dashes.
[31m================================================================================REQUIRED process [t11_formal_run-6] has died!
process has finished cleanly
log file: /home/robot/.ros/log/c46ba730-7e68-11f1-91bc-3382cc4c3ed1/t11_formal_run-6*.log
Initiating shutdown!
================================================================================[0m
[1m[spawn_m2-3] process has finished cleanly
log file: /home/robot/.ros/log/c46ba730-7e68-11f1-91bc-3382cc4c3ed1/spawn_m2-3*.log[0m
[t11_formal_run-6] killing on exit
[move_base-5] killing on exit
[m2_robot_state_publisher-4] killing on exit
[gazebo-2] killing on exit
[rosout-1] killing on exit
[master] killing on exit
shutting down processing monitor...
... shutting down processing monitor complete
[1mdone[0m
