schema_version: '2.0'
architecture_generation: v2
evaluator_id: fam_teb_v2_02_evaluator_1
formal_result: false
runtime_ready: false
scene_id: v2-04g-r1-corridor-s4931
family: CORRIDOR
split: calibration
seed: 4931
instance_sha256: b8453bafde28a0efd3793112cf5dc34f299cc9c0186606098e94092bbbbb9fe0
raw_trace_sha256: ff0c18b77166c4fac59a733c8b21ed8624549225d55f00b63032c96ee31299fa
termination: SUCCESS
metrics:
  common:
    success: true
    collision: false
    navigation_time_s: 15.100000000000001
    path_length_m: 10.131367090534106
    mean_abs_speed_mps: 0.6709940026616882
    minimum_clearance_m: 0.45723592966974724
    stop_count: 1
    reverse_distance_m: 0.0
  family:
    lateral_rms_m: 0.07620833430938244
    heading_oscillation_rad: 1.786584696555598
    emergency_contact_count: 0
stage: V2-04G-R1
method: rule_multi_anchor
episode_timeout_s: 45.0
tracker_message_count: 227
tracker_health_valid_fraction: 1.0
finite_ttc_sample_count: 0
ttc_status: NO_CONFLICT_IN_HORIZON
context_message_count: 75
context_valid_count: 75
context_geometry_sequence:
- CORRIDOR
context_geometry_switch_count: 0
transaction_message_count: 77
transaction_valid_count: 77
transaction_activated_count: 77
transaction_fault_count: 0
transaction_backends:
- simulation_teb_dynamic_reconfigure
active_anchor_sequence:
- anchor_corridor
active_anchor_switch_count: 0
typed_transaction_expected: true
typed_transaction_valid: true
training_used: false
runtime_policy_manifest_access: false
runtime_scene_labels_available: false
experiment_manager_validation_manifest_access: false
runner_fault_reason: ''
supervisor_profile_id: g1_mechanism_balanced
context_geometry_sample_counts:
  BALANCED: 0
  CRUISE: 0
  STATIC_DENSE: 0
  CORRIDOR: 75
  MANEUVER: 0
context_geometry_sample_fractions:
  BALANCED: 0.0
  CRUISE: 0.0
  STATIC_DENSE: 0.0
  CORRIDOR: 1.0
  MANEUVER: 0.0
context_overlay_sample_counts:
  NONE: 75
  CROSSING: 0
  HEAD_ON: 0
  FOLLOW: 0
  OVERTAKE_OR_YIELD: 0
context_overlay_sample_fractions:
  NONE: 1.0
  CROSSING: 0.0
  HEAD_ON: 0.0
  FOLLOW: 0.0
  OVERTAKE_OR_YIELD: 0.0
experiment_manager_calibration_manifest_access: true
mode_measurement_window: post_readiness_goal_execution_only
clearance_audit:
  schema_version: '2.0'
  stage: V2-04G-R1
  evaluator_only_gazebo_truth_used: true
  runtime_policy_received_truth: false
  minimum_signed_scan_clearance_m: 0.45723592966974724
  minimum_truth_box_clearance_m: 0.4669708487413528
  classification: CLEARANCE_POSITIVE
  minimum_scan_detail:
    stamp_s: 5.64
    robot_x_m: 0.0
    robot_y_m: 0.0
    signed_scan_clearance_m: 0.45723592966974724
    clipped_scan_clearance_m: 0.45723592966974724
    raw_range_m: 0.8073036074638367
    ray_index: 537
    ray_angle_rad: 1.55113245267421
    footprint_boundary_range_m: 0.3500676777940894
  minimum_truth_detail:
    stamp_s: 8.44
    clearance_m: 0.4669708487413528
    closest_model: corridor-left
    model_x_m: 5.005324636
    model_y_m: 1.098894194
  contact_count: 0
mechanism_message_count: 75
mechanism_join_valid_count: 75
mechanism_join_valid_fraction: 1.0
mechanism_join_reason_counts:
  EXACT_SEQUENCE_JOIN: 75
mechanism_topology_locked_sample_count: 0
mechanism_corridor_centerline_sample_count: 75
mechanism_maneuver_reverse_sample_count: 0
mechanism_topology_switch_count: 0

