schema_version: '2.0'
architecture_generation: v2
evaluator_id: fam_teb_v2_02_evaluator_1
formal_result: false
runtime_ready: false
scene_id: v2-04g-r4-static-s5067
family: STATIC_DENSE
split: calibration
seed: 5067
instance_sha256: f429167f4c9e87a13c68db223ee720457754f638f02c4f6915c2df1326b2b1c5
raw_trace_sha256: e9592f216b73ce39b42130f65e6b56fddb0b54ff30a48260e2733d1e7fc10102
termination: SUCCESS
metrics:
  common:
    success: true
    collision: false
    navigation_time_s: 21.0
    path_length_m: 13.717817647054813
    mean_abs_speed_mps: 0.6531989425197112
    minimum_clearance_m: 0.41634451857111143
    stop_count: 3
    reverse_distance_m: 0.0
  family:
    topology_switch_count: 1
    global_replan_count: 42
    recovery_count: 0
stage: V2-04G-R4
method: rule_multi_anchor
episode_timeout_s: 50.0
tracker_message_count: 314
tracker_health_valid_fraction: 1.0
finite_ttc_sample_count: 61
ttc_status: OBSERVED_CONFLICT
context_message_count: 105
context_valid_count: 105
context_geometry_sequence:
- BALANCED
- STATIC_DENSE
context_geometry_switch_count: 1
transaction_message_count: 107
transaction_valid_count: 107
transaction_activated_count: 107
transaction_fault_count: 0
transaction_backends:
- simulation_teb_dynamic_reconfigure
active_anchor_sequence:
- anchor_balanced
- anchor_static_dense
active_anchor_switch_count: 1
typed_transaction_expected: true
typed_transaction_valid: true
training_used: false
runtime_policy_manifest_access: false
runtime_scene_labels_available: false
experiment_manager_validation_manifest_access: false
runner_fault_reason: ''
supervisor_profile_id: r2_target_aggressive
context_geometry_sample_counts:
  BALANCED: 12
  CRUISE: 0
  STATIC_DENSE: 93
  CORRIDOR: 0
  MANEUVER: 0
context_geometry_sample_fractions:
  BALANCED: 0.11428571428571428
  CRUISE: 0.0
  STATIC_DENSE: 0.8857142857142857
  CORRIDOR: 0.0
  MANEUVER: 0.0
context_overlay_sample_counts:
  NONE: 64
  CROSSING: 0
  HEAD_ON: 11
  FOLLOW: 0
  OVERTAKE_OR_YIELD: 30
context_overlay_sample_fractions:
  NONE: 0.6095238095238096
  CROSSING: 0.0
  HEAD_ON: 0.10476190476190476
  FOLLOW: 0.0
  OVERTAKE_OR_YIELD: 0.2857142857142857
experiment_manager_calibration_manifest_access: true
mode_measurement_window: post_readiness_goal_execution_only
clearance_audit:
  schema_version: '2.0'
  stage: V2-04G-R4
  evaluator_only_gazebo_truth_used: true
  runtime_policy_received_truth: false
  minimum_signed_scan_clearance_m: 0.41634451857111143
  minimum_truth_box_clearance_m: 0.42045316408713
  classification: CLEARANCE_POSITIVE
  minimum_scan_detail:
    stamp_s: 9.128
    robot_x_m: 2.8913047104688805
    robot_y_m: 0.3060923913183687
    signed_scan_clearance_m: 0.41634451857111143
    clipped_scan_clearance_m: 0.41634451857111143
    raw_range_m: 0.7667868137359619
    ray_index: 174
    ray_angle_rad: -1.6210431400686502
    footprint_boundary_range_m: 0.3504422951648505
  minimum_truth_detail:
    stamp_s: 8.428
    clearance_m: 0.42045316408713
    closest_model: pillar-1
    model_x_m: 3.29658681
    model_y_m: -0.781788744
  contact_count: 0
mechanism_message_count: 105
mechanism_join_valid_count: 105
mechanism_join_valid_fraction: 1.0
mechanism_join_reason_counts:
  EXACT_SEQUENCE_JOIN: 105
mechanism_topology_locked_sample_count: 93
mechanism_corridor_centerline_sample_count: 0
mechanism_maneuver_reverse_sample_count: 0
mechanism_topology_switch_count: 0

