schema_version: '2.0'
architecture_generation: v2
evaluator_id: fam_teb_v2_02_evaluator_1
formal_result: false
runtime_ready: false
scene_id: v2-04g-r4-corridor-s5072
family: CORRIDOR
split: calibration
seed: 5072
instance_sha256: 43857bc2e262fa9b7f2977cf07171c6a0b1a1efd83f47569c5eac93536a3a25f
raw_trace_sha256: cf1c47f20c9a6843aef7aa3aec7b0c2b91b8a0b40d594577c7ef43de227a71ae
termination: SUCCESS
metrics:
  common:
    success: true
    collision: false
    navigation_time_s: 11.100000000000001
    path_length_m: 10.209640038943984
    mean_abs_speed_mps: 0.9198233173633238
    minimum_clearance_m: 0.442907057154844
    stop_count: 1
    reverse_distance_m: 0.0
  family:
    lateral_rms_m: 0.08989443890745925
    heading_oscillation_rad: 1.3758194712289495
    emergency_contact_count: 0
stage: V2-04G-R4
method: rule_multi_anchor
episode_timeout_s: 45.0
tracker_message_count: 169
tracker_health_valid_fraction: 1.0
finite_ttc_sample_count: 0
ttc_status: NO_CONFLICT_IN_HORIZON
context_message_count: 56
context_valid_count: 56
context_geometry_sequence:
- CORRIDOR
context_geometry_switch_count: 0
transaction_message_count: 57
transaction_valid_count: 57
transaction_activated_count: 57
transaction_fault_count: 0
transaction_backends:
- simulation_teb_dynamic_reconfigure
active_anchor_sequence:
- anchor_corridor
active_anchor_switch_count: 0
typed_transaction_expected: true
typed_transaction_valid: true
training_used: false
runtime_policy_manifest_access: false
runtime_scene_labels_available: false
experiment_manager_validation_manifest_access: false
runner_fault_reason: ''
supervisor_profile_id: r2_target_aggressive
context_geometry_sample_counts:
  BALANCED: 0
  CRUISE: 0
  STATIC_DENSE: 0
  CORRIDOR: 56
  MANEUVER: 0
context_geometry_sample_fractions:
  BALANCED: 0.0
  CRUISE: 0.0
  STATIC_DENSE: 0.0
  CORRIDOR: 1.0
  MANEUVER: 0.0
context_overlay_sample_counts:
  NONE: 56
  CROSSING: 0
  HEAD_ON: 0
  FOLLOW: 0
  OVERTAKE_OR_YIELD: 0
context_overlay_sample_fractions:
  NONE: 1.0
  CROSSING: 0.0
  HEAD_ON: 0.0
  FOLLOW: 0.0
  OVERTAKE_OR_YIELD: 0.0
experiment_manager_calibration_manifest_access: true
mode_measurement_window: post_readiness_goal_execution_only
clearance_audit:
  schema_version: '2.0'
  stage: V2-04G-R4
  evaluator_only_gazebo_truth_used: true
  runtime_policy_received_truth: false
  minimum_signed_scan_clearance_m: 0.442907057154844
  minimum_truth_box_clearance_m: 0.4638581222731461
  classification: CLEARANCE_POSITIVE
  minimum_scan_detail:
    stamp_s: 5.032
    robot_x_m: 0.010079999596545016
    robot_y_m: -2.2711518502420642e-06
    signed_scan_clearance_m: 0.442907057154844
    clipped_scan_clearance_m: 0.442907057154844
    raw_range_m: 0.7929078936576843
    ray_index: 539
    ray_angle_rad: 1.5686100041493773
    footprint_boundary_range_m: 0.3500008365028403
  minimum_truth_detail:
    stamp_s: 5.732
    clearance_m: 0.4638581222731461
    closest_model: corridor-left
    model_x_m: 4.998831736
    model_y_m: 1.087172351
  contact_count: 0
mechanism_message_count: 55
mechanism_join_valid_count: 55
mechanism_join_valid_fraction: 1.0
mechanism_join_reason_counts:
  EXACT_SEQUENCE_JOIN: 55
mechanism_topology_locked_sample_count: 0
mechanism_corridor_centerline_sample_count: 55
mechanism_maneuver_reverse_sample_count: 0
mechanism_topology_switch_count: 0

