schema_version: '2.0'
architecture_generation: v2
evaluator_id: fam_teb_v2_02_evaluator_1
formal_result: false
runtime_ready: false
scene_id: v2-04g-r1-maneuver-s4935
family: MANEUVER
split: calibration
seed: 4935
instance_sha256: 329d330e090acf09aed63f3a9be21ae679462fb2515868ba4c5ba8b08dee5207
raw_trace_sha256: 201e1bd56222b208722e8b796fba3e75bb8e5660e23f219e9f9e64d2e40c4692
termination: SUCCESS
metrics:
  common:
    success: true
    collision: false
    navigation_time_s: 29.0
    path_length_m: 4.005615461961508
    mean_abs_speed_mps: 0.13819457887748826
    minimum_clearance_m: 0.4209028214649827
    stop_count: 6
    reverse_distance_m: 2.139667378074999
  family:
    gear_switch_count: 5
    gear_switch_while_moving_count: 4
    reverse_distance_m: 2.139667378074999
stage: V2-04G-R1
method: rule_multi_anchor
episode_timeout_s: 60.0
tracker_message_count: 431
tracker_health_valid_fraction: 1.0
finite_ttc_sample_count: 0
ttc_status: NO_CONFLICT_IN_HORIZON
context_message_count: 145
context_valid_count: 145
context_geometry_sequence:
- MANEUVER
- STATIC_DENSE
context_geometry_switch_count: 1
transaction_message_count: 146
transaction_valid_count: 146
transaction_activated_count: 146
transaction_fault_count: 0
transaction_backends:
- simulation_teb_dynamic_reconfigure
active_anchor_sequence:
- anchor_maneuver_forward
- anchor_static_dense
active_anchor_switch_count: 1
typed_transaction_expected: true
typed_transaction_valid: true
training_used: false
runtime_policy_manifest_access: false
runtime_scene_labels_available: false
experiment_manager_validation_manifest_access: false
runner_fault_reason: ''
supervisor_profile_id: g1_mechanism_balanced
context_geometry_sample_counts:
  BALANCED: 0
  CRUISE: 0
  STATIC_DENSE: 111
  CORRIDOR: 0
  MANEUVER: 34
context_geometry_sample_fractions:
  BALANCED: 0.0
  CRUISE: 0.0
  STATIC_DENSE: 0.7655172413793103
  CORRIDOR: 0.0
  MANEUVER: 0.23448275862068965
context_overlay_sample_counts:
  NONE: 145
  CROSSING: 0
  HEAD_ON: 0
  FOLLOW: 0
  OVERTAKE_OR_YIELD: 0
context_overlay_sample_fractions:
  NONE: 1.0
  CROSSING: 0.0
  HEAD_ON: 0.0
  FOLLOW: 0.0
  OVERTAKE_OR_YIELD: 0.0
experiment_manager_calibration_manifest_access: true
mode_measurement_window: post_readiness_goal_execution_only
clearance_audit:
  schema_version: '2.0'
  stage: V2-04G-R1
  evaluator_only_gazebo_truth_used: true
  runtime_policy_received_truth: false
  minimum_signed_scan_clearance_m: 0.4209028214649827
  minimum_truth_box_clearance_m: 0.4185661014337883
  classification: CLEARANCE_POSITIVE
  minimum_scan_detail:
    stamp_s: 33.592
    robot_x_m: 0.4608154595757623
    robot_y_m: 0.0006890423003330855
    signed_scan_clearance_m: 0.4209028214649827
    clipped_scan_clearance_m: 0.4209028214649827
    raw_range_m: 0.9425153732299805
    ray_index: 710
    ray_angle_rad: 3.0629406552761793
    footprint_boundary_range_m: 0.5216125517649978
  minimum_truth_detail:
    stamp_s: 33.592
    clearance_m: 0.4185661014337883
    closest_model: bay-back
    model_x_m: 5.518408175
    model_y_m: -0.005265764
  contact_count: 0
mechanism_message_count: 145
mechanism_join_valid_count: 145
mechanism_join_valid_fraction: 1.0
mechanism_join_reason_counts:
  EXACT_SEQUENCE_JOIN: 145
mechanism_topology_locked_sample_count: 111
mechanism_corridor_centerline_sample_count: 0
mechanism_maneuver_reverse_sample_count: 0
mechanism_topology_switch_count: 0

