schema_version: '2.0'
architecture_generation: v2
evaluator_id: fam_teb_v2_02_evaluator_1
formal_result: false
runtime_ready: false
scene_id: v2-04g-r1-maneuver-s4933
family: MANEUVER
split: calibration
seed: 4933
instance_sha256: 99d3c1523628e58b1cfc45cd68624733bc6a7a8df0ba33fa8d7b6a8d2a3b17ff
raw_trace_sha256: 9769567dda5e39e71ec20345eac0536e6ce94b7a8c78aeef2304a33b4110e095
termination: SUCCESS
metrics:
  common:
    success: true
    collision: false
    navigation_time_s: 24.6
    path_length_m: 4.238948302337795
    mean_abs_speed_mps: 0.17249504749223676
    minimum_clearance_m: 0.26736958838007485
    stop_count: 6
    reverse_distance_m: 2.4836646114373617
  family:
    gear_switch_count: 5
    gear_switch_while_moving_count: 4
    reverse_distance_m: 2.4836646114373617
stage: V2-04G-R2
method: rule_multi_anchor
episode_timeout_s: 60.0
tracker_message_count: 367
tracker_health_valid_fraction: 1.0
finite_ttc_sample_count: 0
ttc_status: NO_CONFLICT_IN_HORIZON
context_message_count: 123
context_valid_count: 122
context_geometry_sequence:
- MANEUVER
- STATIC_DENSE
- BALANCED
- STATIC_DENSE
context_geometry_switch_count: 3
transaction_message_count: 125
transaction_valid_count: 124
transaction_activated_count: 124
transaction_fault_count: 1
transaction_backends:
- simulation_teb_dynamic_reconfigure
active_anchor_sequence:
- anchor_maneuver_reverse
- anchor_static_dense
- anchor_balanced
- anchor_static_dense
active_anchor_switch_count: 3
typed_transaction_expected: true
typed_transaction_valid: true
training_used: false
runtime_policy_manifest_access: false
runtime_scene_labels_available: false
experiment_manager_validation_manifest_access: false
runner_fault_reason: ''
supervisor_profile_id: r2_target_aggressive
context_geometry_sample_counts:
  BALANCED: 17
  CRUISE: 0
  STATIC_DENSE: 75
  CORRIDOR: 0
  MANEUVER: 30
context_geometry_sample_fractions:
  BALANCED: 0.13934426229508196
  CRUISE: 0.0
  STATIC_DENSE: 0.6147540983606558
  CORRIDOR: 0.0
  MANEUVER: 0.2459016393442623
context_overlay_sample_counts:
  NONE: 122
  CROSSING: 0
  HEAD_ON: 0
  FOLLOW: 0
  OVERTAKE_OR_YIELD: 0
context_overlay_sample_fractions:
  NONE: 1.0
  CROSSING: 0.0
  HEAD_ON: 0.0
  FOLLOW: 0.0
  OVERTAKE_OR_YIELD: 0.0
experiment_manager_calibration_manifest_access: true
mode_measurement_window: post_readiness_goal_execution_only
clearance_audit:
  schema_version: '2.0'
  stage: V2-04G-R2
  evaluator_only_gazebo_truth_used: true
  runtime_policy_received_truth: false
  minimum_signed_scan_clearance_m: 0.26736958838007485
  minimum_truth_box_clearance_m: 0.2764633443752719
  classification: CLEARANCE_POSITIVE
  minimum_scan_detail:
    stamp_s: 16.91
    robot_x_m: -0.1878485538355566
    robot_y_m: 0.5749870791466949
    signed_scan_clearance_m: 0.26736958838007485
    clipped_scan_clearance_m: 0.26736958838007485
    raw_range_m: 0.8235450983047485
    ray_index: 318
    ray_angle_rad: -0.3626594338566065
    footprint_boundary_range_m: 0.5561755099246737
  minimum_truth_detail:
    stamp_s: 18.51
    clearance_m: 0.2764633443752719
    closest_model: bay-left
    model_x_m: 3.001465966
    model_y_m: 1.493831697
  contact_count: 0
mechanism_message_count: 124
mechanism_join_valid_count: 124
mechanism_join_valid_fraction: 1.0
mechanism_join_reason_counts:
  EXACT_SEQUENCE_JOIN: 124
mechanism_topology_locked_sample_count: 74
mechanism_corridor_centerline_sample_count: 0
mechanism_maneuver_reverse_sample_count: 32
mechanism_topology_switch_count: 0

