[roslaunch][INFO] 2026-07-21 17:02:47,633: Checking log directory for disk usage. This may take a while.
Press Ctrl-C to interrupt
[roslaunch][INFO] 2026-07-21 17:02:47,635: Done checking log file disk usage. Usage is <1GB.
[roslaunch][INFO] 2026-07-21 17:02:47,635: roslaunch starting with args ['/opt/ros/noetic/bin/roslaunch', 'teb_mode_manager', 'v2_04g_r6_simulation_typed_anchor.launch', 'allow_simulation_teb_parameter_write:=true', 'allow_unfrozen_simulation_candidate:=true', 'anchor_bank:=/home/robot/robot_ws_base_rl/artifacts/v2/integration/v2_04g_r6_i1/runtime_candidate_configs/r6_semantics_legacy_control/anchor_bank.yaml', 'mechanism_config:=/home/robot/robot_ws_base_rl/artifacts/v2/integration/v2_04g_r6_i1/runtime_candidate_configs/r6_semantics_legacy_control/mechanism.yaml', 'attempt_stage:=V2-04G-R6-I5', 'attempt_profile_id:=r6_semantics_legacy_control', 'attempt_scene_id:=v2-04g-r6-i5-dynamic-semantic-clear-s5163', 'attempt_seed:=5163', 'attempt_number:=1', 'supervisor_config_sha256:=a6941f6fd66e187c3642d9594502b5afbc3d9022f8b76ef598ac1969ac410da6']
[roslaunch][INFO] 2026-07-21 17:02:47,635: roslaunch env is environ({'CMAKE_PREFIX_PATH': '/home/robot/robot_ws_base_rl/devel:/opt/ros/noetic', 'HOME': '/home/robot', 'LANG': 'C.UTF-8', 'LD_LIBRARY_PATH': '/opt/ros/noetic/share/euslisp/jskeus/eus//Linux64/lib:/home/robot/robot_ws_base_rl/devel/lib:/opt/ros/noetic/lib:/opt/ros/noetic/lib/x86_64-linux-gnu:/opt/ros/noetic/share/euslisp/jskeus/eus//Linux64/lib', 'LOGNAME': 'robot', 'PATH': '/opt/ros/noetic/share/euslisp/jskeus/eus//Linux64/bin:/opt/ros/noetic/bin:/opt/ros/noetic/share/euslisp/jskeus/eus//Linux64/bin:/usr/local/sbin:/usr/local/bin:/usr/sbin:/usr/bin:/sbin:/bin', 'PKG_CONFIG_PATH': '/home/robot/robot_ws_base_rl/devel/lib/pkgconfig:/opt/ros/noetic/lib/pkgconfig:/opt/ros/noetic/lib/x86_64-linux-gnu/pkgconfig', 'PYTHONPATH': '/home/robot/robot_ws_base_rl/devel/lib/python3/dist-packages:/opt/ros/noetic/lib/python3/dist-packages', 'ROS_DISTRO': 'noetic', 'ROS_ETC_DIR': '/opt/ros/noetic/etc/ros', 'ROS_PACKAGE_PATH': '/home/robot/robot_ws_base_rl/src:/opt/ros/noetic/share', 'ROS_PYTHON_VERSION': '3', 'ROS_ROOT': '/opt/ros/noetic/share/ros', 'ROS_VERSION': '1', 'SHELL': '/bin/bash', 'USER': 'robot', 'ROS_HOME': '/home/robot/robot_ws_base_rl/artifacts/v2/integration/v2_04g_r6_i1/r6_i5_execution/attempts/05__r6_semantics_legacy_control__v2-04g-r6-i5-dynamic-semantic-clear-s5163/work/ros_home', 'ROS_IP': '127.0.0.1', 'ROS_LOG_DIR': '/home/robot/robot_ws_base_rl/artifacts/v2/integration/v2_04g_r6_i1/r6_i5_execution/attempts/05__r6_semantics_legacy_control__v2-04g-r6-i5-dynamic-semantic-clear-s5163/work/ros_logs', 'ROS_MASTER_URI': 'http://127.0.0.1:11311', 'ROS_LOG_FILENAME': '/home/robot/robot_ws_base_rl/artifacts/v2/integration/v2_04g_r6_i1/r6_i5_execution/attempts/05__r6_semantics_legacy_control__v2-04g-r6-i5-dynamic-semantic-clear-s5163/work/ros_logs/edd66e68-84e2-11f1-bd0b-156f9b6ad262/roslaunch-WP-54958.log'})
[roslaunch][INFO] 2026-07-21 17:02:47,635: starting in server mode
[roslaunch.parent][INFO] 2026-07-21 17:02:47,635: starting roslaunch parent run
[roslaunch][INFO] 2026-07-21 17:02:47,636: loading roscore config file /opt/ros/noetic/etc/ros/roscore.xml
[roslaunch][INFO] 2026-07-21 17:02:47,740: Added core node of type [rosout/rosout] in namespace [/]
[roslaunch.config][INFO] 2026-07-21 17:02:47,740: loading config file /home/robot/robot_ws_base_rl/src/application/teb_mode_manager/launch/v2_04g_r6_simulation_typed_anchor.launch
[roslaunch][INFO] 2026-07-21 17:02:47,741: Added node of type [teb_mode_manager/v2_04g_r6_typed_anchor_transaction_node.py] in namespace [/]
[roslaunch][INFO] 2026-07-21 17:02:47,741: ... selected machine [] for node of type [teb_mode_manager/v2_04g_r6_typed_anchor_transaction_node.py]
[roslaunch.pmon][INFO] 2026-07-21 17:02:47,744: start_process_monitor: creating ProcessMonitor
[roslaunch.pmon][INFO] 2026-07-21 17:02:47,744: created process monitor <ProcessMonitor(ProcessMonitor-1, initial daemon)>
[roslaunch.pmon][INFO] 2026-07-21 17:02:47,744: start_process_monitor: ProcessMonitor started
[roslaunch.parent][INFO] 2026-07-21 17:02:47,744: starting parent XML-RPC server
[roslaunch.server][INFO] 2026-07-21 17:02:47,744: starting roslaunch XML-RPC server
[roslaunch.server][INFO] 2026-07-21 17:02:47,744: waiting for roslaunch XML-RPC server to initialize
[xmlrpc][INFO] 2026-07-21 17:02:47,744: XML-RPC server binding to 127.0.0.1:0
[xmlrpc][INFO] 2026-07-21 17:02:47,745: Started XML-RPC server [http://127.0.0.1:40941/]
[xmlrpc][INFO] 2026-07-21 17:02:47,745: xml rpc node: starting XML-RPC server
[roslaunch][INFO] 2026-07-21 17:02:47,756: started roslaunch server http://127.0.0.1:40941/
[roslaunch.parent][INFO] 2026-07-21 17:02:47,756: ... parent XML-RPC server started
[roslaunch][INFO] 2026-07-21 17:02:47,756: master.is_running[http://127.0.0.1:11311]
[roslaunch][INFO] 2026-07-21 17:02:47,757: master.is_running[http://127.0.0.1:11311]
[roslaunch][INFO] 2026-07-21 17:02:47,758: ROS_MASTER_URI=http://127.0.0.1:11311
[roslaunch][INFO] 2026-07-21 17:02:47,759: setting /roslaunch/uris/host_127_0_0_1__40941' to http://127.0.0.1:40941/
[roslaunch][INFO] 2026-07-21 17:02:47,760: load_parameters starting ...
[roslaunch][INFO] 2026-07-21 17:02:47,780: ... load_parameters complete
[roslaunch][INFO] 2026-07-21 17:02:47,780: launch_nodes: launching local nodes ...
[roslaunch][INFO] 2026-07-21 17:02:47,780: ... preparing to launch node of type [teb_mode_manager/v2_04g_r6_typed_anchor_transaction_node.py]
[roslaunch][INFO] 2026-07-21 17:02:47,780: create_node_process: package[teb_mode_manager] type[v2_04g_r6_typed_anchor_transaction_node.py] machine[Machine(name[] env_loader[None] address[localhost] ssh_port[22] user[None] assignable[True] timeout[10.0])] master_uri[http://127.0.0.1:11311]
[roslaunch][INFO] 2026-07-21 17:02:47,780: process[v2_04g_r6_typed_anchor_transaction-1]: env[{'CMAKE_PREFIX_PATH': '/home/robot/robot_ws_base_rl/devel:/opt/ros/noetic', 'HOME': '/home/robot', 'LANG': 'C.UTF-8', 'LD_LIBRARY_PATH': '/opt/ros/noetic/share/euslisp/jskeus/eus//Linux64/lib:/home/robot/robot_ws_base_rl/devel/lib:/opt/ros/noetic/lib:/opt/ros/noetic/lib/x86_64-linux-gnu:/opt/ros/noetic/share/euslisp/jskeus/eus//Linux64/lib', 'LOGNAME': 'robot', 'PATH': '/opt/ros/noetic/share/euslisp/jskeus/eus//Linux64/bin:/opt/ros/noetic/bin:/opt/ros/noetic/share/euslisp/jskeus/eus//Linux64/bin:/usr/local/sbin:/usr/local/bin:/usr/sbin:/usr/bin:/sbin:/bin', 'PKG_CONFIG_PATH': '/home/robot/robot_ws_base_rl/devel/lib/pkgconfig:/opt/ros/noetic/lib/pkgconfig:/opt/ros/noetic/lib/x86_64-linux-gnu/pkgconfig', 'PYTHONPATH': '/home/robot/robot_ws_base_rl/devel/lib/python3/dist-packages:/opt/ros/noetic/lib/python3/dist-packages', 'ROS_DISTRO': 'noetic', 'ROS_ETC_DIR': '/opt/ros/noetic/etc/ros', 'ROS_PACKAGE_PATH': '/home/robot/robot_ws_base_rl/src:/opt/ros/noetic/share', 'ROS_PYTHON_VERSION': '3', 'ROS_ROOT': '/opt/ros/noetic/share/ros', 'ROS_VERSION': '1', 'SHELL': '/bin/bash', 'USER': 'robot', 'ROS_HOME': '/home/robot/robot_ws_base_rl/artifacts/v2/integration/v2_04g_r6_i1/r6_i5_execution/attempts/05__r6_semantics_legacy_control__v2-04g-r6-i5-dynamic-semantic-clear-s5163/work/ros_home', 'ROS_IP': '127.0.0.1', 'ROS_LOG_DIR': '/home/robot/robot_ws_base_rl/artifacts/v2/integration/v2_04g_r6_i1/r6_i5_execution/attempts/05__r6_semantics_legacy_control__v2-04g-r6-i5-dynamic-semantic-clear-s5163/work/ros_logs', 'ROS_MASTER_URI': 'http://127.0.0.1:11311', 'ROS_LOG_FILENAME': '/home/robot/robot_ws_base_rl/artifacts/v2/integration/v2_04g_r6_i1/r6_i5_execution/attempts/05__r6_semantics_legacy_control__v2-04g-r6-i5-dynamic-semantic-clear-s5163/work/ros_logs/edd66e68-84e2-11f1-bd0b-156f9b6ad262/roslaunch-WP-54958.log'}]
[roslaunch][INFO] 2026-07-21 17:02:47,839: process[v2_04g_r6_typed_anchor_transaction-1]: args[['/home/robot/robot_ws_base_rl/devel/lib/teb_mode_manager/v2_04g_r6_typed_anchor_transaction_node.py', '__name:=v2_04g_r6_typed_anchor_transaction']]
[roslaunch][INFO] 2026-07-21 17:02:47,839: ... created process [v2_04g_r6_typed_anchor_transaction-1]
[roslaunch.pmon][INFO] 2026-07-21 17:02:47,839: ProcessMonitor.register[v2_04g_r6_typed_anchor_transaction-1]
[roslaunch.pmon][INFO] 2026-07-21 17:02:47,839: ProcessMonitor.register[v2_04g_r6_typed_anchor_transaction-1] complete
[roslaunch][INFO] 2026-07-21 17:02:47,839: ... registered process [v2_04g_r6_typed_anchor_transaction-1]
[roslaunch][INFO] 2026-07-21 17:02:47,839: process[v2_04g_r6_typed_anchor_transaction-1]: starting os process
[roslaunch][INFO] 2026-07-21 17:02:47,839: process[v2_04g_r6_typed_anchor_transaction-1]: start w/ args [['/home/robot/robot_ws_base_rl/devel/lib/teb_mode_manager/v2_04g_r6_typed_anchor_transaction_node.py', '__name:=v2_04g_r6_typed_anchor_transaction', '__log:=/home/robot/robot_ws_base_rl/artifacts/v2/integration/v2_04g_r6_i1/r6_i5_execution/attempts/05__r6_semantics_legacy_control__v2-04g-r6-i5-dynamic-semantic-clear-s5163/work/ros_logs/edd66e68-84e2-11f1-bd0b-156f9b6ad262/v2_04g_r6_typed_anchor_transaction-1.log']]
[roslaunch][INFO] 2026-07-21 17:02:47,839: process[v2_04g_r6_typed_anchor_transaction-1]: cwd will be [/home/robot/robot_ws_base_rl/artifacts/v2/integration/v2_04g_r6_i1/r6_i5_execution/attempts/05__r6_semantics_legacy_control__v2-04g-r6-i5-dynamic-semantic-clear-s5163/work/ros_home]
[roslaunch][INFO] 2026-07-21 17:02:47,841: process[v2_04g_r6_typed_anchor_transaction-1]: started with pid [55029]
[roslaunch][INFO] 2026-07-21 17:02:47,841: ... successfully launched [v2_04g_r6_typed_anchor_transaction-1]
[roslaunch][INFO] 2026-07-21 17:02:47,841: ... launch_nodes complete
[roslaunch.pmon][INFO] 2026-07-21 17:02:47,841: registrations completed <ProcessMonitor(ProcessMonitor-1, started daemon 139980823127808)>
[roslaunch.parent][INFO] 2026-07-21 17:02:47,841: ... roslaunch parent running, waiting for process exit
[roslaunch][INFO] 2026-07-21 17:02:47,841: spin
[roslaunch.pmon][INFO] 2026-07-21 17:03:12,948: ProcessMonitor.shutdown <ProcessMonitor(ProcessMonitor-1, started daemon 139980823127808)>
[roslaunch.pmon][INFO] 2026-07-21 17:03:13,008: ProcessMonitor._post_run <ProcessMonitor(ProcessMonitor-1, started daemon 139980823127808)>
[roslaunch.pmon][INFO] 2026-07-21 17:03:13,008: ProcessMonitor._post_run <ProcessMonitor(ProcessMonitor-1, started daemon 139980823127808)>: remaining procs are [<roslaunch.nodeprocess.LocalProcess object at 0x7f4fccaa9ee0>]
[roslaunch.pmon][INFO] 2026-07-21 17:03:13,009: ProcessMonitor exit: killing v2_04g_r6_typed_anchor_transaction-1
[roslaunch][INFO] 2026-07-21 17:03:13,009: [v2_04g_r6_typed_anchor_transaction-1] killing on exit
[roslaunch][INFO] 2026-07-21 17:03:13,009: process[v2_04g_r6_typed_anchor_transaction-1]: killing os process with pid[55029] pgid[55029]
[roslaunch][INFO] 2026-07-21 17:03:13,009: [v2_04g_r6_typed_anchor_transaction-1] sending SIGINT to pgid [55029]
[roslaunch][INFO] 2026-07-21 17:03:13,009: [v2_04g_r6_typed_anchor_transaction-1] sent SIGINT to pgid [55029]
[roslaunch][INFO] 2026-07-21 17:03:13,710: process[v2_04g_r6_typed_anchor_transaction-1]: SIGINT killed with return value 0
[roslaunch.pmon][INFO] 2026-07-21 17:03:13,711: ProcessMonitor exit: cleaning up data structures and signals
[roslaunch.pmon][INFO] 2026-07-21 17:03:13,711: ProcessMonitor exit: pmon has shutdown
[roslaunch][INFO] 2026-07-21 17:03:13,711: process monitor is done spinning, initiating full shutdown
[roslaunch][INFO] 2026-07-21 17:03:13,712: runner.stop()
[roslaunch][INFO] 2026-07-21 17:03:13,712: shutting down processing monitor...
[roslaunch][INFO] 2026-07-21 17:03:13,712: shutting down processing monitor <ProcessMonitor(ProcessMonitor-1, stopped daemon 139980823127808)>
[roslaunch.pmon][INFO] 2026-07-21 17:03:13,712: ProcessMonitor.shutdown <ProcessMonitor(ProcessMonitor-1, stopped daemon 139980823127808)>
[roslaunch][INFO] 2026-07-21 17:03:13,712: ... shutting down processing monitor complete
[roslaunch][INFO] 2026-07-21 17:03:13,713: done
[roslaunch.pmon][INFO] 2026-07-21 17:03:13,713: ProcessMonitor.shutdown <ProcessMonitor(ProcessMonitor-1, stopped daemon 139980823127808)>
[rospy.core][INFO] 2026-07-21 17:03:13,713: signal_shutdown [atexit]
