[roslaunch][INFO] 2026-07-21 17:02:11,642: Checking log directory for disk usage. This may take a while.
Press Ctrl-C to interrupt
[roslaunch][INFO] 2026-07-21 17:02:11,644: Done checking log file disk usage. Usage is <1GB.
[roslaunch][INFO] 2026-07-21 17:02:11,644: roslaunch starting with args ['/opt/ros/noetic/bin/roslaunch', 'teb_mode_manager', 'v2_04g_r6_simulation_typed_anchor.launch', 'allow_simulation_teb_parameter_write:=true', 'allow_unfrozen_simulation_candidate:=true', 'anchor_bank:=/home/robot/robot_ws_base_rl/artifacts/v2/integration/v2_04g_r6_i1/runtime_candidate_configs/r6_semantics_legacy_control/anchor_bank.yaml', 'mechanism_config:=/home/robot/robot_ws_base_rl/artifacts/v2/integration/v2_04g_r6_i1/runtime_candidate_configs/r6_semantics_legacy_control/mechanism.yaml', 'attempt_stage:=V2-04G-R6-I5', 'attempt_profile_id:=r6_semantics_legacy_control', 'attempt_scene_id:=v2-04g-r6-i5-dynamic-conflict-multi-s5162', 'attempt_seed:=5162', 'attempt_number:=1', 'supervisor_config_sha256:=a6941f6fd66e187c3642d9594502b5afbc3d9022f8b76ef598ac1969ac410da6']
[roslaunch][INFO] 2026-07-21 17:02:11,644: roslaunch env is environ({'CMAKE_PREFIX_PATH': '/home/robot/robot_ws_base_rl/devel:/opt/ros/noetic', 'HOME': '/home/robot', 'LANG': 'C.UTF-8', 'LD_LIBRARY_PATH': '/opt/ros/noetic/share/euslisp/jskeus/eus//Linux64/lib:/home/robot/robot_ws_base_rl/devel/lib:/opt/ros/noetic/lib:/opt/ros/noetic/lib/x86_64-linux-gnu:/opt/ros/noetic/share/euslisp/jskeus/eus//Linux64/lib', 'LOGNAME': 'robot', 'PATH': '/opt/ros/noetic/share/euslisp/jskeus/eus//Linux64/bin:/opt/ros/noetic/bin:/opt/ros/noetic/share/euslisp/jskeus/eus//Linux64/bin:/usr/local/sbin:/usr/local/bin:/usr/sbin:/usr/bin:/sbin:/bin', 'PKG_CONFIG_PATH': '/home/robot/robot_ws_base_rl/devel/lib/pkgconfig:/opt/ros/noetic/lib/pkgconfig:/opt/ros/noetic/lib/x86_64-linux-gnu/pkgconfig', 'PYTHONPATH': '/home/robot/robot_ws_base_rl/devel/lib/python3/dist-packages:/opt/ros/noetic/lib/python3/dist-packages', 'ROS_DISTRO': 'noetic', 'ROS_ETC_DIR': '/opt/ros/noetic/etc/ros', 'ROS_PACKAGE_PATH': '/home/robot/robot_ws_base_rl/src:/opt/ros/noetic/share', 'ROS_PYTHON_VERSION': '3', 'ROS_ROOT': '/opt/ros/noetic/share/ros', 'ROS_VERSION': '1', 'SHELL': '/bin/bash', 'USER': 'robot', 'ROS_HOME': '/home/robot/robot_ws_base_rl/artifacts/v2/integration/v2_04g_r6_i1/r6_i5_execution/attempts/04__r6_semantics_legacy_control__v2-04g-r6-i5-dynamic-conflict-multi-s5162/work/ros_home', 'ROS_IP': '127.0.0.1', 'ROS_LOG_DIR': '/home/robot/robot_ws_base_rl/artifacts/v2/integration/v2_04g_r6_i1/r6_i5_execution/attempts/04__r6_semantics_legacy_control__v2-04g-r6-i5-dynamic-conflict-multi-s5162/work/ros_logs', 'ROS_MASTER_URI': 'http://127.0.0.1:11311', 'ROS_LOG_FILENAME': '/home/robot/robot_ws_base_rl/artifacts/v2/integration/v2_04g_r6_i1/r6_i5_execution/attempts/04__r6_semantics_legacy_control__v2-04g-r6-i5-dynamic-conflict-multi-s5162/work/ros_logs/d86c0e0c-84e2-11f1-bd0b-156f9b6ad262/roslaunch-WP-53651.log'})
[roslaunch][INFO] 2026-07-21 17:02:11,644: starting in server mode
[roslaunch.parent][INFO] 2026-07-21 17:02:11,644: starting roslaunch parent run
[roslaunch][INFO] 2026-07-21 17:02:11,644: loading roscore config file /opt/ros/noetic/etc/ros/roscore.xml
[roslaunch][INFO] 2026-07-21 17:02:11,749: Added core node of type [rosout/rosout] in namespace [/]
[roslaunch.config][INFO] 2026-07-21 17:02:11,749: loading config file /home/robot/robot_ws_base_rl/src/application/teb_mode_manager/launch/v2_04g_r6_simulation_typed_anchor.launch
[roslaunch][INFO] 2026-07-21 17:02:11,750: Added node of type [teb_mode_manager/v2_04g_r6_typed_anchor_transaction_node.py] in namespace [/]
[roslaunch][INFO] 2026-07-21 17:02:11,750: ... selected machine [] for node of type [teb_mode_manager/v2_04g_r6_typed_anchor_transaction_node.py]
[roslaunch.pmon][INFO] 2026-07-21 17:02:11,753: start_process_monitor: creating ProcessMonitor
[roslaunch.pmon][INFO] 2026-07-21 17:02:11,753: created process monitor <ProcessMonitor(ProcessMonitor-1, initial daemon)>
[roslaunch.pmon][INFO] 2026-07-21 17:02:11,753: start_process_monitor: ProcessMonitor started
[roslaunch.parent][INFO] 2026-07-21 17:02:11,753: starting parent XML-RPC server
[roslaunch.server][INFO] 2026-07-21 17:02:11,754: starting roslaunch XML-RPC server
[roslaunch.server][INFO] 2026-07-21 17:02:11,754: waiting for roslaunch XML-RPC server to initialize
[xmlrpc][INFO] 2026-07-21 17:02:11,754: XML-RPC server binding to 127.0.0.1:0
[xmlrpc][INFO] 2026-07-21 17:02:11,754: Started XML-RPC server [http://127.0.0.1:45595/]
[xmlrpc][INFO] 2026-07-21 17:02:11,754: xml rpc node: starting XML-RPC server
[roslaunch][INFO] 2026-07-21 17:02:11,765: started roslaunch server http://127.0.0.1:45595/
[roslaunch.parent][INFO] 2026-07-21 17:02:11,765: ... parent XML-RPC server started
[roslaunch][INFO] 2026-07-21 17:02:11,765: master.is_running[http://127.0.0.1:11311]
[roslaunch][INFO] 2026-07-21 17:02:11,766: master.is_running[http://127.0.0.1:11311]
[roslaunch][INFO] 2026-07-21 17:02:11,767: ROS_MASTER_URI=http://127.0.0.1:11311
[roslaunch][INFO] 2026-07-21 17:02:11,768: setting /roslaunch/uris/host_127_0_0_1__45595' to http://127.0.0.1:45595/
[roslaunch][INFO] 2026-07-21 17:02:11,768: load_parameters starting ...
[roslaunch][INFO] 2026-07-21 17:02:11,781: ... load_parameters complete
[roslaunch][INFO] 2026-07-21 17:02:11,781: launch_nodes: launching local nodes ...
[roslaunch][INFO] 2026-07-21 17:02:11,781: ... preparing to launch node of type [teb_mode_manager/v2_04g_r6_typed_anchor_transaction_node.py]
[roslaunch][INFO] 2026-07-21 17:02:11,781: create_node_process: package[teb_mode_manager] type[v2_04g_r6_typed_anchor_transaction_node.py] machine[Machine(name[] env_loader[None] address[localhost] ssh_port[22] user[None] assignable[True] timeout[10.0])] master_uri[http://127.0.0.1:11311]
[roslaunch][INFO] 2026-07-21 17:02:11,781: process[v2_04g_r6_typed_anchor_transaction-1]: env[{'CMAKE_PREFIX_PATH': '/home/robot/robot_ws_base_rl/devel:/opt/ros/noetic', 'HOME': '/home/robot', 'LANG': 'C.UTF-8', 'LD_LIBRARY_PATH': '/opt/ros/noetic/share/euslisp/jskeus/eus//Linux64/lib:/home/robot/robot_ws_base_rl/devel/lib:/opt/ros/noetic/lib:/opt/ros/noetic/lib/x86_64-linux-gnu:/opt/ros/noetic/share/euslisp/jskeus/eus//Linux64/lib', 'LOGNAME': 'robot', 'PATH': '/opt/ros/noetic/share/euslisp/jskeus/eus//Linux64/bin:/opt/ros/noetic/bin:/opt/ros/noetic/share/euslisp/jskeus/eus//Linux64/bin:/usr/local/sbin:/usr/local/bin:/usr/sbin:/usr/bin:/sbin:/bin', 'PKG_CONFIG_PATH': '/home/robot/robot_ws_base_rl/devel/lib/pkgconfig:/opt/ros/noetic/lib/pkgconfig:/opt/ros/noetic/lib/x86_64-linux-gnu/pkgconfig', 'PYTHONPATH': '/home/robot/robot_ws_base_rl/devel/lib/python3/dist-packages:/opt/ros/noetic/lib/python3/dist-packages', 'ROS_DISTRO': 'noetic', 'ROS_ETC_DIR': '/opt/ros/noetic/etc/ros', 'ROS_PACKAGE_PATH': '/home/robot/robot_ws_base_rl/src:/opt/ros/noetic/share', 'ROS_PYTHON_VERSION': '3', 'ROS_ROOT': '/opt/ros/noetic/share/ros', 'ROS_VERSION': '1', 'SHELL': '/bin/bash', 'USER': 'robot', 'ROS_HOME': '/home/robot/robot_ws_base_rl/artifacts/v2/integration/v2_04g_r6_i1/r6_i5_execution/attempts/04__r6_semantics_legacy_control__v2-04g-r6-i5-dynamic-conflict-multi-s5162/work/ros_home', 'ROS_IP': '127.0.0.1', 'ROS_LOG_DIR': '/home/robot/robot_ws_base_rl/artifacts/v2/integration/v2_04g_r6_i1/r6_i5_execution/attempts/04__r6_semantics_legacy_control__v2-04g-r6-i5-dynamic-conflict-multi-s5162/work/ros_logs', 'ROS_MASTER_URI': 'http://127.0.0.1:11311', 'ROS_LOG_FILENAME': '/home/robot/robot_ws_base_rl/artifacts/v2/integration/v2_04g_r6_i1/r6_i5_execution/attempts/04__r6_semantics_legacy_control__v2-04g-r6-i5-dynamic-conflict-multi-s5162/work/ros_logs/d86c0e0c-84e2-11f1-bd0b-156f9b6ad262/roslaunch-WP-53651.log'}]
[roslaunch][INFO] 2026-07-21 17:02:11,840: process[v2_04g_r6_typed_anchor_transaction-1]: args[['/home/robot/robot_ws_base_rl/devel/lib/teb_mode_manager/v2_04g_r6_typed_anchor_transaction_node.py', '__name:=v2_04g_r6_typed_anchor_transaction']]
[roslaunch][INFO] 2026-07-21 17:02:11,840: ... created process [v2_04g_r6_typed_anchor_transaction-1]
[roslaunch.pmon][INFO] 2026-07-21 17:02:11,840: ProcessMonitor.register[v2_04g_r6_typed_anchor_transaction-1]
[roslaunch.pmon][INFO] 2026-07-21 17:02:11,840: ProcessMonitor.register[v2_04g_r6_typed_anchor_transaction-1] complete
[roslaunch][INFO] 2026-07-21 17:02:11,840: ... registered process [v2_04g_r6_typed_anchor_transaction-1]
[roslaunch][INFO] 2026-07-21 17:02:11,840: process[v2_04g_r6_typed_anchor_transaction-1]: starting os process
[roslaunch][INFO] 2026-07-21 17:02:11,840: process[v2_04g_r6_typed_anchor_transaction-1]: start w/ args [['/home/robot/robot_ws_base_rl/devel/lib/teb_mode_manager/v2_04g_r6_typed_anchor_transaction_node.py', '__name:=v2_04g_r6_typed_anchor_transaction', '__log:=/home/robot/robot_ws_base_rl/artifacts/v2/integration/v2_04g_r6_i1/r6_i5_execution/attempts/04__r6_semantics_legacy_control__v2-04g-r6-i5-dynamic-conflict-multi-s5162/work/ros_logs/d86c0e0c-84e2-11f1-bd0b-156f9b6ad262/v2_04g_r6_typed_anchor_transaction-1.log']]
[roslaunch][INFO] 2026-07-21 17:02:11,840: process[v2_04g_r6_typed_anchor_transaction-1]: cwd will be [/home/robot/robot_ws_base_rl/artifacts/v2/integration/v2_04g_r6_i1/r6_i5_execution/attempts/04__r6_semantics_legacy_control__v2-04g-r6-i5-dynamic-conflict-multi-s5162/work/ros_home]
[roslaunch][INFO] 2026-07-21 17:02:11,842: process[v2_04g_r6_typed_anchor_transaction-1]: started with pid [53725]
[roslaunch][INFO] 2026-07-21 17:02:11,842: ... successfully launched [v2_04g_r6_typed_anchor_transaction-1]
[roslaunch][INFO] 2026-07-21 17:02:11,842: ... launch_nodes complete
[roslaunch.pmon][INFO] 2026-07-21 17:02:11,842: registrations completed <ProcessMonitor(ProcessMonitor-1, started daemon 140653237905152)>
[roslaunch.parent][INFO] 2026-07-21 17:02:11,843: ... roslaunch parent running, waiting for process exit
[roslaunch][INFO] 2026-07-21 17:02:11,843: spin
[roslaunch.pmon][INFO] 2026-07-21 17:02:38,691: ProcessMonitor.shutdown <ProcessMonitor(ProcessMonitor-1, started daemon 140653237905152)>
[roslaunch.pmon][INFO] 2026-07-21 17:02:38,715: ProcessMonitor._post_run <ProcessMonitor(ProcessMonitor-1, started daemon 140653237905152)>
[roslaunch.pmon][INFO] 2026-07-21 17:02:38,716: ProcessMonitor._post_run <ProcessMonitor(ProcessMonitor-1, started daemon 140653237905152)>: remaining procs are [<roslaunch.nodeprocess.LocalProcess object at 0x7fec5bbb2640>]
[roslaunch.pmon][INFO] 2026-07-21 17:02:38,716: ProcessMonitor exit: killing v2_04g_r6_typed_anchor_transaction-1
[roslaunch][INFO] 2026-07-21 17:02:38,717: [v2_04g_r6_typed_anchor_transaction-1] killing on exit
[roslaunch][INFO] 2026-07-21 17:02:38,717: process[v2_04g_r6_typed_anchor_transaction-1]: killing os process with pid[53725] pgid[53725]
[roslaunch][INFO] 2026-07-21 17:02:38,717: [v2_04g_r6_typed_anchor_transaction-1] sending SIGINT to pgid [53725]
[roslaunch][INFO] 2026-07-21 17:02:38,717: [v2_04g_r6_typed_anchor_transaction-1] sent SIGINT to pgid [53725]
[roslaunch][INFO] 2026-07-21 17:02:39,419: process[v2_04g_r6_typed_anchor_transaction-1]: SIGINT killed with return value 0
[roslaunch.pmon][INFO] 2026-07-21 17:02:39,419: ProcessMonitor exit: cleaning up data structures and signals
[roslaunch.pmon][INFO] 2026-07-21 17:02:39,420: ProcessMonitor exit: pmon has shutdown
[roslaunch][INFO] 2026-07-21 17:02:39,420: process monitor is done spinning, initiating full shutdown
[roslaunch][INFO] 2026-07-21 17:02:39,420: runner.stop()
[roslaunch][INFO] 2026-07-21 17:02:39,421: shutting down processing monitor...
[roslaunch][INFO] 2026-07-21 17:02:39,421: shutting down processing monitor <ProcessMonitor(ProcessMonitor-1, stopped daemon 140653237905152)>
[roslaunch.pmon][INFO] 2026-07-21 17:02:39,421: ProcessMonitor.shutdown <ProcessMonitor(ProcessMonitor-1, stopped daemon 140653237905152)>
[roslaunch][INFO] 2026-07-21 17:02:39,421: ... shutting down processing monitor complete
[roslaunch][INFO] 2026-07-21 17:02:39,421: done
[roslaunch.pmon][INFO] 2026-07-21 17:02:39,421: ProcessMonitor.shutdown <ProcessMonitor(ProcessMonitor-1, stopped daemon 140653237905152)>
[rospy.core][INFO] 2026-07-21 17:02:39,421: signal_shutdown [atexit]
