schema_version: '2.0'
architecture_generation: v2
evaluator_id: fam_teb_v2_02_evaluator_1
formal_result: false
runtime_ready: false
scene_id: v2-04e2-cruise-s4711
family: CRUISE
split: calibration
seed: 4711
instance_sha256: 89d9e56ed8bc489449a6020e82d5b74567d41012cea3cc0400c2869ac37f82ca
raw_trace_sha256: 02af166d6f27bb783f7e4cfb4795acc9e340c99de3f040ae1fd4b55ec4ec259e
termination: SUCCESS
metrics:
  common:
    success: true
    collision: false
    navigation_time_s: 36.300000000000004
    path_length_m: 35.10242164033087
    mean_abs_speed_mps: 0.9670341018426065
    minimum_clearance_m: 2.6789784623718513
    stop_count: 1
    reverse_distance_m: 0.0
  family:
    lateral_rms_m: 0.011289733468604027
    heading_oscillation_rad: 0.0
    unnecessary_deceleration_count: 0
stage: V2-04E2
method: rule_multi_anchor
episode_timeout_s: 55.0
tracker_message_count: 538
tracker_health_valid_fraction: 1.0
finite_ttc_sample_count: 0
ttc_status: NO_CONFLICT_IN_HORIZON
context_message_count: 183
context_valid_count: 180
context_geometry_sequence:
- BALANCED
- CRUISE
- BALANCED
- CRUISE
context_geometry_switch_count: 3
transaction_message_count: 183
transaction_valid_count: 180
transaction_activated_count: 180
transaction_fault_count: 3
transaction_backends:
- simulation_teb_dynamic_reconfigure
active_anchor_sequence:
- anchor_balanced
- anchor_cruise
- anchor_balanced
- anchor_cruise
active_anchor_switch_count: 3
typed_transaction_expected: true
typed_transaction_valid: true
training_used: false
runtime_policy_manifest_access: false
runtime_scene_labels_available: false
experiment_manager_validation_manifest_access: false
runner_fault_reason: ''
supervisor_profile_id: pocket_f_strong_hold
context_geometry_sample_counts:
  BALANCED: 91
  CRUISE: 89
  STATIC_DENSE: 0
  CORRIDOR: 0
  MANEUVER: 0
context_geometry_sample_fractions:
  BALANCED: 0.5055555555555555
  CRUISE: 0.49444444444444446
  STATIC_DENSE: 0.0
  CORRIDOR: 0.0
  MANEUVER: 0.0
context_overlay_sample_counts:
  NONE: 180
  CROSSING: 0
  HEAD_ON: 0
  FOLLOW: 0
  OVERTAKE_OR_YIELD: 0
context_overlay_sample_fractions:
  NONE: 1.0
  CROSSING: 0.0
  HEAD_ON: 0.0
  FOLLOW: 0.0
  OVERTAKE_OR_YIELD: 0.0
experiment_manager_calibration_manifest_access: true

