schema_version: '2.0'
architecture_generation: v2
evaluator_id: fam_teb_v2_02_evaluator_1
formal_result: false
runtime_ready: false
scene_id: v2-04g-r6-i5-dynamic-semantic-clear-s5163
family: DYNAMIC
split: calibration
seed: 5163
instance_sha256: 322f05662b82c150e4cf7117d41bf431db08a84e97de1d21f277ef60bbf2baa3
raw_trace_sha256: 7230d594fbe028e2c1b13ee4e4206c73490fd1fa38c3b4c361d8bba3176a0588
termination: SUCCESS
metrics:
  common:
    success: true
    collision: false
    navigation_time_s: 18.8
    path_length_m: 18.21930261015181
    mean_abs_speed_mps: 0.9691319437958499
    minimum_clearance_m: 2.712322173900493
    stop_count: 1
    reverse_distance_m: 0.0
  family:
    minimum_predicted_ttc_s: null
    stop_count: 1
    interaction_clearance_m: 2.712322173900493
stage: V2-04G-R6-I5
method: rule_multi_anchor
episode_timeout_s: 80.0
tracker_message_count: 280
tracker_health_valid_fraction: 1.0
finite_ttc_sample_count: 0
ttc_status: NO_CONFLICT_IN_HORIZON
context_message_count: 94
context_valid_count: 94
context_geometry_sequence:
- BALANCED
- CRUISE
context_geometry_switch_count: 1
transaction_message_count: 95
transaction_valid_count: 95
transaction_activated_count: 95
transaction_fault_count: 0
transaction_backends:
- simulation_teb_dynamic_reconfigure
active_anchor_sequence:
- anchor_balanced
- anchor_cruise
active_anchor_switch_count: 1
typed_transaction_expected: true
typed_transaction_valid: true
training_used: false
runtime_policy_manifest_access: false
runtime_scene_labels_available: false
experiment_manager_validation_manifest_access: false
runner_fault_reason: ''
supervisor_profile_id: r6_semantics_circle_contact
context_geometry_sample_counts:
  BALANCED: 4
  CRUISE: 90
  STATIC_DENSE: 0
  CORRIDOR: 0
  MANEUVER: 0
context_geometry_sample_fractions:
  BALANCED: 0.0425531914893617
  CRUISE: 0.9574468085106383
  STATIC_DENSE: 0.0
  CORRIDOR: 0.0
  MANEUVER: 0.0
context_overlay_sample_counts:
  NONE: 94
  CROSSING: 0
  HEAD_ON: 0
  FOLLOW: 0
  OVERTAKE_OR_YIELD: 0
context_overlay_sample_fractions:
  NONE: 1.0
  CROSSING: 0.0
  HEAD_ON: 0.0
  FOLLOW: 0.0
  OVERTAKE_OR_YIELD: 0.0
experiment_manager_calibration_manifest_access: true
mode_measurement_window: post_readiness_goal_execution_only
clearance_audit:
  schema_version: '2.0'
  stage: V2-04G-R6-I5
  evaluator_only_gazebo_truth_used: true
  runtime_policy_received_truth: false
  minimum_signed_scan_clearance_m: 2.712322173900493
  minimum_truth_box_clearance_m: 2.684554840973011
  classification: CLEARANCE_POSITIVE
  minimum_scan_detail:
    stamp_s: 16.292
    robot_x_m: 7.878957286896295
    robot_y_m: 0.1320528505772866
    signed_scan_clearance_m: 2.712322173900493
    clipped_scan_clearance_m: 2.712322173900493
    raw_range_m: 3.063347816467285
    ray_index: 548
    ray_angle_rad: 1.64725898578763
    footprint_boundary_range_m: 0.35102564256679203
  minimum_truth_detail:
    stamp_s: 13.792
    clearance_m: 2.684554840973011
    closest_model: crossing-agent
    model_x_m: 8.0
    model_y_m: 2.4412499999999993
  contact_count: 0
  profile_id: r6_semantics_circle_contact
  scene_id: v2-04g-r6-i5-dynamic-semantic-clear-s5163
  seed: 5163
  attempt: 1
mechanism_message_count: 94
mechanism_join_valid_count: 94
mechanism_join_valid_fraction: 1.0
mechanism_join_reason_counts:
  EXACT_SEQUENCE_JOIN: 94
mechanism_topology_locked_sample_count: 0
mechanism_corridor_centerline_sample_count: 0
mechanism_maneuver_reverse_sample_count: 0
mechanism_topology_switch_count: 0
profile_id: r6_semantics_circle_contact
attempt: 1

