schema_version: '2.0'
architecture_generation: v2
evaluator_id: fam_teb_v2_02_evaluator_1
formal_result: false
runtime_ready: false
scene_id: v2-04g-r1-maneuver-s4935
family: MANEUVER
split: calibration
seed: 4935
instance_sha256: 329d330e090acf09aed63f3a9be21ae679462fb2515868ba4c5ba8b08dee5207
raw_trace_sha256: a0b50b027e6b4addba265f2f03e2dd5626500e8c891ef26432b66e11597c64ba
termination: SUCCESS
metrics:
  common:
    success: true
    collision: false
    navigation_time_s: 35.6
    path_length_m: 4.017692025538212
    mean_abs_speed_mps: 0.11306225152753485
    minimum_clearance_m: 0.46624206985353245
    stop_count: 7
    reverse_distance_m: 2.137575966885593
  family:
    gear_switch_count: 7
    gear_switch_while_moving_count: 6
    reverse_distance_m: 2.137575966885593
stage: V2-04G-R1
method: rule_multi_anchor
episode_timeout_s: 60.0
tracker_message_count: 528
tracker_health_valid_fraction: 1.0
finite_ttc_sample_count: 0
ttc_status: NO_CONFLICT_IN_HORIZON
context_message_count: 178
context_valid_count: 178
context_geometry_sequence:
- BALANCED
- MANEUVER
- STATIC_DENSE
context_geometry_switch_count: 2
transaction_message_count: 180
transaction_valid_count: 179
transaction_activated_count: 179
transaction_fault_count: 1
transaction_backends:
- simulation_teb_dynamic_reconfigure
active_anchor_sequence:
- anchor_maneuver_forward
- anchor_balanced
- anchor_maneuver_forward
- anchor_static_dense
active_anchor_switch_count: 3
typed_transaction_expected: true
typed_transaction_valid: true
training_used: false
runtime_policy_manifest_access: false
runtime_scene_labels_available: false
experiment_manager_validation_manifest_access: false
runner_fault_reason: ''
supervisor_profile_id: g0_frozen_control
context_geometry_sample_counts:
  BALANCED: 17
  CRUISE: 0
  STATIC_DENSE: 142
  CORRIDOR: 0
  MANEUVER: 19
context_geometry_sample_fractions:
  BALANCED: 0.09550561797752809
  CRUISE: 0.0
  STATIC_DENSE: 0.797752808988764
  CORRIDOR: 0.0
  MANEUVER: 0.10674157303370786
context_overlay_sample_counts:
  NONE: 178
  CROSSING: 0
  HEAD_ON: 0
  FOLLOW: 0
  OVERTAKE_OR_YIELD: 0
context_overlay_sample_fractions:
  NONE: 1.0
  CROSSING: 0.0
  HEAD_ON: 0.0
  FOLLOW: 0.0
  OVERTAKE_OR_YIELD: 0.0
experiment_manager_calibration_manifest_access: true
mode_measurement_window: post_readiness_goal_execution_only
clearance_audit:
  schema_version: '2.0'
  stage: V2-04G-R1
  evaluator_only_gazebo_truth_used: true
  runtime_policy_received_truth: false
  minimum_signed_scan_clearance_m: 0.46624206985353245
  minimum_truth_box_clearance_m: 0.46180307747928195
  classification: CLEARANCE_POSITIVE
  minimum_scan_detail:
    stamp_s: 19.15
    robot_x_m: 0.062222452098319773
    robot_y_m: 0.3769771838150041
    signed_scan_clearance_m: 0.46624206985353245
    clipped_scan_clearance_m: 0.46624206985353245
    raw_range_m: 1.0323402881622314
    ray_index: 406
    ray_angle_rad: 0.4063528310507536
    footprint_boundary_range_m: 0.566098218308699
  minimum_truth_detail:
    stamp_s: 20.45
    clearance_m: 0.46180307747928195
    closest_model: bay-left
    model_x_m: 2.998704724
    model_y_m: 1.516029701
  contact_count: 0
mechanism_message_count: 0
mechanism_join_valid_count: 0
mechanism_join_valid_fraction: null
mechanism_join_reason_counts: {}
mechanism_topology_locked_sample_count: 0
mechanism_corridor_centerline_sample_count: 0
mechanism_maneuver_reverse_sample_count: 0
mechanism_topology_switch_count: 0

