schema_version: '2.0'
architecture_generation: v2
evaluator_id: fam_teb_v2_02_evaluator_1
formal_result: false
runtime_ready: false
scene_id: v2-04g-r4-r1-corridor-s5101
family: CORRIDOR
split: calibration
seed: 5101
instance_sha256: 7d9e7dd5a0ce2a4fa6c204efa455f732cef617dc63e14fd2932f8b06f209c1e5
raw_trace_sha256: 00f8e84d6d6b89494a95e7bea4132fb0844398ce0638b008b1eab4fd9e351d23
termination: SUCCESS
metrics:
  common:
    success: true
    collision: false
    navigation_time_s: 11.0
    path_length_m: 10.185600613519
    mean_abs_speed_mps: 0.9259669023605605
    minimum_clearance_m: 0.4582739993661614
    stop_count: 1
    reverse_distance_m: 0.0
  family:
    lateral_rms_m: 0.087877384423455
    heading_oscillation_rad: 1.3924554853494069
    emergency_contact_count: 0
stage: V2-04G-R4-R1
method: rule_multi_anchor
episode_timeout_s: 45.0
tracker_message_count: 167
tracker_health_valid_fraction: 1.0
finite_ttc_sample_count: 0
ttc_status: NO_CONFLICT_IN_HORIZON
context_message_count: 55
context_valid_count: 55
context_geometry_sequence:
- CORRIDOR
context_geometry_switch_count: 0
transaction_message_count: 57
transaction_valid_count: 57
transaction_activated_count: 57
transaction_fault_count: 0
transaction_backends:
- simulation_teb_dynamic_reconfigure
active_anchor_sequence:
- anchor_corridor
active_anchor_switch_count: 0
typed_transaction_expected: true
typed_transaction_valid: true
training_used: false
runtime_policy_manifest_access: false
runtime_scene_labels_available: false
experiment_manager_validation_manifest_access: false
runner_fault_reason: ''
supervisor_profile_id: r4r1_clearance_m030
context_geometry_sample_counts:
  BALANCED: 0
  CRUISE: 0
  STATIC_DENSE: 0
  CORRIDOR: 55
  MANEUVER: 0
context_geometry_sample_fractions:
  BALANCED: 0.0
  CRUISE: 0.0
  STATIC_DENSE: 0.0
  CORRIDOR: 1.0
  MANEUVER: 0.0
context_overlay_sample_counts:
  NONE: 55
  CROSSING: 0
  HEAD_ON: 0
  FOLLOW: 0
  OVERTAKE_OR_YIELD: 0
context_overlay_sample_fractions:
  NONE: 1.0
  CROSSING: 0.0
  HEAD_ON: 0.0
  FOLLOW: 0.0
  OVERTAKE_OR_YIELD: 0.0
experiment_manager_calibration_manifest_access: true
mode_measurement_window: post_readiness_goal_execution_only
clearance_audit:
  schema_version: '2.0'
  stage: V2-04G-R4-R1
  evaluator_only_gazebo_truth_used: true
  runtime_policy_received_truth: false
  minimum_signed_scan_clearance_m: 0.4582739993661614
  minimum_truth_box_clearance_m: 0.4613905880114491
  classification: CLEARANCE_POSITIVE
  minimum_scan_detail:
    stamp_s: 14.814
    robot_x_m: 10.03533766428529
    robot_y_m: -0.006400499532575692
    signed_scan_clearance_m: 0.4582739993661614
    clipped_scan_clearance_m: 0.4582739993661614
    raw_range_m: 0.8099722862243652
    ray_index: 528
    ray_angle_rad: 1.4724834710359573
    footprint_boundary_range_m: 0.3516982868582038
  minimum_truth_detail:
    stamp_s: 8.914
    clearance_m: 0.4613905880114491
    closest_model: corridor-left
    model_x_m: 4.998393525
    model_y_m: 1.092238235
  contact_count: 0
mechanism_message_count: 55
mechanism_join_valid_count: 55
mechanism_join_valid_fraction: 1.0
mechanism_join_reason_counts:
  EXACT_SEQUENCE_JOIN: 55
mechanism_topology_locked_sample_count: 0
mechanism_corridor_centerline_sample_count: 55
mechanism_maneuver_reverse_sample_count: 0
mechanism_topology_switch_count: 0

