schema_version: '2.0'
architecture_generation: v2
evaluator_id: fam_teb_v2_02_evaluator_1
formal_result: false
runtime_ready: false
scene_id: v2-04g-r1-static-s4928
family: STATIC_DENSE
split: calibration
seed: 4928
instance_sha256: 8b3ec1692a39dc772d194e2b96a8e969def4a239a35835b500ab8b86a9484a47
raw_trace_sha256: 346102c435e4bfd472683c1ce6dd080af2ff307163e4aa888cf8fe57d13101cd
termination: SUCCESS
metrics:
  common:
    success: true
    collision: false
    navigation_time_s: 20.3
    path_length_m: 13.975521726758247
    mean_abs_speed_mps: 0.6882632268146714
    minimum_clearance_m: 0.4083676548965047
    stop_count: 2
    reverse_distance_m: 0.0
  family:
    topology_switch_count: 1
    global_replan_count: 40
    recovery_count: 0
stage: V2-04G-R2
method: rule_multi_anchor
episode_timeout_s: 50.0
tracker_message_count: 312
tracker_health_valid_fraction: 1.0
finite_ttc_sample_count: 71
ttc_status: OBSERVED_CONFLICT
context_message_count: 102
context_valid_count: 102
context_geometry_sequence:
- BALANCED
- STATIC_DENSE
context_geometry_switch_count: 1
transaction_message_count: 21
transaction_valid_count: 21
transaction_activated_count: 21
transaction_fault_count: 0
transaction_backends:
- simulation_teb_dynamic_reconfigure
active_anchor_sequence:
- anchor_balanced
- anchor_static_dense
active_anchor_switch_count: 1
typed_transaction_expected: true
typed_transaction_valid: true
training_used: false
runtime_policy_manifest_access: false
runtime_scene_labels_available: false
experiment_manager_validation_manifest_access: false
runner_fault_reason: ''
supervisor_profile_id: r2_target_aggressive
context_geometry_sample_counts:
  BALANCED: 16
  CRUISE: 0
  STATIC_DENSE: 86
  CORRIDOR: 0
  MANEUVER: 0
context_geometry_sample_fractions:
  BALANCED: 0.1568627450980392
  CRUISE: 0.0
  STATIC_DENSE: 0.8431372549019608
  CORRIDOR: 0.0
  MANEUVER: 0.0
context_overlay_sample_counts:
  NONE: 56
  CROSSING: 0
  HEAD_ON: 5
  FOLLOW: 0
  OVERTAKE_OR_YIELD: 41
context_overlay_sample_fractions:
  NONE: 0.5490196078431373
  CROSSING: 0.0
  HEAD_ON: 0.049019607843137254
  FOLLOW: 0.0
  OVERTAKE_OR_YIELD: 0.4019607843137255
experiment_manager_calibration_manifest_access: true
mode_measurement_window: post_readiness_goal_execution_only
clearance_audit:
  schema_version: '2.0'
  stage: V2-04G-R2
  evaluator_only_gazebo_truth_used: true
  runtime_policy_received_truth: false
  minimum_signed_scan_clearance_m: 0.4083676548965047
  minimum_truth_box_clearance_m: 0.38832582763361373
  classification: CLEARANCE_POSITIVE
  minimum_scan_detail:
    stamp_s: 19.12
    robot_x_m: 7.617053754223441
    robot_y_m: 0.1395634996787918
    signed_scan_clearance_m: 0.4083676548965047
    clipped_scan_clearance_m: 0.4083676548965047
    raw_range_m: 0.7592792510986328
    ray_index: 188
    ray_angle_rad: -1.4987002797424793
    footprint_boundary_range_m: 0.35091159620212814
  minimum_truth_detail:
    stamp_s: 18.62
    clearance_m: 0.38832582763361373
    closest_model: pillar-3
    model_x_m: 8.27657022
    model_y_m: -0.847160881
  contact_count: 0
mechanism_message_count: 20
mechanism_join_valid_count: 20
mechanism_join_valid_fraction: 1.0
mechanism_join_reason_counts:
  EXACT_SEQUENCE_JOIN: 20
mechanism_topology_locked_sample_count: 17
mechanism_corridor_centerline_sample_count: 0
mechanism_maneuver_reverse_sample_count: 0
mechanism_topology_switch_count: 0

