schema_version: '2.0'
architecture_generation: v2
evaluator_id: fam_teb_v2_02_evaluator_1
formal_result: false
runtime_ready: false
scene_id: v2-04g-r4-r1-cruise-s5092
family: CRUISE
split: calibration
seed: 5092
instance_sha256: f24e65a3437bfc50beb25f7ac31b2ca06508e95423f1100bf3b5c79a15cc3f50
raw_trace_sha256: a54234dfa349bd22e2e76816db497a81143281655f023743bba794548ce493fb
termination: SUCCESS
metrics:
  common:
    success: true
    collision: false
    navigation_time_s: 32.0
    path_length_m: 35.11026685582752
    mean_abs_speed_mps: 1.0971768023833974
    minimum_clearance_m: 2.742759250204168
    stop_count: 1
    reverse_distance_m: 0.0
  family:
    lateral_rms_m: 0.013864141330167216
    heading_oscillation_rad: 0.0
    unnecessary_deceleration_count: 1
stage: V2-04G-R4-R1
method: rule_multi_anchor
episode_timeout_s: 55.0
tracker_message_count: 475
tracker_health_valid_fraction: 1.0
finite_ttc_sample_count: 0
ttc_status: NO_CONFLICT_IN_HORIZON
context_message_count: 160
context_valid_count: 160
context_geometry_sequence:
- BALANCED
- CRUISE
context_geometry_switch_count: 1
transaction_message_count: 162
transaction_valid_count: 162
transaction_activated_count: 162
transaction_fault_count: 0
transaction_backends:
- simulation_teb_dynamic_reconfigure
active_anchor_sequence:
- anchor_balanced
- anchor_cruise
active_anchor_switch_count: 1
typed_transaction_expected: true
typed_transaction_valid: true
training_used: false
runtime_policy_manifest_access: false
runtime_scene_labels_available: false
experiment_manager_validation_manifest_access: false
runner_fault_reason: ''
supervisor_profile_id: r4r1_aggressive_control_m028
context_geometry_sample_counts:
  BALANCED: 6
  CRUISE: 154
  STATIC_DENSE: 0
  CORRIDOR: 0
  MANEUVER: 0
context_geometry_sample_fractions:
  BALANCED: 0.0375
  CRUISE: 0.9625
  STATIC_DENSE: 0.0
  CORRIDOR: 0.0
  MANEUVER: 0.0
context_overlay_sample_counts:
  NONE: 160
  CROSSING: 0
  HEAD_ON: 0
  FOLLOW: 0
  OVERTAKE_OR_YIELD: 0
context_overlay_sample_fractions:
  NONE: 1.0
  CROSSING: 0.0
  HEAD_ON: 0.0
  FOLLOW: 0.0
  OVERTAKE_OR_YIELD: 0.0
experiment_manager_calibration_manifest_access: true
mode_measurement_window: post_readiness_goal_execution_only
clearance_audit:
  schema_version: '2.0'
  stage: V2-04G-R4-R1
  evaluator_only_gazebo_truth_used: true
  runtime_policy_received_truth: false
  minimum_signed_scan_clearance_m: 2.742759250204168
  minimum_truth_box_clearance_m: 2.775695877019632
  classification: CLEARANCE_POSITIVE
  minimum_scan_detail:
    stamp_s: 16.336
    robot_x_m: 12.129673647660576
    robot_y_m: 0.0
    signed_scan_clearance_m: 2.742759250204168
    clipped_scan_clearance_m: 2.742759250204168
    raw_range_m: 3.0930609703063965
    ray_index: 544
    ray_angle_rad: 1.6123038828372955
    footprint_boundary_range_m: 0.3503017201022285
  minimum_truth_detail:
    stamp_s: 16.336
    clearance_m: 2.775695877019632
    closest_model: cruise-left
    model_x_m: 12.039289349
    model_y_m: 3.529032519
  contact_count: 0
mechanism_message_count: 160
mechanism_join_valid_count: 160
mechanism_join_valid_fraction: 1.0
mechanism_join_reason_counts:
  EXACT_SEQUENCE_JOIN: 160
mechanism_topology_locked_sample_count: 0
mechanism_corridor_centerline_sample_count: 0
mechanism_maneuver_reverse_sample_count: 0
mechanism_topology_switch_count: 0

