schema_version: '2.0'
architecture_generation: v2
evaluator_id: fam_teb_v2_02_evaluator_1
formal_result: false
runtime_ready: false
scene_id: v2-04g-r4-static-s5067
family: STATIC_DENSE
split: calibration
seed: 5067
instance_sha256: f429167f4c9e87a13c68db223ee720457754f638f02c4f6915c2df1326b2b1c5
raw_trace_sha256: d555d49134e29a6759bdc24c18f03d7ff10b9a5c1d5020298bca3044b1e01ad4
termination: SUCCESS
metrics:
  common:
    success: true
    collision: false
    navigation_time_s: 19.700000000000003
    path_length_m: 14.611432505760181
    mean_abs_speed_mps: 0.741775657043407
    minimum_clearance_m: 0.4404276231414773
    stop_count: 2
    reverse_distance_m: 0.4749200525529119
  family:
    topology_switch_count: 0
    global_replan_count: 40
    recovery_count: 0
stage: V2-04G-R4
method: fixed_teb
episode_timeout_s: 50.0
tracker_message_count: 294
tracker_health_valid_fraction: 1.0
finite_ttc_sample_count: 57
ttc_status: OBSERVED_CONFLICT
context_message_count: 0
context_valid_count: 0
context_geometry_sequence: []
context_geometry_switch_count: 0
transaction_message_count: 0
transaction_valid_count: 0
transaction_activated_count: 0
transaction_fault_count: 0
transaction_backends: []
active_anchor_sequence:
- fixed_teb
active_anchor_switch_count: 0
typed_transaction_expected: false
typed_transaction_valid: true
training_used: false
runtime_policy_manifest_access: false
runtime_scene_labels_available: false
experiment_manager_validation_manifest_access: false
runner_fault_reason: ''
supervisor_profile_id: fixed_reference
context_geometry_sample_counts:
  BALANCED: 0
  CRUISE: 0
  STATIC_DENSE: 0
  CORRIDOR: 0
  MANEUVER: 0
context_geometry_sample_fractions:
  BALANCED: 0.0
  CRUISE: 0.0
  STATIC_DENSE: 0.0
  CORRIDOR: 0.0
  MANEUVER: 0.0
context_overlay_sample_counts:
  NONE: 0
  CROSSING: 0
  HEAD_ON: 0
  FOLLOW: 0
  OVERTAKE_OR_YIELD: 0
context_overlay_sample_fractions:
  NONE: 0.0
  CROSSING: 0.0
  HEAD_ON: 0.0
  FOLLOW: 0.0
  OVERTAKE_OR_YIELD: 0.0
experiment_manager_calibration_manifest_access: true
mode_measurement_window: post_readiness_goal_execution_only
clearance_audit:
  schema_version: '2.0'
  stage: V2-04G-R4
  evaluator_only_gazebo_truth_used: true
  runtime_policy_received_truth: false
  minimum_signed_scan_clearance_m: 0.4404276231414773
  minimum_truth_box_clearance_m: 0.4436780673064938
  classification: CLEARANCE_POSITIVE
  minimum_scan_detail:
    stamp_s: 12.826
    robot_x_m: 10.053300268520475
    robot_y_m: -0.33751692316827836
    signed_scan_clearance_m: 0.4404276231414773
    clipped_scan_clearance_m: 0.4404276231414773
    raw_range_m: 0.7904284596443176
    ray_index: 539
    ray_angle_rad: 1.5686100041493773
    footprint_boundary_range_m: 0.3500008365028403
  minimum_truth_detail:
    stamp_s: 12.226
    clearance_m: 0.4436780673064938
    closest_model: pillar-4
    model_x_m: 10.744360718
    model_y_m: 0.654904213
  contact_count: 0
mechanism_message_count: 0
mechanism_join_valid_count: 0
mechanism_join_valid_fraction: null
mechanism_join_reason_counts: {}
mechanism_topology_locked_sample_count: 0
mechanism_corridor_centerline_sample_count: 0
mechanism_maneuver_reverse_sample_count: 0
mechanism_topology_switch_count: 0

