schema_version: '2.0'
architecture_generation: v2
evaluator_id: fam_teb_v2_02_evaluator_1
formal_result: false
runtime_ready: false
scene_id: v2-04g-r4-dynamic-conflict-s5064
family: DYNAMIC
split: calibration
seed: 5064
instance_sha256: 28be38d57f5bc67a5ea0f6798502c65fb2b552725b96e3cd6eb0f7d966054506
raw_trace_sha256: 2d9283c02bde14241a2416da7ff6df21607ed4eaa050ee1dc9303689b3c8325d
termination: SUCCESS
metrics:
  common:
    success: true
    collision: false
    navigation_time_s: 27.0
    path_length_m: 19.694970619347345
    mean_abs_speed_mps: 0.729455985545176
    minimum_clearance_m: 0.0
    stop_count: 3
    reverse_distance_m: 0.6742763600343931
  family:
    minimum_predicted_ttc_s: 0.0
    stop_count: 3
    interaction_clearance_m: 0.0
stage: V2-04G-R4
method: fixed_teb
episode_timeout_s: 80.0
tracker_message_count: 402
tracker_health_valid_fraction: 1.0
finite_ttc_sample_count: 46
ttc_status: OBSERVED_CONFLICT
context_message_count: 0
context_valid_count: 0
context_geometry_sequence: []
context_geometry_switch_count: 0
transaction_message_count: 0
transaction_valid_count: 0
transaction_activated_count: 0
transaction_fault_count: 0
transaction_backends: []
active_anchor_sequence:
- fixed_teb
active_anchor_switch_count: 0
typed_transaction_expected: false
typed_transaction_valid: true
training_used: false
runtime_policy_manifest_access: false
runtime_scene_labels_available: false
experiment_manager_validation_manifest_access: false
runner_fault_reason: ''
supervisor_profile_id: fixed_reference
context_geometry_sample_counts:
  BALANCED: 0
  CRUISE: 0
  STATIC_DENSE: 0
  CORRIDOR: 0
  MANEUVER: 0
context_geometry_sample_fractions:
  BALANCED: 0.0
  CRUISE: 0.0
  STATIC_DENSE: 0.0
  CORRIDOR: 0.0
  MANEUVER: 0.0
context_overlay_sample_counts:
  NONE: 0
  CROSSING: 0
  HEAD_ON: 0
  FOLLOW: 0
  OVERTAKE_OR_YIELD: 0
context_overlay_sample_fractions:
  NONE: 0.0
  CROSSING: 0.0
  HEAD_ON: 0.0
  FOLLOW: 0.0
  OVERTAKE_OR_YIELD: 0.0
experiment_manager_calibration_manifest_access: true
mode_measurement_window: post_readiness_goal_execution_only
clearance_audit:
  schema_version: '2.0'
  stage: V2-04G-R4
  evaluator_only_gazebo_truth_used: true
  runtime_policy_received_truth: false
  minimum_signed_scan_clearance_m: -0.5023587448154719
  minimum_truth_box_clearance_m: 0.0
  classification: TRUE_GEOMETRIC_INTRUSION
  minimum_scan_detail:
    stamp_s: 11.636
    robot_x_m: 7.683158548828199
    robot_y_m: 0.049688342134835944
    signed_scan_clearance_m: -0.5023587448154719
    clipped_scan_clearance_m: 0.0
    raw_range_m: 0.12338236719369888
    ray_index: 427
    ray_angle_rad: 0.58986712154001
    footprint_boundary_range_m: 0.6257411120091708
  minimum_truth_detail:
    stamp_s: 10.436
    clearance_m: 0.0
    closest_model: crossing-agent
    model_x_m: 8.0
    model_y_m: -0.5822915463750009
  contact_count: 0
mechanism_message_count: 0
mechanism_join_valid_count: 0
mechanism_join_valid_fraction: null
mechanism_join_reason_counts: {}
mechanism_topology_locked_sample_count: 0
mechanism_corridor_centerline_sample_count: 0
mechanism_maneuver_reverse_sample_count: 0
mechanism_topology_switch_count: 0

