schema_version: '2.0'
architecture_generation: v2
evaluator_id: fam_teb_v2_02_evaluator_1
formal_result: false
runtime_ready: false
scene_id: v2-04e2-maneuver-s4715
family: MANEUVER
split: calibration
seed: 4715
instance_sha256: e4c532537e6fc38c39c55b06c578e8790e7029b923387c877ac511572c9d8f94
raw_trace_sha256: f14e8e627d8a6b947eef9258cd7a1e4476e49c1658e6e63aa106225e0205925e
termination: SUCCESS
metrics:
  common:
    success: true
    collision: false
    navigation_time_s: 32.900000000000006
    path_length_m: 3.965724569089515
    mean_abs_speed_mps: 0.12062655428298433
    minimum_clearance_m: 0.4319706969413195
    stop_count: 7
    reverse_distance_m: 2.085761411869477
  family:
    gear_switch_count: 6
    gear_switch_while_moving_count: 5
    reverse_distance_m: 2.085761411869477
stage: V2-04E2
method: rule_multi_anchor
episode_timeout_s: 60.0
tracker_message_count: 488
tracker_health_valid_fraction: 1.0
finite_ttc_sample_count: 0
ttc_status: NO_CONFLICT_IN_HORIZON
context_message_count: 167
context_valid_count: 167
context_geometry_sequence:
- MANEUVER
- STATIC_DENSE
context_geometry_switch_count: 1
transaction_message_count: 166
transaction_valid_count: 166
transaction_activated_count: 166
transaction_fault_count: 0
transaction_backends:
- simulation_teb_dynamic_reconfigure
active_anchor_sequence:
- anchor_maneuver_forward
- anchor_static_dense
active_anchor_switch_count: 1
typed_transaction_expected: true
typed_transaction_valid: true
training_used: false
runtime_policy_manifest_access: false
runtime_scene_labels_available: false
experiment_manager_validation_manifest_access: false
runner_fault_reason: ''
supervisor_profile_id: pocket_g_wide_hold
context_geometry_sample_counts:
  BALANCED: 0
  CRUISE: 0
  STATIC_DENSE: 128
  CORRIDOR: 0
  MANEUVER: 39
context_geometry_sample_fractions:
  BALANCED: 0.0
  CRUISE: 0.0
  STATIC_DENSE: 0.7664670658682635
  CORRIDOR: 0.0
  MANEUVER: 0.23353293413173654
context_overlay_sample_counts:
  NONE: 167
  CROSSING: 0
  HEAD_ON: 0
  FOLLOW: 0
  OVERTAKE_OR_YIELD: 0
context_overlay_sample_fractions:
  NONE: 1.0
  CROSSING: 0.0
  HEAD_ON: 0.0
  FOLLOW: 0.0
  OVERTAKE_OR_YIELD: 0.0
experiment_manager_calibration_manifest_access: true

