[roslaunch][INFO] 2026-07-21 17:00:01,382: Checking log directory for disk usage. This may take a while.
Press Ctrl-C to interrupt
[roslaunch][INFO] 2026-07-21 17:00:01,384: Done checking log file disk usage. Usage is <1GB.
[roslaunch][INFO] 2026-07-21 17:00:01,384: roslaunch starting with args ['/opt/ros/noetic/bin/roslaunch', 'teb_mode_manager', 'v2_04g_r6_simulation_typed_anchor.launch', 'allow_simulation_teb_parameter_write:=true', 'allow_unfrozen_simulation_candidate:=true', 'anchor_bank:=/home/robot/robot_ws_base_rl/artifacts/v2/integration/v2_04g_r6_i1/runtime_candidate_configs/r6_semantics_circle_contact/anchor_bank.yaml', 'mechanism_config:=/home/robot/robot_ws_base_rl/artifacts/v2/integration/v2_04g_r6_i1/runtime_candidate_configs/r6_semantics_circle_contact/mechanism.yaml', 'attempt_stage:=V2-04G-R6-I5', 'attempt_profile_id:=r6_semantics_circle_contact', 'attempt_scene_id:=v2-04g-r6-i5-dynamic-conflict-single-s5161', 'attempt_seed:=5161', 'attempt_number:=1', 'supervisor_config_sha256:=d5e35cfe84082b229ae6e656c2d3aaa7a10c8c61b696184bda8dc90e47a762da']
[roslaunch][INFO] 2026-07-21 17:00:01,384: roslaunch env is environ({'CMAKE_PREFIX_PATH': '/home/robot/robot_ws_base_rl/devel:/opt/ros/noetic', 'HOME': '/home/robot', 'LANG': 'C.UTF-8', 'LD_LIBRARY_PATH': '/opt/ros/noetic/share/euslisp/jskeus/eus//Linux64/lib:/home/robot/robot_ws_base_rl/devel/lib:/opt/ros/noetic/lib:/opt/ros/noetic/lib/x86_64-linux-gnu:/opt/ros/noetic/share/euslisp/jskeus/eus//Linux64/lib', 'LOGNAME': 'robot', 'PATH': '/opt/ros/noetic/share/euslisp/jskeus/eus//Linux64/bin:/opt/ros/noetic/bin:/opt/ros/noetic/share/euslisp/jskeus/eus//Linux64/bin:/usr/local/sbin:/usr/local/bin:/usr/sbin:/usr/bin:/sbin:/bin', 'PKG_CONFIG_PATH': '/home/robot/robot_ws_base_rl/devel/lib/pkgconfig:/opt/ros/noetic/lib/pkgconfig:/opt/ros/noetic/lib/x86_64-linux-gnu/pkgconfig', 'PYTHONPATH': '/home/robot/robot_ws_base_rl/devel/lib/python3/dist-packages:/opt/ros/noetic/lib/python3/dist-packages', 'ROS_DISTRO': 'noetic', 'ROS_ETC_DIR': '/opt/ros/noetic/etc/ros', 'ROS_PACKAGE_PATH': '/home/robot/robot_ws_base_rl/src:/opt/ros/noetic/share', 'ROS_PYTHON_VERSION': '3', 'ROS_ROOT': '/opt/ros/noetic/share/ros', 'ROS_VERSION': '1', 'SHELL': '/bin/bash', 'USER': 'robot', 'ROS_HOME': '/home/robot/robot_ws_base_rl/artifacts/v2/integration/v2_04g_r6_i1/r6_i5_execution/attempts/02__r6_semantics_circle_contact__v2-04g-r6-i5-dynamic-conflict-single-s5161/work/ros_home', 'ROS_IP': '127.0.0.1', 'ROS_LOG_DIR': '/home/robot/robot_ws_base_rl/artifacts/v2/integration/v2_04g_r6_i1/r6_i5_execution/attempts/02__r6_semantics_circle_contact__v2-04g-r6-i5-dynamic-conflict-single-s5161/work/ros_logs', 'ROS_MASTER_URI': 'http://127.0.0.1:11311', 'ROS_LOG_FILENAME': '/home/robot/robot_ws_base_rl/artifacts/v2/integration/v2_04g_r6_i1/r6_i5_execution/attempts/02__r6_semantics_circle_contact__v2-04g-r6-i5-dynamic-conflict-single-s5161/work/ros_logs/8b01452e-84e2-11f1-bd0b-156f9b6ad262/roslaunch-WP-50887.log'})
[roslaunch][INFO] 2026-07-21 17:00:01,384: starting in server mode
[roslaunch.parent][INFO] 2026-07-21 17:00:01,385: starting roslaunch parent run
[roslaunch][INFO] 2026-07-21 17:00:01,385: loading roscore config file /opt/ros/noetic/etc/ros/roscore.xml
[roslaunch][INFO] 2026-07-21 17:00:01,489: Added core node of type [rosout/rosout] in namespace [/]
[roslaunch.config][INFO] 2026-07-21 17:00:01,489: loading config file /home/robot/robot_ws_base_rl/src/application/teb_mode_manager/launch/v2_04g_r6_simulation_typed_anchor.launch
[roslaunch][INFO] 2026-07-21 17:00:01,490: Added node of type [teb_mode_manager/v2_04g_r6_typed_anchor_transaction_node.py] in namespace [/]
[roslaunch][INFO] 2026-07-21 17:00:01,490: ... selected machine [] for node of type [teb_mode_manager/v2_04g_r6_typed_anchor_transaction_node.py]
[roslaunch.pmon][INFO] 2026-07-21 17:00:01,493: start_process_monitor: creating ProcessMonitor
[roslaunch.pmon][INFO] 2026-07-21 17:00:01,493: created process monitor <ProcessMonitor(ProcessMonitor-1, initial daemon)>
[roslaunch.pmon][INFO] 2026-07-21 17:00:01,493: start_process_monitor: ProcessMonitor started
[roslaunch.parent][INFO] 2026-07-21 17:00:01,493: starting parent XML-RPC server
[roslaunch.server][INFO] 2026-07-21 17:00:01,494: starting roslaunch XML-RPC server
[roslaunch.server][INFO] 2026-07-21 17:00:01,494: waiting for roslaunch XML-RPC server to initialize
[xmlrpc][INFO] 2026-07-21 17:00:01,494: XML-RPC server binding to 127.0.0.1:0
[xmlrpc][INFO] 2026-07-21 17:00:01,494: Started XML-RPC server [http://127.0.0.1:42023/]
[xmlrpc][INFO] 2026-07-21 17:00:01,494: xml rpc node: starting XML-RPC server
[roslaunch][INFO] 2026-07-21 17:00:01,505: started roslaunch server http://127.0.0.1:42023/
[roslaunch.parent][INFO] 2026-07-21 17:00:01,505: ... parent XML-RPC server started
[roslaunch][INFO] 2026-07-21 17:00:01,505: master.is_running[http://127.0.0.1:11311]
[roslaunch][INFO] 2026-07-21 17:00:01,506: master.is_running[http://127.0.0.1:11311]
[roslaunch][INFO] 2026-07-21 17:00:01,508: ROS_MASTER_URI=http://127.0.0.1:11311
[roslaunch][INFO] 2026-07-21 17:00:01,510: setting /roslaunch/uris/host_127_0_0_1__42023' to http://127.0.0.1:42023/
[roslaunch][INFO] 2026-07-21 17:00:01,511: load_parameters starting ...
[roslaunch][INFO] 2026-07-21 17:00:01,530: ... load_parameters complete
[roslaunch][INFO] 2026-07-21 17:00:01,530: launch_nodes: launching local nodes ...
[roslaunch][INFO] 2026-07-21 17:00:01,530: ... preparing to launch node of type [teb_mode_manager/v2_04g_r6_typed_anchor_transaction_node.py]
[roslaunch][INFO] 2026-07-21 17:00:01,530: create_node_process: package[teb_mode_manager] type[v2_04g_r6_typed_anchor_transaction_node.py] machine[Machine(name[] env_loader[None] address[localhost] ssh_port[22] user[None] assignable[True] timeout[10.0])] master_uri[http://127.0.0.1:11311]
[roslaunch][INFO] 2026-07-21 17:00:01,530: process[v2_04g_r6_typed_anchor_transaction-1]: env[{'CMAKE_PREFIX_PATH': '/home/robot/robot_ws_base_rl/devel:/opt/ros/noetic', 'HOME': '/home/robot', 'LANG': 'C.UTF-8', 'LD_LIBRARY_PATH': '/opt/ros/noetic/share/euslisp/jskeus/eus//Linux64/lib:/home/robot/robot_ws_base_rl/devel/lib:/opt/ros/noetic/lib:/opt/ros/noetic/lib/x86_64-linux-gnu:/opt/ros/noetic/share/euslisp/jskeus/eus//Linux64/lib', 'LOGNAME': 'robot', 'PATH': '/opt/ros/noetic/share/euslisp/jskeus/eus//Linux64/bin:/opt/ros/noetic/bin:/opt/ros/noetic/share/euslisp/jskeus/eus//Linux64/bin:/usr/local/sbin:/usr/local/bin:/usr/sbin:/usr/bin:/sbin:/bin', 'PKG_CONFIG_PATH': '/home/robot/robot_ws_base_rl/devel/lib/pkgconfig:/opt/ros/noetic/lib/pkgconfig:/opt/ros/noetic/lib/x86_64-linux-gnu/pkgconfig', 'PYTHONPATH': '/home/robot/robot_ws_base_rl/devel/lib/python3/dist-packages:/opt/ros/noetic/lib/python3/dist-packages', 'ROS_DISTRO': 'noetic', 'ROS_ETC_DIR': '/opt/ros/noetic/etc/ros', 'ROS_PACKAGE_PATH': '/home/robot/robot_ws_base_rl/src:/opt/ros/noetic/share', 'ROS_PYTHON_VERSION': '3', 'ROS_ROOT': '/opt/ros/noetic/share/ros', 'ROS_VERSION': '1', 'SHELL': '/bin/bash', 'USER': 'robot', 'ROS_HOME': '/home/robot/robot_ws_base_rl/artifacts/v2/integration/v2_04g_r6_i1/r6_i5_execution/attempts/02__r6_semantics_circle_contact__v2-04g-r6-i5-dynamic-conflict-single-s5161/work/ros_home', 'ROS_IP': '127.0.0.1', 'ROS_LOG_DIR': '/home/robot/robot_ws_base_rl/artifacts/v2/integration/v2_04g_r6_i1/r6_i5_execution/attempts/02__r6_semantics_circle_contact__v2-04g-r6-i5-dynamic-conflict-single-s5161/work/ros_logs', 'ROS_MASTER_URI': 'http://127.0.0.1:11311', 'ROS_LOG_FILENAME': '/home/robot/robot_ws_base_rl/artifacts/v2/integration/v2_04g_r6_i1/r6_i5_execution/attempts/02__r6_semantics_circle_contact__v2-04g-r6-i5-dynamic-conflict-single-s5161/work/ros_logs/8b01452e-84e2-11f1-bd0b-156f9b6ad262/roslaunch-WP-50887.log'}]
[roslaunch][INFO] 2026-07-21 17:00:01,590: process[v2_04g_r6_typed_anchor_transaction-1]: args[['/home/robot/robot_ws_base_rl/devel/lib/teb_mode_manager/v2_04g_r6_typed_anchor_transaction_node.py', '__name:=v2_04g_r6_typed_anchor_transaction']]
[roslaunch][INFO] 2026-07-21 17:00:01,590: ... created process [v2_04g_r6_typed_anchor_transaction-1]
[roslaunch.pmon][INFO] 2026-07-21 17:00:01,590: ProcessMonitor.register[v2_04g_r6_typed_anchor_transaction-1]
[roslaunch.pmon][INFO] 2026-07-21 17:00:01,590: ProcessMonitor.register[v2_04g_r6_typed_anchor_transaction-1] complete
[roslaunch][INFO] 2026-07-21 17:00:01,590: ... registered process [v2_04g_r6_typed_anchor_transaction-1]
[roslaunch][INFO] 2026-07-21 17:00:01,590: process[v2_04g_r6_typed_anchor_transaction-1]: starting os process
[roslaunch][INFO] 2026-07-21 17:00:01,590: process[v2_04g_r6_typed_anchor_transaction-1]: start w/ args [['/home/robot/robot_ws_base_rl/devel/lib/teb_mode_manager/v2_04g_r6_typed_anchor_transaction_node.py', '__name:=v2_04g_r6_typed_anchor_transaction', '__log:=/home/robot/robot_ws_base_rl/artifacts/v2/integration/v2_04g_r6_i1/r6_i5_execution/attempts/02__r6_semantics_circle_contact__v2-04g-r6-i5-dynamic-conflict-single-s5161/work/ros_logs/8b01452e-84e2-11f1-bd0b-156f9b6ad262/v2_04g_r6_typed_anchor_transaction-1.log']]
[roslaunch][INFO] 2026-07-21 17:00:01,590: process[v2_04g_r6_typed_anchor_transaction-1]: cwd will be [/home/robot/robot_ws_base_rl/artifacts/v2/integration/v2_04g_r6_i1/r6_i5_execution/attempts/02__r6_semantics_circle_contact__v2-04g-r6-i5-dynamic-conflict-single-s5161/work/ros_home]
[roslaunch][INFO] 2026-07-21 17:00:01,592: process[v2_04g_r6_typed_anchor_transaction-1]: started with pid [50958]
[roslaunch][INFO] 2026-07-21 17:00:01,592: ... successfully launched [v2_04g_r6_typed_anchor_transaction-1]
[roslaunch][INFO] 2026-07-21 17:00:01,592: ... launch_nodes complete
[roslaunch.pmon][INFO] 2026-07-21 17:00:01,592: registrations completed <ProcessMonitor(ProcessMonitor-1, started daemon 140313559381760)>
[roslaunch.parent][INFO] 2026-07-21 17:00:01,592: ... roslaunch parent running, waiting for process exit
[roslaunch][INFO] 2026-07-21 17:00:01,592: spin
[roslaunch.pmon][INFO] 2026-07-21 17:00:28,288: ProcessMonitor.shutdown <ProcessMonitor(ProcessMonitor-1, started daemon 140313559381760)>
[roslaunch.pmon][INFO] 2026-07-21 17:00:28,356: ProcessMonitor._post_run <ProcessMonitor(ProcessMonitor-1, started daemon 140313559381760)>
[roslaunch.pmon][INFO] 2026-07-21 17:00:28,357: ProcessMonitor._post_run <ProcessMonitor(ProcessMonitor-1, started daemon 140313559381760)>: remaining procs are [<roslaunch.nodeprocess.LocalProcess object at 0x7f9d45503a00>]
[roslaunch.pmon][INFO] 2026-07-21 17:00:28,357: ProcessMonitor exit: killing v2_04g_r6_typed_anchor_transaction-1
[roslaunch][INFO] 2026-07-21 17:00:28,357: [v2_04g_r6_typed_anchor_transaction-1] killing on exit
[roslaunch][INFO] 2026-07-21 17:00:28,357: process[v2_04g_r6_typed_anchor_transaction-1]: killing os process with pid[50958] pgid[50958]
[roslaunch][INFO] 2026-07-21 17:00:28,357: [v2_04g_r6_typed_anchor_transaction-1] sending SIGINT to pgid [50958]
[roslaunch][INFO] 2026-07-21 17:00:28,358: [v2_04g_r6_typed_anchor_transaction-1] sent SIGINT to pgid [50958]
[roslaunch][INFO] 2026-07-21 17:00:29,059: process[v2_04g_r6_typed_anchor_transaction-1]: SIGINT killed with return value 0
[roslaunch.pmon][INFO] 2026-07-21 17:00:29,059: ProcessMonitor exit: cleaning up data structures and signals
[roslaunch.pmon][INFO] 2026-07-21 17:00:29,059: ProcessMonitor exit: pmon has shutdown
[roslaunch][INFO] 2026-07-21 17:00:29,060: process monitor is done spinning, initiating full shutdown
[roslaunch][INFO] 2026-07-21 17:00:29,060: runner.stop()
[roslaunch][INFO] 2026-07-21 17:00:29,060: shutting down processing monitor...
[roslaunch][INFO] 2026-07-21 17:00:29,060: shutting down processing monitor <ProcessMonitor(ProcessMonitor-1, stopped daemon 140313559381760)>
[roslaunch.pmon][INFO] 2026-07-21 17:00:29,060: ProcessMonitor.shutdown <ProcessMonitor(ProcessMonitor-1, stopped daemon 140313559381760)>
[roslaunch][INFO] 2026-07-21 17:00:29,060: ... shutting down processing monitor complete
[roslaunch][INFO] 2026-07-21 17:00:29,060: done
[roslaunch.pmon][INFO] 2026-07-21 17:00:29,060: ProcessMonitor.shutdown <ProcessMonitor(ProcessMonitor-1, stopped daemon 140313559381760)>
[rospy.core][INFO] 2026-07-21 17:00:29,061: signal_shutdown [atexit]
