schema_version: '2.0'
architecture_generation: v2
evaluator_id: fam_teb_v2_02_evaluator_1
formal_result: false
runtime_ready: false
scene_id: v2-04e3-corridor-s4724
family: CORRIDOR
split: calibration
seed: 4724
instance_sha256: 87a334fc2653ad137d6af8ed8c3180848fd8beee616a6c82626c704595b806db
raw_trace_sha256: 0d8f01fccfd30152b5144470c5c6395a722c8984804bcc64e49a7b8ebaddb983
termination: SUCCESS
metrics:
  common:
    success: true
    collision: false
    navigation_time_s: 18.1
    path_length_m: 10.104642665349337
    mean_abs_speed_mps: 0.5582248378917921
    minimum_clearance_m: 0.46951287237107475
    stop_count: 1
    reverse_distance_m: 0.0
  family:
    lateral_rms_m: 0.09220878943202358
    heading_oscillation_rad: 1.4933538263938615
    emergency_contact_count: 0
stage: V2-04E3
method: rule_multi_anchor
episode_timeout_s: 45.0
tracker_message_count: 271
tracker_health_valid_fraction: 1.0
finite_ttc_sample_count: 0
ttc_status: NO_CONFLICT_IN_HORIZON
context_message_count: 91
context_valid_count: 91
context_geometry_sequence:
- CORRIDOR
context_geometry_switch_count: 0
transaction_message_count: 92
transaction_valid_count: 92
transaction_activated_count: 92
transaction_fault_count: 0
transaction_backends:
- simulation_teb_dynamic_reconfigure
active_anchor_sequence:
- anchor_corridor
active_anchor_switch_count: 0
typed_transaction_expected: true
typed_transaction_valid: true
training_used: false
runtime_policy_manifest_access: false
runtime_scene_labels_available: false
experiment_manager_validation_manifest_access: false
runner_fault_reason: ''
supervisor_profile_id: pocket_g_wide_hold_confirmation
context_geometry_sample_counts:
  BALANCED: 0
  CRUISE: 0
  STATIC_DENSE: 0
  CORRIDOR: 91
  MANEUVER: 0
context_geometry_sample_fractions:
  BALANCED: 0.0
  CRUISE: 0.0
  STATIC_DENSE: 0.0
  CORRIDOR: 1.0
  MANEUVER: 0.0
context_overlay_sample_counts:
  NONE: 91
  CROSSING: 0
  HEAD_ON: 0
  FOLLOW: 0
  OVERTAKE_OR_YIELD: 0
context_overlay_sample_fractions:
  NONE: 1.0
  CROSSING: 0.0
  HEAD_ON: 0.0
  FOLLOW: 0.0
  OVERTAKE_OR_YIELD: 0.0
experiment_manager_calibration_manifest_access: true
mode_measurement_window: post_readiness_goal_execution_only

