schema_version: '2.0'
architecture_generation: v2
evaluator_id: fam_teb_v2_02_evaluator_1
formal_result: false
runtime_ready: false
scene_id: v2-04e4-cruise-s4731
family: CRUISE
split: calibration
seed: 4731
instance_sha256: c628e9c35cb17be49daa2988d96322d6633259a069d8e533b4621af2aad27ac9
raw_trace_sha256: 882ba50fe56f752068c89d2e56bc8f0f0475b97126fab83b1665be734486a8db
termination: SUCCESS
metrics:
  common:
    success: true
    collision: false
    navigation_time_s: 31.8
    path_length_m: 35.091324724030656
    mean_abs_speed_mps: 1.103491857286871
    minimum_clearance_m: 2.665827907173526
    stop_count: 1
    reverse_distance_m: 0.0
  family:
    lateral_rms_m: 0.010288937849634855
    heading_oscillation_rad: 0.0
    unnecessary_deceleration_count: 1
stage: V2-04E4
method: rule_multi_anchor
episode_timeout_s: 55.0
tracker_message_count: 472
tracker_health_valid_fraction: 1.0
finite_ttc_sample_count: 0
ttc_status: NO_CONFLICT_IN_HORIZON
context_message_count: 159
context_valid_count: 159
context_geometry_sequence:
- BALANCED
- CRUISE
context_geometry_switch_count: 1
transaction_message_count: 161
transaction_valid_count: 161
transaction_activated_count: 161
transaction_fault_count: 0
transaction_backends:
- simulation_teb_dynamic_reconfigure
active_anchor_sequence:
- anchor_balanced
- anchor_cruise
active_anchor_switch_count: 1
typed_transaction_expected: true
typed_transaction_valid: true
training_used: false
runtime_policy_manifest_access: false
runtime_scene_labels_available: false
experiment_manager_validation_manifest_access: false
runner_fault_reason: ''
supervisor_profile_id: pocket_g_exit10
context_geometry_sample_counts:
  BALANCED: 5
  CRUISE: 154
  STATIC_DENSE: 0
  CORRIDOR: 0
  MANEUVER: 0
context_geometry_sample_fractions:
  BALANCED: 0.031446540880503145
  CRUISE: 0.9685534591194969
  STATIC_DENSE: 0.0
  CORRIDOR: 0.0
  MANEUVER: 0.0
context_overlay_sample_counts:
  NONE: 159
  CROSSING: 0
  HEAD_ON: 0
  FOLLOW: 0
  OVERTAKE_OR_YIELD: 0
context_overlay_sample_fractions:
  NONE: 1.0
  CROSSING: 0.0
  HEAD_ON: 0.0
  FOLLOW: 0.0
  OVERTAKE_OR_YIELD: 0.0
experiment_manager_calibration_manifest_access: true
mode_measurement_window: post_readiness_goal_execution_only

