schema_version: '2.0'
architecture_generation: v2
evaluator_id: fam_teb_v2_02_evaluator_1
formal_result: false
runtime_ready: false
scene_id: v2-04g-dynamic-clear-s4906
family: DYNAMIC
split: calibration
seed: 4906
instance_sha256: acb71048a1f12746ed945ec86c2041f16f562d3463fc6b6e44378d6188fc4e8a
raw_trace_sha256: 8437fa7604390b34b48cca44a6e045e3653233e4f3e460df3047820bc82bd081
termination: SUCCESS
metrics:
  common:
    success: true
    collision: false
    navigation_time_s: 18.799999999999997
    path_length_m: 18.203225874361536
    mean_abs_speed_mps: 0.9683523295746496
    minimum_clearance_m: 2.9375395743022494
    stop_count: 1
    reverse_distance_m: 0.0
  family:
    minimum_predicted_ttc_s: null
    stop_count: 1
    interaction_clearance_m: 2.9375395743022494
stage: V2-04G
method: rule_multi_anchor
episode_timeout_s: 80.0
tracker_message_count: 281
tracker_health_valid_fraction: 1.0
finite_ttc_sample_count: 0
ttc_status: NO_CONFLICT_IN_HORIZON
context_message_count: 94
context_valid_count: 94
context_geometry_sequence:
- BALANCED
- CRUISE
context_geometry_switch_count: 1
transaction_message_count: 96
transaction_valid_count: 96
transaction_activated_count: 96
transaction_fault_count: 0
transaction_backends:
- simulation_teb_dynamic_reconfigure
active_anchor_sequence:
- anchor_balanced
- anchor_cruise
active_anchor_switch_count: 1
typed_transaction_expected: true
typed_transaction_valid: true
training_used: false
runtime_policy_manifest_access: false
runtime_scene_labels_available: false
experiment_manager_validation_manifest_access: false
runner_fault_reason: ''
supervisor_profile_id: g0_frozen_control
context_geometry_sample_counts:
  BALANCED: 10
  CRUISE: 84
  STATIC_DENSE: 0
  CORRIDOR: 0
  MANEUVER: 0
context_geometry_sample_fractions:
  BALANCED: 0.10638297872340426
  CRUISE: 0.8936170212765957
  STATIC_DENSE: 0.0
  CORRIDOR: 0.0
  MANEUVER: 0.0
context_overlay_sample_counts:
  NONE: 94
  CROSSING: 0
  HEAD_ON: 0
  FOLLOW: 0
  OVERTAKE_OR_YIELD: 0
context_overlay_sample_fractions:
  NONE: 1.0
  CROSSING: 0.0
  HEAD_ON: 0.0
  FOLLOW: 0.0
  OVERTAKE_OR_YIELD: 0.0
experiment_manager_calibration_manifest_access: true
mode_measurement_window: post_readiness_goal_execution_only
clearance_audit:
  schema_version: '2.0'
  stage: V2-04G
  evaluator_only_gazebo_truth_used: true
  runtime_policy_received_truth: false
  minimum_signed_scan_clearance_m: 2.9375395743022494
  minimum_truth_box_clearance_m: 2.9456721287693197
  classification: CLEARANCE_POSITIVE
  minimum_scan_detail:
    stamp_s: 13.728
    robot_x_m: 8.218838746932784
    robot_y_m: -0.09552186850551418
    signed_scan_clearance_m: 2.9375395743022494
    clipped_scan_clearance_m: 2.9375395743022494
    raw_range_m: 3.28756046295166
    ray_index: 538
    ray_angle_rad: 1.5598712284117937
    footprint_boundary_range_m: 0.3500208886494106
  minimum_truth_detail:
    stamp_s: 13.728
    clearance_m: 2.9456721287693197
    closest_model: crossing-agent
    model_x_m: 8.0
    model_y_m: 3.5
  contact_count: 0
mechanism_message_count: 0
mechanism_topology_locked_sample_count: 0
mechanism_corridor_centerline_sample_count: 0
mechanism_maneuver_reverse_sample_count: 0
mechanism_topology_switch_count: 0

