schema_version: '2.0'
architecture_generation: v2
evaluator_id: fam_teb_v2_02_evaluator_1
formal_result: false
runtime_ready: false
scene_id: v2-04g-r4-static-s5069
family: STATIC_DENSE
split: calibration
seed: 5069
instance_sha256: 9f0e5908f420822f71d8d406c1d69c2549a7ec0a62f071864c2120d1a4b1a7fb
raw_trace_sha256: 6ca443ceb60cd0aaf2042a02d447965463f4aeab726df674cf03f4cde19d7243
termination: SUCCESS
metrics:
  common:
    success: true
    collision: false
    navigation_time_s: 22.6
    path_length_m: 13.929014354303112
    mean_abs_speed_mps: 0.6162445763339366
    minimum_clearance_m: 0.42446927361042364
    stop_count: 4
    reverse_distance_m: 0.0
  family:
    topology_switch_count: 1
    global_replan_count: 46
    recovery_count: 0
stage: V2-04G-R4
method: rule_multi_anchor
episode_timeout_s: 50.0
tracker_message_count: 337
tracker_health_valid_fraction: 1.0
finite_ttc_sample_count: 66
ttc_status: OBSERVED_CONFLICT
context_message_count: 113
context_valid_count: 113
context_geometry_sequence:
- BALANCED
- STATIC_DENSE
context_geometry_switch_count: 1
transaction_message_count: 114
transaction_valid_count: 114
transaction_activated_count: 114
transaction_fault_count: 0
transaction_backends:
- simulation_teb_dynamic_reconfigure
active_anchor_sequence:
- anchor_balanced
- anchor_static_dense
active_anchor_switch_count: 1
typed_transaction_expected: true
typed_transaction_valid: true
training_used: false
runtime_policy_manifest_access: false
runtime_scene_labels_available: false
experiment_manager_validation_manifest_access: false
runner_fault_reason: ''
supervisor_profile_id: r2_target_aggressive
context_geometry_sample_counts:
  BALANCED: 16
  CRUISE: 0
  STATIC_DENSE: 97
  CORRIDOR: 0
  MANEUVER: 0
context_geometry_sample_fractions:
  BALANCED: 0.1415929203539823
  CRUISE: 0.0
  STATIC_DENSE: 0.8584070796460177
  CORRIDOR: 0.0
  MANEUVER: 0.0
context_overlay_sample_counts:
  NONE: 70
  CROSSING: 0
  HEAD_ON: 11
  FOLLOW: 0
  OVERTAKE_OR_YIELD: 32
context_overlay_sample_fractions:
  NONE: 0.6194690265486725
  CROSSING: 0.0
  HEAD_ON: 0.09734513274336283
  FOLLOW: 0.0
  OVERTAKE_OR_YIELD: 0.2831858407079646
experiment_manager_calibration_manifest_access: true
mode_measurement_window: post_readiness_goal_execution_only
clearance_audit:
  schema_version: '2.0'
  stage: V2-04G-R4
  evaluator_only_gazebo_truth_used: true
  runtime_policy_received_truth: false
  minimum_signed_scan_clearance_m: 0.42446927361042364
  minimum_truth_box_clearance_m: 0.44038274064637584
  classification: CLEARANCE_POSITIVE
  minimum_scan_detail:
    stamp_s: 14.882
    robot_x_m: 5.20317480427293
    robot_y_m: -0.2816211265835805
    signed_scan_clearance_m: 0.42446927361042364
    clipped_scan_clearance_m: 0.42446927361042364
    raw_range_m: 0.7748379707336426
    ray_index: 534
    ray_angle_rad: 1.5249161254614592
    footprint_boundary_range_m: 0.35036869712321894
  minimum_truth_detail:
    stamp_s: 14.782
    clearance_m: 0.44038274064637584
    closest_model: pillar-2
    model_x_m: 5.78932367
    model_y_m: 0.750995924
  contact_count: 0
mechanism_message_count: 113
mechanism_join_valid_count: 113
mechanism_join_valid_fraction: 1.0
mechanism_join_reason_counts:
  EXACT_SEQUENCE_JOIN: 113
mechanism_topology_locked_sample_count: 96
mechanism_corridor_centerline_sample_count: 0
mechanism_maneuver_reverse_sample_count: 0
mechanism_topology_switch_count: 0

