schema_version: '2.0'
architecture_generation: v2
evaluator_id: fam_teb_v2_02_evaluator_1
formal_result: false
runtime_ready: false
scene_id: v2-04g-r1-static-s4929
family: STATIC_DENSE
split: calibration
seed: 4929
instance_sha256: 32a3c44dc90735f4a1a9a4e768fb2bbdf9b9e89b6e1792d420cee0a4f3429beb
raw_trace_sha256: cc0393198b429e9129342696714a5ac463f796e1062c2481c6f38dd57d002cec
termination: SUCCESS
metrics:
  common:
    success: true
    collision: false
    navigation_time_s: 31.800000000000004
    path_length_m: 14.670518153269668
    mean_abs_speed_mps: 0.46126834769183706
    minimum_clearance_m: 0.4866277786262105
    stop_count: 1
    reverse_distance_m: 0.0
  family:
    topology_switch_count: 1
    global_replan_count: 64
    recovery_count: 0
stage: V2-04G-R1
method: rule_multi_anchor
episode_timeout_s: 50.0
tracker_message_count: 471
tracker_health_valid_fraction: 1.0
finite_ttc_sample_count: 86
ttc_status: OBSERVED_CONFLICT
context_message_count: 159
context_valid_count: 159
context_geometry_sequence:
- BALANCED
- STATIC_DENSE
context_geometry_switch_count: 1
transaction_message_count: 161
transaction_valid_count: 161
transaction_activated_count: 161
transaction_fault_count: 0
transaction_backends:
- simulation_teb_dynamic_reconfigure
active_anchor_sequence:
- anchor_balanced
- anchor_static_dense
active_anchor_switch_count: 1
typed_transaction_expected: true
typed_transaction_valid: true
training_used: false
runtime_policy_manifest_access: false
runtime_scene_labels_available: false
experiment_manager_validation_manifest_access: false
runner_fault_reason: ''
supervisor_profile_id: g0_frozen_control
context_geometry_sample_counts:
  BALANCED: 12
  CRUISE: 0
  STATIC_DENSE: 148
  CORRIDOR: 0
  MANEUVER: 0
context_geometry_sample_fractions:
  BALANCED: 0.075
  CRUISE: 0.0
  STATIC_DENSE: 0.925
  CORRIDOR: 0.0
  MANEUVER: 0.0
context_overlay_sample_counts:
  NONE: 88
  CROSSING: 0
  HEAD_ON: 0
  FOLLOW: 0
  OVERTAKE_OR_YIELD: 72
context_overlay_sample_fractions:
  NONE: 0.55
  CROSSING: 0.0
  HEAD_ON: 0.0
  FOLLOW: 0.0
  OVERTAKE_OR_YIELD: 0.45
experiment_manager_calibration_manifest_access: true
mode_measurement_window: post_readiness_goal_execution_only
clearance_audit:
  schema_version: '2.0'
  stage: V2-04G-R1
  evaluator_only_gazebo_truth_used: true
  runtime_policy_received_truth: false
  minimum_signed_scan_clearance_m: 0.4866277786262105
  minimum_truth_box_clearance_m: 0.47706595970691656
  classification: CLEARANCE_POSITIVE
  minimum_scan_detail:
    stamp_s: 8.594
    robot_x_m: 2.5175440366235526
    robot_y_m: 0.40670007642478334
    signed_scan_clearance_m: 0.4866277786262105
    clipped_scan_clearance_m: 0.4866277786262105
    raw_range_m: 0.8375393748283386
    ray_index: 188
    ray_angle_rad: -1.4987002797424793
    footprint_boundary_range_m: 0.35091159620212814
  minimum_truth_detail:
    stamp_s: 25.994
    clearance_m: 0.47706595970691656
    closest_model: pillar-4
    model_x_m: 10.712702442
    model_y_m: 0.606351595
  contact_count: 0
mechanism_message_count: 0
mechanism_join_valid_count: 0
mechanism_join_valid_fraction: null
mechanism_join_reason_counts: {}
mechanism_topology_locked_sample_count: 0
mechanism_corridor_centerline_sample_count: 0
mechanism_maneuver_reverse_sample_count: 0
mechanism_topology_switch_count: 0

