schema_version: '2.0'
architecture_generation: v2
evaluator_id: fam_teb_v2_02_evaluator_1
formal_result: false
runtime_ready: false
scene_id: v2-04g-r1-corridor-s4931
family: CORRIDOR
split: calibration
seed: 4931
instance_sha256: b8453bafde28a0efd3793112cf5dc34f299cc9c0186606098e94092bbbbb9fe0
raw_trace_sha256: d97ade96ad9db7a4c387dee6df6ee1bad8e5299cc5ebb0f97c007f8dbb22e965
termination: SUCCESS
metrics:
  common:
    success: true
    collision: false
    navigation_time_s: 11.4
    path_length_m: 10.164740068241345
    mean_abs_speed_mps: 0.8918208705750318
    minimum_clearance_m: 0.4591772966817127
    stop_count: 1
    reverse_distance_m: 0.0
  family:
    lateral_rms_m: 0.10228812558005285
    heading_oscillation_rad: 1.4891359731901699
    emergency_contact_count: 0
stage: V2-04G-R2
method: rule_multi_anchor
episode_timeout_s: 45.0
tracker_message_count: 172
tracker_health_valid_fraction: 1.0
finite_ttc_sample_count: 0
ttc_status: NO_CONFLICT_IN_HORIZON
context_message_count: 57
context_valid_count: 57
context_geometry_sequence:
- BALANCED
- CORRIDOR
context_geometry_switch_count: 1
transaction_message_count: 12
transaction_valid_count: 12
transaction_activated_count: 12
transaction_fault_count: 0
transaction_backends:
- simulation_teb_dynamic_reconfigure
active_anchor_sequence:
- anchor_balanced
- anchor_corridor
active_anchor_switch_count: 1
typed_transaction_expected: true
typed_transaction_valid: true
training_used: false
runtime_policy_manifest_access: false
runtime_scene_labels_available: false
experiment_manager_validation_manifest_access: false
runner_fault_reason: ''
supervisor_profile_id: r2_target_balanced
context_geometry_sample_counts:
  BALANCED: 12
  CRUISE: 0
  STATIC_DENSE: 0
  CORRIDOR: 45
  MANEUVER: 0
context_geometry_sample_fractions:
  BALANCED: 0.21052631578947367
  CRUISE: 0.0
  STATIC_DENSE: 0.0
  CORRIDOR: 0.7894736842105263
  MANEUVER: 0.0
context_overlay_sample_counts:
  NONE: 57
  CROSSING: 0
  HEAD_ON: 0
  FOLLOW: 0
  OVERTAKE_OR_YIELD: 0
context_overlay_sample_fractions:
  NONE: 1.0
  CROSSING: 0.0
  HEAD_ON: 0.0
  FOLLOW: 0.0
  OVERTAKE_OR_YIELD: 0.0
experiment_manager_calibration_manifest_access: true
mode_measurement_window: post_readiness_goal_execution_only
clearance_audit:
  schema_version: '2.0'
  stage: V2-04G-R2
  evaluator_only_gazebo_truth_used: true
  runtime_policy_received_truth: false
  minimum_signed_scan_clearance_m: 0.4591772966817127
  minimum_truth_box_clearance_m: 0.4691937714802513
  classification: CLEARANCE_POSITIVE
  minimum_scan_detail:
    stamp_s: 6.316
    robot_x_m: 0.004330858841777812
    robot_y_m: -3.3528862416851706e-07
    signed_scan_clearance_m: 0.4591772966817127
    clipped_scan_clearance_m: 0.4591772966817127
    raw_range_m: 0.8095459938049316
    ray_index: 534
    ray_angle_rad: 1.5249161254614592
    footprint_boundary_range_m: 0.35036869712321894
  minimum_truth_detail:
    stamp_s: 7.316
    clearance_m: 0.4691937714802513
    closest_model: corridor-left
    model_x_m: 5.005324636
    model_y_m: 1.098894194
  contact_count: 0
mechanism_message_count: 11
mechanism_join_valid_count: 11
mechanism_join_valid_fraction: 1.0
mechanism_join_reason_counts:
  EXACT_SEQUENCE_JOIN: 11
mechanism_topology_locked_sample_count: 0
mechanism_corridor_centerline_sample_count: 9
mechanism_maneuver_reverse_sample_count: 0
mechanism_topology_switch_count: 0

