schema_version: '2.0'
architecture_generation: v2
evaluator_id: fam_teb_v2_02_evaluator_1
formal_result: false
runtime_ready: false
scene_id: v2-04e2-static-s4713
family: STATIC_DENSE
split: calibration
seed: 4713
instance_sha256: e68f8ea4a4f03b95de25ca5d21dfe6e8a4c912c983eaf45384b9e5d45dfb4477
raw_trace_sha256: 8372d5c2c253d241981d8d27fe0128faeb62569c4fa9691f65c285817c7da868
termination: SUCCESS
metrics:
  common:
    success: true
    collision: false
    navigation_time_s: 28.299999999999997
    path_length_m: 14.026871153081649
    mean_abs_speed_mps: 0.49578149212290096
    minimum_clearance_m: 0.482692204236507
    stop_count: 1
    reverse_distance_m: 0.0
  family:
    topology_switch_count: 1
    global_replan_count: 56
    recovery_count: 0
stage: V2-04E2
method: rule_multi_anchor
episode_timeout_s: 50.0
tracker_message_count: 421
tracker_health_valid_fraction: 1.0
finite_ttc_sample_count: 0
ttc_status: NO_CONFLICT_IN_HORIZON
context_message_count: 144
context_valid_count: 144
context_geometry_sequence:
- BALANCED
- STATIC_DENSE
context_geometry_switch_count: 1
transaction_message_count: 143
transaction_valid_count: 143
transaction_activated_count: 143
transaction_fault_count: 0
transaction_backends:
- simulation_teb_dynamic_reconfigure
active_anchor_sequence:
- anchor_balanced
- anchor_static_dense
active_anchor_switch_count: 1
typed_transaction_expected: true
typed_transaction_valid: true
training_used: false
runtime_policy_manifest_access: false
runtime_scene_labels_available: false
experiment_manager_validation_manifest_access: false
runner_fault_reason: ''
supervisor_profile_id: pocket_g_wide_hold
context_geometry_sample_counts:
  BALANCED: 14
  CRUISE: 0
  STATIC_DENSE: 130
  CORRIDOR: 0
  MANEUVER: 0
context_geometry_sample_fractions:
  BALANCED: 0.09722222222222222
  CRUISE: 0.0
  STATIC_DENSE: 0.9027777777777778
  CORRIDOR: 0.0
  MANEUVER: 0.0
context_overlay_sample_counts:
  NONE: 92
  CROSSING: 0
  HEAD_ON: 0
  FOLLOW: 0
  OVERTAKE_OR_YIELD: 52
context_overlay_sample_fractions:
  NONE: 0.6388888888888888
  CROSSING: 0.0
  HEAD_ON: 0.0
  FOLLOW: 0.0
  OVERTAKE_OR_YIELD: 0.3611111111111111
experiment_manager_calibration_manifest_access: true

