schema_version: '2.0'
architecture_generation: v2
evaluator_id: fam_teb_v2_02_evaluator_1
formal_result: false
runtime_ready: false
scene_id: v2-04g-r1-corridor-s4932
family: CORRIDOR
split: calibration
seed: 4932
instance_sha256: b5d205dd25cb7da090927b028d6191bfaacb10958df82719da46ac0636b9def4
raw_trace_sha256: 2fa5c91825fb600d306e6554ae2b6df223e149c0de5b078eb590618420e0d402
termination: SUCCESS
metrics:
  common:
    success: true
    collision: false
    navigation_time_s: 13.799999999999999
    path_length_m: 10.133578775160485
    mean_abs_speed_mps: 0.7344852925141537
    minimum_clearance_m: 0.44340043244765676
    stop_count: 1
    reverse_distance_m: 0.0
  family:
    lateral_rms_m: 0.08714190550043045
    heading_oscillation_rad: 1.403812546538748
    emergency_contact_count: 0
stage: V2-04G-R1
method: rule_multi_anchor
episode_timeout_s: 45.0
tracker_message_count: 209
tracker_health_valid_fraction: 1.0
finite_ttc_sample_count: 0
ttc_status: NO_CONFLICT_IN_HORIZON
context_message_count: 70
context_valid_count: 70
context_geometry_sequence:
- CORRIDOR
context_geometry_switch_count: 0
transaction_message_count: 71
transaction_valid_count: 71
transaction_activated_count: 71
transaction_fault_count: 0
transaction_backends:
- simulation_teb_dynamic_reconfigure
active_anchor_sequence:
- anchor_corridor
active_anchor_switch_count: 0
typed_transaction_expected: true
typed_transaction_valid: true
training_used: false
runtime_policy_manifest_access: false
runtime_scene_labels_available: false
experiment_manager_validation_manifest_access: false
runner_fault_reason: ''
supervisor_profile_id: g2_mechanism_aggressive
context_geometry_sample_counts:
  BALANCED: 0
  CRUISE: 0
  STATIC_DENSE: 0
  CORRIDOR: 70
  MANEUVER: 0
context_geometry_sample_fractions:
  BALANCED: 0.0
  CRUISE: 0.0
  STATIC_DENSE: 0.0
  CORRIDOR: 1.0
  MANEUVER: 0.0
context_overlay_sample_counts:
  NONE: 70
  CROSSING: 0
  HEAD_ON: 0
  FOLLOW: 0
  OVERTAKE_OR_YIELD: 0
context_overlay_sample_fractions:
  NONE: 1.0
  CROSSING: 0.0
  HEAD_ON: 0.0
  FOLLOW: 0.0
  OVERTAKE_OR_YIELD: 0.0
experiment_manager_calibration_manifest_access: true
mode_measurement_window: post_readiness_goal_execution_only
clearance_audit:
  schema_version: '2.0'
  stage: V2-04G-R1
  evaluator_only_gazebo_truth_used: true
  runtime_policy_received_truth: false
  minimum_signed_scan_clearance_m: 0.44340043244765676
  minimum_truth_box_clearance_m: 0.4601495679868482
  classification: CLEARANCE_POSITIVE
  minimum_scan_detail:
    stamp_s: 5.398
    robot_x_m: 0.07017167654142836
    robot_y_m: -0.00013720729800450142
    signed_scan_clearance_m: 0.44340043244765676
    clipped_scan_clearance_m: 0.44340043244765676
    raw_range_m: 0.7934413552284241
    ray_index: 541
    ray_angle_rad: 1.5860875556245446
    footprint_boundary_range_m: 0.3500409227807673
  minimum_truth_detail:
    stamp_s: 6.498
    clearance_m: 0.4601495679868482
    closest_model: corridor-left
    model_x_m: 5.006274573
    model_y_m: 1.089844903
  contact_count: 0
mechanism_message_count: 69
mechanism_join_valid_count: 69
mechanism_join_valid_fraction: 1.0
mechanism_join_reason_counts:
  EXACT_SEQUENCE_JOIN: 69
mechanism_topology_locked_sample_count: 0
mechanism_corridor_centerline_sample_count: 69
mechanism_maneuver_reverse_sample_count: 0
mechanism_topology_switch_count: 0

