WARNING: Package name "gazebo_ros_2Dmap_plugin" does not follow the naming conventions. It should start with a lower case letter and only contain lower case letters, digits, underscores, and dashes.
xacro: in-order processing became default in ROS Melodic. You can drop the option.
WARNING: Package name "gazebo_ros_2Dmap_plugin" does not follow the naming conventions. It should start with a lower case letter and only contain lower case letters, digits, underscores, and dashes.
WARNING: Package name "gazebo_ros_2Dmap_plugin" does not follow the naming conventions. It should start with a lower case letter and only contain lower case letters, digits, underscores, and dashes.
[INFO] [1784022938.721118, 0.000000]: Loading model XML from ros parameter robot_description
[INFO] [1784022938.724093, 0.000000]: Waiting for service /gazebo/spawn_urdf_model
[INFO] [1784022939.629330, 0.108000]: Calling service /gazebo/spawn_urdf_model
[INFO] [1784022939.881572, 0.176000]: Spawn status: SpawnModel: Successfully spawned entity
[INFO] [1784022940.177009619, 0.458000000]: global_costmap: Using plugin "obstacle_layer"
[INFO] [1784022940.179535050, 0.460000000]:     Subscribed to Topics: scan
[INFO] [1784022940.184910478, 0.466000000]: global_costmap: Using plugin "inflation_layer"
[INFO] [1784022940.198871784, 0.480000000]: local_costmap: Using plugin "obstacle_layer"
[INFO] [1784022940.199804508, 0.480000000]:     Subscribed to Topics: scan
[INFO] [1784022940.204688213, 0.486000000]: local_costmap: Using plugin "inflation_layer"
[INFO] [1784022940.218219940, 0.498000000]: Created local_planner teb_local_planner/TebLocalPlannerROS
[INFO] [1784022940.237817855, 0.518000000]: Footprint model 'polygon' loaded for trajectory optimization.
[INFO] [1784022940.237966041, 0.518000000]: Parallel planning in distinctive topologies disabled.
[INFO] [1784022940.237982859, 0.518000000]: No costmap conversion plugin specified. All occupied costmap cells are treaten as point obstacles.
[INFO] [1784022940.317976119, 0.598000000]: Recovery behavior will clear layer 'obstacles'
[INFO] [1784022940.319527060, 0.600000000]: Recovery behavior will clear layer 'obstacles'
[INFO] [1784022940.374194716, 0.656000000]: odom received!
[INFO] [1784022956.511223339, 16.778000000]: GOAL Reached!
[INFO] [1784022938.854910425]: Finished loading Gazebo ROS API Plugin.
[INFO] [1784022938.855613768]: waitForService: Service [/gazebo/set_physics_properties] has not been advertised, waiting...
[INFO] [1784022939.513821198]: waitForService: Service [/gazebo/set_physics_properties] is now available.
[INFO] [1784022939.557442800, 0.038000000]: Physics dynamic reconfigure ready.
[INFO] [1784022939.764970444, 0.176000000]: <initialOrientationAsReference> is unset, using default value of false to comply with REP 145 (world as orientation reference)
[INFO] [1784022939.765004058, 0.176000000]: <robotNamespace> set to: //
[INFO] [1784022939.765012304, 0.176000000]: <topicName> set to: imu/data
[INFO] [1784022939.765018281, 0.176000000]: <frameName> set to: imu_link
[INFO] [1784022939.765037760, 0.176000000]: <updateRateHZ> set to: 50
[INFO] [1784022939.765045657, 0.176000000]: <gaussianNoise> set to: 0
[INFO] [1784022939.765063502, 0.176000000]: <xyzOffset> set to: 0 0 0
[INFO] [1784022939.765077800, 0.176000000]: <rpyOffset> set to: 0 -0 0
[INFO] [1784022939.880263808, 0.176000000]: Laser Plugin: Using the 'robotNamespace' param: '/'
[INFO] [1784022939.880289539, 0.176000000]: Starting Laser Plugin (ns = /)
[INFO] [1784022939.881671762, 0.176000000]: Laser Plugin (ns = /)  <tf_prefix_>, set to ""
[INFO] [1784022939.893226285, 0.176000000]: M2 simulation-only Ackermann interface loaded; cmd_angle_instead_rotvel=false; v2_actuator_dynamics=true
[WARN] [1784022940.074762, 0.356000]: V2-03 world model rejected scan: Lookup would require extrapolation 0.012000000s into the past.  Requested time 0.244000000 but the earliest data is at time 0.256000000, when looking up transform from frame [laser_link] to frame [odom]
... logging to /home/robot/.ros/log/2a20f61e-7f6a-11f1-91bc-3382cc4c3ed1/roslaunch-WP-2685746.log
Checking log directory for disk usage. This may take a while.
Press Ctrl-C to interrupt
]2;/home/robot/robot_ws_base_rl/src/simulation/m2_gazebo/launch/m2_v2_04g_r1_mechanism_calibration.launch
[1mstarted roslaunch server http://WP:35491/[0m

SUMMARY
========

PARAMETERS
 * /gazebo/enable_ros_network: True
 * /m2_gazebo/simulation_only: True
 * /m2_robot_state_publisher/publish_frequency: 30.0
 * /move_base/TebLocalPlannerROS/acc_lim_theta: 0.8
 * /move_base/TebLocalPlannerROS/acc_lim_x: 0.8
 * /move_base/TebLocalPlannerROS/allow_init_with_backwards_motion: True
 * /move_base/TebLocalPlannerROS/cmd_angle_instead_rotvel: False
 * /move_base/TebLocalPlannerROS/costmap_obstacles_behind_robot_dist: 1.5
 * /move_base/TebLocalPlannerROS/dt_hysteresis: 0.1
 * /move_base/TebLocalPlannerROS/dt_ref: 0.3
 * /move_base/TebLocalPlannerROS/enable_homotopy_class_planning: False
 * /move_base/TebLocalPlannerROS/enable_multithreading: True
 * /move_base/TebLocalPlannerROS/feasibility_check_no_poses: 5
 * /move_base/TebLocalPlannerROS/footprint_model/type: polygon
 * /move_base/TebLocalPlannerROS/footprint_model/vertices: [[0.52, 0.35], [0...
 * /move_base/TebLocalPlannerROS/global_plan_overwrite_orientation: True
 * /move_base/TebLocalPlannerROS/include_costmap_obstacles: True
 * /move_base/TebLocalPlannerROS/inflation_dist: 0.55
 * /move_base/TebLocalPlannerROS/map_frame: odom
 * /move_base/TebLocalPlannerROS/max_global_plan_lookahead_dist: 8.0
 * /move_base/TebLocalPlannerROS/max_number_classes: 4
 * /move_base/TebLocalPlannerROS/max_samples: 500
 * /move_base/TebLocalPlannerROS/max_vel_theta: 1.0
 * /move_base/TebLocalPlannerROS/max_vel_x: 1.2
 * /move_base/TebLocalPlannerROS/max_vel_x_backwards: 0.6
 * /move_base/TebLocalPlannerROS/max_vel_y: 0.0
 * /move_base/TebLocalPlannerROS/min_obstacle_dist: 0.25
 * /move_base/TebLocalPlannerROS/min_turning_radius: 1.2
 * /move_base/TebLocalPlannerROS/obstacle_poses_affected: 15
 * /move_base/TebLocalPlannerROS/odom_topic: /odom
 * /move_base/TebLocalPlannerROS/teb_autosize: True
 * /move_base/TebLocalPlannerROS/weight_acc_lim_theta: 1.0
 * /move_base/TebLocalPlannerROS/weight_acc_lim_x: 1.0
 * /move_base/TebLocalPlannerROS/weight_adapt_factor: 2.0
 * /move_base/TebLocalPlannerROS/weight_inflation: 0.1
 * /move_base/TebLocalPlannerROS/weight_kinematics_forward_drive: 10.0
 * /move_base/TebLocalPlannerROS/weight_kinematics_nh: 1000.0
 * /move_base/TebLocalPlannerROS/weight_kinematics_turning_radius: 10.0
 * /move_base/TebLocalPlannerROS/weight_max_vel_theta: 1.0
 * /move_base/TebLocalPlannerROS/weight_max_vel_x: 2.0
 * /move_base/TebLocalPlannerROS/weight_obstacle: 50.0
 * /move_base/TebLocalPlannerROS/weight_optimaltime: 1.0
 * /move_base/TebLocalPlannerROS/weight_viapoint: 1.0
 * /move_base/TebLocalPlannerROS/wheelbase: 0.65
 * /move_base/base_global_planner: navfn/NavfnROS
 * /move_base/base_local_planner: teb_local_planner...
 * /move_base/clearing_rotation_allowed: False
 * /move_base/controller_frequency: 10.0
 * /move_base/controller_patience: 5.0
 * /move_base/global_costmap/footprint: [[0.52, 0.35], [0...
 * /move_base/global_costmap/footprint_padding: 0.05
 * /move_base/global_costmap/global_frame: odom
 * /move_base/global_costmap/height: 30.0
 * /move_base/global_costmap/inflation_layer/cost_scaling_factor: 4.0
 * /move_base/global_costmap/inflation_layer/enabled: True
 * /move_base/global_costmap/inflation_layer/inflation_radius: 0.55
 * /move_base/global_costmap/obstacle_layer/enabled: True
 * /move_base/global_costmap/obstacle_layer/observation_sources: scan
 * /move_base/global_costmap/obstacle_layer/scan/clearing: True
 * /move_base/global_costmap/obstacle_layer/scan/data_type: LaserScan
 * /move_base/global_costmap/obstacle_layer/scan/inf_is_valid: True
 * /move_base/global_costmap/obstacle_layer/scan/marking: True
 * /move_base/global_costmap/obstacle_layer/scan/obstacle_range: 12.0
 * /move_base/global_costmap/obstacle_layer/scan/raytrace_range: 15.0
 * /move_base/global_costmap/obstacle_layer/scan/sensor_frame: laser_link
 * /move_base/global_costmap/obstacle_layer/scan/topic: /scan
 * /move_base/global_costmap/plugins: [{'name': 'obstac...
 * /move_base/global_costmap/publish_frequency: 2.0
 * /move_base/global_costmap/resolution: 0.05
 * /move_base/global_costmap/robot_base_frame: base_link
 * /move_base/global_costmap/rolling_window: True
 * /move_base/global_costmap/transform_tolerance: 0.3
 * /move_base/global_costmap/update_frequency: 5.0
 * /move_base/global_costmap/width: 80.0
 * /move_base/local_costmap/footprint: [[0.52, 0.35], [0...
 * /move_base/local_costmap/footprint_padding: 0.05
 * /move_base/local_costmap/global_frame: odom
 * /move_base/local_costmap/height: 12.0
 * /move_base/local_costmap/inflation_layer/cost_scaling_factor: 4.0
 * /move_base/local_costmap/inflation_layer/enabled: True
 * /move_base/local_costmap/inflation_layer/inflation_radius: 0.55
 * /move_base/local_costmap/obstacle_layer/enabled: True
 * /move_base/local_costmap/obstacle_layer/observation_sources: scan
 * /move_base/local_costmap/obstacle_layer/scan/clearing: True
 * /move_base/local_costmap/obstacle_layer/scan/data_type: LaserScan
 * /move_base/local_costmap/obstacle_layer/scan/inf_is_valid: True
 * /move_base/local_costmap/obstacle_layer/scan/marking: True
 * /move_base/local_costmap/obstacle_layer/scan/obstacle_range: 12.0
 * /move_base/local_costmap/obstacle_layer/scan/raytrace_range: 15.0
 * /move_base/local_costmap/obstacle_layer/scan/sensor_frame: laser_link
 * /move_base/local_costmap/obstacle_layer/scan/topic: /scan
 * /move_base/local_costmap/plugins: [{'name': 'obstac...
 * /move_base/local_costmap/publish_frequency: 5.0
 * /move_base/local_costmap/resolution: 0.05
 * /move_base/local_costmap/robot_base_frame: base_link
 * /move_base/local_costmap/rolling_window: True
 * /move_base/local_costmap/transform_tolerance: 0.3
 * /move_base/local_costmap/update_frequency: 10.0
 * /move_base/local_costmap/width: 12.0
 * /move_base/oscillation_distance: 0.2
 * /move_base/oscillation_timeout: 10.0
 * /move_base/planner_frequency: 1.0
 * /move_base/planner_patience: 5.0
 * /move_base/recovery_behavior_enabled: False
 * /move_base/shutdown_costmaps: False
 * /nav_world_model/allow_unfrozen_simulation_candidate: True
 * /nav_world_model/config: /home/robot/robot...
 * /robot_description: <?xml version="1....
 * /rosdistro: noetic
 * /rosversion: 1.17.4
 * /use_sim_time: True
 * /v2_scan_transport/delay_s: 0.06
 * /v2_scan_transport/input_topic: /v2/scan_raw
 * /v2_scan_transport/jitter_s: 0.01
 * /v2_scan_transport/noise_stddev_m: 0.01
 * /v2_scan_transport/output_topic: /scan
 * /v2_scan_transport/seed: 4928

NODES
  /
    gazebo (gazebo_ros/gzserver)
    m2_robot_state_publisher (robot_state_publisher/robot_state_publisher)
    move_base (move_base/move_base)
    nav_world_model (nav_world_model/nav_world_model_node.py)
    spawn_m2 (gazebo_ros/spawn_model)
    v2_scan_transport (m2_gazebo/v2_scan_transport.py)

auto-starting new master
[1mprocess[master]: started with pid [2685836][0m
[1mROS_MASTER_URI=http://127.0.0.1:11311[0m
]2;/home/robot/robot_ws_base_rl/src/simulation/m2_gazebo/launch/m2_v2_04g_r1_mechanism_calibration.launch http://127.0.0.1:11311
[1msetting /run_id to 2a20f61e-7f6a-11f1-91bc-3382cc4c3ed1[0m
[1mprocess[rosout-1]: started with pid [2685887][0m
started core service [/rosout]
[1mprocess[gazebo-2]: started with pid [2685894][0m
[1mprocess[spawn_m2-3]: started with pid [2685897][0m
[1mprocess[m2_robot_state_publisher-4]: started with pid [2685900][0m
[1mprocess[v2_scan_transport-5]: started with pid [2685901][0m
[1mprocess[move_base-6]: started with pid [2685902][0m
[1mprocess[nav_world_model-7]: started with pid [2685903][0m
[1m[spawn_m2-3] process has finished cleanly
log file: /home/robot/.ros/log/2a20f61e-7f6a-11f1-91bc-3382cc4c3ed1/spawn_m2-3*.log[0m
[nav_world_model-7] killing on exit
[move_base-6] killing on exit
[m2_robot_state_publisher-4] killing on exit
[v2_scan_transport-5] killing on exit
[gazebo-2] killing on exit
[rosout-1] killing on exit
[31mWARNING: disk usage in log directory [/home/robot/.ros/log] is over 1GB.
It's recommended that you use the 'rosclean' command.[0m
WARNING: Package name "gazebo_ros_2Dmap_plugin" does not follow the naming conventions. It should start with a lower case letter and only contain lower case letters, digits, underscores, and dashes.
WARNING: Package name "gazebo_ros_2Dmap_plugin" does not follow the naming conventions. It should start with a lower case letter and only contain lower case letters, digits, underscores, and dashes.
[master] killing on exit
shutting down processing monitor...
... shutting down processing monitor complete
[1mdone[0m
