schema_version: '2.0'
architecture_generation: v2
evaluator_id: fam_teb_v2_02_evaluator_1
formal_result: false
runtime_ready: false
scene_id: v2-04g-r1-maneuver-s4934
family: MANEUVER
split: calibration
seed: 4934
instance_sha256: ec65a3abd75522b8c57051740fb382054a8adf75c43cd244e511fa46e8d4f4cb
raw_trace_sha256: fde2909470f477035c29389196073aabfb75f8308900d62a93271ec3eb97fc4c
termination: SUCCESS
metrics:
  common:
    success: true
    collision: false
    navigation_time_s: 24.4
    path_length_m: 4.35026883301006
    mean_abs_speed_mps: 0.17842622525102023
    minimum_clearance_m: 0.2630182175420117
    stop_count: 6
    reverse_distance_m: 2.435977924121473
  family:
    gear_switch_count: 5
    gear_switch_while_moving_count: 3
    reverse_distance_m: 2.435977924121473
stage: V2-04G-R1
method: fixed_teb
episode_timeout_s: 60.0
tracker_message_count: 364
tracker_health_valid_fraction: 1.0
finite_ttc_sample_count: 0
ttc_status: NO_CONFLICT_IN_HORIZON
context_message_count: 0
context_valid_count: 0
context_geometry_sequence: []
context_geometry_switch_count: 0
transaction_message_count: 0
transaction_valid_count: 0
transaction_activated_count: 0
transaction_fault_count: 0
transaction_backends: []
active_anchor_sequence:
- fixed_teb
active_anchor_switch_count: 0
typed_transaction_expected: false
typed_transaction_valid: true
training_used: false
runtime_policy_manifest_access: false
runtime_scene_labels_available: false
experiment_manager_validation_manifest_access: false
runner_fault_reason: ''
supervisor_profile_id: fixed_reference
context_geometry_sample_counts:
  BALANCED: 0
  CRUISE: 0
  STATIC_DENSE: 0
  CORRIDOR: 0
  MANEUVER: 0
context_geometry_sample_fractions:
  BALANCED: 0.0
  CRUISE: 0.0
  STATIC_DENSE: 0.0
  CORRIDOR: 0.0
  MANEUVER: 0.0
context_overlay_sample_counts:
  NONE: 0
  CROSSING: 0
  HEAD_ON: 0
  FOLLOW: 0
  OVERTAKE_OR_YIELD: 0
context_overlay_sample_fractions:
  NONE: 0.0
  CROSSING: 0.0
  HEAD_ON: 0.0
  FOLLOW: 0.0
  OVERTAKE_OR_YIELD: 0.0
experiment_manager_calibration_manifest_access: true
mode_measurement_window: post_readiness_goal_execution_only
clearance_audit:
  schema_version: '2.0'
  stage: V2-04G-R1
  evaluator_only_gazebo_truth_used: true
  runtime_policy_received_truth: false
  minimum_signed_scan_clearance_m: 0.2630182175420117
  minimum_truth_box_clearance_m: 0.27500032394171753
  classification: CLEARANCE_POSITIVE
  minimum_scan_detail:
    stamp_s: 26.642
    robot_x_m: 0.6028274253472279
    robot_y_m: -0.00884061129098754
    signed_scan_clearance_m: 0.2630182175420117
    clipped_scan_clearance_m: 0.2630182175420117
    raw_range_m: 0.7875180244445801
    ray_index: 15
    ray_angle_rad: -3.0105084823444486
    footprint_boundary_range_m: 0.5244998069025684
  minimum_truth_detail:
    stamp_s: 26.942
    clearance_m: 0.27500032394171753
    closest_model: bay-back
    model_x_m: 5.502788571
    model_y_m: -0.020570795
  contact_count: 0
mechanism_message_count: 0
mechanism_join_valid_count: 0
mechanism_join_valid_fraction: null
mechanism_join_reason_counts: {}
mechanism_topology_locked_sample_count: 0
mechanism_corridor_centerline_sample_count: 0
mechanism_maneuver_reverse_sample_count: 0
mechanism_topology_switch_count: 0

