[rosmaster.main][INFO] 2026-07-19 18:39:37,231: initialization complete, waiting for shutdown
[rosmaster.main][INFO] 2026-07-19 18:39:37,232: Starting ROS Master Node
[xmlrpc][INFO] 2026-07-19 18:39:37,248: XML-RPC server binding to 0.0.0.0:11311
[xmlrpc][INFO] 2026-07-19 18:39:37,248: Started XML-RPC server [http://WP:11311/]
[rosmaster.master][INFO] 2026-07-19 18:39:37,248: Master initialized: port[11311], uri[http://WP:11311/]
[xmlrpc][INFO] 2026-07-19 18:39:37,248: xml rpc node: starting XML-RPC server
[rosmaster.master][INFO] 2026-07-19 18:39:37,287: +PARAM [/run_id] by /roslaunch
[rosmaster.master][INFO] 2026-07-19 18:39:37,289: +PARAM [/roslaunch/uris/host_wp__34343] by /roslaunch
[rosmaster.master][INFO] 2026-07-19 18:39:37,366: +PARAM [/rosversion] by /roslaunch
[rosmaster.master][INFO] 2026-07-19 18:39:37,366: +PARAM [/rosdistro] by /roslaunch
[rosmaster.master][INFO] 2026-07-19 18:39:37,366: +PARAM [/use_sim_time] by /roslaunch
[rosmaster.master][INFO] 2026-07-19 18:39:37,366: +PARAM [/m2_gazebo/simulation_only] by /roslaunch
[rosmaster.master][INFO] 2026-07-19 18:39:37,366: +PARAM [/gazebo/enable_ros_network] by /roslaunch
[rosmaster.master][INFO] 2026-07-19 18:39:37,366: +PARAM [/robot_description] by /roslaunch
[rosmaster.master][INFO] 2026-07-19 18:39:37,366: +PARAM [/m2_robot_state_publisher/publish_frequency] by /roslaunch
[rosmaster.master][INFO] 2026-07-19 18:39:37,366: +PARAM [/v2_scan_transport/input_topic] by /roslaunch
[rosmaster.master][INFO] 2026-07-19 18:39:37,366: +PARAM [/v2_scan_transport/output_topic] by /roslaunch
[rosmaster.master][INFO] 2026-07-19 18:39:37,366: +PARAM [/v2_scan_transport/delay_s] by /roslaunch
[rosmaster.master][INFO] 2026-07-19 18:39:37,366: +PARAM [/v2_scan_transport/jitter_s] by /roslaunch
[rosmaster.master][INFO] 2026-07-19 18:39:37,366: +PARAM [/v2_scan_transport/noise_stddev_m] by /roslaunch
[rosmaster.master][INFO] 2026-07-19 18:39:37,366: +PARAM [/v2_scan_transport/seed] by /roslaunch
[rosmaster.master][INFO] 2026-07-19 18:39:37,366: +PARAM [/move_base/base_global_planner] by /roslaunch
[rosmaster.master][INFO] 2026-07-19 18:39:37,366: +PARAM [/move_base/base_local_planner] by /roslaunch
[rosmaster.master][INFO] 2026-07-19 18:39:37,366: +PARAM [/move_base/controller_frequency] by /roslaunch
[rosmaster.master][INFO] 2026-07-19 18:39:37,366: +PARAM [/move_base/controller_patience] by /roslaunch
[rosmaster.master][INFO] 2026-07-19 18:39:37,366: +PARAM [/move_base/planner_frequency] by /roslaunch
[rosmaster.master][INFO] 2026-07-19 18:39:37,367: +PARAM [/move_base/planner_patience] by /roslaunch
[rosmaster.master][INFO] 2026-07-19 18:39:37,367: +PARAM [/move_base/recovery_behavior_enabled] by /roslaunch
[rosmaster.master][INFO] 2026-07-19 18:39:37,367: +PARAM [/move_base/clearing_rotation_allowed] by /roslaunch
[rosmaster.master][INFO] 2026-07-19 18:39:37,367: +PARAM [/move_base/shutdown_costmaps] by /roslaunch
[rosmaster.master][INFO] 2026-07-19 18:39:37,367: +PARAM [/move_base/oscillation_timeout] by /roslaunch
[rosmaster.master][INFO] 2026-07-19 18:39:37,367: +PARAM [/move_base/oscillation_distance] by /roslaunch
[rosmaster.master][INFO] 2026-07-19 18:39:37,367: +PARAM [/move_base/local_costmap/footprint] by /roslaunch
[rosmaster.master][INFO] 2026-07-19 18:39:37,367: +PARAM [/move_base/local_costmap/footprint_padding] by /roslaunch
[rosmaster.master][INFO] 2026-07-19 18:39:37,367: +PARAM [/move_base/local_costmap/transform_tolerance] by /roslaunch
[rosmaster.master][INFO] 2026-07-19 18:39:37,367: +PARAM [/move_base/local_costmap/resolution] by /roslaunch
[rosmaster.master][INFO] 2026-07-19 18:39:37,367: +PARAM [/move_base/local_costmap/obstacle_layer/enabled] by /roslaunch
[rosmaster.master][INFO] 2026-07-19 18:39:37,367: +PARAM [/move_base/local_costmap/obstacle_layer/observation_sources] by /roslaunch
[rosmaster.master][INFO] 2026-07-19 18:39:37,367: +PARAM [/move_base/local_costmap/obstacle_layer/scan/data_type] by /roslaunch
[rosmaster.master][INFO] 2026-07-19 18:39:37,367: +PARAM [/move_base/local_costmap/obstacle_layer/scan/topic] by /roslaunch
[rosmaster.master][INFO] 2026-07-19 18:39:37,367: +PARAM [/move_base/local_costmap/obstacle_layer/scan/sensor_frame] by /roslaunch
[rosmaster.master][INFO] 2026-07-19 18:39:37,367: +PARAM [/move_base/local_costmap/obstacle_layer/scan/marking] by /roslaunch
[rosmaster.master][INFO] 2026-07-19 18:39:37,367: +PARAM [/move_base/local_costmap/obstacle_layer/scan/clearing] by /roslaunch
[rosmaster.master][INFO] 2026-07-19 18:39:37,367: +PARAM [/move_base/local_costmap/obstacle_layer/scan/obstacle_range] by /roslaunch
[rosmaster.master][INFO] 2026-07-19 18:39:37,367: +PARAM [/move_base/local_costmap/obstacle_layer/scan/raytrace_range] by /roslaunch
[rosmaster.master][INFO] 2026-07-19 18:39:37,367: +PARAM [/move_base/local_costmap/obstacle_layer/scan/inf_is_valid] by /roslaunch
[rosmaster.master][INFO] 2026-07-19 18:39:37,367: +PARAM [/move_base/local_costmap/inflation_layer/enabled] by /roslaunch
[rosmaster.master][INFO] 2026-07-19 18:39:37,367: +PARAM [/move_base/local_costmap/inflation_layer/inflation_radius] by /roslaunch
[rosmaster.master][INFO] 2026-07-19 18:39:37,367: +PARAM [/move_base/local_costmap/inflation_layer/cost_scaling_factor] by /roslaunch
[rosmaster.master][INFO] 2026-07-19 18:39:37,367: +PARAM [/move_base/global_costmap/footprint] by /roslaunch
[rosmaster.master][INFO] 2026-07-19 18:39:37,367: +PARAM [/move_base/global_costmap/footprint_padding] by /roslaunch
[rosmaster.master][INFO] 2026-07-19 18:39:37,367: +PARAM [/move_base/global_costmap/transform_tolerance] by /roslaunch
[rosmaster.master][INFO] 2026-07-19 18:39:37,367: +PARAM [/move_base/global_costmap/resolution] by /roslaunch
[rosmaster.master][INFO] 2026-07-19 18:39:37,367: +PARAM [/move_base/global_costmap/obstacle_layer/enabled] by /roslaunch
[rosmaster.master][INFO] 2026-07-19 18:39:37,367: +PARAM [/move_base/global_costmap/obstacle_layer/observation_sources] by /roslaunch
[rosmaster.master][INFO] 2026-07-19 18:39:37,367: +PARAM [/move_base/global_costmap/obstacle_layer/scan/data_type] by /roslaunch
[rosmaster.master][INFO] 2026-07-19 18:39:37,367: +PARAM [/move_base/global_costmap/obstacle_layer/scan/topic] by /roslaunch
[rosmaster.master][INFO] 2026-07-19 18:39:37,367: +PARAM [/move_base/global_costmap/obstacle_layer/scan/sensor_frame] by /roslaunch
[rosmaster.master][INFO] 2026-07-19 18:39:37,368: +PARAM [/move_base/global_costmap/obstacle_layer/scan/marking] by /roslaunch
[rosmaster.master][INFO] 2026-07-19 18:39:37,368: +PARAM [/move_base/global_costmap/obstacle_layer/scan/clearing] by /roslaunch
[rosmaster.master][INFO] 2026-07-19 18:39:37,368: +PARAM [/move_base/global_costmap/obstacle_layer/scan/obstacle_range] by /roslaunch
[rosmaster.master][INFO] 2026-07-19 18:39:37,368: +PARAM [/move_base/global_costmap/obstacle_layer/scan/raytrace_range] by /roslaunch
[rosmaster.master][INFO] 2026-07-19 18:39:37,368: +PARAM [/move_base/global_costmap/obstacle_layer/scan/inf_is_valid] by /roslaunch
[rosmaster.master][INFO] 2026-07-19 18:39:37,368: +PARAM [/move_base/global_costmap/inflation_layer/enabled] by /roslaunch
[rosmaster.master][INFO] 2026-07-19 18:39:37,368: +PARAM [/move_base/global_costmap/inflation_layer/inflation_radius] by /roslaunch
[rosmaster.master][INFO] 2026-07-19 18:39:37,368: +PARAM [/move_base/global_costmap/inflation_layer/cost_scaling_factor] by /roslaunch
[rosmaster.master][INFO] 2026-07-19 18:39:37,368: +PARAM [/move_base/local_costmap/global_frame] by /roslaunch
[rosmaster.master][INFO] 2026-07-19 18:39:37,368: +PARAM [/move_base/local_costmap/robot_base_frame] by /roslaunch
[rosmaster.master][INFO] 2026-07-19 18:39:37,368: +PARAM [/move_base/local_costmap/rolling_window] by /roslaunch
[rosmaster.master][INFO] 2026-07-19 18:39:37,368: +PARAM [/move_base/local_costmap/width] by /roslaunch
[rosmaster.master][INFO] 2026-07-19 18:39:37,368: +PARAM [/move_base/local_costmap/height] by /roslaunch
[rosmaster.master][INFO] 2026-07-19 18:39:37,368: +PARAM [/move_base/local_costmap/update_frequency] by /roslaunch
[rosmaster.master][INFO] 2026-07-19 18:39:37,368: +PARAM [/move_base/local_costmap/publish_frequency] by /roslaunch
[rosmaster.master][INFO] 2026-07-19 18:39:37,368: +PARAM [/move_base/local_costmap/plugins] by /roslaunch
[rosmaster.master][INFO] 2026-07-19 18:39:37,368: +PARAM [/move_base/global_costmap/global_frame] by /roslaunch
[rosmaster.master][INFO] 2026-07-19 18:39:37,368: +PARAM [/move_base/global_costmap/robot_base_frame] by /roslaunch
[rosmaster.master][INFO] 2026-07-19 18:39:37,368: +PARAM [/move_base/global_costmap/rolling_window] by /roslaunch
[rosmaster.master][INFO] 2026-07-19 18:39:37,368: +PARAM [/move_base/global_costmap/width] by /roslaunch
[rosmaster.master][INFO] 2026-07-19 18:39:37,368: +PARAM [/move_base/global_costmap/height] by /roslaunch
[rosmaster.master][INFO] 2026-07-19 18:39:37,368: +PARAM [/move_base/global_costmap/update_frequency] by /roslaunch
[rosmaster.master][INFO] 2026-07-19 18:39:37,368: +PARAM [/move_base/global_costmap/publish_frequency] by /roslaunch
[rosmaster.master][INFO] 2026-07-19 18:39:37,368: +PARAM [/move_base/global_costmap/plugins] by /roslaunch
[rosmaster.master][INFO] 2026-07-19 18:39:37,368: +PARAM [/move_base/TebLocalPlannerROS/odom_topic] by /roslaunch
[rosmaster.master][INFO] 2026-07-19 18:39:37,368: +PARAM [/move_base/TebLocalPlannerROS/map_frame] by /roslaunch
[rosmaster.master][INFO] 2026-07-19 18:39:37,368: +PARAM [/move_base/TebLocalPlannerROS/teb_autosize] by /roslaunch
[rosmaster.master][INFO] 2026-07-19 18:39:37,368: +PARAM [/move_base/TebLocalPlannerROS/dt_ref] by /roslaunch
[rosmaster.master][INFO] 2026-07-19 18:39:37,368: +PARAM [/move_base/TebLocalPlannerROS/dt_hysteresis] by /roslaunch
[rosmaster.master][INFO] 2026-07-19 18:39:37,368: +PARAM [/move_base/TebLocalPlannerROS/max_samples] by /roslaunch
[rosmaster.master][INFO] 2026-07-19 18:39:37,368: +PARAM [/move_base/TebLocalPlannerROS/global_plan_overwrite_orientation] by /roslaunch
[rosmaster.master][INFO] 2026-07-19 18:39:37,368: +PARAM [/move_base/TebLocalPlannerROS/allow_init_with_backwards_motion] by /roslaunch
[rosmaster.master][INFO] 2026-07-19 18:39:37,368: +PARAM [/move_base/TebLocalPlannerROS/max_global_plan_lookahead_dist] by /roslaunch
[rosmaster.master][INFO] 2026-07-19 18:39:37,368: +PARAM [/move_base/TebLocalPlannerROS/feasibility_check_no_poses] by /roslaunch
[rosmaster.master][INFO] 2026-07-19 18:39:37,368: +PARAM [/move_base/TebLocalPlannerROS/max_vel_x] by /roslaunch
[rosmaster.master][INFO] 2026-07-19 18:39:37,368: +PARAM [/move_base/TebLocalPlannerROS/max_vel_x_backwards] by /roslaunch
[rosmaster.master][INFO] 2026-07-19 18:39:37,369: +PARAM [/move_base/TebLocalPlannerROS/max_vel_y] by /roslaunch
[rosmaster.master][INFO] 2026-07-19 18:39:37,369: +PARAM [/move_base/TebLocalPlannerROS/max_vel_theta] by /roslaunch
[rosmaster.master][INFO] 2026-07-19 18:39:37,369: +PARAM [/move_base/TebLocalPlannerROS/acc_lim_x] by /roslaunch
[rosmaster.master][INFO] 2026-07-19 18:39:37,369: +PARAM [/move_base/TebLocalPlannerROS/acc_lim_theta] by /roslaunch
[rosmaster.master][INFO] 2026-07-19 18:39:37,369: +PARAM [/move_base/TebLocalPlannerROS/min_turning_radius] by /roslaunch
[rosmaster.master][INFO] 2026-07-19 18:39:37,369: +PARAM [/move_base/TebLocalPlannerROS/wheelbase] by /roslaunch
[rosmaster.master][INFO] 2026-07-19 18:39:37,369: +PARAM [/move_base/TebLocalPlannerROS/cmd_angle_instead_rotvel] by /roslaunch
[rosmaster.master][INFO] 2026-07-19 18:39:37,369: +PARAM [/move_base/TebLocalPlannerROS/footprint_model/type] by /roslaunch
[rosmaster.master][INFO] 2026-07-19 18:39:37,369: +PARAM [/move_base/TebLocalPlannerROS/footprint_model/vertices] by /roslaunch
[rosmaster.master][INFO] 2026-07-19 18:39:37,369: +PARAM [/move_base/TebLocalPlannerROS/min_obstacle_dist] by /roslaunch
[rosmaster.master][INFO] 2026-07-19 18:39:37,369: +PARAM [/move_base/TebLocalPlannerROS/inflation_dist] by /roslaunch
[rosmaster.master][INFO] 2026-07-19 18:39:37,369: +PARAM [/move_base/TebLocalPlannerROS/include_costmap_obstacles] by /roslaunch
[rosmaster.master][INFO] 2026-07-19 18:39:37,369: +PARAM [/move_base/TebLocalPlannerROS/costmap_obstacles_behind_robot_dist] by /roslaunch
[rosmaster.master][INFO] 2026-07-19 18:39:37,369: +PARAM [/move_base/TebLocalPlannerROS/obstacle_poses_affected] by /roslaunch
[rosmaster.master][INFO] 2026-07-19 18:39:37,369: +PARAM [/move_base/TebLocalPlannerROS/weight_max_vel_x] by /roslaunch
[rosmaster.master][INFO] 2026-07-19 18:39:37,369: +PARAM [/move_base/TebLocalPlannerROS/weight_max_vel_theta] by /roslaunch
[rosmaster.master][INFO] 2026-07-19 18:39:37,369: +PARAM [/move_base/TebLocalPlannerROS/weight_acc_lim_x] by /roslaunch
[rosmaster.master][INFO] 2026-07-19 18:39:37,369: +PARAM [/move_base/TebLocalPlannerROS/weight_acc_lim_theta] by /roslaunch
[rosmaster.master][INFO] 2026-07-19 18:39:37,369: +PARAM [/move_base/TebLocalPlannerROS/weight_kinematics_nh] by /roslaunch
[rosmaster.master][INFO] 2026-07-19 18:39:37,369: +PARAM [/move_base/TebLocalPlannerROS/weight_kinematics_forward_drive] by /roslaunch
[rosmaster.master][INFO] 2026-07-19 18:39:37,369: +PARAM [/move_base/TebLocalPlannerROS/weight_kinematics_turning_radius] by /roslaunch
[rosmaster.master][INFO] 2026-07-19 18:39:37,369: +PARAM [/move_base/TebLocalPlannerROS/weight_optimaltime] by /roslaunch
[rosmaster.master][INFO] 2026-07-19 18:39:37,369: +PARAM [/move_base/TebLocalPlannerROS/weight_obstacle] by /roslaunch
[rosmaster.master][INFO] 2026-07-19 18:39:37,369: +PARAM [/move_base/TebLocalPlannerROS/weight_inflation] by /roslaunch
[rosmaster.master][INFO] 2026-07-19 18:39:37,369: +PARAM [/move_base/TebLocalPlannerROS/weight_viapoint] by /roslaunch
[rosmaster.master][INFO] 2026-07-19 18:39:37,369: +PARAM [/move_base/TebLocalPlannerROS/weight_adapt_factor] by /roslaunch
[rosmaster.master][INFO] 2026-07-19 18:39:37,369: +PARAM [/move_base/TebLocalPlannerROS/enable_homotopy_class_planning] by /roslaunch
[rosmaster.master][INFO] 2026-07-19 18:39:37,369: +PARAM [/move_base/TebLocalPlannerROS/enable_multithreading] by /roslaunch
[rosmaster.master][INFO] 2026-07-19 18:39:37,369: +PARAM [/move_base/TebLocalPlannerROS/max_number_classes] by /roslaunch
[rosmaster.master][INFO] 2026-07-19 18:39:37,369: +PARAM [/move_base/TebLocalPlannerROS/dynamic_obstacle_inflation_dist] by /roslaunch
[rosmaster.master][INFO] 2026-07-19 18:39:37,369: +PARAM [/move_base/TebLocalPlannerROS/weight_dynamic_obstacle] by /roslaunch
[rosmaster.master][INFO] 2026-07-19 18:39:37,369: +PARAM [/move_base/TebLocalPlannerROS/weight_dynamic_obstacle_inflation] by /roslaunch
[rosmaster.master][INFO] 2026-07-19 18:39:37,369: +PARAM [/move_base/TebLocalPlannerROS/weight_velocity_obstacle_ratio] by /roslaunch
[rosmaster.master][INFO] 2026-07-19 18:39:37,369: +PARAM [/move_base/TebLocalPlannerROS/global_plan_viapoint_sep] by /roslaunch
[rosmaster.master][INFO] 2026-07-19 18:39:37,369: +PARAM [/move_base/TebLocalPlannerROS/include_dynamic_obstacles] by /roslaunch
[rosmaster.master][INFO] 2026-07-19 18:39:37,369: +PARAM [/move_base/TebLocalPlannerROS/selection_cost_hysteresis] by /roslaunch
[rosmaster.master][INFO] 2026-07-19 18:39:37,369: +PARAM [/move_base/TebLocalPlannerROS/switching_blocking_period] by /roslaunch
[rosmaster.master][INFO] 2026-07-19 18:39:37,369: +PARAM [/nav_world_model/config] by /roslaunch
[rosmaster.master][INFO] 2026-07-19 18:39:37,370: +PARAM [/nav_world_model/allow_unfrozen_simulation_candidate] by /roslaunch
[rosmaster.master][INFO] 2026-07-19 18:39:37,370: +PARAM [/tracks_to_teb_obstacles/fixed_frame] by /roslaunch
[rosmaster.master][INFO] 2026-07-19 18:39:37,370: +PARAM [/tracks_to_teb_obstacles/minimum_confidence] by /roslaunch
[rosmaster.master][INFO] 2026-07-19 18:39:37,370: +PARAM [/tracks_to_teb_obstacles/input_tracks] by /roslaunch
[rosmaster.master][INFO] 2026-07-19 18:39:37,370: +PARAM [/tracks_to_teb_obstacles/input_health] by /roslaunch
[rosmaster.master][INFO] 2026-07-19 18:39:37,370: +PARAM [/tracks_to_teb_obstacles/input_odometry] by /roslaunch
[rosmaster.master][INFO] 2026-07-19 18:39:37,370: +PARAM [/tracks_to_teb_obstacles/output_obstacles] by /roslaunch
[rosmaster.master][INFO] 2026-07-19 18:39:37,370: +PARAM [/r6_rule_context_supervisor/config] by /roslaunch
[rosmaster.master][INFO] 2026-07-19 18:39:37,370: +PARAM [/r6_rule_context_supervisor/config_sha256] by /roslaunch
[rosmaster.master][INFO] 2026-07-19 18:39:37,370: +PARAM [/r6_rule_context_supervisor/attempt_profile_id] by /roslaunch
[rosmaster.master][INFO] 2026-07-19 18:39:37,370: +PARAM [/r6_rule_context_supervisor/allow_unfrozen_simulation_candidate] by /roslaunch
[rosmaster.master][INFO] 2026-07-19 18:39:37,546: +SERVICE [/rosout/get_loggers] /rosout http://WP:46117/
[rosmaster.master][INFO] 2026-07-19 18:39:37,546: +SERVICE [/rosout/set_logger_level] /rosout http://WP:46117/
[rosmaster.master][INFO] 2026-07-19 18:39:37,553: +SUB [/clock] /rosout http://WP:46117/
[rosmaster.master][INFO] 2026-07-19 18:39:37,553: +PUB [/rosout_agg] /rosout http://WP:46117/
[rosmaster.master][INFO] 2026-07-19 18:39:37,554: +SUB [/rosout] /rosout http://WP:46117/
[rosmaster.master][INFO] 2026-07-19 18:39:37,572: +PUB [/rosout] /m2_robot_state_publisher http://WP:46031/
[rosmaster.master][INFO] 2026-07-19 18:39:37,573: +SERVICE [/m2_robot_state_publisher/get_loggers] /m2_robot_state_publisher http://WP:46031/
[rosmaster.master][INFO] 2026-07-19 18:39:37,573: +SERVICE [/m2_robot_state_publisher/set_logger_level] /m2_robot_state_publisher http://WP:46031/
[rosmaster.master][INFO] 2026-07-19 18:39:37,574: +PUB [/rosout] /move_base http://WP:34297/
[rosmaster.master][INFO] 2026-07-19 18:39:37,575: +SERVICE [/move_base/get_loggers] /move_base http://WP:34297/
[rosmaster.master][INFO] 2026-07-19 18:39:37,576: +SERVICE [/move_base/set_logger_level] /move_base http://WP:34297/
[rosmaster.master][INFO] 2026-07-19 18:39:37,576: +SUB [/clock] /m2_robot_state_publisher http://WP:46031/
[rosmaster.master][INFO] 2026-07-19 18:39:37,578: +SUB [/clock] /move_base http://WP:34297/
[rosmaster.master][INFO] 2026-07-19 18:39:37,590: +SUB [/tf] /move_base http://WP:34297/
[rosmaster.master][INFO] 2026-07-19 18:39:37,591: +PUB [/tf] /m2_robot_state_publisher http://WP:46031/
[rosmaster.master][INFO] 2026-07-19 18:39:37,591: +PUB [/tf_static] /m2_robot_state_publisher http://WP:46031/
[rosmaster.master][INFO] 2026-07-19 18:39:37,592: +SUB [/tf_static] /move_base http://WP:34297/
[rosmaster.master][INFO] 2026-07-19 18:39:37,595: +SUB [/joint_states] /m2_robot_state_publisher http://WP:46031/
[rosmaster.master][INFO] 2026-07-19 18:39:37,633: +PUB [/cmd_vel] /move_base http://WP:34297/
[rosmaster.master][INFO] 2026-07-19 18:39:37,633: +PUB [/move_base/current_goal] /move_base http://WP:34297/
[rosmaster.master][INFO] 2026-07-19 18:39:37,633: +PUB [/move_base/goal] /move_base http://WP:34297/
[rosmaster.master][INFO] 2026-07-19 18:39:37,633: +PUB [/move_base/recovery_status] /move_base http://WP:34297/
[rosmaster.master][INFO] 2026-07-19 18:39:37,634: +SUB [/move_base_simple/goal] /move_base http://WP:34297/
[rosmaster.master][INFO] 2026-07-19 18:39:37,640: publisherUpdate[/rosout] -> http://WP:46117/ ['http://WP:46031/']
[rosmaster.master][INFO] 2026-07-19 18:39:37,643: publisherUpdate[/rosout] -> http://WP:46117/ ['http://WP:46031/']: sec=0.00, result=[1, '', 0]
[rosmaster.master][INFO] 2026-07-19 18:39:37,643: publisherUpdate[/rosout] -> http://WP:46117/ ['http://WP:46031/', 'http://WP:34297/']
[rosmaster.master][INFO] 2026-07-19 18:39:37,644: publisherUpdate[/rosout] -> http://WP:46117/ ['http://WP:46031/', 'http://WP:34297/']: sec=0.00, result=[1, '', 0]
[rosmaster.master][INFO] 2026-07-19 18:39:37,644: publisherUpdate[/tf] -> http://WP:34297/ ['http://WP:46031/']
[rosmaster.master][INFO] 2026-07-19 18:39:37,644: publisherUpdate[/tf] -> http://WP:34297/ ['http://WP:46031/']: sec=0.00, result=[1, '', 0]
[rosmaster.master][INFO] 2026-07-19 18:39:37,783: +PUB [/rosout] /r6_rule_context_supervisor http://WP:42267/
[rosmaster.master][INFO] 2026-07-19 18:39:37,786: +SUB [/clock] /r6_rule_context_supervisor http://WP:42267/
[rosmaster.master][INFO] 2026-07-19 18:39:37,788: +SERVICE [/r6_rule_context_supervisor/get_loggers] /r6_rule_context_supervisor http://WP:42267/
[rosmaster.master][INFO] 2026-07-19 18:39:37,789: +SERVICE [/r6_rule_context_supervisor/set_logger_level] /r6_rule_context_supervisor http://WP:42267/
[rosmaster.master][INFO] 2026-07-19 18:39:37,800: +PUB [/teb_mode_manager/context] /r6_rule_context_supervisor http://WP:42267/
[rosmaster.master][INFO] 2026-07-19 18:39:37,801: +PUB [/teb_mode_manager/transition] /r6_rule_context_supervisor http://WP:42267/
[rosmaster.master][INFO] 2026-07-19 18:39:37,801: +SUB [/nav_world_model/local_geometry] /r6_rule_context_supervisor http://WP:42267/
[rosmaster.master][INFO] 2026-07-19 18:39:37,802: +SUB [/nav_world_model/tracks] /r6_rule_context_supervisor http://WP:42267/
[rosmaster.master][INFO] 2026-07-19 18:39:37,803: +SUB [/nav_world_model/health] /r6_rule_context_supervisor http://WP:42267/
[rosmaster.master][INFO] 2026-07-19 18:39:37,823: +PUB [/rosout] /v2_scan_transport http://WP:43295/
[rosmaster.master][INFO] 2026-07-19 18:39:37,827: +SUB [/clock] /v2_scan_transport http://WP:43295/
[rosmaster.master][INFO] 2026-07-19 18:39:37,829: +SERVICE [/v2_scan_transport/get_loggers] /v2_scan_transport http://WP:43295/
[rosmaster.master][INFO] 2026-07-19 18:39:37,830: +SERVICE [/v2_scan_transport/set_logger_level] /v2_scan_transport http://WP:43295/
[rosmaster.master][INFO] 2026-07-19 18:39:37,836: +PUB [/scan] /v2_scan_transport http://WP:43295/
[rosmaster.master][INFO] 2026-07-19 18:39:37,838: +SUB [/v2/scan_raw] /v2_scan_transport http://WP:43295/
[rosmaster.master][INFO] 2026-07-19 18:39:37,845: publisherUpdate[/rosout] -> http://WP:46117/ ['http://WP:46031/', 'http://WP:34297/', 'http://WP:42267/']
[rosmaster.master][INFO] 2026-07-19 18:39:37,848: publisherUpdate[/rosout] -> http://WP:46117/ ['http://WP:46031/', 'http://WP:34297/', 'http://WP:42267/']: sec=0.00, result=[1, '', 0]
[rosmaster.master][INFO] 2026-07-19 18:39:37,848: publisherUpdate[/rosout] -> http://WP:46117/ ['http://WP:46031/', 'http://WP:34297/', 'http://WP:42267/', 'http://WP:43295/']
[rosmaster.master][INFO] 2026-07-19 18:39:37,849: publisherUpdate[/rosout] -> http://WP:46117/ ['http://WP:46031/', 'http://WP:34297/', 'http://WP:42267/', 'http://WP:43295/']: sec=0.00, result=[1, '', 0]
[rosmaster.master][INFO] 2026-07-19 18:39:37,861: +PUB [/rosout] /tracks_to_teb_obstacles http://WP:39185/
[rosmaster.master][INFO] 2026-07-19 18:39:37,862: +PUB [/rosout] /spawn_m2 http://WP:37175/
[rosmaster.master][INFO] 2026-07-19 18:39:37,864: +PUB [/rosout] /nav_world_model http://WP:35061/
[rosmaster.master][INFO] 2026-07-19 18:39:37,866: +SUB [/clock] /tracks_to_teb_obstacles http://WP:39185/
[rosmaster.master][INFO] 2026-07-19 18:39:37,867: +SUB [/clock] /spawn_m2 http://WP:37175/
[rosmaster.master][INFO] 2026-07-19 18:39:37,868: +SUB [/clock] /nav_world_model http://WP:35061/
[rosmaster.master][INFO] 2026-07-19 18:39:37,869: +SERVICE [/tracks_to_teb_obstacles/get_loggers] /tracks_to_teb_obstacles http://WP:39185/
[rosmaster.master][INFO] 2026-07-19 18:39:37,869: +SERVICE [/spawn_m2/get_loggers] /spawn_m2 http://WP:37175/
[rosmaster.master][INFO] 2026-07-19 18:39:37,870: +SERVICE [/nav_world_model/get_loggers] /nav_world_model http://WP:35061/
[rosmaster.master][INFO] 2026-07-19 18:39:37,871: +SERVICE [/tracks_to_teb_obstacles/set_logger_level] /tracks_to_teb_obstacles http://WP:39185/
[rosmaster.master][INFO] 2026-07-19 18:39:37,871: +SERVICE [/spawn_m2/set_logger_level] /spawn_m2 http://WP:37175/
[rosmaster.master][INFO] 2026-07-19 18:39:37,872: +SERVICE [/nav_world_model/set_logger_level] /nav_world_model http://WP:35061/
[rosmaster.master][INFO] 2026-07-19 18:39:37,873: +CACHEDPARAM [/rosout_disable_topics_generation] by /spawn_m2
[rosmaster.master][INFO] 2026-07-19 18:39:37,877: +PUB [/move_base/TebLocalPlannerROS/obstacles] /tracks_to_teb_obstacles http://WP:39185/
[rosmaster.master][INFO] 2026-07-19 18:39:37,879: +SUB [/odom] /tracks_to_teb_obstacles http://WP:39185/
[rosmaster.master][INFO] 2026-07-19 18:39:37,880: +SUB [/nav_world_model/health] /tracks_to_teb_obstacles http://WP:39185/
[rosmaster.master][INFO] 2026-07-19 18:39:37,881: +SUB [/nav_world_model/tracks] /tracks_to_teb_obstacles http://WP:39185/
[rosmaster.master][INFO] 2026-07-19 18:39:37,885: +SERVICE [/nav_world_model/tf2_frames] /nav_world_model http://WP:35061/
[rosmaster.master][INFO] 2026-07-19 18:39:37,887: +SUB [/tf] /nav_world_model http://WP:35061/
[rosmaster.master][INFO] 2026-07-19 18:39:37,889: +SUB [/tf_static] /nav_world_model http://WP:35061/
[rosmaster.master][INFO] 2026-07-19 18:39:37,890: +PUB [/nav_world_model/local_geometry] /nav_world_model http://WP:35061/
[rosmaster.master][INFO] 2026-07-19 18:39:37,891: +PUB [/nav_world_model/tracks] /nav_world_model http://WP:35061/
[rosmaster.master][INFO] 2026-07-19 18:39:37,893: +PUB [/nav_world_model/health] /nav_world_model http://WP:35061/
[rosmaster.master][INFO] 2026-07-19 18:39:37,895: +SUB [/odom] /nav_world_model http://WP:35061/
[rosmaster.master][INFO] 2026-07-19 18:39:37,897: +SUB [/move_base/NavfnROS/plan] /nav_world_model http://WP:35061/
[rosmaster.master][INFO] 2026-07-19 18:39:37,899: +SUB [/move_base/local_costmap/costmap] /nav_world_model http://WP:35061/
[rosmaster.master][INFO] 2026-07-19 18:39:37,902: +SUB [/scan] /nav_world_model http://WP:35061/
[rosmaster.master][INFO] 2026-07-19 18:39:37,903: +CACHEDPARAM [/rosout_disable_topics_generation] by /spawn_m2
[rosmaster.master][INFO] 2026-07-19 18:39:37,949: publisherUpdate[/rosout] -> http://WP:46117/ ['http://WP:46031/', 'http://WP:34297/', 'http://WP:42267/', 'http://WP:43295/', 'http://WP:39185/']
[rosmaster.master][INFO] 2026-07-19 18:39:37,949: publisherUpdate[/nav_world_model/local_geometry] -> http://WP:42267/ ['http://WP:35061/']
[rosmaster.master][INFO] 2026-07-19 18:39:37,950: publisherUpdate[/nav_world_model/tracks] -> http://WP:39185/ ['http://WP:35061/']
[rosmaster.master][INFO] 2026-07-19 18:39:37,951: publisherUpdate[/rosout] -> http://WP:46117/ ['http://WP:46031/', 'http://WP:34297/', 'http://WP:42267/', 'http://WP:43295/', 'http://WP:39185/']: sec=0.00, result=[1, '', 0]
[rosmaster.master][INFO] 2026-07-19 18:39:37,951: publisherUpdate[/rosout] -> http://WP:46117/ ['http://WP:46031/', 'http://WP:34297/', 'http://WP:42267/', 'http://WP:43295/', 'http://WP:39185/', 'http://WP:37175/']
[rosmaster.master][INFO] 2026-07-19 18:39:37,952: publisherUpdate[/nav_world_model/local_geometry] -> http://WP:42267/ ['http://WP:35061/']: sec=0.00, result=[1, '', 0]
[rosmaster.master][INFO] 2026-07-19 18:39:37,952: publisherUpdate[/nav_world_model/tracks] -> http://WP:42267/ ['http://WP:35061/']
[rosmaster.master][INFO] 2026-07-19 18:39:37,953: publisherUpdate[/rosout] -> http://WP:46117/ ['http://WP:46031/', 'http://WP:34297/', 'http://WP:42267/', 'http://WP:43295/', 'http://WP:39185/', 'http://WP:37175/']: sec=0.00, result=[1, '', 0]
[rosmaster.master][INFO] 2026-07-19 18:39:37,953: publisherUpdate[/nav_world_model/tracks] -> http://WP:42267/ ['http://WP:35061/']: sec=0.00, result=[1, '', 0]
[rosmaster.master][INFO] 2026-07-19 18:39:37,953: publisherUpdate[/nav_world_model/health] -> http://WP:42267/ ['http://WP:35061/']
[rosmaster.master][INFO] 2026-07-19 18:39:37,953: publisherUpdate[/nav_world_model/tracks] -> http://WP:39185/ ['http://WP:35061/']: sec=0.00, result=[1, '', 0]
[rosmaster.master][INFO] 2026-07-19 18:39:37,954: publisherUpdate[/nav_world_model/health] -> http://WP:39185/ ['http://WP:35061/']
[rosmaster.master][INFO] 2026-07-19 18:39:37,953: publisherUpdate[/rosout] -> http://WP:46117/ ['http://WP:46031/', 'http://WP:34297/', 'http://WP:42267/', 'http://WP:43295/', 'http://WP:39185/', 'http://WP:37175/', 'http://WP:35061/']
[rosmaster.master][INFO] 2026-07-19 18:39:37,954: publisherUpdate[/nav_world_model/health] -> http://WP:42267/ ['http://WP:35061/']: sec=0.00, result=[1, '', 0]
[rosmaster.master][INFO] 2026-07-19 18:39:37,955: publisherUpdate[/nav_world_model/health] -> http://WP:39185/ ['http://WP:35061/']: sec=0.00, result=[1, '', 0]
[rosmaster.master][INFO] 2026-07-19 18:39:37,955: publisherUpdate[/rosout] -> http://WP:46117/ ['http://WP:46031/', 'http://WP:34297/', 'http://WP:42267/', 'http://WP:43295/', 'http://WP:39185/', 'http://WP:37175/', 'http://WP:35061/']: sec=0.00, result=[1, '', 0]
[rosmaster.master][INFO] 2026-07-19 18:39:38,159: +CACHEDPARAM [/rosout/omit_topics] by /rosout
[rosmaster.master][INFO] 2026-07-19 18:39:38,577: +PUB [/rosout] /gazebo http://WP:44255/
[rosmaster.master][INFO] 2026-07-19 18:39:38,577: +SERVICE [/gazebo/get_loggers] /gazebo http://WP:44255/
[rosmaster.master][INFO] 2026-07-19 18:39:38,578: +SERVICE [/gazebo/set_logger_level] /gazebo http://WP:44255/
[rosmaster.master][INFO] 2026-07-19 18:39:38,579: +SUB [/clock] /gazebo http://WP:44255/
[rosmaster.master][INFO] 2026-07-19 18:39:38,581: +CACHEDPARAM [/rosout_disable_topics_generation] by /gazebo
[rosmaster.master][INFO] 2026-07-19 18:39:38,655: publisherUpdate[/rosout] -> http://WP:46117/ ['http://WP:46031/', 'http://WP:34297/', 'http://WP:42267/', 'http://WP:43295/', 'http://WP:39185/', 'http://WP:37175/', 'http://WP:35061/', 'http://WP:44255/']
[rosmaster.master][INFO] 2026-07-19 18:39:38,656: publisherUpdate[/rosout] -> http://WP:46117/ ['http://WP:46031/', 'http://WP:34297/', 'http://WP:42267/', 'http://WP:43295/', 'http://WP:39185/', 'http://WP:37175/', 'http://WP:35061/', 'http://WP:44255/']: sec=0.00, result=[1, '', 0]
[rosmaster.master][INFO] 2026-07-19 18:39:39,212: +PUB [/clock] /gazebo http://WP:44255/
[rosmaster.master][INFO] 2026-07-19 18:39:39,212: +SERVICE [/gazebo/spawn_sdf_model] /gazebo http://WP:44255/
[rosmaster.master][INFO] 2026-07-19 18:39:39,217: +SERVICE [/gazebo/spawn_urdf_model] /gazebo http://WP:44255/
[rosmaster.master][INFO] 2026-07-19 18:39:39,217: +SERVICE [/gazebo/delete_model] /gazebo http://WP:44255/
[rosmaster.master][INFO] 2026-07-19 18:39:39,217: +SERVICE [/gazebo/delete_light] /gazebo http://WP:44255/
[rosmaster.master][INFO] 2026-07-19 18:39:39,217: +SERVICE [/gazebo/get_model_properties] /gazebo http://WP:44255/
[rosmaster.master][INFO] 2026-07-19 18:39:39,217: +SERVICE [/gazebo/get_model_state] /gazebo http://WP:44255/
[rosmaster.master][INFO] 2026-07-19 18:39:39,218: +SERVICE [/gazebo/get_world_properties] /gazebo http://WP:44255/
[rosmaster.master][INFO] 2026-07-19 18:39:39,218: +SERVICE [/gazebo/get_joint_properties] /gazebo http://WP:44255/
[rosmaster.master][INFO] 2026-07-19 18:39:39,218: +SERVICE [/gazebo/get_link_properties] /gazebo http://WP:44255/
[rosmaster.master][INFO] 2026-07-19 18:39:39,218: +SERVICE [/gazebo/get_link_state] /gazebo http://WP:44255/
[rosmaster.master][INFO] 2026-07-19 18:39:39,218: +SERVICE [/gazebo/get_light_properties] /gazebo http://WP:44255/
[rosmaster.master][INFO] 2026-07-19 18:39:39,218: +SERVICE [/gazebo/set_light_properties] /gazebo http://WP:44255/
[rosmaster.master][INFO] 2026-07-19 18:39:39,218: +SERVICE [/gazebo/get_physics_properties] /gazebo http://WP:44255/
[rosmaster.master][INFO] 2026-07-19 18:39:39,219: +PUB [/gazebo/link_states] /gazebo http://WP:44255/
[rosmaster.master][INFO] 2026-07-19 18:39:39,219: +PUB [/gazebo/model_states] /gazebo http://WP:44255/
[rosmaster.master][INFO] 2026-07-19 18:39:39,219: +PUB [/gazebo/performance_metrics] /gazebo http://WP:44255/
[rosmaster.master][INFO] 2026-07-19 18:39:39,219: +SERVICE [/gazebo/set_link_properties] /gazebo http://WP:44255/
[rosmaster.master][INFO] 2026-07-19 18:39:39,219: +SERVICE [/gazebo/set_physics_properties] /gazebo http://WP:44255/
[rosmaster.master][INFO] 2026-07-19 18:39:39,219: +SERVICE [/gazebo/set_model_state] /gazebo http://WP:44255/
[rosmaster.master][INFO] 2026-07-19 18:39:39,219: +SERVICE [/gazebo/set_model_configuration] /gazebo http://WP:44255/
[rosmaster.master][INFO] 2026-07-19 18:39:39,220: +SERVICE [/gazebo/set_joint_properties] /gazebo http://WP:44255/
[rosmaster.master][INFO] 2026-07-19 18:39:39,220: +SERVICE [/gazebo/set_link_state] /gazebo http://WP:44255/
[rosmaster.master][INFO] 2026-07-19 18:39:39,220: +SUB [/gazebo/set_link_state] /gazebo http://WP:44255/
[rosmaster.master][INFO] 2026-07-19 18:39:39,221: +SUB [/gazebo/set_model_state] /gazebo http://WP:44255/
[rosmaster.master][INFO] 2026-07-19 18:39:39,221: +SERVICE [/gazebo/pause_physics] /gazebo http://WP:44255/
[rosmaster.master][INFO] 2026-07-19 18:39:39,221: +SERVICE [/gazebo/unpause_physics] /gazebo http://WP:44255/
[rosmaster.master][INFO] 2026-07-19 18:39:39,221: +SERVICE [/gazebo/apply_body_wrench] /gazebo http://WP:44255/
[rosmaster.master][INFO] 2026-07-19 18:39:39,221: +SERVICE [/gazebo/apply_joint_effort] /gazebo http://WP:44255/
[rosmaster.master][INFO] 2026-07-19 18:39:39,222: +SERVICE [/gazebo/clear_joint_forces] /gazebo http://WP:44255/
[rosmaster.master][INFO] 2026-07-19 18:39:39,222: +SERVICE [/gazebo/clear_body_wrenches] /gazebo http://WP:44255/
[rosmaster.master][INFO] 2026-07-19 18:39:39,222: +SERVICE [/gazebo/reset_simulation] /gazebo http://WP:44255/
[rosmaster.master][INFO] 2026-07-19 18:39:39,222: +SERVICE [/gazebo/reset_world] /gazebo http://WP:44255/
[rosmaster.master][INFO] 2026-07-19 18:39:39,238: +SERVICE [/gazebo/set_parameters] /gazebo http://WP:44255/
[rosmaster.master][INFO] 2026-07-19 18:39:39,238: +PUB [/gazebo/parameter_descriptions] /gazebo http://WP:44255/
[rosmaster.master][INFO] 2026-07-19 18:39:39,239: +PUB [/gazebo/parameter_updates] /gazebo http://WP:44255/
[rosmaster.master][INFO] 2026-07-19 18:39:39,241: +PARAM [/gazebo/time_step] by /gazebo
[rosmaster.master][INFO] 2026-07-19 18:39:39,242: +PARAM [/gazebo/max_update_rate] by /gazebo
[rosmaster.master][INFO] 2026-07-19 18:39:39,242: +PARAM [/gazebo/gravity_x] by /gazebo
[rosmaster.master][INFO] 2026-07-19 18:39:39,242: +PARAM [/gazebo/gravity_y] by /gazebo
[rosmaster.master][INFO] 2026-07-19 18:39:39,242: +PARAM [/gazebo/gravity_z] by /gazebo
[rosmaster.master][INFO] 2026-07-19 18:39:39,242: +PARAM [/gazebo/auto_disable_bodies] by /gazebo
[rosmaster.master][INFO] 2026-07-19 18:39:39,242: +PARAM [/gazebo/sor_pgs_precon_iters] by /gazebo
[rosmaster.master][INFO] 2026-07-19 18:39:39,242: +PARAM [/gazebo/sor_pgs_iters] by /gazebo
[rosmaster.master][INFO] 2026-07-19 18:39:39,242: +PARAM [/gazebo/sor_pgs_w] by /gazebo
[rosmaster.master][INFO] 2026-07-19 18:39:39,243: +PARAM [/gazebo/sor_pgs_rms_error_tol] by /gazebo
[rosmaster.master][INFO] 2026-07-19 18:39:39,243: +PARAM [/gazebo/cfm] by /gazebo
[rosmaster.master][INFO] 2026-07-19 18:39:39,243: +PARAM [/gazebo/erp] by /gazebo
[rosmaster.master][INFO] 2026-07-19 18:39:39,243: +PARAM [/gazebo/contact_surface_layer] by /gazebo
[rosmaster.master][INFO] 2026-07-19 18:39:39,243: +PARAM [/gazebo/contact_max_correcting_vel] by /gazebo
[rosmaster.master][INFO] 2026-07-19 18:39:39,243: +PARAM [/gazebo/max_contacts] by /gazebo
[rosmaster.master][INFO] 2026-07-19 18:39:39,256: publisherUpdate[/clock] -> http://WP:46117/ ['http://WP:44255/']
[rosmaster.master][INFO] 2026-07-19 18:39:39,257: publisherUpdate[/clock] -> http://WP:46031/ ['http://WP:44255/']
[rosmaster.master][INFO] 2026-07-19 18:39:39,257: publisherUpdate[/clock] -> http://WP:46117/ ['http://WP:44255/']: sec=0.00, result=[1, '', 0]
[rosmaster.master][INFO] 2026-07-19 18:39:39,257: publisherUpdate[/clock] -> http://WP:34297/ ['http://WP:44255/']
[rosmaster.master][INFO] 2026-07-19 18:39:39,257: publisherUpdate[/clock] -> http://WP:42267/ ['http://WP:44255/']
[rosmaster.master][INFO] 2026-07-19 18:39:39,258: publisherUpdate[/clock] -> http://WP:34297/ ['http://WP:44255/']: sec=0.00, result=[1, '', 0]
[rosmaster.master][INFO] 2026-07-19 18:39:39,258: publisherUpdate[/clock] -> http://WP:43295/ ['http://WP:44255/']
[rosmaster.master][INFO] 2026-07-19 18:39:39,258: publisherUpdate[/clock] -> http://WP:46031/ ['http://WP:44255/']: sec=0.00, result=[1, '', 0]
[rosmaster.master][INFO] 2026-07-19 18:39:39,258: publisherUpdate[/clock] -> http://WP:39185/ ['http://WP:44255/']
[rosmaster.master][INFO] 2026-07-19 18:39:39,258: publisherUpdate[/clock] -> http://WP:42267/ ['http://WP:44255/']: sec=0.00, result=[1, '', 0]
[rosmaster.master][INFO] 2026-07-19 18:39:39,258: publisherUpdate[/clock] -> http://WP:37175/ ['http://WP:44255/']
[rosmaster.master][INFO] 2026-07-19 18:39:39,259: publisherUpdate[/clock] -> http://WP:43295/ ['http://WP:44255/']: sec=0.00, result=[1, '', 0]
[rosmaster.master][INFO] 2026-07-19 18:39:39,259: publisherUpdate[/clock] -> http://WP:35061/ ['http://WP:44255/']
[rosmaster.master][INFO] 2026-07-19 18:39:39,259: publisherUpdate[/clock] -> http://WP:39185/ ['http://WP:44255/']: sec=0.00, result=[1, '', 0]
[rosmaster.master][INFO] 2026-07-19 18:39:39,259: publisherUpdate[/clock] -> http://WP:37175/ ['http://WP:44255/']: sec=0.00, result=[1, '', 0]
[rosmaster.master][INFO] 2026-07-19 18:39:39,259: publisherUpdate[/clock] -> http://WP:44255/ ['http://WP:44255/']
[rosmaster.master][INFO] 2026-07-19 18:39:39,260: publisherUpdate[/clock] -> http://WP:35061/ ['http://WP:44255/']: sec=0.00, result=[1, '', 0]
[rosmaster.master][INFO] 2026-07-19 18:39:39,266: +PARAM [/gazebo/time_step] by /gazebo
[rosmaster.master][INFO] 2026-07-19 18:39:39,267: +PARAM [/gazebo/max_update_rate] by /gazebo
[rosmaster.master][INFO] 2026-07-19 18:39:39,267: +PARAM [/gazebo/gravity_x] by /gazebo
[rosmaster.master][INFO] 2026-07-19 18:39:39,268: +PARAM [/gazebo/gravity_y] by /gazebo
[rosmaster.master][INFO] 2026-07-19 18:39:39,268: +PARAM [/gazebo/gravity_z] by /gazebo
[rosmaster.master][INFO] 2026-07-19 18:39:39,268: +PARAM [/gazebo/auto_disable_bodies] by /gazebo
[rosmaster.master][INFO] 2026-07-19 18:39:39,268: +PARAM [/gazebo/sor_pgs_precon_iters] by /gazebo
[rosmaster.master][INFO] 2026-07-19 18:39:39,268: +PARAM [/gazebo/sor_pgs_iters] by /gazebo
[rosmaster.master][INFO] 2026-07-19 18:39:39,269: +PARAM [/gazebo/sor_pgs_w] by /gazebo
[rosmaster.master][INFO] 2026-07-19 18:39:39,269: +PARAM [/gazebo/sor_pgs_rms_error_tol] by /gazebo
[rosmaster.master][INFO] 2026-07-19 18:39:39,269: +PARAM [/gazebo/cfm] by /gazebo
[rosmaster.master][INFO] 2026-07-19 18:39:39,269: +PARAM [/gazebo/erp] by /gazebo
[rosmaster.master][INFO] 2026-07-19 18:39:39,269: +PARAM [/gazebo/contact_surface_layer] by /gazebo
[rosmaster.master][INFO] 2026-07-19 18:39:39,269: +PARAM [/gazebo/contact_max_correcting_vel] by /gazebo
[rosmaster.master][INFO] 2026-07-19 18:39:39,270: +PARAM [/gazebo/max_contacts] by /gazebo
[rosmaster.master][INFO] 2026-07-19 18:39:39,413: +CACHEDPARAM [/rosout_disable_topics_generation] by /spawn_m2
[rosmaster.master][INFO] 2026-07-19 18:39:39,669: +PUB [/m2_gazebo/contacts] /gazebo http://WP:44255/
[rosmaster.master][INFO] 2026-07-19 18:39:39,675: +PUB [/imu/data] /gazebo http://WP:44255/
[rosmaster.master][INFO] 2026-07-19 18:39:39,788: +CACHEDPARAM [/rosout_disable_topics_generation] by /spawn_m2
[rosmaster.master][INFO] 2026-07-19 18:39:39,789: -SUB [/clock] /spawn_m2 http://WP:37175/
[rosmaster.master][INFO] 2026-07-19 18:39:39,789: -PUB [/rosout] /spawn_m2 http://WP:37175/
[rosmaster.master][INFO] 2026-07-19 18:39:39,789: -SERVICE [/spawn_m2/get_loggers] /spawn_m2 rosrpc://WP:46295
[rosmaster.master][INFO] 2026-07-19 18:39:39,789: -SERVICE [/spawn_m2/set_logger_level] /spawn_m2 rosrpc://WP:46295
[rosmaster.master][ERROR] 2026-07-19 18:39:39,804: Traceback (most recent call last):
  File "/opt/ros/noetic/lib/python3/dist-packages/rosmaster/master_api.py", line 177, in validated_f
    code, msg, val = f(*newArgs, **kwds)
  File "/opt/ros/noetic/lib/python3/dist-packages/rosmaster/master_api.py", line 435, in searchParam
    search_key = self.param_server.search_param(caller_id, key)
  File "/opt/ros/noetic/lib/python3/dist-packages/rosmaster/paramserver.py", line 116, in search_param
    raise ValueError("namespace must be global")
ValueError: namespace must be global

[rosmaster.master][INFO] 2026-07-19 18:39:39,805: +PUB [/v2/scan_raw] /gazebo http://WP:44255/
[rosmaster.master][INFO] 2026-07-19 18:39:39,861: publisherUpdate[/rosout] -> http://WP:46117/ ['http://WP:46031/', 'http://WP:34297/', 'http://WP:42267/', 'http://WP:43295/', 'http://WP:39185/', 'http://WP:35061/', 'http://WP:44255/']
[rosmaster.master][INFO] 2026-07-19 18:39:39,861: publisherUpdate[/v2/scan_raw] -> http://WP:43295/ ['http://WP:44255/']
[rosmaster.master][INFO] 2026-07-19 18:39:39,862: publisherUpdate[/rosout] -> http://WP:46117/ ['http://WP:46031/', 'http://WP:34297/', 'http://WP:42267/', 'http://WP:43295/', 'http://WP:39185/', 'http://WP:35061/', 'http://WP:44255/']: sec=0.00, result=[1, '', 0]
[rosmaster.master][INFO] 2026-07-19 18:39:39,863: publisherUpdate[/v2/scan_raw] -> http://WP:43295/ ['http://WP:44255/']: sec=0.00, result=[1, '', 0]
[rosmaster.master][INFO] 2026-07-19 18:39:39,902: +PUB [/tf] /gazebo http://WP:44255/
[rosmaster.master][INFO] 2026-07-19 18:39:39,905: +SUB [/cmd_vel] /gazebo http://WP:44255/
[rosmaster.master][INFO] 2026-07-19 18:39:39,907: +SUB [/ackerman_vel] /gazebo http://WP:44255/
[rosmaster.master][INFO] 2026-07-19 18:39:39,910: +SUB [/m2_driver/brake_set] /gazebo http://WP:44255/
[rosmaster.master][INFO] 2026-07-19 18:39:39,911: +SUB [/m2_driver/emergency_stop] /gazebo http://WP:44255/
[rosmaster.master][INFO] 2026-07-19 18:39:39,912: +SUB [/m2_driver/reset_odom] /gazebo http://WP:44255/
[rosmaster.master][INFO] 2026-07-19 18:39:39,913: +SUB [/m2_driver/steer_center_bias] /gazebo http://WP:44255/
[rosmaster.master][INFO] 2026-07-19 18:39:39,913: +PUB [/odom] /gazebo http://WP:44255/
[rosmaster.master][INFO] 2026-07-19 18:39:39,914: +PUB [/joint_states] /gazebo http://WP:44255/
[rosmaster.master][INFO] 2026-07-19 18:39:39,914: +PUB [/m2_driver/wheel_angle] /gazebo http://WP:44255/
[rosmaster.master][INFO] 2026-07-19 18:39:39,914: +PUB [/m2_driver/left_wheel_vel] /gazebo http://WP:44255/
[rosmaster.master][INFO] 2026-07-19 18:39:39,914: +PUB [/m2_driver/right_wheel_vel] /gazebo http://WP:44255/
[rosmaster.master][INFO] 2026-07-19 18:39:39,915: +PUB [/m2_driver/control_timeout] /gazebo http://WP:44255/
[rosmaster.master][INFO] 2026-07-19 18:39:39,915: +PUB [/m2_driver/applied_speed] /gazebo http://WP:44255/
[rosmaster.master][INFO] 2026-07-19 18:39:39,915: +PUB [/m2_driver/command_activation_latency] /gazebo http://WP:44255/
[rosmaster.master][INFO] 2026-07-19 18:39:39,915: +SERVICE [/m2_driver/chassis_parameter] /gazebo http://WP:44255/
[rosmaster.master][INFO] 2026-07-19 18:39:39,963: publisherUpdate[/tf] -> http://WP:34297/ ['http://WP:46031/', 'http://WP:44255/']
[rosmaster.master][INFO] 2026-07-19 18:39:39,963: publisherUpdate[/tf] -> http://WP:35061/ ['http://WP:46031/', 'http://WP:44255/']
[rosmaster.master][INFO] 2026-07-19 18:39:39,965: publisherUpdate[/tf] -> http://WP:34297/ ['http://WP:46031/', 'http://WP:44255/']: sec=0.00, result=[1, '', 0]
[rosmaster.master][INFO] 2026-07-19 18:39:39,965: publisherUpdate[/odom] -> http://WP:39185/ ['http://WP:44255/']
[rosmaster.master][INFO] 2026-07-19 18:39:39,966: publisherUpdate[/tf] -> http://WP:35061/ ['http://WP:46031/', 'http://WP:44255/']: sec=0.00, result=[1, '', 0]
[rosmaster.master][INFO] 2026-07-19 18:39:39,966: publisherUpdate[/odom] -> http://WP:35061/ ['http://WP:44255/']
[rosmaster.master][INFO] 2026-07-19 18:39:39,967: publisherUpdate[/odom] -> http://WP:39185/ ['http://WP:44255/']: sec=0.00, result=[1, '', 0]
[rosmaster.master][INFO] 2026-07-19 18:39:39,967: publisherUpdate[/joint_states] -> http://WP:46031/ ['http://WP:44255/']
[rosmaster.master][INFO] 2026-07-19 18:39:39,968: publisherUpdate[/joint_states] -> http://WP:46031/ ['http://WP:44255/']: sec=0.00, result=[1, '', 0]
[rosmaster.master][INFO] 2026-07-19 18:39:39,969: publisherUpdate[/odom] -> http://WP:35061/ ['http://WP:44255/']: sec=0.00, result=[1, '', 0]
[rosmaster.master][INFO] 2026-07-19 18:39:40,267: publisherUpdate[/clock] -> http://WP:44255/ ['http://WP:44255/']: sec=1.01, result=[1, '', 0]
[rosmaster.master][INFO] 2026-07-19 18:40:21,494: -SUB [/clock] /r6_rule_context_supervisor http://WP:42267/
[rosmaster.master][INFO] 2026-07-19 18:40:21,495: -SUB [/clock] /tracks_to_teb_obstacles http://WP:39185/
[rosmaster.master][INFO] 2026-07-19 18:40:21,495: -SUB [/nav_world_model/local_geometry] /r6_rule_context_supervisor http://WP:42267/
[rosmaster.master][INFO] 2026-07-19 18:40:21,495: -SUB [/odom] /tracks_to_teb_obstacles http://WP:39185/
[rosmaster.master][INFO] 2026-07-19 18:40:21,495: -SUB [/nav_world_model/tracks] /r6_rule_context_supervisor http://WP:42267/
[rosmaster.master][INFO] 2026-07-19 18:40:21,496: -SUB [/nav_world_model/health] /tracks_to_teb_obstacles http://WP:39185/
[rosmaster.master][INFO] 2026-07-19 18:40:21,496: -SUB [/nav_world_model/health] /r6_rule_context_supervisor http://WP:42267/
[rosmaster.master][INFO] 2026-07-19 18:40:21,496: -SUB [/nav_world_model/tracks] /tracks_to_teb_obstacles http://WP:39185/
[rosmaster.master][INFO] 2026-07-19 18:40:21,496: -PUB [/rosout] /r6_rule_context_supervisor http://WP:42267/
[rosmaster.master][INFO] 2026-07-19 18:40:21,497: -PUB [/rosout] /tracks_to_teb_obstacles http://WP:39185/
[rosmaster.master][INFO] 2026-07-19 18:40:21,497: -PUB [/teb_mode_manager/context] /r6_rule_context_supervisor http://WP:42267/
[rosmaster.master][INFO] 2026-07-19 18:40:21,497: -PUB [/move_base/TebLocalPlannerROS/obstacles] /tracks_to_teb_obstacles http://WP:39185/
[rosmaster.master][INFO] 2026-07-19 18:40:21,497: -PUB [/teb_mode_manager/transition] /r6_rule_context_supervisor http://WP:42267/
[rosmaster.master][INFO] 2026-07-19 18:40:21,497: -SERVICE [/tracks_to_teb_obstacles/get_loggers] /tracks_to_teb_obstacles rosrpc://WP:33971
[rosmaster.master][INFO] 2026-07-19 18:40:21,497: -SERVICE [/r6_rule_context_supervisor/get_loggers] /r6_rule_context_supervisor rosrpc://WP:43873
[rosmaster.master][INFO] 2026-07-19 18:40:21,498: -SERVICE [/tracks_to_teb_obstacles/set_logger_level] /tracks_to_teb_obstacles rosrpc://WP:33971
[rosmaster.master][INFO] 2026-07-19 18:40:21,499: -SERVICE [/r6_rule_context_supervisor/set_logger_level] /r6_rule_context_supervisor rosrpc://WP:43873
[rosmaster.master][INFO] 2026-07-19 18:40:21,499: -SUB [/clock] /nav_world_model http://WP:35061/
[rosmaster.master][INFO] 2026-07-19 18:40:21,499: -SUB [/clock] /v2_scan_transport http://WP:43295/
[rosmaster.master][INFO] 2026-07-19 18:40:21,499: -SUB [/tf] /nav_world_model http://WP:35061/
[rosmaster.master][INFO] 2026-07-19 18:40:21,500: -SUB [/v2/scan_raw] /v2_scan_transport http://WP:43295/
[rosmaster.master][INFO] 2026-07-19 18:40:21,500: -SUB [/tf_static] /nav_world_model http://WP:35061/
[rosmaster.master][INFO] 2026-07-19 18:40:21,500: -PUB [/rosout] /v2_scan_transport http://WP:43295/
[rosmaster.master][INFO] 2026-07-19 18:40:21,500: -SUB [/odom] /nav_world_model http://WP:35061/
[rosmaster.master][INFO] 2026-07-19 18:40:21,500: -PUB [/scan] /v2_scan_transport http://WP:43295/
[rosmaster.master][INFO] 2026-07-19 18:40:21,500: -SUB [/move_base/NavfnROS/plan] /nav_world_model http://WP:35061/
[rosmaster.master][INFO] 2026-07-19 18:40:21,500: -SERVICE [/v2_scan_transport/get_loggers] /v2_scan_transport rosrpc://WP:44981
[rosmaster.master][INFO] 2026-07-19 18:40:21,500: -SUB [/move_base/local_costmap/costmap] /nav_world_model http://WP:35061/
[rosmaster.master][INFO] 2026-07-19 18:40:21,500: -SERVICE [/v2_scan_transport/set_logger_level] /v2_scan_transport rosrpc://WP:44981
[rosmaster.master][INFO] 2026-07-19 18:40:21,501: -SUB [/scan] /nav_world_model http://WP:35061/
[rosmaster.master][INFO] 2026-07-19 18:40:21,501: -PUB [/rosout] /nav_world_model http://WP:35061/
[rosmaster.master][INFO] 2026-07-19 18:40:21,501: -PUB [/nav_world_model/local_geometry] /nav_world_model http://WP:35061/
[rosmaster.master][INFO] 2026-07-19 18:40:21,501: -PUB [/nav_world_model/tracks] /nav_world_model http://WP:35061/
[rosmaster.master][INFO] 2026-07-19 18:40:21,501: -PUB [/nav_world_model/health] /nav_world_model http://WP:35061/
[rosmaster.master][INFO] 2026-07-19 18:40:21,501: -SERVICE [/nav_world_model/get_loggers] /nav_world_model rosrpc://WP:34999
[rosmaster.master][INFO] 2026-07-19 18:40:21,501: -SERVICE [/nav_world_model/set_logger_level] /nav_world_model rosrpc://WP:34999
[rosmaster.master][INFO] 2026-07-19 18:40:21,501: -SERVICE [/nav_world_model/tf2_frames] /nav_world_model rosrpc://WP:34999
[rosmaster.master][INFO] 2026-07-19 18:40:21,540: -SUB [/gazebo/set_link_state] /gazebo http://WP:44255/
[rosmaster.master][INFO] 2026-07-19 18:40:21,540: -SUB [/gazebo/set_model_state] /gazebo http://WP:44255/
[rosmaster.master][INFO] 2026-07-19 18:40:21,541: -PUB [/clock] /gazebo http://WP:44255/
[rosmaster.master][INFO] 2026-07-19 18:40:21,541: -PUB [/rosout] /m2_robot_state_publisher http://WP:46031/
[rosmaster.master][INFO] 2026-07-19 18:40:21,541: -PUB [/gazebo/link_states] /gazebo http://WP:44255/
[rosmaster.master][INFO] 2026-07-19 18:40:21,542: -PUB [/gazebo/model_states] /gazebo http://WP:44255/
[rosmaster.master][INFO] 2026-07-19 18:40:21,542: -PUB [/tf] /m2_robot_state_publisher http://WP:46031/
[rosmaster.master][INFO] 2026-07-19 18:40:21,542: publisherUpdate[/rosout] -> http://WP:46117/ ['http://WP:46031/', 'http://WP:34297/', 'http://WP:43295/', 'http://WP:39185/', 'http://WP:35061/', 'http://WP:44255/']
[rosmaster.master][INFO] 2026-07-19 18:40:21,542: -PUB [/gazebo/performance_metrics] /gazebo http://WP:44255/
[rosmaster.master][INFO] 2026-07-19 18:40:21,543: publisherUpdate[/rosout] -> http://WP:46117/ ['http://WP:46031/', 'http://WP:34297/', 'http://WP:43295/', 'http://WP:39185/', 'http://WP:35061/', 'http://WP:44255/']: sec=0.00, result=[1, '', 0]
[rosmaster.master][INFO] 2026-07-19 18:40:21,543: publisherUpdate[/rosout] -> http://WP:46117/ ['http://WP:46031/', 'http://WP:34297/', 'http://WP:43295/', 'http://WP:35061/', 'http://WP:44255/']
[rosmaster.master][INFO] 2026-07-19 18:40:21,543: -PUB [/tf_static] /m2_robot_state_publisher http://WP:46031/
[rosmaster.master][INFO] 2026-07-19 18:40:21,544: -SERVICE [/gazebo/spawn_sdf_model] /gazebo rosrpc://WP:33509
[rosmaster.master][INFO] 2026-07-19 18:40:21,544: publisherUpdate[/rosout] -> http://WP:46117/ ['http://WP:46031/', 'http://WP:34297/', 'http://WP:43295/', 'http://WP:35061/', 'http://WP:44255/']: sec=0.00, result=[1, '', 0]
[rosmaster.master][INFO] 2026-07-19 18:40:21,544: -SUB [/clock] /m2_robot_state_publisher http://WP:46031/
[rosmaster.master][INFO] 2026-07-19 18:40:21,544: publisherUpdate[/rosout] -> http://WP:46117/ ['http://WP:46031/', 'http://WP:34297/', 'http://WP:35061/', 'http://WP:44255/']
[rosmaster.master][INFO] 2026-07-19 18:40:21,544: -SERVICE [/gazebo/spawn_urdf_model] /gazebo rosrpc://WP:33509
[rosmaster.master][INFO] 2026-07-19 18:40:21,545: publisherUpdate[/scan] -> http://WP:35061/ []
[rosmaster.master][INFO] 2026-07-19 18:40:21,545: -SUB [/joint_states] /m2_robot_state_publisher http://WP:46031/
[rosmaster.master][INFO] 2026-07-19 18:40:21,545: publisherUpdate[/rosout] -> http://WP:46117/ ['http://WP:46031/', 'http://WP:34297/', 'http://WP:35061/', 'http://WP:44255/']: sec=0.00, result=[1, '', 0]
[rosmaster.master][INFO] 2026-07-19 18:40:21,545: -SERVICE [/gazebo/delete_model] /gazebo rosrpc://WP:33509
[rosmaster.master][INFO] 2026-07-19 18:40:21,545: publisherUpdate[/clock] -> http://WP:46031/ []
[rosmaster.master][INFO] 2026-07-19 18:40:21,546: publisherUpdate[/scan] -> http://WP:35061/ []: sec=0.00, result=[1, '', 0]
[rosmaster.master][INFO] 2026-07-19 18:40:21,546: publisherUpdate[/rosout] -> http://WP:46117/ ['http://WP:46031/', 'http://WP:34297/', 'http://WP:44255/']
[rosmaster.master][INFO] 2026-07-19 18:40:21,546: -SERVICE [/m2_robot_state_publisher/get_loggers] /m2_robot_state_publisher rosrpc://WP:56609
[rosmaster.master][INFO] 2026-07-19 18:40:21,546: publisherUpdate[/clock] -> http://WP:34297/ []
[rosmaster.master][INFO] 2026-07-19 18:40:21,547: -SERVICE [/gazebo/delete_light] /gazebo rosrpc://WP:33509
[rosmaster.master][INFO] 2026-07-19 18:40:21,547: publisherUpdate[/rosout] -> http://WP:46117/ ['http://WP:46031/', 'http://WP:34297/', 'http://WP:44255/']: sec=0.00, result=[1, '', 0]
[rosmaster.master][INFO] 2026-07-19 18:40:21,547: publisherUpdate[/clock] -> http://WP:46117/ []
[rosmaster.master][INFO] 2026-07-19 18:40:21,547: -SERVICE [/m2_robot_state_publisher/set_logger_level] /m2_robot_state_publisher rosrpc://WP:56609
[rosmaster.master][INFO] 2026-07-19 18:40:21,547: publisherUpdate[/clock] -> http://WP:34297/ []: sec=0.00, result=[0, 'Unknown Error', 0]
[rosmaster.master][INFO] 2026-07-19 18:40:21,548: publisherUpdate[/clock] -> http://WP:44255/ []
[rosmaster.master][INFO] 2026-07-19 18:40:21,548: -SERVICE [/gazebo/get_model_properties] /gazebo rosrpc://WP:33509
[rosmaster.master][INFO] 2026-07-19 18:40:21,548: publisherUpdate[/clock] -> http://WP:46117/ []: sec=0.00, result=[1, '', 0]
[rosmaster.master][INFO] 2026-07-19 18:40:21,548: publisherUpdate[/rosout] -> http://WP:46117/ ['http://WP:34297/', 'http://WP:44255/']
[rosmaster.master][INFO] 2026-07-19 18:40:21,548: -SERVICE [/gazebo/get_model_state] /gazebo rosrpc://WP:33509
[rosmaster.master][INFO] 2026-07-19 18:40:21,548: -SERVICE [/gazebo/get_world_properties] /gazebo rosrpc://WP:33509
[rosmaster.master][INFO] 2026-07-19 18:40:21,548: publisherUpdate[/rosout] -> http://WP:46117/ ['http://WP:34297/', 'http://WP:44255/']: sec=0.00, result=[1, '', 0]
[rosmaster.master][INFO] 2026-07-19 18:40:21,549: publisherUpdate[/clock] -> http://WP:44255/ []: sec=0.00, result=[1, '', 0]
[rosmaster.master][INFO] 2026-07-19 18:40:21,549: publisherUpdate[/tf] -> http://WP:34297/ ['http://WP:44255/']
[rosmaster.master][INFO] 2026-07-19 18:40:21,549: -SERVICE [/gazebo/get_joint_properties] /gazebo rosrpc://WP:33509
[rosmaster.master][INFO] 2026-07-19 18:40:21,549: -SERVICE [/gazebo/get_link_properties] /gazebo rosrpc://WP:33509
[rosmaster.master][INFO] 2026-07-19 18:40:21,549: -SERVICE [/gazebo/get_link_state] /gazebo rosrpc://WP:33509
[rosmaster.master][INFO] 2026-07-19 18:40:21,549: publisherUpdate[/tf] -> http://WP:34297/ ['http://WP:44255/']: sec=0.00, result=[0, 'Unknown Error', 0]
[rosmaster.master][INFO] 2026-07-19 18:40:21,549: -SERVICE [/gazebo/get_light_properties] /gazebo rosrpc://WP:33509
[rosmaster.master][INFO] 2026-07-19 18:40:21,549: publisherUpdate[/tf_static] -> http://WP:34297/ []
[rosmaster.master][INFO] 2026-07-19 18:40:21,550: -SERVICE [/gazebo/set_light_properties] /gazebo rosrpc://WP:33509
[rosmaster.master][INFO] 2026-07-19 18:40:21,550: publisherUpdate[/tf_static] -> http://WP:34297/ []: sec=0.00, result=[0, 'Unknown Error', 0]
[rosmaster.master][INFO] 2026-07-19 18:40:21,550: -SERVICE [/gazebo/get_physics_properties] /gazebo rosrpc://WP:33509
[rosmaster.master][INFO] 2026-07-19 18:40:21,550: -SERVICE [/gazebo/set_link_properties] /gazebo rosrpc://WP:33509
[rosmaster.master][INFO] 2026-07-19 18:40:21,550: -SERVICE [/gazebo/set_physics_properties] /gazebo rosrpc://WP:33509
[rosmaster.master][INFO] 2026-07-19 18:40:21,550: -SERVICE [/gazebo/set_model_state] /gazebo rosrpc://WP:33509
[rosmaster.master][INFO] 2026-07-19 18:40:21,550: -SERVICE [/gazebo/set_model_configuration] /gazebo rosrpc://WP:33509
[rosmaster.master][INFO] 2026-07-19 18:40:21,550: -SERVICE [/gazebo/set_joint_properties] /gazebo rosrpc://WP:33509
[rosmaster.master][INFO] 2026-07-19 18:40:21,551: -SERVICE [/gazebo/set_link_state] /gazebo rosrpc://WP:33509
[rosmaster.master][INFO] 2026-07-19 18:40:21,551: -SERVICE [/gazebo/pause_physics] /gazebo rosrpc://WP:33509
[rosmaster.master][INFO] 2026-07-19 18:40:21,551: -SERVICE [/gazebo/unpause_physics] /gazebo rosrpc://WP:33509
[rosmaster.master][INFO] 2026-07-19 18:40:21,551: -SERVICE [/gazebo/apply_body_wrench] /gazebo rosrpc://WP:33509
[rosmaster.master][INFO] 2026-07-19 18:40:21,551: -SERVICE [/gazebo/apply_joint_effort] /gazebo rosrpc://WP:33509
[rosmaster.master][INFO] 2026-07-19 18:40:21,551: -SERVICE [/gazebo/clear_joint_forces] /gazebo rosrpc://WP:33509
[rosmaster.master][INFO] 2026-07-19 18:40:21,551: -SERVICE [/gazebo/clear_body_wrenches] /gazebo rosrpc://WP:33509
[rosmaster.master][INFO] 2026-07-19 18:40:21,552: -SERVICE [/gazebo/reset_simulation] /gazebo rosrpc://WP:33509
[rosmaster.master][INFO] 2026-07-19 18:40:21,552: -SERVICE [/gazebo/reset_world] /gazebo rosrpc://WP:33509
[rosmaster.master][INFO] 2026-07-19 18:40:21,552: publisherUpdate[/clock] -> http://WP:46031/ []: sec=0.01, exception=[Errno 111] Connection refused
[rosmaster.master][INFO] 2026-07-19 18:40:21,552: -PUB [/gazebo/parameter_descriptions] /gazebo http://WP:44255/
[rosmaster.master][INFO] 2026-07-19 18:40:21,552: -PUB [/gazebo/parameter_updates] /gazebo http://WP:44255/
[rosmaster.master][INFO] 2026-07-19 18:40:21,552: -SERVICE [/gazebo/set_parameters] /gazebo rosrpc://WP:33509
[rosmaster.master][INFO] 2026-07-19 18:40:21,553: -PUB [/tf] /gazebo http://WP:44255/
[rosmaster.master][INFO] 2026-07-19 18:40:21,553: -SERVICE [/m2_driver/chassis_parameter] /gazebo rosrpc://WP:33509
[rosmaster.master][INFO] 2026-07-19 18:40:21,553: -PUB [/m2_driver/command_activation_latency] /gazebo http://WP:44255/
[rosmaster.master][INFO] 2026-07-19 18:40:21,554: -PUB [/m2_driver/applied_speed] /gazebo http://WP:44255/
[rosmaster.master][INFO] 2026-07-19 18:40:21,554: -PUB [/m2_driver/control_timeout] /gazebo http://WP:44255/
[rosmaster.master][INFO] 2026-07-19 18:40:21,554: -PUB [/m2_driver/right_wheel_vel] /gazebo http://WP:44255/
[rosmaster.master][INFO] 2026-07-19 18:40:21,554: -PUB [/m2_driver/left_wheel_vel] /gazebo http://WP:44255/
[rosmaster.master][INFO] 2026-07-19 18:40:21,554: -PUB [/m2_driver/wheel_angle] /gazebo http://WP:44255/
[rosmaster.master][INFO] 2026-07-19 18:40:21,554: -PUB [/joint_states] /gazebo http://WP:44255/
[rosmaster.master][INFO] 2026-07-19 18:40:21,554: -PUB [/odom] /gazebo http://WP:44255/
[rosmaster.master][INFO] 2026-07-19 18:40:21,555: -SUB [/m2_driver/steer_center_bias] /gazebo http://WP:44255/
[rosmaster.master][INFO] 2026-07-19 18:40:21,555: -SUB [/m2_driver/reset_odom] /gazebo http://WP:44255/
[rosmaster.master][INFO] 2026-07-19 18:40:21,555: -SUB [/m2_driver/emergency_stop] /gazebo http://WP:44255/
[rosmaster.master][INFO] 2026-07-19 18:40:21,555: -SUB [/m2_driver/brake_set] /gazebo http://WP:44255/
[rosmaster.master][INFO] 2026-07-19 18:40:21,555: -SUB [/ackerman_vel] /gazebo http://WP:44255/
[rosmaster.threadpool][ERROR] 2026-07-19 18:40:21,555: Traceback (most recent call last):
  File "/opt/ros/noetic/lib/python3/dist-packages/rosmaster/threadpool.py", line 218, in run
    result = cmd(*args)
  File "/opt/ros/noetic/lib/python3/dist-packages/rosmaster/master_api.py", line 210, in publisher_update_task
    ret = xmlrpcapi(api).publisherUpdate('/master', topic, pub_uris)
  File "/usr/lib/python3.8/xmlrpc/client.py", line 1109, in __call__
    return self.__send(self.__name, args)
  File "/usr/lib/python3.8/xmlrpc/client.py", line 1450, in __request
    response = self.__transport.request(
  File "/usr/lib/python3.8/xmlrpc/client.py", line 1153, in request
    return self.single_request(host, handler, request_body, verbose)
  File "/usr/lib/python3.8/xmlrpc/client.py", line 1165, in single_request
    http_conn = self.send_request(host, handler, request_body, verbose)
  File "/usr/lib/python3.8/xmlrpc/client.py", line 1278, in send_request
    self.send_content(connection, request_body)
  File "/usr/lib/python3.8/xmlrpc/client.py", line 1308, in send_content
    connection.endheaders(request_body)
  File "/usr/lib/python3.8/http/client.py", line 1251, in endheaders
    self._send_output(message_body, encode_chunked=encode_chunked)
  File "/usr/lib/python3.8/http/client.py", line 1011, in _send_output
    self.send(msg)
  File "/usr/lib/python3.8/http/client.py", line 951, in send
    self.connect()
  File "/usr/lib/python3.8/http/client.py", line 922, in connect
    self.sock = self._create_connection(
  File "/usr/lib/python3.8/socket.py", line 808, in create_connection
    raise err
  File "/usr/lib/python3.8/socket.py", line 796, in create_connection
    sock.connect(sa)
ConnectionRefusedError: [Errno 111] Connection refused

[rosmaster.master][INFO] 2026-07-19 18:40:21,555: -SUB [/cmd_vel] /gazebo http://WP:44255/
[rosmaster.master][INFO] 2026-07-19 18:40:21,556: publisherUpdate[/tf] -> http://WP:34297/ []
[rosmaster.master][INFO] 2026-07-19 18:40:21,556: publisherUpdate[/tf] -> http://WP:34297/ []: sec=0.00, result=[0, 'Unknown Error', 0]
[rosmaster.master][INFO] 2026-07-19 18:40:21,566: -PUB [/v2/scan_raw] /gazebo http://WP:44255/
[rosmaster.master][INFO] 2026-07-19 18:40:21,566: -PUB [/m2_gazebo/contacts] /gazebo http://WP:44255/
[rosmaster.master][INFO] 2026-07-19 18:40:21,574: -PUB [/imu/data] /gazebo http://WP:44255/
[rosmaster.master][INFO] 2026-07-19 18:40:21,657: -PUB [/rosout] /move_base http://WP:34297/
[rosmaster.master][INFO] 2026-07-19 18:40:21,658: -PUB [/cmd_vel] /move_base http://WP:34297/
[rosmaster.master][INFO] 2026-07-19 18:40:21,659: -PUB [/move_base/current_goal] /move_base http://WP:34297/
[rosmaster.master][INFO] 2026-07-19 18:40:21,659: -PUB [/move_base/goal] /move_base http://WP:34297/
[rosmaster.master][INFO] 2026-07-19 18:40:21,660: -PUB [/move_base/recovery_status] /move_base http://WP:34297/
[rosmaster.master][INFO] 2026-07-19 18:40:21,661: -SUB [/clock] /move_base http://WP:34297/
[rosmaster.master][INFO] 2026-07-19 18:40:21,662: -SUB [/tf] /move_base http://WP:34297/
[rosmaster.master][INFO] 2026-07-19 18:40:21,663: -SUB [/tf_static] /move_base http://WP:34297/
[rosmaster.master][INFO] 2026-07-19 18:40:21,663: -SUB [/move_base_simple/goal] /move_base http://WP:34297/
[rosmaster.master][INFO] 2026-07-19 18:40:21,665: -SERVICE [/move_base/get_loggers] /move_base rosrpc://WP:54917
[rosmaster.master][INFO] 2026-07-19 18:40:21,665: -SERVICE [/move_base/set_logger_level] /move_base rosrpc://WP:54917
[rosmaster.master][INFO] 2026-07-19 18:40:21,708: +PARAM [/move_base/global_costmap/obstacle_layer/enabled] by /move_base
[rosmaster.master][INFO] 2026-07-19 18:40:21,709: +PARAM [/move_base/global_costmap/obstacle_layer/footprint_clearing_enabled] by /move_base
[rosmaster.master][INFO] 2026-07-19 18:40:21,710: +PARAM [/move_base/global_costmap/obstacle_layer/max_obstacle_height] by /move_base
[rosmaster.master][INFO] 2026-07-19 18:40:21,710: +PARAM [/move_base/global_costmap/obstacle_layer/combination_method] by /move_base
[rosmaster.master][INFO] 2026-07-19 18:40:21,711: +PARAM [/move_base/global_costmap/obstacle_layer/enabled] by /move_base
[rosmaster.master][INFO] 2026-07-19 18:40:21,712: +PARAM [/move_base/global_costmap/obstacle_layer/footprint_clearing_enabled] by /move_base
[rosmaster.master][INFO] 2026-07-19 18:40:21,713: +PARAM [/move_base/global_costmap/obstacle_layer/max_obstacle_height] by /move_base
[rosmaster.master][INFO] 2026-07-19 18:40:21,714: +PARAM [/move_base/global_costmap/obstacle_layer/combination_method] by /move_base
[rosmaster.master][INFO] 2026-07-19 18:40:21,719: +PARAM [/move_base/global_costmap/inflation_layer/enabled] by /move_base
[rosmaster.master][INFO] 2026-07-19 18:40:21,720: +PARAM [/move_base/global_costmap/inflation_layer/cost_scaling_factor] by /move_base
[rosmaster.master][INFO] 2026-07-19 18:40:21,721: +PARAM [/move_base/global_costmap/inflation_layer/inflation_radius] by /move_base
[rosmaster.master][INFO] 2026-07-19 18:40:21,722: +PARAM [/move_base/global_costmap/inflation_layer/inflate_unknown] by /move_base
[rosmaster.master][INFO] 2026-07-19 18:40:21,722: +PARAM [/move_base/global_costmap/inflation_layer/enabled] by /move_base
[rosmaster.master][INFO] 2026-07-19 18:40:21,723: +PARAM [/move_base/global_costmap/inflation_layer/cost_scaling_factor] by /move_base
[rosmaster.master][INFO] 2026-07-19 18:40:21,724: +PARAM [/move_base/global_costmap/inflation_layer/inflation_radius] by /move_base
[rosmaster.master][INFO] 2026-07-19 18:40:21,725: +PARAM [/move_base/global_costmap/inflation_layer/inflate_unknown] by /move_base
[rosmaster.master][INFO] 2026-07-19 18:40:21,730: +PARAM [/move_base/global_costmap/footprint] by /move_base
[rosmaster.master][INFO] 2026-07-19 18:40:21,740: +PARAM [/move_base/global_costmap/transform_tolerance] by /move_base
[rosmaster.master][INFO] 2026-07-19 18:40:21,741: +PARAM [/move_base/global_costmap/update_frequency] by /move_base
[rosmaster.master][INFO] 2026-07-19 18:40:21,741: +PARAM [/move_base/global_costmap/publish_frequency] by /move_base
[rosmaster.master][INFO] 2026-07-19 18:40:21,742: +PARAM [/move_base/global_costmap/width] by /move_base
[rosmaster.master][INFO] 2026-07-19 18:40:21,743: +PARAM [/move_base/global_costmap/height] by /move_base
[rosmaster.master][INFO] 2026-07-19 18:40:21,744: +PARAM [/move_base/global_costmap/resolution] by /move_base
[rosmaster.master][INFO] 2026-07-19 18:40:21,745: +PARAM [/move_base/global_costmap/origin_x] by /move_base
[rosmaster.master][INFO] 2026-07-19 18:40:21,746: +PARAM [/move_base/global_costmap/origin_y] by /move_base
[rosmaster.master][INFO] 2026-07-19 18:40:21,747: +PARAM [/move_base/global_costmap/footprint] by /move_base
[rosmaster.master][INFO] 2026-07-19 18:40:21,748: +PARAM [/move_base/global_costmap/robot_radius] by /move_base
[rosmaster.master][INFO] 2026-07-19 18:40:21,749: +PARAM [/move_base/global_costmap/footprint_padding] by /move_base
[rosmaster.master][INFO] 2026-07-19 18:40:21,749: publisherUpdate[/rosout] -> http://WP:46117/ ['http://WP:44255/']
[rosmaster.master][INFO] 2026-07-19 18:40:21,750: -PUB [/rosout] /gazebo http://WP:44255/
[rosmaster.master][INFO] 2026-07-19 18:40:21,750: publisherUpdate[/rosout] -> http://WP:46117/ ['http://WP:44255/']: sec=0.00, result=[1, '', 0]
[rosmaster.master][INFO] 2026-07-19 18:40:21,750: publisherUpdate[/rosout] -> http://WP:46117/ []
[rosmaster.master][INFO] 2026-07-19 18:40:21,751: -SUB [/clock] /gazebo http://WP:44255/
[rosmaster.master][INFO] 2026-07-19 18:40:21,751: publisherUpdate[/rosout] -> http://WP:46117/ []: sec=0.00, result=[1, '', 0]
[rosmaster.master][INFO] 2026-07-19 18:40:21,751: -SERVICE [/gazebo/get_loggers] /gazebo rosrpc://WP:33509
[rosmaster.master][INFO] 2026-07-19 18:40:21,752: -SERVICE [/gazebo/set_logger_level] /gazebo rosrpc://WP:33509
[rosmaster.master][INFO] 2026-07-19 18:40:21,752: +PARAM [/move_base/global_costmap/transform_tolerance] by /move_base
[rosmaster.master][INFO] 2026-07-19 18:40:21,753: -CACHEDPARAM [/rosout_disable_topics_generation] by /gazebo
[rosmaster.master][INFO] 2026-07-19 18:40:21,754: +PARAM [/move_base/global_costmap/update_frequency] by /move_base
[rosmaster.master][INFO] 2026-07-19 18:40:21,755: +PARAM [/move_base/global_costmap/publish_frequency] by /move_base
[rosmaster.master][INFO] 2026-07-19 18:40:21,755: +PARAM [/move_base/global_costmap/width] by /move_base
[rosmaster.master][INFO] 2026-07-19 18:40:21,756: +PARAM [/move_base/global_costmap/height] by /move_base
[rosmaster.master][INFO] 2026-07-19 18:40:21,757: +PARAM [/move_base/global_costmap/resolution] by /move_base
[rosmaster.master][INFO] 2026-07-19 18:40:21,758: +PARAM [/move_base/global_costmap/origin_x] by /move_base
[rosmaster.master][INFO] 2026-07-19 18:40:21,758: +PARAM [/move_base/global_costmap/origin_y] by /move_base
[rosmaster.master][INFO] 2026-07-19 18:40:21,759: +PARAM [/move_base/global_costmap/footprint] by /move_base
[rosmaster.master][INFO] 2026-07-19 18:40:21,760: +PARAM [/move_base/global_costmap/robot_radius] by /move_base
[rosmaster.master][INFO] 2026-07-19 18:40:21,761: +PARAM [/move_base/global_costmap/footprint_padding] by /move_base
[rosmaster.master][INFO] 2026-07-19 18:40:21,787: +PARAM [/move_base/local_costmap/obstacle_layer/enabled] by /move_base
[rosmaster.master][INFO] 2026-07-19 18:40:21,787: +PARAM [/move_base/local_costmap/obstacle_layer/footprint_clearing_enabled] by /move_base
[rosmaster.master][INFO] 2026-07-19 18:40:21,788: +PARAM [/move_base/local_costmap/obstacle_layer/max_obstacle_height] by /move_base
[rosmaster.master][INFO] 2026-07-19 18:40:21,788: +PARAM [/move_base/local_costmap/obstacle_layer/combination_method] by /move_base
[rosmaster.master][INFO] 2026-07-19 18:40:21,788: +PARAM [/move_base/local_costmap/obstacle_layer/enabled] by /move_base
[rosmaster.master][INFO] 2026-07-19 18:40:21,789: +PARAM [/move_base/local_costmap/obstacle_layer/footprint_clearing_enabled] by /move_base
[rosmaster.master][INFO] 2026-07-19 18:40:21,789: +PARAM [/move_base/local_costmap/obstacle_layer/max_obstacle_height] by /move_base
[rosmaster.master][INFO] 2026-07-19 18:40:21,789: +PARAM [/move_base/local_costmap/obstacle_layer/combination_method] by /move_base
[rosmaster.master][INFO] 2026-07-19 18:40:21,791: +PARAM [/move_base/local_costmap/inflation_layer/enabled] by /move_base
[rosmaster.master][INFO] 2026-07-19 18:40:21,791: +PARAM [/move_base/local_costmap/inflation_layer/cost_scaling_factor] by /move_base
[rosmaster.master][INFO] 2026-07-19 18:40:21,792: +PARAM [/move_base/local_costmap/inflation_layer/inflation_radius] by /move_base
[rosmaster.master][INFO] 2026-07-19 18:40:21,792: +PARAM [/move_base/local_costmap/inflation_layer/inflate_unknown] by /move_base
[rosmaster.master][INFO] 2026-07-19 18:40:21,792: +PARAM [/move_base/local_costmap/inflation_layer/enabled] by /move_base
[rosmaster.master][INFO] 2026-07-19 18:40:21,793: +PARAM [/move_base/local_costmap/inflation_layer/cost_scaling_factor] by /move_base
[rosmaster.master][INFO] 2026-07-19 18:40:21,793: +PARAM [/move_base/local_costmap/inflation_layer/inflation_radius] by /move_base
[rosmaster.master][INFO] 2026-07-19 18:40:21,793: +PARAM [/move_base/local_costmap/inflation_layer/inflate_unknown] by /move_base
[rosmaster.master][INFO] 2026-07-19 18:40:21,795: +PARAM [/move_base/local_costmap/footprint] by /move_base
[rosmaster.master][INFO] 2026-07-19 18:40:21,798: +PARAM [/move_base/local_costmap/transform_tolerance] by /move_base
[rosmaster.master][INFO] 2026-07-19 18:40:21,798: +PARAM [/move_base/local_costmap/update_frequency] by /move_base
[rosmaster.master][INFO] 2026-07-19 18:40:21,799: +PARAM [/move_base/local_costmap/publish_frequency] by /move_base
[rosmaster.master][INFO] 2026-07-19 18:40:21,799: +PARAM [/move_base/local_costmap/width] by /move_base
[rosmaster.master][INFO] 2026-07-19 18:40:21,799: +PARAM [/move_base/local_costmap/height] by /move_base
[rosmaster.master][INFO] 2026-07-19 18:40:21,800: +PARAM [/move_base/local_costmap/resolution] by /move_base
[rosmaster.master][INFO] 2026-07-19 18:40:21,800: +PARAM [/move_base/local_costmap/origin_x] by /move_base
[rosmaster.master][INFO] 2026-07-19 18:40:21,800: +PARAM [/move_base/local_costmap/origin_y] by /move_base
[rosmaster.master][INFO] 2026-07-19 18:40:21,800: +PARAM [/move_base/local_costmap/footprint] by /move_base
[rosmaster.master][INFO] 2026-07-19 18:40:21,801: +PARAM [/move_base/local_costmap/robot_radius] by /move_base
[rosmaster.master][INFO] 2026-07-19 18:40:21,801: +PARAM [/move_base/local_costmap/footprint_padding] by /move_base
[rosmaster.master][INFO] 2026-07-19 18:40:21,801: +PARAM [/move_base/local_costmap/transform_tolerance] by /move_base
[rosmaster.master][INFO] 2026-07-19 18:40:21,802: +PARAM [/move_base/local_costmap/update_frequency] by /move_base
[rosmaster.master][INFO] 2026-07-19 18:40:21,802: +PARAM [/move_base/local_costmap/publish_frequency] by /move_base
[rosmaster.master][INFO] 2026-07-19 18:40:21,802: +PARAM [/move_base/local_costmap/width] by /move_base
[rosmaster.master][INFO] 2026-07-19 18:40:21,802: +PARAM [/move_base/local_costmap/height] by /move_base
[rosmaster.master][INFO] 2026-07-19 18:40:21,803: +PARAM [/move_base/local_costmap/resolution] by /move_base
[rosmaster.master][INFO] 2026-07-19 18:40:21,803: +PARAM [/move_base/local_costmap/origin_x] by /move_base
[rosmaster.master][INFO] 2026-07-19 18:40:21,804: +PARAM [/move_base/local_costmap/origin_y] by /move_base
[rosmaster.master][INFO] 2026-07-19 18:40:21,804: +PARAM [/move_base/local_costmap/footprint] by /move_base
[rosmaster.master][INFO] 2026-07-19 18:40:21,804: +PARAM [/move_base/local_costmap/robot_radius] by /move_base
[rosmaster.master][INFO] 2026-07-19 18:40:21,805: +PARAM [/move_base/local_costmap/footprint_padding] by /move_base
[rosmaster.master][INFO] 2026-07-19 18:40:21,868: +PARAM [/move_base/TebLocalPlannerROS/teb_autosize] by /move_base
[rosmaster.master][INFO] 2026-07-19 18:40:21,869: +PARAM [/move_base/TebLocalPlannerROS/dt_ref] by /move_base
[rosmaster.master][INFO] 2026-07-19 18:40:21,869: +PARAM [/move_base/TebLocalPlannerROS/dt_hysteresis] by /move_base
[rosmaster.master][INFO] 2026-07-19 18:40:21,869: +PARAM [/move_base/TebLocalPlannerROS/global_plan_overwrite_orientation] by /move_base
[rosmaster.master][INFO] 2026-07-19 18:40:21,870: +PARAM [/move_base/TebLocalPlannerROS/allow_init_with_backwards_motion] by /move_base
[rosmaster.master][INFO] 2026-07-19 18:40:21,870: +PARAM [/move_base/TebLocalPlannerROS/max_global_plan_lookahead_dist] by /move_base
[rosmaster.master][INFO] 2026-07-19 18:40:21,870: +PARAM [/move_base/TebLocalPlannerROS/force_reinit_new_goal_dist] by /move_base
[rosmaster.master][INFO] 2026-07-19 18:40:21,870: +PARAM [/move_base/TebLocalPlannerROS/force_reinit_new_goal_angular] by /move_base
[rosmaster.master][INFO] 2026-07-19 18:40:21,870: +PARAM [/move_base/TebLocalPlannerROS/feasibility_check_no_poses] by /move_base
[rosmaster.master][INFO] 2026-07-19 18:40:21,871: +PARAM [/move_base/TebLocalPlannerROS/exact_arc_length] by /move_base
[rosmaster.master][INFO] 2026-07-19 18:40:21,871: +PARAM [/move_base/TebLocalPlannerROS/publish_feedback] by /move_base
[rosmaster.master][INFO] 2026-07-19 18:40:21,872: +PARAM [/move_base/TebLocalPlannerROS/visualize_with_time_as_z_axis_scale] by /move_base
[rosmaster.master][INFO] 2026-07-19 18:40:21,872: +PARAM [/move_base/TebLocalPlannerROS/global_plan_viapoint_sep] by /move_base
[rosmaster.master][INFO] 2026-07-19 18:40:21,873: +PARAM [/move_base/TebLocalPlannerROS/via_points_ordered] by /move_base
[rosmaster.master][INFO] 2026-07-19 18:40:21,874: +PARAM [/move_base/TebLocalPlannerROS/max_vel_x] by /move_base
[rosmaster.master][INFO] 2026-07-19 18:40:21,874: +PARAM [/move_base/TebLocalPlannerROS/max_vel_x_backwards] by /move_base
[rosmaster.master][INFO] 2026-07-19 18:40:21,875: +PARAM [/move_base/TebLocalPlannerROS/max_vel_theta] by /move_base
[rosmaster.master][INFO] 2026-07-19 18:40:21,875: +PARAM [/move_base/TebLocalPlannerROS/acc_lim_x] by /move_base
[rosmaster.master][INFO] 2026-07-19 18:40:21,875: +PARAM [/move_base/TebLocalPlannerROS/acc_lim_theta] by /move_base
[rosmaster.master][INFO] 2026-07-19 18:40:21,876: +PARAM [/move_base/TebLocalPlannerROS/is_footprint_dynamic] by /move_base
[rosmaster.master][INFO] 2026-07-19 18:40:21,876: +PARAM [/move_base/TebLocalPlannerROS/use_proportional_saturation] by /move_base
[rosmaster.master][INFO] 2026-07-19 18:40:21,877: +PARAM [/move_base/TebLocalPlannerROS/transform_tolerance] by /move_base
[rosmaster.master][INFO] 2026-07-19 18:40:21,877: +PARAM [/move_base/TebLocalPlannerROS/min_turning_radius] by /move_base
[rosmaster.master][INFO] 2026-07-19 18:40:21,877: +PARAM [/move_base/TebLocalPlannerROS/wheelbase] by /move_base
[rosmaster.master][INFO] 2026-07-19 18:40:21,877: +PARAM [/move_base/TebLocalPlannerROS/cmd_angle_instead_rotvel] by /move_base
[rosmaster.master][INFO] 2026-07-19 18:40:21,878: +PARAM [/move_base/TebLocalPlannerROS/max_vel_y] by /move_base
[rosmaster.master][INFO] 2026-07-19 18:40:21,878: +PARAM [/move_base/TebLocalPlannerROS/acc_lim_y] by /move_base
[rosmaster.master][INFO] 2026-07-19 18:40:21,878: +PARAM [/move_base/TebLocalPlannerROS/xy_goal_tolerance] by /move_base
[rosmaster.master][INFO] 2026-07-19 18:40:21,878: +PARAM [/move_base/TebLocalPlannerROS/yaw_goal_tolerance] by /move_base
[rosmaster.master][INFO] 2026-07-19 18:40:21,879: +PARAM [/move_base/TebLocalPlannerROS/free_goal_vel] by /move_base
[rosmaster.master][INFO] 2026-07-19 18:40:21,879: +PARAM [/move_base/TebLocalPlannerROS/trans_stopped_vel] by /move_base
[rosmaster.master][INFO] 2026-07-19 18:40:21,880: +PARAM [/move_base/TebLocalPlannerROS/theta_stopped_vel] by /move_base
[rosmaster.master][INFO] 2026-07-19 18:40:21,880: +PARAM [/move_base/TebLocalPlannerROS/min_obstacle_dist] by /move_base
[rosmaster.master][INFO] 2026-07-19 18:40:21,880: +PARAM [/move_base/TebLocalPlannerROS/inflation_dist] by /move_base
[rosmaster.master][INFO] 2026-07-19 18:40:21,880: +PARAM [/move_base/TebLocalPlannerROS/dynamic_obstacle_inflation_dist] by /move_base
[rosmaster.master][INFO] 2026-07-19 18:40:21,881: +PARAM [/move_base/TebLocalPlannerROS/include_dynamic_obstacles] by /move_base
[rosmaster.master][INFO] 2026-07-19 18:40:21,881: +PARAM [/move_base/TebLocalPlannerROS/include_costmap_obstacles] by /move_base
[rosmaster.master][INFO] 2026-07-19 18:40:21,881: +PARAM [/move_base/TebLocalPlannerROS/legacy_obstacle_association] by /move_base
[rosmaster.master][INFO] 2026-07-19 18:40:21,881: +PARAM [/move_base/TebLocalPlannerROS/obstacle_association_force_inclusion_factor] by /move_base
[rosmaster.master][INFO] 2026-07-19 18:40:21,882: +PARAM [/move_base/TebLocalPlannerROS/obstacle_association_cutoff_factor] by /move_base
[rosmaster.master][INFO] 2026-07-19 18:40:21,882: +PARAM [/move_base/TebLocalPlannerROS/costmap_obstacles_behind_robot_dist] by /move_base
[rosmaster.master][INFO] 2026-07-19 18:40:21,882: +PARAM [/move_base/TebLocalPlannerROS/obstacle_poses_affected] by /move_base
[rosmaster.master][INFO] 2026-07-19 18:40:21,882: +PARAM [/move_base/TebLocalPlannerROS/obstacle_proximity_ratio_max_vel] by /move_base
[rosmaster.master][INFO] 2026-07-19 18:40:21,883: +PARAM [/move_base/TebLocalPlannerROS/obstacle_proximity_lower_bound] by /move_base
[rosmaster.master][INFO] 2026-07-19 18:40:21,883: +PARAM [/move_base/TebLocalPlannerROS/obstacle_proximity_upper_bound] by /move_base
[rosmaster.master][INFO] 2026-07-19 18:40:21,883: +PARAM [/move_base/TebLocalPlannerROS/no_inner_iterations] by /move_base
[rosmaster.master][INFO] 2026-07-19 18:40:21,884: +PARAM [/move_base/TebLocalPlannerROS/no_outer_iterations] by /move_base
[rosmaster.master][INFO] 2026-07-19 18:40:21,884: +PARAM [/move_base/TebLocalPlannerROS/optimization_activate] by /move_base
[rosmaster.master][INFO] 2026-07-19 18:40:21,884: +PARAM [/move_base/TebLocalPlannerROS/optimization_verbose] by /move_base
[rosmaster.master][INFO] 2026-07-19 18:40:21,885: +PARAM [/move_base/TebLocalPlannerROS/penalty_epsilon] by /move_base
[rosmaster.master][INFO] 2026-07-19 18:40:21,885: +PARAM [/move_base/TebLocalPlannerROS/weight_max_vel_x] by /move_base
[rosmaster.master][INFO] 2026-07-19 18:40:21,885: +PARAM [/move_base/TebLocalPlannerROS/weight_max_vel_y] by /move_base
[rosmaster.master][INFO] 2026-07-19 18:40:21,885: +PARAM [/move_base/TebLocalPlannerROS/weight_max_vel_theta] by /move_base
[rosmaster.master][INFO] 2026-07-19 18:40:21,886: +PARAM [/move_base/TebLocalPlannerROS/weight_acc_lim_x] by /move_base
[rosmaster.master][INFO] 2026-07-19 18:40:21,886: +PARAM [/move_base/TebLocalPlannerROS/weight_acc_lim_y] by /move_base
[rosmaster.master][INFO] 2026-07-19 18:40:21,886: +PARAM [/move_base/TebLocalPlannerROS/weight_acc_lim_theta] by /move_base
[rosmaster.master][INFO] 2026-07-19 18:40:21,886: +PARAM [/move_base/TebLocalPlannerROS/weight_kinematics_nh] by /move_base
[rosmaster.master][INFO] 2026-07-19 18:40:21,887: +PARAM [/move_base/TebLocalPlannerROS/weight_kinematics_forward_drive] by /move_base
[rosmaster.master][INFO] 2026-07-19 18:40:21,887: +PARAM [/move_base/TebLocalPlannerROS/weight_kinematics_turning_radius] by /move_base
[rosmaster.master][INFO] 2026-07-19 18:40:21,887: +PARAM [/move_base/TebLocalPlannerROS/weight_optimaltime] by /move_base
[rosmaster.master][INFO] 2026-07-19 18:40:21,888: +PARAM [/move_base/TebLocalPlannerROS/weight_shortest_path] by /move_base
[rosmaster.master][INFO] 2026-07-19 18:40:21,888: +PARAM [/move_base/TebLocalPlannerROS/weight_obstacle] by /move_base
[rosmaster.master][INFO] 2026-07-19 18:40:21,888: +PARAM [/move_base/TebLocalPlannerROS/weight_inflation] by /move_base
[rosmaster.master][INFO] 2026-07-19 18:40:21,888: +PARAM [/move_base/TebLocalPlannerROS/weight_dynamic_obstacle] by /move_base
[rosmaster.master][INFO] 2026-07-19 18:40:21,889: +PARAM [/move_base/TebLocalPlannerROS/weight_dynamic_obstacle_inflation] by /move_base
[rosmaster.master][INFO] 2026-07-19 18:40:21,889: +PARAM [/move_base/TebLocalPlannerROS/weight_velocity_obstacle_ratio] by /move_base
[rosmaster.master][INFO] 2026-07-19 18:40:21,889: +PARAM [/move_base/TebLocalPlannerROS/weight_viapoint] by /move_base
[rosmaster.master][INFO] 2026-07-19 18:40:21,889: +PARAM [/move_base/TebLocalPlannerROS/weight_adapt_factor] by /move_base
[rosmaster.master][INFO] 2026-07-19 18:40:21,890: +PARAM [/move_base/TebLocalPlannerROS/obstacle_cost_exponent] by /move_base
[rosmaster.master][INFO] 2026-07-19 18:40:21,890: +PARAM [/move_base/TebLocalPlannerROS/enable_multithreading] by /move_base
[rosmaster.master][INFO] 2026-07-19 18:40:21,890: +PARAM [/move_base/TebLocalPlannerROS/max_number_classes] by /move_base
[rosmaster.master][INFO] 2026-07-19 18:40:21,890: +PARAM [/move_base/TebLocalPlannerROS/max_number_plans_in_current_class] by /move_base
[rosmaster.master][INFO] 2026-07-19 18:40:21,891: +PARAM [/move_base/TebLocalPlannerROS/selection_cost_hysteresis] by /move_base
[rosmaster.master][INFO] 2026-07-19 18:40:21,891: +PARAM [/move_base/TebLocalPlannerROS/selection_prefer_initial_plan] by /move_base
[rosmaster.master][INFO] 2026-07-19 18:40:21,891: +PARAM [/move_base/TebLocalPlannerROS/selection_obst_cost_scale] by /move_base
[rosmaster.master][INFO] 2026-07-19 18:40:21,891: +PARAM [/move_base/TebLocalPlannerROS/selection_viapoint_cost_scale] by /move_base
[rosmaster.master][INFO] 2026-07-19 18:40:21,892: +PARAM [/move_base/TebLocalPlannerROS/selection_alternative_time_cost] by /move_base
[rosmaster.master][INFO] 2026-07-19 18:40:21,892: +PARAM [/move_base/TebLocalPlannerROS/selection_dropping_probability] by /move_base
[rosmaster.master][INFO] 2026-07-19 18:40:21,892: +PARAM [/move_base/TebLocalPlannerROS/switching_blocking_period] by /move_base
[rosmaster.master][INFO] 2026-07-19 18:40:21,893: +PARAM [/move_base/TebLocalPlannerROS/roadmap_graph_no_samples] by /move_base
[rosmaster.master][INFO] 2026-07-19 18:40:21,893: +PARAM [/move_base/TebLocalPlannerROS/roadmap_graph_area_width] by /move_base
[rosmaster.master][INFO] 2026-07-19 18:40:21,893: +PARAM [/move_base/TebLocalPlannerROS/roadmap_graph_area_length_scale] by /move_base
[rosmaster.master][INFO] 2026-07-19 18:40:21,893: +PARAM [/move_base/TebLocalPlannerROS/h_signature_prescaler] by /move_base
[rosmaster.master][INFO] 2026-07-19 18:40:21,894: +PARAM [/move_base/TebLocalPlannerROS/h_signature_threshold] by /move_base
[rosmaster.master][INFO] 2026-07-19 18:40:21,894: +PARAM [/move_base/TebLocalPlannerROS/obstacle_heading_threshold] by /move_base
[rosmaster.master][INFO] 2026-07-19 18:40:21,894: +PARAM [/move_base/TebLocalPlannerROS/viapoints_all_candidates] by /move_base
[rosmaster.master][INFO] 2026-07-19 18:40:21,895: +PARAM [/move_base/TebLocalPlannerROS/visualize_hc_graph] by /move_base
[rosmaster.master][INFO] 2026-07-19 18:40:21,895: +PARAM [/move_base/TebLocalPlannerROS/shrink_horizon_backup] by /move_base
[rosmaster.master][INFO] 2026-07-19 18:40:21,895: +PARAM [/move_base/TebLocalPlannerROS/oscillation_recovery] by /move_base
[rosmaster.master][INFO] 2026-07-19 18:40:21,896: +PARAM [/move_base/TebLocalPlannerROS/divergence_detection_enable] by /move_base
[rosmaster.master][INFO] 2026-07-19 18:40:21,896: +PARAM [/move_base/TebLocalPlannerROS/divergence_detection_max_chi_squared] by /move_base
[rosmaster.master][INFO] 2026-07-19 18:40:21,897: +PARAM [/move_base/TebLocalPlannerROS/teb_autosize] by /move_base
[rosmaster.master][INFO] 2026-07-19 18:40:21,897: +PARAM [/move_base/TebLocalPlannerROS/dt_ref] by /move_base
[rosmaster.master][INFO] 2026-07-19 18:40:21,898: +PARAM [/move_base/TebLocalPlannerROS/dt_hysteresis] by /move_base
[rosmaster.master][INFO] 2026-07-19 18:40:21,898: +PARAM [/move_base/TebLocalPlannerROS/global_plan_overwrite_orientation] by /move_base
[rosmaster.master][INFO] 2026-07-19 18:40:21,898: +PARAM [/move_base/TebLocalPlannerROS/allow_init_with_backwards_motion] by /move_base
[rosmaster.master][INFO] 2026-07-19 18:40:21,899: +PARAM [/move_base/TebLocalPlannerROS/max_global_plan_lookahead_dist] by /move_base
[rosmaster.master][INFO] 2026-07-19 18:40:21,899: +PARAM [/move_base/TebLocalPlannerROS/force_reinit_new_goal_dist] by /move_base
[rosmaster.master][INFO] 2026-07-19 18:40:21,899: +PARAM [/move_base/TebLocalPlannerROS/force_reinit_new_goal_angular] by /move_base
[rosmaster.master][INFO] 2026-07-19 18:40:21,900: +PARAM [/move_base/TebLocalPlannerROS/feasibility_check_no_poses] by /move_base
[rosmaster.master][INFO] 2026-07-19 18:40:21,900: +PARAM [/move_base/TebLocalPlannerROS/exact_arc_length] by /move_base
[rosmaster.master][INFO] 2026-07-19 18:40:21,900: +PARAM [/move_base/TebLocalPlannerROS/publish_feedback] by /move_base
[rosmaster.master][INFO] 2026-07-19 18:40:21,901: +PARAM [/move_base/TebLocalPlannerROS/visualize_with_time_as_z_axis_scale] by /move_base
[rosmaster.master][INFO] 2026-07-19 18:40:21,901: +PARAM [/move_base/TebLocalPlannerROS/global_plan_viapoint_sep] by /move_base
[rosmaster.master][INFO] 2026-07-19 18:40:21,901: +PARAM [/move_base/TebLocalPlannerROS/via_points_ordered] by /move_base
[rosmaster.master][INFO] 2026-07-19 18:40:21,901: +PARAM [/move_base/TebLocalPlannerROS/max_vel_x] by /move_base
[rosmaster.master][INFO] 2026-07-19 18:40:21,902: +PARAM [/move_base/TebLocalPlannerROS/max_vel_x_backwards] by /move_base
[rosmaster.master][INFO] 2026-07-19 18:40:21,902: +PARAM [/move_base/TebLocalPlannerROS/max_vel_theta] by /move_base
[rosmaster.master][INFO] 2026-07-19 18:40:21,902: +PARAM [/move_base/TebLocalPlannerROS/acc_lim_x] by /move_base
[rosmaster.master][INFO] 2026-07-19 18:40:21,902: +PARAM [/move_base/TebLocalPlannerROS/acc_lim_theta] by /move_base
[rosmaster.master][INFO] 2026-07-19 18:40:21,903: +PARAM [/move_base/TebLocalPlannerROS/is_footprint_dynamic] by /move_base
[rosmaster.master][INFO] 2026-07-19 18:40:21,903: +PARAM [/move_base/TebLocalPlannerROS/use_proportional_saturation] by /move_base
[rosmaster.master][INFO] 2026-07-19 18:40:21,903: +PARAM [/move_base/TebLocalPlannerROS/transform_tolerance] by /move_base
[rosmaster.master][INFO] 2026-07-19 18:40:21,904: +PARAM [/move_base/TebLocalPlannerROS/min_turning_radius] by /move_base
[rosmaster.master][INFO] 2026-07-19 18:40:21,904: +PARAM [/move_base/TebLocalPlannerROS/wheelbase] by /move_base
[rosmaster.master][INFO] 2026-07-19 18:40:21,905: +PARAM [/move_base/TebLocalPlannerROS/cmd_angle_instead_rotvel] by /move_base
[rosmaster.master][INFO] 2026-07-19 18:40:21,905: +PARAM [/move_base/TebLocalPlannerROS/max_vel_y] by /move_base
[rosmaster.master][INFO] 2026-07-19 18:40:21,906: +PARAM [/move_base/TebLocalPlannerROS/acc_lim_y] by /move_base
[rosmaster.master][INFO] 2026-07-19 18:40:21,906: +PARAM [/move_base/TebLocalPlannerROS/xy_goal_tolerance] by /move_base
[rosmaster.master][INFO] 2026-07-19 18:40:21,906: +PARAM [/move_base/TebLocalPlannerROS/yaw_goal_tolerance] by /move_base
[rosmaster.master][INFO] 2026-07-19 18:40:21,906: +PARAM [/move_base/TebLocalPlannerROS/free_goal_vel] by /move_base
[rosmaster.master][INFO] 2026-07-19 18:40:21,907: +PARAM [/move_base/TebLocalPlannerROS/trans_stopped_vel] by /move_base
[rosmaster.master][INFO] 2026-07-19 18:40:21,907: +PARAM [/move_base/TebLocalPlannerROS/theta_stopped_vel] by /move_base
[rosmaster.master][INFO] 2026-07-19 18:40:21,907: +PARAM [/move_base/TebLocalPlannerROS/min_obstacle_dist] by /move_base
[rosmaster.master][INFO] 2026-07-19 18:40:21,908: +PARAM [/move_base/TebLocalPlannerROS/inflation_dist] by /move_base
[rosmaster.master][INFO] 2026-07-19 18:40:21,908: +PARAM [/move_base/TebLocalPlannerROS/dynamic_obstacle_inflation_dist] by /move_base
[rosmaster.master][INFO] 2026-07-19 18:40:21,908: +PARAM [/move_base/TebLocalPlannerROS/include_dynamic_obstacles] by /move_base
[rosmaster.master][INFO] 2026-07-19 18:40:21,909: +PARAM [/move_base/TebLocalPlannerROS/include_costmap_obstacles] by /move_base
[rosmaster.master][INFO] 2026-07-19 18:40:21,909: +PARAM [/move_base/TebLocalPlannerROS/legacy_obstacle_association] by /move_base
[rosmaster.master][INFO] 2026-07-19 18:40:21,909: +PARAM [/move_base/TebLocalPlannerROS/obstacle_association_force_inclusion_factor] by /move_base
[rosmaster.master][INFO] 2026-07-19 18:40:21,909: +PARAM [/move_base/TebLocalPlannerROS/obstacle_association_cutoff_factor] by /move_base
[rosmaster.master][INFO] 2026-07-19 18:40:21,910: +PARAM [/move_base/TebLocalPlannerROS/costmap_obstacles_behind_robot_dist] by /move_base
[rosmaster.master][INFO] 2026-07-19 18:40:21,910: +PARAM [/move_base/TebLocalPlannerROS/obstacle_poses_affected] by /move_base
[rosmaster.master][INFO] 2026-07-19 18:40:21,910: +PARAM [/move_base/TebLocalPlannerROS/obstacle_proximity_ratio_max_vel] by /move_base
[rosmaster.master][INFO] 2026-07-19 18:40:21,910: +PARAM [/move_base/TebLocalPlannerROS/obstacle_proximity_lower_bound] by /move_base
[rosmaster.master][INFO] 2026-07-19 18:40:21,911: +PARAM [/move_base/TebLocalPlannerROS/obstacle_proximity_upper_bound] by /move_base
[rosmaster.master][INFO] 2026-07-19 18:40:21,911: +PARAM [/move_base/TebLocalPlannerROS/no_inner_iterations] by /move_base
[rosmaster.master][INFO] 2026-07-19 18:40:21,911: +PARAM [/move_base/TebLocalPlannerROS/no_outer_iterations] by /move_base
[rosmaster.master][INFO] 2026-07-19 18:40:21,912: +PARAM [/move_base/TebLocalPlannerROS/optimization_activate] by /move_base
[rosmaster.master][INFO] 2026-07-19 18:40:21,912: +PARAM [/move_base/TebLocalPlannerROS/optimization_verbose] by /move_base
[rosmaster.master][INFO] 2026-07-19 18:40:21,912: +PARAM [/move_base/TebLocalPlannerROS/penalty_epsilon] by /move_base
[rosmaster.master][INFO] 2026-07-19 18:40:21,913: +PARAM [/move_base/TebLocalPlannerROS/weight_max_vel_x] by /move_base
[rosmaster.master][INFO] 2026-07-19 18:40:21,913: +PARAM [/move_base/TebLocalPlannerROS/weight_max_vel_y] by /move_base
[rosmaster.master][INFO] 2026-07-19 18:40:21,913: +PARAM [/move_base/TebLocalPlannerROS/weight_max_vel_theta] by /move_base
[rosmaster.master][INFO] 2026-07-19 18:40:21,913: +PARAM [/move_base/TebLocalPlannerROS/weight_acc_lim_x] by /move_base
[rosmaster.master][INFO] 2026-07-19 18:40:21,914: +PARAM [/move_base/TebLocalPlannerROS/weight_acc_lim_y] by /move_base
[rosmaster.master][INFO] 2026-07-19 18:40:21,914: +PARAM [/move_base/TebLocalPlannerROS/weight_acc_lim_theta] by /move_base
[rosmaster.master][INFO] 2026-07-19 18:40:21,914: +PARAM [/move_base/TebLocalPlannerROS/weight_kinematics_nh] by /move_base
[rosmaster.master][INFO] 2026-07-19 18:40:21,914: +PARAM [/move_base/TebLocalPlannerROS/weight_kinematics_forward_drive] by /move_base
[rosmaster.master][INFO] 2026-07-19 18:40:21,915: +PARAM [/move_base/TebLocalPlannerROS/weight_kinematics_turning_radius] by /move_base
[rosmaster.master][INFO] 2026-07-19 18:40:21,915: +PARAM [/move_base/TebLocalPlannerROS/weight_optimaltime] by /move_base
[rosmaster.master][INFO] 2026-07-19 18:40:21,915: +PARAM [/move_base/TebLocalPlannerROS/weight_shortest_path] by /move_base
[rosmaster.master][INFO] 2026-07-19 18:40:21,916: +PARAM [/move_base/TebLocalPlannerROS/weight_obstacle] by /move_base
[rosmaster.master][INFO] 2026-07-19 18:40:21,916: +PARAM [/move_base/TebLocalPlannerROS/weight_inflation] by /move_base
[rosmaster.master][INFO] 2026-07-19 18:40:21,916: +PARAM [/move_base/TebLocalPlannerROS/weight_dynamic_obstacle] by /move_base
[rosmaster.master][INFO] 2026-07-19 18:40:21,917: +PARAM [/move_base/TebLocalPlannerROS/weight_dynamic_obstacle_inflation] by /move_base
[rosmaster.master][INFO] 2026-07-19 18:40:21,917: +PARAM [/move_base/TebLocalPlannerROS/weight_velocity_obstacle_ratio] by /move_base
[rosmaster.master][INFO] 2026-07-19 18:40:21,917: +PARAM [/move_base/TebLocalPlannerROS/weight_viapoint] by /move_base
[rosmaster.master][INFO] 2026-07-19 18:40:21,917: +PARAM [/move_base/TebLocalPlannerROS/weight_adapt_factor] by /move_base
[rosmaster.master][INFO] 2026-07-19 18:40:21,918: +PARAM [/move_base/TebLocalPlannerROS/obstacle_cost_exponent] by /move_base
[rosmaster.master][INFO] 2026-07-19 18:40:21,918: +PARAM [/move_base/TebLocalPlannerROS/enable_multithreading] by /move_base
[rosmaster.master][INFO] 2026-07-19 18:40:21,918: +PARAM [/move_base/TebLocalPlannerROS/max_number_classes] by /move_base
[rosmaster.master][INFO] 2026-07-19 18:40:21,918: +PARAM [/move_base/TebLocalPlannerROS/max_number_plans_in_current_class] by /move_base
[rosmaster.master][INFO] 2026-07-19 18:40:21,919: +PARAM [/move_base/TebLocalPlannerROS/selection_cost_hysteresis] by /move_base
[rosmaster.master][INFO] 2026-07-19 18:40:21,919: +PARAM [/move_base/TebLocalPlannerROS/selection_prefer_initial_plan] by /move_base
[rosmaster.master][INFO] 2026-07-19 18:40:21,919: +PARAM [/move_base/TebLocalPlannerROS/selection_obst_cost_scale] by /move_base
[rosmaster.master][INFO] 2026-07-19 18:40:21,920: +PARAM [/move_base/TebLocalPlannerROS/selection_viapoint_cost_scale] by /move_base
[rosmaster.master][INFO] 2026-07-19 18:40:21,920: +PARAM [/move_base/TebLocalPlannerROS/selection_alternative_time_cost] by /move_base
[rosmaster.master][INFO] 2026-07-19 18:40:21,921: +PARAM [/move_base/TebLocalPlannerROS/selection_dropping_probability] by /move_base
[rosmaster.master][INFO] 2026-07-19 18:40:21,921: +PARAM [/move_base/TebLocalPlannerROS/switching_blocking_period] by /move_base
[rosmaster.master][INFO] 2026-07-19 18:40:21,922: +PARAM [/move_base/TebLocalPlannerROS/roadmap_graph_no_samples] by /move_base
[rosmaster.master][INFO] 2026-07-19 18:40:21,922: +PARAM [/move_base/TebLocalPlannerROS/roadmap_graph_area_width] by /move_base
[rosmaster.master][INFO] 2026-07-19 18:40:21,922: +PARAM [/move_base/TebLocalPlannerROS/roadmap_graph_area_length_scale] by /move_base
[rosmaster.master][INFO] 2026-07-19 18:40:21,922: +PARAM [/move_base/TebLocalPlannerROS/h_signature_prescaler] by /move_base
[rosmaster.master][INFO] 2026-07-19 18:40:21,923: +PARAM [/move_base/TebLocalPlannerROS/h_signature_threshold] by /move_base
[rosmaster.master][INFO] 2026-07-19 18:40:21,923: +PARAM [/move_base/TebLocalPlannerROS/obstacle_heading_threshold] by /move_base
[rosmaster.master][INFO] 2026-07-19 18:40:21,923: +PARAM [/move_base/TebLocalPlannerROS/viapoints_all_candidates] by /move_base
[rosmaster.master][INFO] 2026-07-19 18:40:21,924: +PARAM [/move_base/TebLocalPlannerROS/visualize_hc_graph] by /move_base
[rosmaster.master][INFO] 2026-07-19 18:40:21,924: +PARAM [/move_base/TebLocalPlannerROS/shrink_horizon_backup] by /move_base
[rosmaster.master][INFO] 2026-07-19 18:40:21,924: +PARAM [/move_base/TebLocalPlannerROS/oscillation_recovery] by /move_base
[rosmaster.master][INFO] 2026-07-19 18:40:21,925: +PARAM [/move_base/TebLocalPlannerROS/divergence_detection_enable] by /move_base
[rosmaster.master][INFO] 2026-07-19 18:40:21,925: +PARAM [/move_base/TebLocalPlannerROS/divergence_detection_max_chi_squared] by /move_base
[rosmaster.master][INFO] 2026-07-19 18:40:21,926: +PARAM [/move_base/conservative_reset/reset_distance] by /move_base
[rosmaster.master][INFO] 2026-07-19 18:40:21,926: +PARAM [/move_base/aggressive_reset/reset_distance] by /move_base
[rosmaster.master][INFO] 2026-07-19 18:40:21,937: +PARAM [/move_base/base_global_planner] by /move_base
[rosmaster.master][INFO] 2026-07-19 18:40:21,938: +PARAM [/move_base/base_local_planner] by /move_base
[rosmaster.master][INFO] 2026-07-19 18:40:21,938: +PARAM [/move_base/planner_frequency] by /move_base
[rosmaster.master][INFO] 2026-07-19 18:40:21,938: +PARAM [/move_base/controller_frequency] by /move_base
[rosmaster.master][INFO] 2026-07-19 18:40:21,939: +PARAM [/move_base/planner_patience] by /move_base
[rosmaster.master][INFO] 2026-07-19 18:40:21,939: +PARAM [/move_base/controller_patience] by /move_base
[rosmaster.master][INFO] 2026-07-19 18:40:21,940: +PARAM [/move_base/max_planning_retries] by /move_base
[rosmaster.master][INFO] 2026-07-19 18:40:21,940: +PARAM [/move_base/conservative_reset_dist] by /move_base
[rosmaster.master][INFO] 2026-07-19 18:40:21,940: +PARAM [/move_base/recovery_behavior_enabled] by /move_base
[rosmaster.master][INFO] 2026-07-19 18:40:21,941: +PARAM [/move_base/clearing_rotation_allowed] by /move_base
[rosmaster.master][INFO] 2026-07-19 18:40:21,941: +PARAM [/move_base/shutdown_costmaps] by /move_base
[rosmaster.master][INFO] 2026-07-19 18:40:21,941: +PARAM [/move_base/oscillation_timeout] by /move_base
[rosmaster.master][INFO] 2026-07-19 18:40:21,942: +PARAM [/move_base/oscillation_distance] by /move_base
[rosmaster.master][INFO] 2026-07-19 18:40:21,942: +PARAM [/move_base/make_plan_clear_costmap] by /move_base
[rosmaster.master][INFO] 2026-07-19 18:40:21,942: +PARAM [/move_base/make_plan_add_unreachable_goal] by /move_base
[rosmaster.master][INFO] 2026-07-19 18:40:21,942: +PARAM [/move_base/restore_defaults] by /move_base
[rosmaster.master][INFO] 2026-07-19 18:40:21,943: +PARAM [/move_base/base_global_planner] by /move_base
[rosmaster.master][INFO] 2026-07-19 18:40:21,943: +PARAM [/move_base/base_local_planner] by /move_base
[rosmaster.master][INFO] 2026-07-19 18:40:21,944: +PARAM [/move_base/planner_frequency] by /move_base
[rosmaster.master][INFO] 2026-07-19 18:40:21,944: +PARAM [/move_base/controller_frequency] by /move_base
[rosmaster.master][INFO] 2026-07-19 18:40:21,944: +PARAM [/move_base/planner_patience] by /move_base
[rosmaster.master][INFO] 2026-07-19 18:40:21,945: +PARAM [/move_base/controller_patience] by /move_base
[rosmaster.master][INFO] 2026-07-19 18:40:21,945: +PARAM [/move_base/max_planning_retries] by /move_base
[rosmaster.master][INFO] 2026-07-19 18:40:21,945: +PARAM [/move_base/conservative_reset_dist] by /move_base
[rosmaster.master][INFO] 2026-07-19 18:40:21,945: +PARAM [/move_base/recovery_behavior_enabled] by /move_base
[rosmaster.master][INFO] 2026-07-19 18:40:21,946: +PARAM [/move_base/clearing_rotation_allowed] by /move_base
[rosmaster.master][INFO] 2026-07-19 18:40:21,946: +PARAM [/move_base/shutdown_costmaps] by /move_base
[rosmaster.master][INFO] 2026-07-19 18:40:21,946: +PARAM [/move_base/oscillation_timeout] by /move_base
[rosmaster.master][INFO] 2026-07-19 18:40:21,946: +PARAM [/move_base/oscillation_distance] by /move_base
[rosmaster.master][INFO] 2026-07-19 18:40:21,947: +PARAM [/move_base/make_plan_clear_costmap] by /move_base
[rosmaster.master][INFO] 2026-07-19 18:40:21,947: +PARAM [/move_base/make_plan_add_unreachable_goal] by /move_base
[rosmaster.master][INFO] 2026-07-19 18:40:21,947: +PARAM [/move_base/restore_defaults] by /move_base
[rosmaster.master][INFO] 2026-07-19 18:40:22,352: -PUB [/rosout_agg] /rosout http://WP:46117/
[rosmaster.master][INFO] 2026-07-19 18:40:22,353: -SUB [/clock] /rosout http://WP:46117/
[rosmaster.master][INFO] 2026-07-19 18:40:22,354: -SUB [/rosout] /rosout http://WP:46117/
[rosmaster.master][INFO] 2026-07-19 18:40:22,354: -SERVICE [/rosout/get_loggers] /rosout rosrpc://WP:33421
[rosmaster.master][INFO] 2026-07-19 18:40:22,354: -SERVICE [/rosout/set_logger_level] /rosout rosrpc://WP:33421
[rosmaster.master][INFO] 2026-07-19 18:40:22,355: -CACHEDPARAM [/rosout/omit_topics] by /rosout
[rosmaster.main][INFO] 2026-07-19 18:40:22,401: keyboard interrupt, will exit
[rosmaster.main][INFO] 2026-07-19 18:40:22,402: stopping master...
[rospy.core][INFO] 2026-07-19 18:40:22,402: signal_shutdown [atexit]
