[rospy.client][INFO] 2026-07-19 18:39:37,757: init_node, name[/nav_world_model], pid[28650]
[xmlrpc][INFO] 2026-07-19 18:39:37,757: XML-RPC server binding to 0.0.0.0:0
[xmlrpc][INFO] 2026-07-19 18:39:37,758: Started XML-RPC server [http://WP:35061/]
[rospy.impl.masterslave][INFO] 2026-07-19 18:39:37,758: _ready: http://WP:35061/
[rospy.init][INFO] 2026-07-19 18:39:37,758: ROS Slave URI: [http://WP:35061/]
[rospy.registration][INFO] 2026-07-19 18:39:37,758: Registering with master node http://127.0.0.1:11311
[xmlrpc][INFO] 2026-07-19 18:39:37,758: xml rpc node: starting XML-RPC server
[rospy.init][INFO] 2026-07-19 18:39:37,858: registered with master
[rospy.rosout][INFO] 2026-07-19 18:39:37,858: initializing /rosout core topic
[rospy.rosout][INFO] 2026-07-19 18:39:37,864: connected to core topic /rosout
[rospy.simtime][INFO] 2026-07-19 18:39:37,865: initializing /clock core topic
[rospy.simtime][INFO] 2026-07-19 18:39:37,868: connected to core topic /clock
[rospy.internal][INFO] 2026-07-19 18:39:37,891: topic[/tf] adding connection to [http://WP:46031/], count 0
[rospy.internal][INFO] 2026-07-19 18:39:37,901: topic[/tf_static] adding connection to [http://WP:46031/], count 0
[rospy.internal][INFO] 2026-07-19 18:39:37,905: topic[/scan] adding connection to [http://WP:43295/], count 0
[rospy.internal][INFO] 2026-07-19 18:39:37,956: topic[/nav_world_model/tracks] adding connection to [/tracks_to_teb_obstacles], count 0
[rospy.internal][INFO] 2026-07-19 18:39:37,957: topic[/nav_world_model/tracks] adding connection to [/r6_rule_context_supervisor], count 1
[rospy.internal][INFO] 2026-07-19 18:39:37,957: topic[/nav_world_model/health] adding connection to [/tracks_to_teb_obstacles], count 0
[rospy.internal][INFO] 2026-07-19 18:39:37,957: topic[/nav_world_model/local_geometry] adding connection to [/r6_rule_context_supervisor], count 0
[rospy.internal][INFO] 2026-07-19 18:39:37,957: topic[/nav_world_model/health] adding connection to [/r6_rule_context_supervisor], count 1
[rospy.internal][INFO] 2026-07-19 18:39:38,159: topic[/rosout] adding connection to [/rosout], count 0
[rospy.internal][INFO] 2026-07-19 18:39:39,967: topic[/tf] adding connection to [http://WP:44255/], count 1
[rospy.internal][INFO] 2026-07-19 18:39:39,970: topic[/odom] adding connection to [http://WP:44255/], count 0
[rospy.internal][INFO] 2026-07-19 18:39:40,267: topic[/clock] adding connection to [http://WP:44255/], count 0
[rospy.core][INFO] 2026-07-19 18:40:21,496: signal_shutdown [signal-2]
[rospy.internal][INFO] 2026-07-19 18:40:21,502: topic[/rosout] removing connection to /rosout
[rospy.internal][INFO] 2026-07-19 18:40:21,503: topic[/nav_world_model/local_geometry] removing connection to /r6_rule_context_supervisor
[rospy.internal][INFO] 2026-07-19 18:40:21,503: topic[/nav_world_model/tracks] removing connection to /tracks_to_teb_obstacles
[rospy.internal][INFO] 2026-07-19 18:40:21,503: topic[/nav_world_model/tracks] removing connection to /r6_rule_context_supervisor
[rospy.internal][INFO] 2026-07-19 18:40:21,503: topic[/scan] removing connection to http://WP:43295/
[rospy.internal][INFO] 2026-07-19 18:40:21,503: topic[/nav_world_model/health] removing connection to /tracks_to_teb_obstacles
[rospy.internal][INFO] 2026-07-19 18:40:21,503: topic[/nav_world_model/health] removing connection to /r6_rule_context_supervisor
[rospy.internal][INFO] 2026-07-19 18:40:21,504: topic[/clock] removing connection to http://WP:44255/
[rospy.internal][INFO] 2026-07-19 18:40:21,504: topic[/tf] removing connection to http://WP:46031/
[rospy.internal][INFO] 2026-07-19 18:40:21,504: topic[/tf] removing connection to http://WP:44255/
[rospy.internal][INFO] 2026-07-19 18:40:21,504: topic[/tf] removing connection to http://WP:44255/
[rospy.internal][INFO] 2026-07-19 18:40:21,504: topic[/tf_static] removing connection to http://WP:46031/
[rospy.internal][INFO] 2026-07-19 18:40:21,505: topic[/odom] removing connection to http://WP:44255/
[rospy.impl.masterslave][INFO] 2026-07-19 18:40:21,505: signal-2
[rospy.core][INFO] 2026-07-19 18:40:22,098: signal_shutdown [atexit]
