[rospy.client][INFO] 2026-07-19 18:39:37,679: init_node, name[/r6_rule_context_supervisor], pid[28652]
[xmlrpc][INFO] 2026-07-19 18:39:37,679: XML-RPC server binding to 0.0.0.0:0
[xmlrpc][INFO] 2026-07-19 18:39:37,679: Started XML-RPC server [http://WP:42267/]
[rospy.impl.masterslave][INFO] 2026-07-19 18:39:37,679: _ready: http://WP:42267/
[rospy.init][INFO] 2026-07-19 18:39:37,680: ROS Slave URI: [http://WP:42267/]
[rospy.registration][INFO] 2026-07-19 18:39:37,680: Registering with master node http://127.0.0.1:11311
[xmlrpc][INFO] 2026-07-19 18:39:37,680: xml rpc node: starting XML-RPC server
[rospy.init][INFO] 2026-07-19 18:39:37,780: registered with master
[rospy.rosout][INFO] 2026-07-19 18:39:37,780: initializing /rosout core topic
[rospy.rosout][INFO] 2026-07-19 18:39:37,784: connected to core topic /rosout
[rospy.simtime][INFO] 2026-07-19 18:39:37,785: initializing /clock core topic
[rospy.simtime][INFO] 2026-07-19 18:39:37,787: connected to core topic /clock
[rospy.internal][INFO] 2026-07-19 18:39:37,954: topic[/nav_world_model/local_geometry] adding connection to [http://WP:35061/], count 0
[rospy.internal][INFO] 2026-07-19 18:39:37,955: topic[/nav_world_model/tracks] adding connection to [http://WP:35061/], count 0
[rospy.internal][INFO] 2026-07-19 18:39:37,956: topic[/nav_world_model/health] adding connection to [http://WP:35061/], count 0
[rospy.internal][INFO] 2026-07-19 18:39:38,060: topic[/rosout] adding connection to [/rosout], count 0
[rospy.internal][INFO] 2026-07-19 18:39:39,263: topic[/clock] adding connection to [http://WP:44255/], count 0
[rospy.core][INFO] 2026-07-19 18:40:21,492: signal_shutdown [signal-2]
[rospy.internal][INFO] 2026-07-19 18:40:21,500: topic[/rosout] removing connection to /rosout
[rospy.internal][INFO] 2026-07-19 18:40:21,501: topic[/clock] removing connection to http://WP:44255/
[rospy.internal][INFO] 2026-07-19 18:40:21,501: topic[/clock] removing connection to http://WP:44255/
[rospy.internal][INFO] 2026-07-19 18:40:21,501: topic[/nav_world_model/local_geometry] removing connection to http://WP:35061/
[rospy.internal][INFO] 2026-07-19 18:40:21,502: topic[/nav_world_model/tracks] removing connection to http://WP:35061/
[rospy.internal][INFO] 2026-07-19 18:40:21,502: topic[/nav_world_model/health] removing connection to http://WP:35061/
[rospy.impl.masterslave][INFO] 2026-07-19 18:40:21,502: signal-2
[rospy.core][INFO] 2026-07-19 18:40:22,094: signal_shutdown [atexit]
