[rospy.client][INFO] 2026-07-19 18:39:37,758: init_node, name[/spawn_m2], pid[28619]
[xmlrpc][INFO] 2026-07-19 18:39:37,758: XML-RPC server binding to 0.0.0.0:0
[xmlrpc][INFO] 2026-07-19 18:39:37,758: Started XML-RPC server [http://WP:37175/]
[rospy.init][INFO] 2026-07-19 18:39:37,758: ROS Slave URI: [http://WP:37175/]
[rospy.impl.masterslave][INFO] 2026-07-19 18:39:37,758: _ready: http://WP:37175/
[rospy.registration][INFO] 2026-07-19 18:39:37,759: Registering with master node http://127.0.0.1:11311
[xmlrpc][INFO] 2026-07-19 18:39:37,759: xml rpc node: starting XML-RPC server
[rospy.init][INFO] 2026-07-19 18:39:37,859: registered with master
[rospy.rosout][INFO] 2026-07-19 18:39:37,859: initializing /rosout core topic
[rospy.rosout][INFO] 2026-07-19 18:39:37,864: connected to core topic /rosout
[rospy.simtime][INFO] 2026-07-19 18:39:37,865: initializing /clock core topic
[rospy.simtime][INFO] 2026-07-19 18:39:37,868: connected to core topic /clock
[rosout][INFO] 2026-07-19 18:39:37,872: Loading model XML from ros parameter robot_description
[rosout][INFO] 2026-07-19 18:39:37,902: Waiting for service /gazebo/spawn_urdf_model
[rospy.internal][INFO] 2026-07-19 18:39:38,158: topic[/rosout] adding connection to [/rosout], count 0
[rosout][INFO] 2026-07-19 18:39:39,412: Calling service /gazebo/spawn_urdf_model
[rosout][INFO] 2026-07-19 18:39:39,788: Spawn status: SpawnModel: Successfully spawned entity
[rospy.core][INFO] 2026-07-19 18:39:39,789: signal_shutdown [atexit]
[rospy.internal][INFO] 2026-07-19 18:39:39,790: topic[/rosout] removing connection to /rosout
[rospy.impl.masterslave][INFO] 2026-07-19 18:39:39,790: atexit
