[rospy.client][INFO] 2026-07-19 18:39:37,757: init_node, name[/tracks_to_teb_obstacles], pid[28651]
[xmlrpc][INFO] 2026-07-19 18:39:37,757: XML-RPC server binding to 0.0.0.0:0
[xmlrpc][INFO] 2026-07-19 18:39:37,757: Started XML-RPC server [http://WP:39185/]
[rospy.init][INFO] 2026-07-19 18:39:37,757: ROS Slave URI: [http://WP:39185/]
[rospy.impl.masterslave][INFO] 2026-07-19 18:39:37,757: _ready: http://WP:39185/
[rospy.registration][INFO] 2026-07-19 18:39:37,758: Registering with master node http://127.0.0.1:11311
[xmlrpc][INFO] 2026-07-19 18:39:37,758: xml rpc node: starting XML-RPC server
[rospy.init][INFO] 2026-07-19 18:39:37,858: registered with master
[rospy.rosout][INFO] 2026-07-19 18:39:37,858: initializing /rosout core topic
[rospy.rosout][INFO] 2026-07-19 18:39:37,862: connected to core topic /rosout
[rospy.simtime][INFO] 2026-07-19 18:39:37,865: initializing /clock core topic
[rospy.simtime][INFO] 2026-07-19 18:39:37,868: connected to core topic /clock
[rospy.internal][INFO] 2026-07-19 18:39:37,955: topic[/nav_world_model/tracks] adding connection to [http://WP:35061/], count 0
[rospy.internal][INFO] 2026-07-19 18:39:37,956: topic[/nav_world_model/health] adding connection to [http://WP:35061/], count 0
[rospy.internal][INFO] 2026-07-19 18:39:38,158: topic[/rosout] adding connection to [/rosout], count 0
[rospy.internal][INFO] 2026-07-19 18:39:39,263: topic[/clock] adding connection to [http://WP:44255/], count 0
[rospy.internal][INFO] 2026-07-19 18:39:39,968: topic[/odom] adding connection to [http://WP:44255/], count 0
[rospy.core][INFO] 2026-07-19 18:40:21,493: signal_shutdown [signal-2]
[rospy.internal][INFO] 2026-07-19 18:40:21,500: topic[/rosout] removing connection to /rosout
[rospy.internal][INFO] 2026-07-19 18:40:21,500: topic[/clock] removing connection to http://WP:44255/
[rospy.internal][INFO] 2026-07-19 18:40:21,501: topic[/clock] removing connection to http://WP:44255/
[rospy.internal][INFO] 2026-07-19 18:40:21,501: topic[/odom] removing connection to http://WP:44255/
[rospy.internal][INFO] 2026-07-19 18:40:21,501: topic[/nav_world_model/health] removing connection to http://WP:35061/
[rospy.internal][INFO] 2026-07-19 18:40:21,501: topic[/nav_world_model/tracks] removing connection to http://WP:35061/
[rospy.impl.masterslave][INFO] 2026-07-19 18:40:21,501: signal-2
[rospy.core][INFO] 2026-07-19 18:40:22,095: signal_shutdown [atexit]
