[rospy.client][INFO] 2026-07-19 18:39:37,717: init_node, name[/v2_scan_transport], pid[28647]
[xmlrpc][INFO] 2026-07-19 18:39:37,717: XML-RPC server binding to 0.0.0.0:0
[xmlrpc][INFO] 2026-07-19 18:39:37,717: Started XML-RPC server [http://WP:43295/]
[rospy.impl.masterslave][INFO] 2026-07-19 18:39:37,718: _ready: http://WP:43295/
[rospy.init][INFO] 2026-07-19 18:39:37,718: ROS Slave URI: [http://WP:43295/]
[rospy.registration][INFO] 2026-07-19 18:39:37,718: Registering with master node http://127.0.0.1:11311
[xmlrpc][INFO] 2026-07-19 18:39:37,718: xml rpc node: starting XML-RPC server
[rospy.init][INFO] 2026-07-19 18:39:37,818: registered with master
[rospy.rosout][INFO] 2026-07-19 18:39:37,819: initializing /rosout core topic
[rospy.rosout][INFO] 2026-07-19 18:39:37,824: connected to core topic /rosout
[rospy.simtime][INFO] 2026-07-19 18:39:37,826: initializing /clock core topic
[rospy.simtime][INFO] 2026-07-19 18:39:37,828: connected to core topic /clock
[rospy.internal][INFO] 2026-07-19 18:39:37,906: topic[/scan] adding connection to [/nav_world_model], count 0
[rospy.internal][INFO] 2026-07-19 18:39:38,060: topic[/rosout] adding connection to [/rosout], count 0
[rospy.internal][INFO] 2026-07-19 18:39:39,263: topic[/clock] adding connection to [http://WP:44255/], count 0
[rospy.internal][INFO] 2026-07-19 18:39:39,864: topic[/v2/scan_raw] adding connection to [http://WP:44255/], count 0
[rospy.core][INFO] 2026-07-19 18:40:21,497: signal_shutdown [signal-2]
[rospy.internal][INFO] 2026-07-19 18:40:21,502: topic[/rosout] removing connection to /rosout
[rospy.internal][INFO] 2026-07-19 18:40:21,502: topic[/scan] removing connection to /nav_world_model
[rospy.internal][INFO] 2026-07-19 18:40:21,502: topic[/clock] removing connection to http://WP:44255/
[rospy.internal][INFO] 2026-07-19 18:40:21,503: topic[/v2/scan_raw] removing connection to http://WP:44255/
[rospy.impl.masterslave][INFO] 2026-07-19 18:40:21,503: signal-2
[rospy.core][INFO] 2026-07-19 18:40:22,099: signal_shutdown [atexit]
