schema_version: '2.0'
architecture_generation: v2
evaluator_id: fam_teb_v2_02_evaluator_1
formal_result: false
runtime_ready: false
scene_id: v2-04g-r4-maneuver-s5074
family: MANEUVER
split: calibration
seed: 5074
instance_sha256: e4a02a45b11e8bf1bd3d06683a6f1032ad7dd2e25c1d2c3618c9214135f7343b
raw_trace_sha256: 2f2f0c8e7188b0c7cbca2da2aae99eda5cae3d9c17e763db8499a08ceb4cf84f
termination: SUCCESS
metrics:
  common:
    success: true
    collision: false
    navigation_time_s: 23.700000000000003
    path_length_m: 4.3148223421464875
    mean_abs_speed_mps: 0.18232495823646022
    minimum_clearance_m: 0.27264604943742343
    stop_count: 6
    reverse_distance_m: 2.4386926328592256
  family:
    gear_switch_count: 5
    gear_switch_while_moving_count: 4
    reverse_distance_m: 2.4386926328592256
stage: V2-04G-R4
method: rule_multi_anchor
episode_timeout_s: 60.0
tracker_message_count: 353
tracker_health_valid_fraction: 1.0
finite_ttc_sample_count: 0
ttc_status: NO_CONFLICT_IN_HORIZON
context_message_count: 118
context_valid_count: 118
context_geometry_sequence:
- MANEUVER
- STATIC_DENSE
context_geometry_switch_count: 1
transaction_message_count: 120
transaction_valid_count: 120
transaction_activated_count: 120
transaction_fault_count: 0
transaction_backends:
- simulation_teb_dynamic_reconfigure
active_anchor_sequence:
- anchor_maneuver_reverse
- anchor_static_dense
active_anchor_switch_count: 1
typed_transaction_expected: true
typed_transaction_valid: true
training_used: false
runtime_policy_manifest_access: false
runtime_scene_labels_available: false
experiment_manager_validation_manifest_access: false
runner_fault_reason: ''
supervisor_profile_id: r2_target_aggressive
context_geometry_sample_counts:
  BALANCED: 0
  CRUISE: 0
  STATIC_DENSE: 55
  CORRIDOR: 0
  MANEUVER: 63
context_geometry_sample_fractions:
  BALANCED: 0.0
  CRUISE: 0.0
  STATIC_DENSE: 0.4661016949152542
  CORRIDOR: 0.0
  MANEUVER: 0.5338983050847458
context_overlay_sample_counts:
  NONE: 118
  CROSSING: 0
  HEAD_ON: 0
  FOLLOW: 0
  OVERTAKE_OR_YIELD: 0
context_overlay_sample_fractions:
  NONE: 1.0
  CROSSING: 0.0
  HEAD_ON: 0.0
  FOLLOW: 0.0
  OVERTAKE_OR_YIELD: 0.0
experiment_manager_calibration_manifest_access: true
mode_measurement_window: post_readiness_goal_execution_only
clearance_audit:
  schema_version: '2.0'
  stage: V2-04G-R4
  evaluator_only_gazebo_truth_used: true
  runtime_policy_received_truth: false
  minimum_signed_scan_clearance_m: 0.27264604943742343
  minimum_truth_box_clearance_m: 0.29093350577921073
  classification: CLEARANCE_POSITIVE
  minimum_scan_detail:
    stamp_s: 29.17
    robot_x_m: 0.5832152800071124
    robot_y_m: -0.010923146268728414
    signed_scan_clearance_m: 0.27264604943742343
    clipped_scan_clearance_m: 0.27264604943742343
    raw_range_m: 0.7927255034446716
    ray_index: 2
    ray_angle_rad: -3.124112566933036
    footprint_boundary_range_m: 0.5200794540072482
  minimum_truth_detail:
    stamp_s: 29.17
    clearance_m: 0.29093350577921073
    closest_model: bay-back
    model_x_m: 5.498824959
    model_y_m: -0.004240381
  contact_count: 0
mechanism_message_count: 119
mechanism_join_valid_count: 119
mechanism_join_valid_fraction: 1.0
mechanism_join_reason_counts:
  EXACT_SEQUENCE_JOIN: 119
mechanism_topology_locked_sample_count: 55
mechanism_corridor_centerline_sample_count: 0
mechanism_maneuver_reverse_sample_count: 64
mechanism_topology_switch_count: 0

