schema_version: '2.0'
architecture_generation: v2
evaluator_id: fam_teb_v2_02_evaluator_1
formal_result: false
runtime_ready: false
scene_id: v2-04g-r4-dynamic-clear-s5066
family: DYNAMIC
split: calibration
seed: 5066
instance_sha256: 0e517e00a828ef2257a426e27ed7733defed6d24c3679cbc88fd72d872fd2fda
raw_trace_sha256: 0a9bc4c833ffdf3ef36cf8abb1a7de5f0730e50f9455fe6b65cb7f5c6d66cf1c
termination: SUCCESS
metrics:
  common:
    success: true
    collision: false
    navigation_time_s: 17.9
    path_length_m: 18.17649061271705
    mean_abs_speed_mps: 1.0154408287631964
    minimum_clearance_m: 2.7396728168414946
    stop_count: 1
    reverse_distance_m: 0.0
  family:
    minimum_predicted_ttc_s: null
    stop_count: 1
    interaction_clearance_m: 2.7396728168414946
stage: V2-04G-R4
method: fixed_teb
episode_timeout_s: 80.0
tracker_message_count: 268
tracker_health_valid_fraction: 1.0
finite_ttc_sample_count: 0
ttc_status: NO_CONFLICT_IN_HORIZON
context_message_count: 0
context_valid_count: 0
context_geometry_sequence: []
context_geometry_switch_count: 0
transaction_message_count: 0
transaction_valid_count: 0
transaction_activated_count: 0
transaction_fault_count: 0
transaction_backends: []
active_anchor_sequence:
- fixed_teb
active_anchor_switch_count: 0
typed_transaction_expected: false
typed_transaction_valid: true
training_used: false
runtime_policy_manifest_access: false
runtime_scene_labels_available: false
experiment_manager_validation_manifest_access: false
runner_fault_reason: ''
supervisor_profile_id: fixed_reference
context_geometry_sample_counts:
  BALANCED: 0
  CRUISE: 0
  STATIC_DENSE: 0
  CORRIDOR: 0
  MANEUVER: 0
context_geometry_sample_fractions:
  BALANCED: 0.0
  CRUISE: 0.0
  STATIC_DENSE: 0.0
  CORRIDOR: 0.0
  MANEUVER: 0.0
context_overlay_sample_counts:
  NONE: 0
  CROSSING: 0
  HEAD_ON: 0
  FOLLOW: 0
  OVERTAKE_OR_YIELD: 0
context_overlay_sample_fractions:
  NONE: 0.0
  CROSSING: 0.0
  HEAD_ON: 0.0
  FOLLOW: 0.0
  OVERTAKE_OR_YIELD: 0.0
experiment_manager_calibration_manifest_access: true
mode_measurement_window: post_readiness_goal_execution_only
clearance_audit:
  schema_version: '2.0'
  stage: V2-04G-R4
  evaluator_only_gazebo_truth_used: true
  runtime_policy_received_truth: false
  minimum_signed_scan_clearance_m: 2.7396728168414946
  minimum_truth_box_clearance_m: 2.7564802615843496
  classification: CLEARANCE_POSITIVE
  minimum_scan_detail:
    stamp_s: 10.67
    robot_x_m: 8.326581243635863
    robot_y_m: 0.11148668674034505
    signed_scan_clearance_m: 2.7396728168414946
    clipped_scan_clearance_m: 2.7396728168414946
    raw_range_m: 3.0897738933563232
    ray_index: 542
    ray_angle_rad: 1.5948263313621283
    footprint_boundary_range_m: 0.35010107651482886
  minimum_truth_detail:
    stamp_s: 10.67
    clearance_m: 2.7564802615843496
    closest_model: crossing-agent
    model_x_m: 8.0
    model_y_m: 3.5
  contact_count: 0
mechanism_message_count: 0
mechanism_join_valid_count: 0
mechanism_join_valid_fraction: null
mechanism_join_reason_counts: {}
mechanism_topology_locked_sample_count: 0
mechanism_corridor_centerline_sample_count: 0
mechanism_maneuver_reverse_sample_count: 0
mechanism_topology_switch_count: 0

