schema_version: '2.0'
architecture_generation: v2
evaluator_id: fam_teb_v2_02_evaluator_1
formal_result: false
runtime_ready: false
scene_id: v2-04g-r4-dynamic-conflict-s5065
family: DYNAMIC
split: calibration
seed: 5065
instance_sha256: d7c970b940eb912b3830070f34c8e1565a2de9244c954da81af672f61b0c225c
raw_trace_sha256: 72a40448f27bd88a965710a0f413a23be5647a378fcc12744467c67a6154eb51
termination: SUCCESS
metrics:
  common:
    success: true
    collision: false
    navigation_time_s: 21.400000000000002
    path_length_m: 18.16328257063598
    mean_abs_speed_mps: 0.8486644887419621
    minimum_clearance_m: 0.9914220543692968
    stop_count: 2
    reverse_distance_m: 0.0
  family:
    minimum_predicted_ttc_s: 3.236424891309525
    stop_count: 2
    interaction_clearance_m: 4.261379819769522
stage: V2-04G-R4
method: rule_multi_anchor
episode_timeout_s: 80.0
tracker_message_count: 319
tracker_health_valid_fraction: 1.0
finite_ttc_sample_count: 11
ttc_status: OBSERVED_CONFLICT
context_message_count: 107
context_valid_count: 107
context_geometry_sequence:
- BALANCED
- CRUISE
context_geometry_switch_count: 1
transaction_message_count: 109
transaction_valid_count: 109
transaction_activated_count: 109
transaction_fault_count: 0
transaction_backends:
- simulation_teb_dynamic_reconfigure
active_anchor_sequence:
- anchor_balanced
- anchor_cruise
active_anchor_switch_count: 1
typed_transaction_expected: true
typed_transaction_valid: true
training_used: false
runtime_policy_manifest_access: false
runtime_scene_labels_available: false
experiment_manager_validation_manifest_access: false
runner_fault_reason: ''
supervisor_profile_id: r2_target_aggressive
context_geometry_sample_counts:
  BALANCED: 4
  CRUISE: 103
  STATIC_DENSE: 0
  CORRIDOR: 0
  MANEUVER: 0
context_geometry_sample_fractions:
  BALANCED: 0.037383177570093455
  CRUISE: 0.9626168224299065
  STATIC_DENSE: 0.0
  CORRIDOR: 0.0
  MANEUVER: 0.0
context_overlay_sample_counts:
  NONE: 82
  CROSSING: 8
  HEAD_ON: 5
  FOLLOW: 3
  OVERTAKE_OR_YIELD: 9
context_overlay_sample_fractions:
  NONE: 0.7663551401869159
  CROSSING: 0.07476635514018691
  HEAD_ON: 0.04672897196261682
  FOLLOW: 0.028037383177570093
  OVERTAKE_OR_YIELD: 0.08411214953271028
experiment_manager_calibration_manifest_access: true
mode_measurement_window: post_readiness_goal_execution_only
clearance_audit:
  schema_version: '2.0'
  stage: V2-04G-R4
  evaluator_only_gazebo_truth_used: true
  runtime_policy_received_truth: false
  minimum_signed_scan_clearance_m: 0.9914220543692968
  minimum_truth_box_clearance_m: 0.9575834945155014
  classification: CLEARANCE_POSITIVE
  minimum_scan_detail:
    stamp_s: 13.824
    robot_x_m: 7.273958976340796
    robot_y_m: -0.090073166426695
    signed_scan_clearance_m: 0.9914220543692968
    clipped_scan_clearance_m: 0.9914220543692968
    raw_range_m: 1.5374888181686401
    ray_index: 395
    ray_angle_rad: 0.3102262979373336
    footprint_boundary_range_m: 0.5460667637993434
  minimum_truth_detail:
    stamp_s: 13.724
    clearance_m: 0.9575834945155014
    closest_model: crossing-agent
    model_x_m: 9.0
    model_y_m: 0.6636022224999998
  contact_count: 0
mechanism_message_count: 107
mechanism_join_valid_count: 107
mechanism_join_valid_fraction: 1.0
mechanism_join_reason_counts:
  EXACT_SEQUENCE_JOIN: 107
mechanism_topology_locked_sample_count: 0
mechanism_corridor_centerline_sample_count: 0
mechanism_maneuver_reverse_sample_count: 0
mechanism_topology_switch_count: 0

