WARNING: Package name "gazebo_ros_2Dmap_plugin" does not follow the naming conventions. It should start with a lower case letter and only contain lower case letters, digits, underscores, and dashes.
xacro: in-order processing became default in ROS Melodic. You can drop the option.
... logging to /home/robot/robot_ws_base_rl/artifacts/v2/integration/v2_04g_r6_i1/r6_i5_execution/attempts/01__r6_semantics_legacy_control__v2-04g-r6-i5-dynamic-conflict-single-s5161/work/ros_logs/718ac96c-84e2-11f1-bd0b-156f9b6ad262/roslaunch-WP-48763.log
Checking log directory for disk usage. This may take a while.
Press Ctrl-C to interrupt
Done checking log file disk usage. Usage is <1GB.
]2;/home/robot/robot_ws_base_rl/src/simulation/m2_gazebo/launch/m2_v2_04g_r6_i2_execution_integration.launch
[1mstarted roslaunch server http://127.0.0.1:39089/[0m

SUMMARY
========

PARAMETERS
 * /gazebo/enable_ros_network: True
 * /m2_gazebo/simulation_only: True
 * /m2_robot_state_publisher/publish_frequency: 30.0
 * /move_base/TebLocalPlannerROS/acc_lim_theta: 0.6
 * /move_base/TebLocalPlannerROS/acc_lim_x: 0.6
 * /move_base/TebLocalPlannerROS/allow_init_with_backwards_motion: True
 * /move_base/TebLocalPlannerROS/cmd_angle_instead_rotvel: False
 * /move_base/TebLocalPlannerROS/costmap_obstacles_behind_robot_dist: 1.5
 * /move_base/TebLocalPlannerROS/dt_hysteresis: 0.1
 * /move_base/TebLocalPlannerROS/dt_ref: 0.3
 * /move_base/TebLocalPlannerROS/dynamic_obstacle_inflation_dist: 0.75
 * /move_base/TebLocalPlannerROS/enable_homotopy_class_planning: False
 * /move_base/TebLocalPlannerROS/enable_multithreading: True
 * /move_base/TebLocalPlannerROS/feasibility_check_no_poses: 5
 * /move_base/TebLocalPlannerROS/footprint_model/type: polygon
 * /move_base/TebLocalPlannerROS/footprint_model/vertices: [[0.52, 0.35], [0...
 * /move_base/TebLocalPlannerROS/global_plan_overwrite_orientation: True
 * /move_base/TebLocalPlannerROS/global_plan_viapoint_sep: 0.35
 * /move_base/TebLocalPlannerROS/include_costmap_obstacles: True
 * /move_base/TebLocalPlannerROS/include_dynamic_obstacles: True
 * /move_base/TebLocalPlannerROS/inflation_dist: 0.725
 * /move_base/TebLocalPlannerROS/map_frame: odom
 * /move_base/TebLocalPlannerROS/max_global_plan_lookahead_dist: 6.0
 * /move_base/TebLocalPlannerROS/max_number_classes: 2
 * /move_base/TebLocalPlannerROS/max_samples: 500
 * /move_base/TebLocalPlannerROS/max_vel_theta: 0.75
 * /move_base/TebLocalPlannerROS/max_vel_x: 0.9
 * /move_base/TebLocalPlannerROS/max_vel_x_backwards: 0.3
 * /move_base/TebLocalPlannerROS/max_vel_y: 0.0
 * /move_base/TebLocalPlannerROS/min_obstacle_dist: 0.375
 * /move_base/TebLocalPlannerROS/min_turning_radius: 1.2
 * /move_base/TebLocalPlannerROS/obstacle_poses_affected: 15
 * /move_base/TebLocalPlannerROS/odom_topic: /odom
 * /move_base/TebLocalPlannerROS/selection_cost_hysteresis: 0.95
 * /move_base/TebLocalPlannerROS/switching_blocking_period: 0.5
 * /move_base/TebLocalPlannerROS/teb_autosize: True
 * /move_base/TebLocalPlannerROS/weight_acc_lim_theta: 1.0
 * /move_base/TebLocalPlannerROS/weight_acc_lim_x: 1.0
 * /move_base/TebLocalPlannerROS/weight_adapt_factor: 2.0
 * /move_base/TebLocalPlannerROS/weight_dynamic_obstacle: 60.0
 * /move_base/TebLocalPlannerROS/weight_dynamic_obstacle_inflation: 0.3
 * /move_base/TebLocalPlannerROS/weight_inflation: 0.1
 * /move_base/TebLocalPlannerROS/weight_kinematics_forward_drive: 10.0
 * /move_base/TebLocalPlannerROS/weight_kinematics_nh: 1000.0
 * /move_base/TebLocalPlannerROS/weight_kinematics_turning_radius: 10.0
 * /move_base/TebLocalPlannerROS/weight_max_vel_theta: 1.0
 * /move_base/TebLocalPlannerROS/weight_max_vel_x: 2.0
 * /move_base/TebLocalPlannerROS/weight_obstacle: 75.0
 * /move_base/TebLocalPlannerROS/weight_optimaltime: 0.75
 * /move_base/TebLocalPlannerROS/weight_velocity_obstacle_ratio: 5.0
 * /move_base/TebLocalPlannerROS/weight_viapoint: 2.5
 * /move_base/TebLocalPlannerROS/wheelbase: 0.65
 * /move_base/base_global_planner: navfn/NavfnROS
 * /move_base/base_local_planner: teb_local_planner...
 * /move_base/clearing_rotation_allowed: False
 * /move_base/controller_frequency: 10.0
 * /move_base/controller_patience: 5.0
 * /move_base/global_costmap/footprint: [[0.52, 0.35], [0...
 * /move_base/global_costmap/footprint_padding: 0.05
 * /move_base/global_costmap/global_frame: odom
 * /move_base/global_costmap/height: 30.0
 * /move_base/global_costmap/inflation_layer/cost_scaling_factor: 4.0
 * /move_base/global_costmap/inflation_layer/enabled: True
 * /move_base/global_costmap/inflation_layer/inflation_radius: 0.55
 * /move_base/global_costmap/obstacle_layer/enabled: True
 * /move_base/global_costmap/obstacle_layer/observation_sources: scan
 * /move_base/global_costmap/obstacle_layer/scan/clearing: True
 * /move_base/global_costmap/obstacle_layer/scan/data_type: LaserScan
 * /move_base/global_costmap/obstacle_layer/scan/inf_is_valid: True
 * /move_base/global_costmap/obstacle_layer/scan/marking: True
 * /move_base/global_costmap/obstacle_layer/scan/obstacle_range: 12.0
 * /move_base/global_costmap/obstacle_layer/scan/raytrace_range: 15.0
 * /move_base/global_costmap/obstacle_layer/scan/sensor_frame: laser_link
 * /move_base/global_costmap/obstacle_layer/scan/topic: /scan
 * /move_base/global_costmap/plugins: [{'name': 'obstac...
 * /move_base/global_costmap/publish_frequency: 2.0
 * /move_base/global_costmap/resolution: 0.05
 * /move_base/global_costmap/robot_base_frame: base_link
 * /move_base/global_costmap/rolling_window: True
 * /move_base/global_costmap/transform_tolerance: 0.3
 * /move_base/global_costmap/update_frequency: 5.0
 * /move_base/global_costmap/width: 80.0
 * /move_base/local_costmap/footprint: [[0.52, 0.35], [0...
 * /move_base/local_costmap/footprint_padding: 0.05
 * /move_base/local_costmap/global_frame: odom
 * /move_base/local_costmap/height: 12.0
 * /move_base/local_costmap/inflation_layer/cost_scaling_factor: 4.0
 * /move_base/local_costmap/inflation_layer/enabled: True
 * /move_base/local_costmap/inflation_layer/inflation_radius: 0.55
 * /move_base/local_costmap/obstacle_layer/enabled: True
 * /move_base/local_costmap/obstacle_layer/observation_sources: scan
 * /move_base/local_costmap/obstacle_layer/scan/clearing: True
 * /move_base/local_costmap/obstacle_layer/scan/data_type: LaserScan
 * /move_base/local_costmap/obstacle_layer/scan/inf_is_valid: True
 * /move_base/local_costmap/obstacle_layer/scan/marking: True
 * /move_base/local_costmap/obstacle_layer/scan/obstacle_range: 12.0
 * /move_base/local_costmap/obstacle_layer/scan/raytrace_range: 15.0
 * /move_base/local_costmap/obstacle_layer/scan/sensor_frame: laser_link
 * /move_base/local_costmap/obstacle_layer/scan/topic: /scan
 * /move_base/local_costmap/plugins: [{'name': 'obstac...
 * /move_base/local_costmap/publish_frequency: 5.0
 * /move_base/local_costmap/resolution: 0.05
 * /move_base/local_costmap/robot_base_frame: base_link
 * /move_base/local_costmap/rolling_window: True
 * /move_base/local_costmap/transform_tolerance: 0.3
 * /move_base/local_costmap/update_frequency: 10.0
 * /move_base/local_costmap/width: 12.0
 * /move_base/oscillation_distance: 0.2
 * /move_base/oscillation_timeout: 10.0
 * /move_base/planner_frequency: 1.0
 * /move_base/planner_patience: 5.0
 * /move_base/recovery_behavior_enabled: False
 * /move_base/shutdown_costmaps: False
 * /nav_world_model/allow_unfrozen_simulation_candidate: True
 * /nav_world_model/config: /home/robot/robot...
 * /r6_rule_context_supervisor/allow_unfrozen_simulation_candidate: True
 * /r6_rule_context_supervisor/attempt_profile_id: r6_semantics_lega...
 * /r6_rule_context_supervisor/config: /home/robot/robot...
 * /r6_rule_context_supervisor/config_sha256: a6941f6fd66e187c3...
 * /robot_description: <?xml version="1....
 * /rosdistro: noetic
 * /rosversion: 1.17.4
 * /tracks_to_teb_obstacles/fixed_frame: odom
 * /tracks_to_teb_obstacles/input_health: /nav_world_model/...
 * /tracks_to_teb_obstacles/input_odometry: /odom
 * /tracks_to_teb_obstacles/input_tracks: /nav_world_model/...
 * /tracks_to_teb_obstacles/minimum_confidence: 0.55
 * /tracks_to_teb_obstacles/output_obstacles: /move_base/TebLoc...
 * /use_sim_time: True
 * /v2_scan_transport/delay_s: 0.06
 * /v2_scan_transport/input_topic: /v2/scan_raw
 * /v2_scan_transport/jitter_s: 0.01
 * /v2_scan_transport/noise_stddev_m: 0.01
 * /v2_scan_transport/output_topic: /scan
 * /v2_scan_transport/seed: 5161

NODES
  /
    gazebo (gazebo_ros/gzserver)
    m2_robot_state_publisher (robot_state_publisher/robot_state_publisher)
    move_base (move_base/move_base)
    nav_world_model (nav_world_model/nav_world_model_node.py)
    r6_rule_context_supervisor (teb_mode_manager/r6_rule_context_supervisor_node.py)
    spawn_m2 (gazebo_ros/spawn_model)
    tracks_to_teb_obstacles (nav_world_model/tracks_to_teb_obstacles.py)
    v2_scan_transport (m2_gazebo/v2_scan_transport.py)

auto-starting new master
[1mprocess[master]: started with pid [48875][0m
[1mROS_MASTER_URI=http://127.0.0.1:11311[0m
WARNING: Package name "gazebo_ros_2Dmap_plugin" does not follow the naming conventions. It should start with a lower case letter and only contain lower case letters, digits, underscores, and dashes.
WARNING: Package name "gazebo_ros_2Dmap_plugin" does not follow the naming conventions. It should start with a lower case letter and only contain lower case letters, digits, underscores, and dashes.
[INFO] [1784624353.853920, 0.000000]: Loading model XML from ros parameter robot_description
[INFO] [1784624353.856864, 0.000000]: Waiting for service /gazebo/spawn_urdf_model
[INFO] [1784624354.762023, 0.000000]: Calling service /gazebo/spawn_urdf_model
[INFO] [1784624355.072348, 0.000000]: Spawn status: SpawnModel: Successfully spawned entity
[33m[WARN] [1784624370.580479157, 15.318000000]: TebLocalPlannerROS: trajectory is not feasible. Resetting planner...[0m
[33m[WARN] [1784624377.077439493, 21.810000000]: TebLocalPlannerROS: possible oscillation (of the robot or its local plan) detected. Activating recovery strategy (prefer current turning direction during optimization).[0m
[0m[INFO] [1784624355.384189385, 0.142000000]: global_costmap: Using plugin "obstacle_layer"[0m
[0m[INFO] [1784624355.391105618, 0.148000000]:     Subscribed to Topics: scan[0m
[0m[INFO] [1784624355.399714767, 0.156000000]: global_costmap: Using plugin "inflation_layer"[0m
[0m[INFO] [1784624355.417432212, 0.174000000]: local_costmap: Using plugin "obstacle_layer"[0m
[0m[INFO] [1784624355.418570415, 0.176000000]:     Subscribed to Topics: scan[0m
[0m[INFO] [1784624355.425495311, 0.182000000]: local_costmap: Using plugin "inflation_layer"[0m
[0m[INFO] [1784624355.444502382, 0.202000000]: Created local_planner teb_local_planner/TebLocalPlannerROS[0m
[0m[INFO] [1784624355.461079876, 0.218000000]: Footprint model 'polygon' loaded for trajectory optimization.[0m
[0m[INFO] [1784624355.461738653, 0.218000000]: Parallel planning in distinctive topologies disabled.[0m
[0m[INFO] [1784624355.461753120, 0.218000000]: No costmap conversion plugin specified. All occupied costmap cells are treaten as point obstacles.[0m
[0m[INFO] [1784624355.544181863, 0.300000000]: Recovery behavior will clear layer 'obstacles'[0m
[0m[INFO] [1784624355.545467913, 0.302000000]: Recovery behavior will clear layer 'obstacles'[0m
[0m[INFO] [1784624355.603498553, 0.360000000]: odom received![0m
[0m[INFO] [1784624389.593804702, 34.310000000]: TebLocalPlannerROS: oscillation recovery disabled/expired.[0m
[0m[INFO] [1784624390.794031709, 35.510000000]: GOAL Reached![0m
[0m[INFO] [1784624354.536802028]: Finished loading Gazebo ROS API Plugin.[0m
[0m[INFO] [1784624354.537555379]: waitForService: Service [/gazebo/set_physics_properties] has not been advertised, waiting...[0m
[0m[INFO] [1784624354.701969737]: waitForService: Service [/gazebo/set_physics_properties] is now available.[0m
[0m[INFO] [1784624354.715331813]: Physics dynamic reconfigure ready.[0m
[0m[INFO] [1784624354.947323408]: <initialOrientationAsReference> is unset, using default value of false to comply with REP 145 (world as orientation reference)[0m
[0m[INFO] [1784624354.947352569]: <robotNamespace> set to: //[0m
[0m[INFO] [1784624354.947359681]: <topicName> set to: imu/data[0m
[0m[INFO] [1784624354.947365255]: <frameName> set to: imu_link[0m
[0m[INFO] [1784624354.947381965]: <updateRateHZ> set to: 50[0m
[0m[INFO] [1784624354.947389611]: <gaussianNoise> set to: 0[0m
[0m[INFO] [1784624354.947410722]: <xyzOffset> set to: 0 0 0[0m
[0m[INFO] [1784624354.947423977]: <rpyOffset> set to: 0 -0 0[0m
[0m[INFO] [1784624355.076503915]: Laser Plugin: Using the 'robotNamespace' param: '/'[0m
[0m[INFO] [1784624355.076528348]: Starting Laser Plugin (ns = /)[0m
[0m[INFO] [1784624355.077329499]: Laser Plugin (ns = /)  <tf_prefix_>, set to ""[0m
[0m[INFO] [1784624355.200423736]: M2 simulation-only Ackermann interface loaded; cmd_angle_instead_rotvel=false; v2_actuator_dynamics=true[0m
WARNING: Package name "gazebo_ros_2Dmap_plugin" does not follow the naming conventions. It should start with a lower case letter and only contain lower case letters, digits, underscores, and dashes.
WARNING: Package name "gazebo_ros_2Dmap_plugin" does not follow the naming conventions. It should start with a lower case letter and only contain lower case letters, digits, underscores, and dashes.
]2;/home/robot/robot_ws_base_rl/src/simulation/m2_gazebo/launch/m2_v2_04g_r6_i2_execution_integration.launch http://127.0.0.1:11311
[1msetting /run_id to 718ac96c-84e2-11f1-bd0b-156f9b6ad262[0m
[1mprocess[rosout-1]: started with pid [48933][0m
started core service [/rosout]
[1mprocess[gazebo-2]: started with pid [48937][0m
[1mprocess[spawn_m2-3]: started with pid [48939][0m
[1mprocess[m2_robot_state_publisher-4]: started with pid [48940][0m
[1mprocess[v2_scan_transport-5]: started with pid [48944][0m
[1mprocess[move_base-6]: started with pid [48968][0m
[1mprocess[nav_world_model-7]: started with pid [48969][0m
[1mprocess[tracks_to_teb_obstacles-8]: started with pid [48970][0m
[1mprocess[r6_rule_context_supervisor-9]: started with pid [48995][0m
[1m[spawn_m2-3] process has finished cleanly
log file: /home/robot/robot_ws_base_rl/artifacts/v2/integration/v2_04g_r6_i1/r6_i5_execution/attempts/01__r6_semantics_legacy_control__v2-04g-r6-i5-dynamic-conflict-single-s5161/work/ros_logs/718ac96c-84e2-11f1-bd0b-156f9b6ad262/spawn_m2-3*.log[0m
[r6_rule_context_supervisor-9] killing on exit
[tracks_to_teb_obstacles-8] killing on exit
[nav_world_model-7] killing on exit
[move_base-6] killing on exit
[v2_scan_transport-5] killing on exit
[m2_robot_state_publisher-4] killing on exit
[gazebo-2] killing on exit
[rosout-1] killing on exit
[master] killing on exit
shutting down processing monitor...
... shutting down processing monitor complete
[1mdone[0m
