schema_version: '2.0'
stage: V2-04G-R6-I5
status: pass
simulation_only: true
runtime_ready: false
training_used: false
real_vehicle_used: false
profile_id: r6_semantics_legacy_control
repeat: 1
seed: 5161
warmup_elapsed_s: 2.039999999999999
required_consecutive_stable_count: 10
maximum_consecutive_stable_count: 10
warmup_mechanism_message_count: 10
warmup_instability_counts: {}
measurement_duration_s: 6.0
transaction_message_count: 30
transaction_valid_count: 30
transaction_activated_count: 30
transaction_valid_fraction: 1.0
transaction_activated_fraction: 1.0
transaction_backend_counts:
  simulation_teb_dynamic_reconfigure: 30
fault_reason_counts: {}
fault_taxonomy_counts:
  CLEAN: 30
fault_samples: []
mechanism_message_count: 30
join_valid_count: 30
join_valid_fraction: 1.0
join_reason_counts:
  EXACT_SEQUENCE_JOIN: 30
unique_context_sequence_count: 30
maximum_join_sequence_delta: 0
maximum_join_timestamp_delta_s: 0.13599999999999923
context_message_count: 30
context_valid_count: 30
context_valid_fraction: 1.0
context_reason_counts:
  clear_straight_stable_path;no_predicted_dynamic_conflict: 8
  clear_straight_stable_path;predicted_conflict_track_1: 12
  mode_exit_hysteresis_hold_cruise_over_balanced;predicted_conflict_track_1: 2
  insufficient_mode_confidence;predicted_conflict_track_1: 8
hard_gates:
  consecutive_stable_readiness: true
  transaction_message_count: true
  mechanism_message_count: true
  transaction_activated_fraction: true
  transaction_valid_fraction: true
  join_valid_fraction: true
  expected_context_hold_count: true
  backend_transaction_fault_count: true
  unknown_transaction_fault_count: true
  fault_taxonomy_complete: true
  join_reason_domain: true
  execution_backend_domain: true
  training_unused: true
all_hard_gates_pass:<redacted>

