schema_version: '2.0'
architecture_generation: v2
evaluator_id: fam_teb_v2_02_evaluator_1
formal_result: false
runtime_ready: false
scene_id: v2-04g-r1-maneuver-s4934
family: MANEUVER
split: calibration
seed: 4934
instance_sha256: ec65a3abd75522b8c57051740fb382054a8adf75c43cd244e511fa46e8d4f4cb
raw_trace_sha256: d6db52814aa65475e2f4fd8984e84f440316b06cbf1c37678b003cf5d0497a89
termination: SUCCESS
metrics:
  common:
    success: true
    collision: false
    navigation_time_s: 35.699999999999996
    path_length_m: 4.076410456823732
    mean_abs_speed_mps: 0.11422517955111862
    minimum_clearance_m: 0.4060650701633107
    stop_count: 8
    reverse_distance_m: 2.2439544153691795
  family:
    gear_switch_count: 7
    gear_switch_while_moving_count: 6
    reverse_distance_m: 2.2439544153691795
stage: V2-04G-R1
method: rule_multi_anchor
episode_timeout_s: 60.0
tracker_message_count: 529
tracker_health_valid_fraction: 1.0
finite_ttc_sample_count: 0
ttc_status: NO_CONFLICT_IN_HORIZON
context_message_count: 179
context_valid_count: 179
context_geometry_sequence:
- MANEUVER
- STATIC_DENSE
context_geometry_switch_count: 1
transaction_message_count: 180
transaction_valid_count: 180
transaction_activated_count: 180
transaction_fault_count: 0
transaction_backends:
- simulation_teb_dynamic_reconfigure
active_anchor_sequence:
- anchor_maneuver_forward
- anchor_static_dense
active_anchor_switch_count: 1
typed_transaction_expected: true
typed_transaction_valid: true
training_used: false
runtime_policy_manifest_access: false
runtime_scene_labels_available: false
experiment_manager_validation_manifest_access: false
runner_fault_reason: ''
supervisor_profile_id: g1_mechanism_balanced
context_geometry_sample_counts:
  BALANCED: 0
  CRUISE: 0
  STATIC_DENSE: 145
  CORRIDOR: 0
  MANEUVER: 34
context_geometry_sample_fractions:
  BALANCED: 0.0
  CRUISE: 0.0
  STATIC_DENSE: 0.8100558659217877
  CORRIDOR: 0.0
  MANEUVER: 0.18994413407821228
context_overlay_sample_counts:
  NONE: 179
  CROSSING: 0
  HEAD_ON: 0
  FOLLOW: 0
  OVERTAKE_OR_YIELD: 0
context_overlay_sample_fractions:
  NONE: 1.0
  CROSSING: 0.0
  HEAD_ON: 0.0
  FOLLOW: 0.0
  OVERTAKE_OR_YIELD: 0.0
experiment_manager_calibration_manifest_access: true
mode_measurement_window: post_readiness_goal_execution_only
clearance_audit:
  schema_version: '2.0'
  stage: V2-04G-R1
  evaluator_only_gazebo_truth_used: true
  runtime_policy_received_truth: false
  minimum_signed_scan_clearance_m: 0.4060650701633107
  minimum_truth_box_clearance_m: 0.4151874235406943
  classification: CLEARANCE_POSITIVE
  minimum_scan_detail:
    stamp_s: 40.288
    robot_x_m: 0.4465563669292633
    robot_y_m: -0.005475598230730062
    signed_scan_clearance_m: 0.4060650701633107
    clipped_scan_clearance_m: 0.4060650701633107
    raw_range_m: 0.9341097474098206
    ray_index: 20
    ray_angle_rad: -2.9668146036565304
    footprint_boundary_range_m: 0.5280446772465098
  minimum_truth_detail:
    stamp_s: 40.288
    clearance_m: 0.4151874235406943
    closest_model: bay-back
    model_x_m: 5.502788571
    model_y_m: -0.020570795
  contact_count: 0
mechanism_message_count: 179
mechanism_join_valid_count: 179
mechanism_join_valid_fraction: 1.0
mechanism_join_reason_counts:
  EXACT_SEQUENCE_JOIN: 179
mechanism_topology_locked_sample_count: 144
mechanism_corridor_centerline_sample_count: 0
mechanism_maneuver_reverse_sample_count: 0
mechanism_topology_switch_count: 0

