schema_version: '2.0'
architecture_generation: v2
evaluator_id: fam_teb_v2_02_evaluator_1
formal_result: false
runtime_ready: false
scene_id: v2-04g-maneuver-s4913
family: MANEUVER
split: calibration
seed: 4913
instance_sha256: 5806105377fb2252786eda312b476f82145aaf3ffdab7fa5e730eed756e52830
raw_trace_sha256: dac9d93c964f7bff8a97e030ffb98ee474bc4c6f1d00575fc79ab620ffcfe0ef
termination: SUCCESS
metrics:
  common:
    success: true
    collision: false
    navigation_time_s: 24.599999999999998
    path_length_m: 4.415611507828751
    mean_abs_speed_mps: 0.1795323097000824
    minimum_clearance_m: 0.26944835926132193
    stop_count: 6
    reverse_distance_m: 2.3571762369840052
  family:
    gear_switch_count: 5
    gear_switch_while_moving_count: 3
    reverse_distance_m: 2.3571762369840052
stage: V2-04G
method: fixed_teb
episode_timeout_s: 60.0
tracker_message_count: 367
tracker_health_valid_fraction: 1.0
finite_ttc_sample_count: 0
ttc_status: NO_CONFLICT_IN_HORIZON
context_message_count: 0
context_valid_count: 0
context_geometry_sequence: []
context_geometry_switch_count: 0
transaction_message_count: 0
transaction_valid_count: 0
transaction_activated_count: 0
transaction_fault_count: 0
transaction_backends: []
active_anchor_sequence:
- fixed_teb
active_anchor_switch_count: 0
typed_transaction_expected: false
typed_transaction_valid: true
training_used: false
runtime_policy_manifest_access: false
runtime_scene_labels_available: false
experiment_manager_validation_manifest_access: false
runner_fault_reason: ''
supervisor_profile_id: fixed_reference
context_geometry_sample_counts:
  BALANCED: 0
  CRUISE: 0
  STATIC_DENSE: 0
  CORRIDOR: 0
  MANEUVER: 0
context_geometry_sample_fractions:
  BALANCED: 0.0
  CRUISE: 0.0
  STATIC_DENSE: 0.0
  CORRIDOR: 0.0
  MANEUVER: 0.0
context_overlay_sample_counts:
  NONE: 0
  CROSSING: 0
  HEAD_ON: 0
  FOLLOW: 0
  OVERTAKE_OR_YIELD: 0
context_overlay_sample_fractions:
  NONE: 0.0
  CROSSING: 0.0
  HEAD_ON: 0.0
  FOLLOW: 0.0
  OVERTAKE_OR_YIELD: 0.0
experiment_manager_calibration_manifest_access: true
mode_measurement_window: post_readiness_goal_execution_only
clearance_audit:
  schema_version: '2.0'
  stage: V2-04G
  evaluator_only_gazebo_truth_used: true
  runtime_policy_received_truth: false
  minimum_signed_scan_clearance_m: 0.26944835926132193
  minimum_truth_box_clearance_m: 0.2872619038119749
  classification: CLEARANCE_POSITIVE
  minimum_scan_detail:
    stamp_s: 26.862
    robot_x_m: 0.6020108582709771
    robot_y_m: -0.025278885463002512
    signed_scan_clearance_m: 0.26944835926132193
    clipped_scan_clearance_m: 0.26944835926132193
    raw_range_m: 0.7894682288169861
    ray_index: 718
    ray_angle_rad: 3.1328508611768484
    footprint_boundary_range_m: 0.5200198695556641
  minimum_truth_detail:
    stamp_s: 27.162
    clearance_m: 0.2872619038119749
    closest_model: bay-back
    model_x_m: 5.518034098
    model_y_m: 0.012525342
  contact_count: 0
mechanism_message_count: 0
mechanism_topology_locked_sample_count: 0
mechanism_corridor_centerline_sample_count: 0
mechanism_maneuver_reverse_sample_count: 0
mechanism_topology_switch_count: 0

