schema_version: '2.0'
architecture_generation: v2
evaluator_id: fam_teb_v2_02_evaluator_1
formal_result: false
runtime_ready: false
scene_id: v2-04e-dynamic-s4702
family: DYNAMIC
split: calibration
seed: 4702
instance_sha256: 03793196acc75dbda211f4234d909813dfb1d3509702fd0fc7798fe7dc6ad126
raw_trace_sha256: 63d41003012ce56ef1c7b8e7e91e069e610c9a1e42da3a5921115c25d113b514
termination: SUCCESS
metrics:
  common:
    success: true
    collision: false
    navigation_time_s: 17.6
    path_length_m: 18.107970144997946
    mean_abs_speed_mps: 1.0288475642091721
    minimum_clearance_m: 2.3590902314974906
    stop_count: 1
    reverse_distance_m: 0.0
  family:
    minimum_predicted_ttc_s: null
    stop_count: 1
    interaction_clearance_m: 2.3590902314974906
stage: V2-04E
method: rule_multi_anchor
episode_timeout_s: 80.0
tracker_message_count: 263
tracker_health_valid_fraction: 1.0
finite_ttc_sample_count: 0
ttc_status: NO_CONFLICT_IN_HORIZON
context_message_count: 90
context_valid_count: 90
context_geometry_sequence:
- BALANCED
- CRUISE
context_geometry_switch_count: 1
transaction_message_count: 90
transaction_valid_count: 90
transaction_activated_count: 90
transaction_fault_count: 0
transaction_backends:
- simulation_teb_dynamic_reconfigure
active_anchor_sequence:
- anchor_balanced
- anchor_cruise
active_anchor_switch_count: 1
typed_transaction_expected: true
typed_transaction_valid: true
training_used: false
runtime_policy_manifest_access: false
runtime_scene_labels_available: false
experiment_manager_validation_manifest_access: false
runner_fault_reason: ''
supervisor_profile_id: repair_c_cruise_guarded
context_geometry_sample_counts:
  BALANCED: 8
  CRUISE: 82
  STATIC_DENSE: 0
  CORRIDOR: 0
  MANEUVER: 0
context_geometry_sample_fractions:
  BALANCED: 0.08888888888888889
  CRUISE: 0.9111111111111111
  STATIC_DENSE: 0.0
  CORRIDOR: 0.0
  MANEUVER: 0.0
context_overlay_sample_counts:
  NONE: 90
  CROSSING: 0
  HEAD_ON: 0
  FOLLOW: 0
  OVERTAKE_OR_YIELD: 0
context_overlay_sample_fractions:
  NONE: 1.0
  CROSSING: 0.0
  HEAD_ON: 0.0
  FOLLOW: 0.0
  OVERTAKE_OR_YIELD: 0.0
experiment_manager_calibration_manifest_access: true

