schema_version: '2.0'
architecture_generation: v2
evaluator_id: fam_teb_v2_02_evaluator_1
formal_result: false
runtime_ready: false
scene_id: v2-04e4-static-s4733
family: STATIC_DENSE
split: calibration
seed: 4733
instance_sha256: 7d602556d8075fe46a37c2eb12c0072ab427edd887b9ae625f7546fdae545ce5
raw_trace_sha256: 6e75d515f5201ed3b7f8c417e746205a2f27a7385d7c444e93fb7d974f9a117a
termination: SUCCESS
metrics:
  common:
    success: true
    collision: false
    navigation_time_s: 27.8
    path_length_m: 14.106258025288962
    mean_abs_speed_mps: 0.50742545502353
    minimum_clearance_m: 0.4822235838306422
    stop_count: 1
    reverse_distance_m: 0.0
  family:
    topology_switch_count: 1
    global_replan_count: 56
    recovery_count: 0
stage: V2-04E4
method: rule_multi_anchor
episode_timeout_s: 50.0
tracker_message_count: 415
tracker_health_valid_fraction: 1.0
finite_ttc_sample_count: 0
ttc_status: NO_CONFLICT_IN_HORIZON
context_message_count: 139
context_valid_count: 139
context_geometry_sequence:
- BALANCED
- STATIC_DENSE
context_geometry_switch_count: 1
transaction_message_count: 141
transaction_valid_count: 141
transaction_activated_count: 141
transaction_fault_count: 0
transaction_backends:
- simulation_teb_dynamic_reconfigure
active_anchor_sequence:
- anchor_balanced
- anchor_static_dense
active_anchor_switch_count: 1
typed_transaction_expected: true
typed_transaction_valid: true
training_used: false
runtime_policy_manifest_access: false
runtime_scene_labels_available: false
experiment_manager_validation_manifest_access: false
runner_fault_reason: ''
supervisor_profile_id: pocket_g_exit10
context_geometry_sample_counts:
  BALANCED: 13
  CRUISE: 0
  STATIC_DENSE: 126
  CORRIDOR: 0
  MANEUVER: 0
context_geometry_sample_fractions:
  BALANCED: 0.09352517985611511
  CRUISE: 0.0
  STATIC_DENSE: 0.9064748201438849
  CORRIDOR: 0.0
  MANEUVER: 0.0
context_overlay_sample_counts:
  NONE: 88
  CROSSING: 0
  HEAD_ON: 0
  FOLLOW: 0
  OVERTAKE_OR_YIELD: 51
context_overlay_sample_fractions:
  NONE: 0.6330935251798561
  CROSSING: 0.0
  HEAD_ON: 0.0
  FOLLOW: 0.0
  OVERTAKE_OR_YIELD: 0.3669064748201439
experiment_manager_calibration_manifest_access: true
mode_measurement_window: post_readiness_goal_execution_only

