schema_version: '2.0'
architecture_generation: v2
evaluator_id: fam_teb_v2_02_evaluator_1
formal_result: false
runtime_ready: false
scene_id: v2-04g-r4-static-s5068
family: STATIC_DENSE
split: calibration
seed: 5068
instance_sha256: 78f68dc829b3f7744b469ab092959e0ee04204fc9d4de9507ec6bd82dcebd884
raw_trace_sha256: 558167330f36d7179dfc812f51906b53fc1d149b364600057f4abb75a9ad3239
termination: SUCCESS
metrics:
  common:
    success: true
    collision: false
    navigation_time_s: 21.6
    path_length_m: 14.477740037673355
    mean_abs_speed_mps: 0.6707836152288791
    minimum_clearance_m: 0.49734945027623356
    stop_count: 1
    reverse_distance_m: 0.0
  family:
    topology_switch_count: 1
    global_replan_count: 44
    recovery_count: 0
stage: V2-04G-R4
method: rule_multi_anchor
episode_timeout_s: 50.0
tracker_message_count: 322
tracker_health_valid_fraction: 1.0
finite_ttc_sample_count: 114
ttc_status: OBSERVED_CONFLICT
context_message_count: 108
context_valid_count: 108
context_geometry_sequence:
- BALANCED
- STATIC_DENSE
context_geometry_switch_count: 1
transaction_message_count: 109
transaction_valid_count: 109
transaction_activated_count: 109
transaction_fault_count: 0
transaction_backends:
- simulation_teb_dynamic_reconfigure
active_anchor_sequence:
- anchor_balanced
- anchor_static_dense
active_anchor_switch_count: 1
typed_transaction_expected: true
typed_transaction_valid: true
training_used: false
runtime_policy_manifest_access: false
runtime_scene_labels_available: false
experiment_manager_validation_manifest_access: false
runner_fault_reason: ''
supervisor_profile_id: r2_control_g2
context_geometry_sample_counts:
  BALANCED: 10
  CRUISE: 0
  STATIC_DENSE: 98
  CORRIDOR: 0
  MANEUVER: 0
context_geometry_sample_fractions:
  BALANCED: 0.09259259259259259
  CRUISE: 0.0
  STATIC_DENSE: 0.9074074074074074
  CORRIDOR: 0.0
  MANEUVER: 0.0
context_overlay_sample_counts:
  NONE: 41
  CROSSING: 0
  HEAD_ON: 0
  FOLLOW: 0
  OVERTAKE_OR_YIELD: 67
context_overlay_sample_fractions:
  NONE: 0.37962962962962965
  CROSSING: 0.0
  HEAD_ON: 0.0
  FOLLOW: 0.0
  OVERTAKE_OR_YIELD: 0.6203703703703703
experiment_manager_calibration_manifest_access: true
mode_measurement_window: post_readiness_goal_execution_only
clearance_audit:
  schema_version: '2.0'
  stage: V2-04G-R4
  evaluator_only_gazebo_truth_used: true
  runtime_policy_received_truth: false
  minimum_signed_scan_clearance_m: 0.49734945027623356
  minimum_truth_box_clearance_m: 0.4863323422664105
  classification: CLEARANCE_POSITIVE
  minimum_scan_detail:
    stamp_s: 9.436
    robot_x_m: 2.46935565865185
    robot_y_m: 0.379063405004408
    signed_scan_clearance_m: 0.49734945027623356
    clipped_scan_clearance_m: 0.49734945027623356
    raw_range_m: 0.8490477204322815
    ray_index: 191
    ray_angle_rad: -1.4724839525297284
    footprint_boundary_range_m: 0.35169827015604793
  minimum_truth_detail:
    stamp_s: 8.736
    clearance_m: 0.4863323422664105
    closest_model: pillar-1
    model_x_m: 3.162382841
    model_y_m: -0.677247544
  contact_count: 0
mechanism_message_count: 108
mechanism_join_valid_count: 108
mechanism_join_valid_fraction: 1.0
mechanism_join_reason_counts:
  EXACT_SEQUENCE_JOIN: 108
mechanism_topology_locked_sample_count: 98
mechanism_corridor_centerline_sample_count: 0
mechanism_maneuver_reverse_sample_count: 0
mechanism_topology_switch_count: 0

