schema_version: '2.0'
architecture_generation: v2
evaluator_id: fam_teb_v2_02_evaluator_1
formal_result: false
runtime_ready: false
scene_id: v2-04g-r4-r1-maneuver-s5104
family: MANEUVER
split: calibration
seed: 5104
instance_sha256: a05525ac0d7289e13a2a43b06ac91d06dab10206565bbb357ca43ee92ff68ecc
raw_trace_sha256: 92771cab95d166085f0b85f2d74c0c0051ec64003f8b4bd7bc03854ff51a3cb6
termination: SUCCESS
metrics:
  common:
    success: true
    collision: false
    navigation_time_s: 24.1
    path_length_m: 4.31944160323416
    mean_abs_speed_mps: 0.17934232124924607
    minimum_clearance_m: 0.28357750288922956
    stop_count: 6
    reverse_distance_m: 2.488991470355328
  family:
    gear_switch_count: 5
    gear_switch_while_moving_count: 4
    reverse_distance_m: 2.488991470355328
stage: V2-04G-R4-R1
method: rule_multi_anchor
episode_timeout_s: 60.0
tracker_message_count: 359
tracker_health_valid_fraction: 1.0
finite_ttc_sample_count: 0
ttc_status: NO_CONFLICT_IN_HORIZON
context_message_count: 120
context_valid_count: 120
context_geometry_sequence:
- MANEUVER
- STATIC_DENSE
context_geometry_switch_count: 1
transaction_message_count: 123
transaction_valid_count: 123
transaction_activated_count: 123
transaction_fault_count: 0
transaction_backends:
- simulation_teb_dynamic_reconfigure
active_anchor_sequence:
- anchor_maneuver_reverse
- anchor_static_dense
active_anchor_switch_count: 1
typed_transaction_expected: true
typed_transaction_valid: true
training_used: false
runtime_policy_manifest_access: false
runtime_scene_labels_available: false
experiment_manager_validation_manifest_access: false
runner_fault_reason: ''
supervisor_profile_id: r4r1_aggressive_control_m028
context_geometry_sample_counts:
  BALANCED: 0
  CRUISE: 0
  STATIC_DENSE: 90
  CORRIDOR: 0
  MANEUVER: 30
context_geometry_sample_fractions:
  BALANCED: 0.0
  CRUISE: 0.0
  STATIC_DENSE: 0.75
  CORRIDOR: 0.0
  MANEUVER: 0.25
context_overlay_sample_counts:
  NONE: 120
  CROSSING: 0
  HEAD_ON: 0
  FOLLOW: 0
  OVERTAKE_OR_YIELD: 0
context_overlay_sample_fractions:
  NONE: 1.0
  CROSSING: 0.0
  HEAD_ON: 0.0
  FOLLOW: 0.0
  OVERTAKE_OR_YIELD: 0.0
experiment_manager_calibration_manifest_access: true
mode_measurement_window: post_readiness_goal_execution_only
clearance_audit:
  schema_version: '2.0'
  stage: V2-04G-R4-R1
  evaluator_only_gazebo_truth_used: true
  runtime_policy_received_truth: false
  minimum_signed_scan_clearance_m: 0.28357750288922956
  minimum_truth_box_clearance_m: 0.28565935219041255
  classification: CLEARANCE_POSITIVE
  minimum_scan_detail:
    stamp_s: 28.77
    robot_x_m: 0.5605588979977881
    robot_y_m: -0.008920632059129484
    signed_scan_clearance_m: 0.28357750288922956
    clipped_scan_clearance_m: 0.28357750288922956
    raw_range_m: 0.8040743470191956
    ray_index: 714
    ray_angle_rad: 3.097895758226514
    footprint_boundary_range_m: 0.520496844129966
  minimum_truth_detail:
    stamp_s: 17.17
    clearance_m: 0.28565935219041255
    closest_model: bay-left
    model_x_m: 3.020928236
    model_y_m: 1.523314054
  contact_count: 0
mechanism_message_count: 121
mechanism_join_valid_count: 121
mechanism_join_valid_fraction: 1.0
mechanism_join_reason_counts:
  EXACT_SEQUENCE_JOIN: 121
mechanism_topology_locked_sample_count: 90
mechanism_corridor_centerline_sample_count: 0
mechanism_maneuver_reverse_sample_count: 31
mechanism_topology_switch_count: 0

