schema_version: '2.0'
architecture_generation: v2
evaluator_id: fam_teb_v2_02_evaluator_1
formal_result: false
runtime_ready: false
scene_id: v2-04g-r1-static-s4928
family: STATIC_DENSE
split: calibration
seed: 4928
instance_sha256: 8b3ec1692a39dc772d194e2b96a8e969def4a239a35835b500ab8b86a9484a47
raw_trace_sha256: f6cffda225dc504fedf31b32b1e35edca84a27f5e813e990eb3b34fefe7fe670
termination: SUCCESS
metrics:
  common:
    success: true
    collision: false
    navigation_time_s: 22.0
    path_length_m: 13.838381400709412
    mean_abs_speed_mps: 0.6289307847913833
    minimum_clearance_m: 0.4586681770099901
    stop_count: 3
    reverse_distance_m: 0.0
  family:
    topology_switch_count: 2
    global_replan_count: 44
    recovery_count: 0
stage: V2-04G-R2
method: rule_multi_anchor
episode_timeout_s: 50.0
tracker_message_count: 328
tracker_health_valid_fraction: 1.0
finite_ttc_sample_count: 61
ttc_status: OBSERVED_CONFLICT
context_message_count: 110
context_valid_count: 109
context_geometry_sequence:
- BALANCED
- STATIC_DENSE
- BALANCED
context_geometry_switch_count: 2
transaction_message_count: 111
transaction_valid_count: 110
transaction_activated_count: 110
transaction_fault_count: 1
transaction_backends:
- simulation_teb_dynamic_reconfigure
active_anchor_sequence:
- anchor_balanced
- anchor_static_dense
- anchor_balanced
active_anchor_switch_count: 2
typed_transaction_expected: true
typed_transaction_valid: true
training_used: false
runtime_policy_manifest_access: false
runtime_scene_labels_available: false
experiment_manager_validation_manifest_access: false
runner_fault_reason: ''
supervisor_profile_id: r2_target_balanced
context_geometry_sample_counts:
  BALANCED: 30
  CRUISE: 0
  STATIC_DENSE: 79
  CORRIDOR: 0
  MANEUVER: 0
context_geometry_sample_fractions:
  BALANCED: 0.27522935779816515
  CRUISE: 0.0
  STATIC_DENSE: 0.7247706422018348
  CORRIDOR: 0.0
  MANEUVER: 0.0
context_overlay_sample_counts:
  NONE: 67
  CROSSING: 0
  HEAD_ON: 4
  FOLLOW: 0
  OVERTAKE_OR_YIELD: 38
context_overlay_sample_fractions:
  NONE: 0.6146788990825688
  CROSSING: 0.0
  HEAD_ON: 0.03669724770642202
  FOLLOW: 0.0
  OVERTAKE_OR_YIELD: 0.3486238532110092
experiment_manager_calibration_manifest_access: true
mode_measurement_window: post_readiness_goal_execution_only
clearance_audit:
  schema_version: '2.0'
  stage: V2-04G-R2
  evaluator_only_gazebo_truth_used: true
  runtime_policy_received_truth: false
  minimum_signed_scan_clearance_m: 0.4586681770099901
  minimum_truth_box_clearance_m: 0.4561614062315178
  classification: CLEARANCE_POSITIVE
  minimum_scan_detail:
    stamp_s: 17.994
    robot_x_m: 7.783158237599841
    robot_y_m: 0.25709639741662427
    signed_scan_clearance_m: 0.4586681770099901
    clipped_scan_clearance_m: 0.4586681770099901
    raw_range_m: 0.809371829032898
    ray_index: 187
    ray_angle_rad: -1.507439055480063
    footprint_boundary_range_m: 0.3507036520229079
  minimum_truth_detail:
    stamp_s: 23.394
    clearance_m: 0.4561614062315178
    closest_model: pillar-4
    model_x_m: 10.701829542
    model_y_m: 0.756572936
  contact_count: 0
mechanism_message_count: 110
mechanism_join_valid_count: 110
mechanism_join_valid_fraction: 1.0
mechanism_join_reason_counts:
  EXACT_SEQUENCE_JOIN: 110
mechanism_topology_locked_sample_count: 79
mechanism_corridor_centerline_sample_count: 0
mechanism_maneuver_reverse_sample_count: 0
mechanism_topology_switch_count: 0

