header: 
  seq: 1
  stamp: 
    secs: 6
    nsecs: 718000000
  frame_id: "base_link"
schema_version: "2.0"
world_model_seq: 96
mode_seq: 0
config_seq: 6
geometry_mode: 0
dynamic_overlay: 0
transition_state: 0
anchor_id: "anchor_balanced"
profile_id: "profile_balanced_v2_04c_frozen+none"
execution_backend: "simulation_teb_dynamic_reconfigure"
parameter_names: 
  - max_vel_x
  - max_vel_theta
  - acc_lim_x
  - acc_lim_theta
  - min_obstacle_dist
  - inflation_dist
  - weight_obstacle
  - weight_viapoint
  - weight_optimaltime
  - dynamic_obstacle_inflation_dist
  - weight_dynamic_obstacle
  - weight_dynamic_obstacle_inflation
  - weight_velocity_obstacle_ratio
  - max_vel_x_backwards
  - max_global_plan_lookahead_dist
  - global_plan_viapoint_sep
  - include_dynamic_obstacles
  - max_number_classes
  - selection_cost_hysteresis
  - switching_blocking_period
parameter_types: 
  - double
  - double
  - double
  - double
  - double
  - double
  - double
  - double
  - double
  - double
  - double
  - double
  - double
  - double
  - double
  - double
  - bool
  - int
  - double
  - double
commanded: [0.9, 0.75, 0.6, 0.6, 0.375, 0.725, 75.0, 2.5, 0.75, 0.75, 60.0, 0.3, 5.0, 0.3, 6.0, 0.35, 1.0, 2.0, 0.95, 0.5]
feasible: [0.9, 0.75, 0.6, 0.6, 0.375, 0.725, 75.0, 2.5, 0.75, 0.75, 60.0, 0.3, 5.0, 0.3, 6.0, 0.35, 1.0, 2.0, 0.95, 0.5]
safe: [0.9, 0.75, 0.6, 0.6, 0.375, 0.725, 75.0, 2.5, 0.75, 0.75, 60.0, 0.3, 5.0, 0.3, 6.0, 0.35, 1.0, 2.0, 0.95, 0.5]
executed: [0.9, 0.75, 0.6, 0.6, 0.375, 0.725, 75.0, 2.5, 0.75, 0.75, 60.0, 0.3, 5.0, 0.3, 6.0, 0.35, 1.0, 2.0, 0.95, 0.5]
projection_reason_mask: 0
safety_reason_mask: 0
t_request: 
  secs: 6
  nsecs: 718000000
t_ack: 
  secs: 6
  nsecs: 718000000
t_readback: 
  secs: 6
  nsecs: 718000000
t_active: 
  secs: 6
  nsecs: 718000000
activated: True
slow_profile_committed: False
training_used: False
valid: True
fault_reason: ''
---
