schema_version: '2.0'
architecture_generation: v2
evaluator_id: fam_teb_v2_02_evaluator_1
formal_result: false
runtime_ready: false
scene_id: v2-04g-r6-i5-dynamic-semantic-clear-s5163
family: DYNAMIC
split: calibration
seed: 5163
instance_sha256: 322f05662b82c150e4cf7117d41bf431db08a84e97de1d21f277ef60bbf2baa3
raw_trace_sha256: a3c50990b4f5ed73554256019209e63dbe76d89602c4da3679c6b091373a190f
termination: SUCCESS
metrics:
  common:
    success: true
    collision: false
    navigation_time_s: 19.6
    path_length_m: 18.21121248588125
    mean_abs_speed_mps: 0.9291537199625034
    minimum_clearance_m: 2.6359064769120835
    stop_count: 1
    reverse_distance_m: 0.0
  family:
    minimum_predicted_ttc_s: null
    stop_count: 1
    interaction_clearance_m: 2.6359064769120835
stage: V2-04G-R6-I5
method: rule_multi_anchor
episode_timeout_s: 80.0
tracker_message_count: 292
tracker_health_valid_fraction: 1.0
finite_ttc_sample_count: 0
ttc_status: NO_CONFLICT_IN_HORIZON
context_message_count: 98
context_valid_count: 98
context_geometry_sequence:
- BALANCED
- CRUISE
context_geometry_switch_count: 1
transaction_message_count: 99
transaction_valid_count: 99
transaction_activated_count: 99
transaction_fault_count: 0
transaction_backends:
- simulation_teb_dynamic_reconfigure
active_anchor_sequence:
- anchor_balanced
- anchor_cruise
active_anchor_switch_count: 1
typed_transaction_expected: true
typed_transaction_valid: true
training_used: false
runtime_policy_manifest_access: false
runtime_scene_labels_available: false
experiment_manager_validation_manifest_access: false
runner_fault_reason: ''
supervisor_profile_id: r6_semantics_legacy_control
context_geometry_sample_counts:
  BALANCED: 4
  CRUISE: 94
  STATIC_DENSE: 0
  CORRIDOR: 0
  MANEUVER: 0
context_geometry_sample_fractions:
  BALANCED: 0.04081632653061224
  CRUISE: 0.9591836734693877
  STATIC_DENSE: 0.0
  CORRIDOR: 0.0
  MANEUVER: 0.0
context_overlay_sample_counts:
  NONE: 80
  CROSSING: 18
  HEAD_ON: 0
  FOLLOW: 0
  OVERTAKE_OR_YIELD: 0
context_overlay_sample_fractions:
  NONE: 0.8163265306122449
  CROSSING: 0.1836734693877551
  HEAD_ON: 0.0
  FOLLOW: 0.0
  OVERTAKE_OR_YIELD: 0.0
experiment_manager_calibration_manifest_access: true
mode_measurement_window: post_readiness_goal_execution_only
clearance_audit:
  schema_version: '2.0'
  stage: V2-04G-R6-I5
  evaluator_only_gazebo_truth_used: true
  runtime_policy_received_truth: false
  minimum_signed_scan_clearance_m: 2.6359064769120835
  minimum_truth_box_clearance_m: 2.620118316447951
  classification: CLEARANCE_POSITIVE
  minimum_scan_detail:
    stamp_s: 17.592
    robot_x_m: 7.663303123028352
    robot_y_m: 0.22289564649844057
    signed_scan_clearance_m: 2.6359064769120835
    clipped_scan_clearance_m: 2.6359064769120835
    raw_range_m: 2.9860944747924805
    ray_index: 543
    ray_angle_rad: 1.603565107099712
    footprint_boundary_range_m: 0.3501879978803969
  minimum_truth_detail:
    stamp_s: 16.892
    clearance_m: 2.620118316447951
    closest_model: crossing-agent
    model_x_m: 8.0
    model_y_m: 3.5
  contact_count: 0
  profile_id: r6_semantics_legacy_control
  scene_id: v2-04g-r6-i5-dynamic-semantic-clear-s5163
  seed: 5163
  attempt: 1
mechanism_message_count: 98
mechanism_join_valid_count: 98
mechanism_join_valid_fraction: 1.0
mechanism_join_reason_counts:
  EXACT_SEQUENCE_JOIN: 98
mechanism_topology_locked_sample_count: 0
mechanism_corridor_centerline_sample_count: 0
mechanism_maneuver_reverse_sample_count: 0
mechanism_topology_switch_count: 0
profile_id: r6_semantics_legacy_control
attempt: 1

