schema_version: '2.0'
architecture_generation: v2
evaluator_id: fam_teb_v2_02_evaluator_1
formal_result: false
runtime_ready: false
scene_id: v2-04g-r1-corridor-s4930
family: CORRIDOR
split: calibration
seed: 4930
instance_sha256: b32fa6814d6f5797d4d096d6ee8e92124fa86e86b118998b8c4d2dcde33ec248
raw_trace_sha256: 17e0033bf5343440a11ccd2ede92fa908d4ca33fc73e177d4155e44f85aa8b7f
termination: SUCCESS
metrics:
  common:
    success: true
    collision: false
    navigation_time_s: 10.700000000000001
    path_length_m: 10.129852737236742
    mean_abs_speed_mps: 0.9467993330758782
    minimum_clearance_m: 0.4616379677229329
    stop_count: 1
    reverse_distance_m: 0.0
  family:
    lateral_rms_m: 0.09090857141054814
    heading_oscillation_rad: 0.43186197650025776
    emergency_contact_count: 0
stage: V2-04G-R1
method: fixed_teb
episode_timeout_s: 45.0
tracker_message_count: 163
tracker_health_valid_fraction: 1.0
finite_ttc_sample_count: 0
ttc_status: NO_CONFLICT_IN_HORIZON
context_message_count: 0
context_valid_count: 0
context_geometry_sequence: []
context_geometry_switch_count: 0
transaction_message_count: 0
transaction_valid_count: 0
transaction_activated_count: 0
transaction_fault_count: 0
transaction_backends: []
active_anchor_sequence:
- fixed_teb
active_anchor_switch_count: 0
typed_transaction_expected: false
typed_transaction_valid: true
training_used: false
runtime_policy_manifest_access: false
runtime_scene_labels_available: false
experiment_manager_validation_manifest_access: false
runner_fault_reason: ''
supervisor_profile_id: fixed_reference
context_geometry_sample_counts:
  BALANCED: 0
  CRUISE: 0
  STATIC_DENSE: 0
  CORRIDOR: 0
  MANEUVER: 0
context_geometry_sample_fractions:
  BALANCED: 0.0
  CRUISE: 0.0
  STATIC_DENSE: 0.0
  CORRIDOR: 0.0
  MANEUVER: 0.0
context_overlay_sample_counts:
  NONE: 0
  CROSSING: 0
  HEAD_ON: 0
  FOLLOW: 0
  OVERTAKE_OR_YIELD: 0
context_overlay_sample_fractions:
  NONE: 0.0
  CROSSING: 0.0
  HEAD_ON: 0.0
  FOLLOW: 0.0
  OVERTAKE_OR_YIELD: 0.0
experiment_manager_calibration_manifest_access: true
mode_measurement_window: post_readiness_goal_execution_only
clearance_audit:
  schema_version: '2.0'
  stage: V2-04G-R1
  evaluator_only_gazebo_truth_used: true
  runtime_policy_received_truth: false
  minimum_signed_scan_clearance_m: 0.4616379677229329
  minimum_truth_box_clearance_m: 0.4755828394739298
  classification: CLEARANCE_POSITIVE
  minimum_scan_detail:
    stamp_s: 2.6879999999999997
    robot_x_m: 0.0
    robot_y_m: 0.0
    signed_scan_clearance_m: 0.4616379677229329
    clipped_scan_clearance_m: 0.4616379677229329
    raw_range_m: 0.8123416304588318
    ray_index: 532
    ray_angle_rad: 1.5074385739862919
    footprint_boundary_range_m: 0.35070366273589887
  minimum_truth_detail:
    stamp_s: 3.588
    clearance_m: 0.4755828394739298
    closest_model: corridor-left
    model_x_m: 5.001329837
    model_y_m: 1.104850082
  contact_count: 0
mechanism_message_count: 0
mechanism_join_valid_count: 0
mechanism_join_valid_fraction: null
mechanism_join_reason_counts: {}
mechanism_topology_locked_sample_count: 0
mechanism_corridor_centerline_sample_count: 0
mechanism_maneuver_reverse_sample_count: 0
mechanism_topology_switch_count: 0

