schema_version: '2.0'
architecture_generation: v2
evaluator_id: fam_teb_v2_02_evaluator_1
formal_result: false
runtime_ready: false
scene_id: v2-04g-r1-dynamic-clear-s4926
family: DYNAMIC
split: calibration
seed: 4926
instance_sha256: f1c8e076b247a4aa068e7d6d50059f44dd84b2360b9888f62c84b64937ae1f9d
raw_trace_sha256: 6be3dc9f868d33eb0bcf15e6e538b6a9edd91c6d06ed02334642f8f6fa8308e7
termination: SUCCESS
metrics:
  common:
    success: true
    collision: false
    navigation_time_s: 18.799999999999997
    path_length_m: 18.209824232813528
    mean_abs_speed_mps: 0.9685780273874656
    minimum_clearance_m: 2.9534251588384954
    stop_count: 1
    reverse_distance_m: 0.0
  family:
    minimum_predicted_ttc_s: null
    stop_count: 1
    interaction_clearance_m: 2.9534251588384954
stage: V2-04G-R1
method: rule_multi_anchor
episode_timeout_s: 80.0
tracker_message_count: 281
tracker_health_valid_fraction: 1.0
finite_ttc_sample_count: 0
ttc_status: NO_CONFLICT_IN_HORIZON
context_message_count: 94
context_valid_count: 94
context_geometry_sequence:
- BALANCED
- CRUISE
context_geometry_switch_count: 1
transaction_message_count: 95
transaction_valid_count: 95
transaction_activated_count: 95
transaction_fault_count: 0
transaction_backends:
- simulation_teb_dynamic_reconfigure
active_anchor_sequence:
- anchor_balanced
- anchor_cruise
active_anchor_switch_count: 1
typed_transaction_expected: true
typed_transaction_valid: true
training_used: false
runtime_policy_manifest_access: false
runtime_scene_labels_available: false
experiment_manager_validation_manifest_access: false
runner_fault_reason: ''
supervisor_profile_id: g0_frozen_control
context_geometry_sample_counts:
  BALANCED: 11
  CRUISE: 83
  STATIC_DENSE: 0
  CORRIDOR: 0
  MANEUVER: 0
context_geometry_sample_fractions:
  BALANCED: 0.11702127659574468
  CRUISE: 0.8829787234042553
  STATIC_DENSE: 0.0
  CORRIDOR: 0.0
  MANEUVER: 0.0
context_overlay_sample_counts:
  NONE: 94
  CROSSING: 0
  HEAD_ON: 0
  FOLLOW: 0
  OVERTAKE_OR_YIELD: 0
context_overlay_sample_fractions:
  NONE: 1.0
  CROSSING: 0.0
  HEAD_ON: 0.0
  FOLLOW: 0.0
  OVERTAKE_OR_YIELD: 0.0
experiment_manager_calibration_manifest_access: true
mode_measurement_window: post_readiness_goal_execution_only
clearance_audit:
  schema_version: '2.0'
  stage: V2-04G-R1
  evaluator_only_gazebo_truth_used: true
  runtime_policy_received_truth: false
  minimum_signed_scan_clearance_m: 2.9534251588384954
  minimum_truth_box_clearance_m: 2.938974752021981
  classification: CLEARANCE_POSITIVE
  minimum_scan_detail:
    stamp_s: 15.186
    robot_x_m: 8.622966556084727
    robot_y_m: -0.07964969031503225
    signed_scan_clearance_m: 2.9534251588384954
    clipped_scan_clearance_m: 2.9534251588384954
    raw_range_m: 3.3034660816192627
    ray_index: 541
    ray_angle_rad: 1.5860875556245446
    footprint_boundary_range_m: 0.3500409227807673
  minimum_truth_detail:
    stamp_s: 15.386
    clearance_m: 2.938974752021981
    closest_model: crossing-agent
    model_x_m: 8.0
    model_y_m: 3.5
  contact_count: 0
mechanism_message_count: 0
mechanism_join_valid_count: 0
mechanism_join_valid_fraction: null
mechanism_join_reason_counts: {}
mechanism_topology_locked_sample_count: 0
mechanism_corridor_centerline_sample_count: 0
mechanism_maneuver_reverse_sample_count: 0
mechanism_topology_switch_count: 0

