schema_version: '2.0'
architecture_generation: v2
evaluator_id: fam_teb_v2_02_evaluator_1
formal_result: false
runtime_ready: false
scene_id: v2-04g-r4-dynamic-clear-s5066
family: DYNAMIC
split: calibration
seed: 5066
instance_sha256: 0e517e00a828ef2257a426e27ed7733defed6d24c3679cbc88fd72d872fd2fda
raw_trace_sha256: 72671ef471dfe1dc7b400741893c524c2fc61eff976089b9e0a6a21a502b73de
termination: SUCCESS
metrics:
  common:
    success: true
    collision: false
    navigation_time_s: 19.0
    path_length_m: 18.19295624665137
    mean_abs_speed_mps: 0.9575115719207865
    minimum_clearance_m: 2.9657847258466576
    stop_count: 1
    reverse_distance_m: 0.0
  family:
    minimum_predicted_ttc_s: null
    stop_count: 1
    interaction_clearance_m: 2.9657847258466576
stage: V2-04G-R4
method: rule_multi_anchor
episode_timeout_s: 80.0
tracker_message_count: 284
tracker_health_valid_fraction: 1.0
finite_ttc_sample_count: 0
ttc_status: NO_CONFLICT_IN_HORIZON
context_message_count: 95
context_valid_count: 95
context_geometry_sequence:
- BALANCED
- CRUISE
context_geometry_switch_count: 1
transaction_message_count: 96
transaction_valid_count: 96
transaction_activated_count: 96
transaction_fault_count: 0
transaction_backends:
- simulation_teb_dynamic_reconfigure
active_anchor_sequence:
- anchor_balanced
- anchor_cruise
active_anchor_switch_count: 1
typed_transaction_expected: true
typed_transaction_valid: true
training_used: false
runtime_policy_manifest_access: false
runtime_scene_labels_available: false
experiment_manager_validation_manifest_access: false
runner_fault_reason: ''
supervisor_profile_id: r2_target_aggressive
context_geometry_sample_counts:
  BALANCED: 11
  CRUISE: 84
  STATIC_DENSE: 0
  CORRIDOR: 0
  MANEUVER: 0
context_geometry_sample_fractions:
  BALANCED: 0.11578947368421053
  CRUISE: 0.8842105263157894
  STATIC_DENSE: 0.0
  CORRIDOR: 0.0
  MANEUVER: 0.0
context_overlay_sample_counts:
  NONE: 95
  CROSSING: 0
  HEAD_ON: 0
  FOLLOW: 0
  OVERTAKE_OR_YIELD: 0
context_overlay_sample_fractions:
  NONE: 1.0
  CROSSING: 0.0
  HEAD_ON: 0.0
  FOLLOW: 0.0
  OVERTAKE_OR_YIELD: 0.0
experiment_manager_calibration_manifest_access: true
mode_measurement_window: post_readiness_goal_execution_only
clearance_audit:
  schema_version: '2.0'
  stage: V2-04G-R4
  evaluator_only_gazebo_truth_used: true
  runtime_policy_received_truth: false
  minimum_signed_scan_clearance_m: 2.9657847258466576
  minimum_truth_box_clearance_m: 2.9698538486622907
  classification: CLEARANCE_POSITIVE
  minimum_scan_detail:
    stamp_s: 14.388
    robot_x_m: 8.061714603889293
    robot_y_m: -0.11070747203688416
    signed_scan_clearance_m: 2.9657847258466576
    clipped_scan_clearance_m: 2.9657847258466576
    raw_range_m: 3.315852403640747
    ray_index: 537
    ray_angle_rad: 1.55113245267421
    footprint_boundary_range_m: 0.3500676777940894
  minimum_truth_detail:
    stamp_s: 14.488
    clearance_m: 2.9698538486622907
    closest_model: crossing-agent
    model_x_m: 8.0
    model_y_m: 3.5
  contact_count: 0
mechanism_message_count: 95
mechanism_join_valid_count: 95
mechanism_join_valid_fraction: 1.0
mechanism_join_reason_counts:
  EXACT_SEQUENCE_JOIN: 95
mechanism_topology_locked_sample_count: 0
mechanism_corridor_centerline_sample_count: 0
mechanism_maneuver_reverse_sample_count: 0
mechanism_topology_switch_count: 0

