schema_version: '2.0'
architecture_generation: v2
evaluator_id: fam_teb_v2_02_evaluator_1
formal_result: false
runtime_ready: false
scene_id: v2-04g-r1-static-s4927
family: STATIC_DENSE
split: calibration
seed: 4927
instance_sha256: e25d67ac078b301069f6728c36b7f035add7ffd1df9b9ae5d6582f50251308f1
raw_trace_sha256: 3d221edd916968be0d4682efd18c5a7215f87da69973dfe8103a01b8c8f22aaa
termination: SUCCESS
metrics:
  common:
    success: true
    collision: false
    navigation_time_s: 20.700000000000003
    path_length_m: 14.087125946609794
    mean_abs_speed_mps: 0.6806241014455955
    minimum_clearance_m: 0.5002351582867801
    stop_count: 1
    reverse_distance_m: 0.0
  family:
    topology_switch_count: 3
    global_replan_count: 42
    recovery_count: 0
stage: V2-04G-R1
method: rule_multi_anchor
episode_timeout_s: 50.0
tracker_message_count: 310
tracker_health_valid_fraction: 1.0
finite_ttc_sample_count: 87
ttc_status: OBSERVED_CONFLICT
context_message_count: 103
context_valid_count: 101
context_geometry_sequence:
- BALANCED
- STATIC_DENSE
- BALANCED
- STATIC_DENSE
context_geometry_switch_count: 3
transaction_message_count: 105
transaction_valid_count: 102
transaction_activated_count: 102
transaction_fault_count: 3
transaction_backends:
- simulation_teb_dynamic_reconfigure
active_anchor_sequence:
- anchor_balanced
- anchor_static_dense
- anchor_balanced
- anchor_static_dense
active_anchor_switch_count: 3
typed_transaction_expected: true
typed_transaction_valid: true
training_used: false
runtime_policy_manifest_access: false
runtime_scene_labels_available: false
experiment_manager_validation_manifest_access: false
runner_fault_reason: ''
supervisor_profile_id: g2_mechanism_aggressive
context_geometry_sample_counts:
  BALANCED: 48
  CRUISE: 0
  STATIC_DENSE: 53
  CORRIDOR: 0
  MANEUVER: 0
context_geometry_sample_fractions:
  BALANCED: 0.4752475247524752
  CRUISE: 0.0
  STATIC_DENSE: 0.5247524752475248
  CORRIDOR: 0.0
  MANEUVER: 0.0
context_overlay_sample_counts:
  NONE: 52
  CROSSING: 0
  HEAD_ON: 0
  FOLLOW: 0
  OVERTAKE_OR_YIELD: 49
context_overlay_sample_fractions:
  NONE: 0.5148514851485149
  CROSSING: 0.0
  HEAD_ON: 0.0
  FOLLOW: 0.0
  OVERTAKE_OR_YIELD: 0.48514851485148514
experiment_manager_calibration_manifest_access: true
mode_measurement_window: post_readiness_goal_execution_only
clearance_audit:
  schema_version: '2.0'
  stage: V2-04G-R1
  evaluator_only_gazebo_truth_used: true
  runtime_policy_received_truth: false
  minimum_signed_scan_clearance_m: 0.5002351582867801
  minimum_truth_box_clearance_m: 0.4819438653130898
  classification: CLEARANCE_POSITIVE
  minimum_scan_detail:
    stamp_s: 9.914
    robot_x_m: 2.676831778145069
    robot_y_m: 0.40327872757982675
    signed_scan_clearance_m: 0.5002351582867801
    clipped_scan_clearance_m: 0.5002351582867801
    raw_range_m: 0.8508449196815491
    ray_index: 173
    ray_angle_rad: -1.6297819158062339
    footprint_boundary_range_m: 0.350609761394769
  minimum_truth_detail:
    stamp_s: 8.714
    clearance_m: 0.4819438653130898
    closest_model: pillar-1
    model_x_m: 3.159469474
    model_y_m: -0.754571876
  contact_count: 0
mechanism_message_count: 103
mechanism_join_valid_count: 103
mechanism_join_valid_fraction: 1.0
mechanism_join_reason_counts:
  EXACT_SEQUENCE_JOIN: 103
mechanism_topology_locked_sample_count: 52
mechanism_corridor_centerline_sample_count: 0
mechanism_maneuver_reverse_sample_count: 0
mechanism_topology_switch_count: 0

