schema_version: '2.0'
architecture_generation: v2
evaluator_id: fam_teb_v2_02_evaluator_1
formal_result: false
runtime_ready: false
scene_id: v2-04e-static-s4703
family: STATIC_DENSE
split: calibration
seed: 4703
instance_sha256: 27057778d1357cb62b23ed4324e4e6356fa38610fafae0e879f08d5806dd89a3
raw_trace_sha256: 4943bea0e2e1f92fa6e1f75c0c346bf6ec09f6c4c351707a4f53a263a3acffdc
termination: SUCCESS
metrics:
  common:
    success: true
    collision: false
    navigation_time_s: 30.200000000000003
    path_length_m: 14.174506330070022
    mean_abs_speed_mps: 0.469333650634081
    minimum_clearance_m: 0.4967785483982519
    stop_count: 1
    reverse_distance_m: 0.0
  family:
    topology_switch_count: 0
    global_replan_count: 60
    recovery_count: 0
stage: V2-04E
method: rule_multi_anchor
episode_timeout_s: 50.0
tracker_message_count: 449
tracker_health_valid_fraction: 1.0
finite_ttc_sample_count: 0
ttc_status: NO_CONFLICT_IN_HORIZON
context_message_count: 154
context_valid_count: 154
context_geometry_sequence:
- STATIC_DENSE
context_geometry_switch_count: 0
transaction_message_count: 153
transaction_valid_count: 153
transaction_activated_count: 153
transaction_fault_count: 0
transaction_backends:
- simulation_teb_dynamic_reconfigure
active_anchor_sequence:
- anchor_static_dense
active_anchor_switch_count: 0
typed_transaction_expected: true
typed_transaction_valid: true
training_used: false
runtime_policy_manifest_access: false
runtime_scene_labels_available: false
experiment_manager_validation_manifest_access: false
runner_fault_reason: ''
supervisor_profile_id: repair_b_sensitive_maneuver
context_geometry_sample_counts:
  BALANCED: 0
  CRUISE: 0
  STATIC_DENSE: 154
  CORRIDOR: 0
  MANEUVER: 0
context_geometry_sample_fractions:
  BALANCED: 0.0
  CRUISE: 0.0
  STATIC_DENSE: 1.0
  CORRIDOR: 0.0
  MANEUVER: 0.0
context_overlay_sample_counts:
  NONE: 91
  CROSSING: 0
  HEAD_ON: 0
  FOLLOW: 0
  OVERTAKE_OR_YIELD: 63
context_overlay_sample_fractions:
  NONE: 0.5909090909090909
  CROSSING: 0.0
  HEAD_ON: 0.0
  FOLLOW: 0.0
  OVERTAKE_OR_YIELD: 0.4090909090909091
experiment_manager_calibration_manifest_access: true

