schema_version: '2.0'
architecture_generation: v2
evaluator_id: fam_teb_v2_02_evaluator_1
formal_result: false
runtime_ready: false
scene_id: v2-04g-maneuver-s4914
family: MANEUVER
split: calibration
seed: 4914
instance_sha256: 5e390f84f7a4f8c68cd32eb3c5eec54ea03f67686dce379322ee3fb80c1f6a9d
raw_trace_sha256: bb14e1a1329017bd164be0cca8863573c87e8ce432765a9cfd03dd87f48c0b7a
termination: SUCCESS
metrics:
  common:
    success: true
    collision: false
    navigation_time_s: 24.299999999999997
    path_length_m: 4.408042487976515
    mean_abs_speed_mps: 0.18150877131788534
    minimum_clearance_m: 0.2543920466971
    stop_count: 6
    reverse_distance_m: 2.3549482913824824
  family:
    gear_switch_count: 5
    gear_switch_while_moving_count: 5
    reverse_distance_m: 2.3549482913824824
stage: V2-04G
method: fixed_teb
episode_timeout_s: 60.0
tracker_message_count: 362
tracker_health_valid_fraction: 1.0
finite_ttc_sample_count: 0
ttc_status: NO_CONFLICT_IN_HORIZON
context_message_count: 0
context_valid_count: 0
context_geometry_sequence: []
context_geometry_switch_count: 0
transaction_message_count: 0
transaction_valid_count: 0
transaction_activated_count: 0
transaction_fault_count: 0
transaction_backends: []
active_anchor_sequence:
- fixed_teb
active_anchor_switch_count: 0
typed_transaction_expected: false
typed_transaction_valid: true
training_used: false
runtime_policy_manifest_access: false
runtime_scene_labels_available: false
experiment_manager_validation_manifest_access: false
runner_fault_reason: ''
supervisor_profile_id: fixed_reference
context_geometry_sample_counts:
  BALANCED: 0
  CRUISE: 0
  STATIC_DENSE: 0
  CORRIDOR: 0
  MANEUVER: 0
context_geometry_sample_fractions:
  BALANCED: 0.0
  CRUISE: 0.0
  STATIC_DENSE: 0.0
  CORRIDOR: 0.0
  MANEUVER: 0.0
context_overlay_sample_counts:
  NONE: 0
  CROSSING: 0
  HEAD_ON: 0
  FOLLOW: 0
  OVERTAKE_OR_YIELD: 0
context_overlay_sample_fractions:
  NONE: 0.0
  CROSSING: 0.0
  HEAD_ON: 0.0
  FOLLOW: 0.0
  OVERTAKE_OR_YIELD: 0.0
experiment_manager_calibration_manifest_access: true
mode_measurement_window: post_readiness_goal_execution_only
clearance_audit:
  schema_version: '2.0'
  stage: V2-04G
  evaluator_only_gazebo_truth_used: true
  runtime_policy_received_truth: false
  minimum_signed_scan_clearance_m: 0.2543920466971
  minimum_truth_box_clearance_m: 0.27343648380301927
  classification: CLEARANCE_POSITIVE
  minimum_scan_detail:
    stamp_s: 12.684
    robot_x_m: 0.32554114635265075
    robot_y_m: 0.5413840526779803
    signed_scan_clearance_m: 0.2543920466971
    clipped_scan_clearance_m: 0.2543920466971
    raw_range_m: 0.8695508241653442
    ray_index: 424
    ray_angle_rad: 0.5636507943272591
    footprint_boundary_range_m: 0.6151587774682442
  minimum_truth_detail:
    stamp_s: 14.584
    clearance_m: 0.27343648380301927
    closest_model: bay-left
    model_x_m: 3.00975212
    model_y_m: 1.522818478
  contact_count: 0
mechanism_message_count: 0
mechanism_topology_locked_sample_count: 0
mechanism_corridor_centerline_sample_count: 0
mechanism_maneuver_reverse_sample_count: 0
mechanism_topology_switch_count: 0

