schema_version: '2.0'
architecture_generation: v2
evaluator_id: fam_teb_v2_02_evaluator_1
formal_result: false
runtime_ready: false
scene_id: v2-04g-dynamic-conflict-s4905
family: DYNAMIC
split: calibration
seed: 4905
instance_sha256: 006c22bf9178ebfc58f01f16cbe4a9db218ed6e089a1d59860551fdd1a015445
raw_trace_sha256: ff8daa8b7fb13383c1339256b912869b4908c2fc3d1cae4b4bbd48d6ed4192d7
termination: SUCCESS
metrics:
  common:
    success: true
    collision: false
    navigation_time_s: 17.400000000000002
    path_length_m: 18.110018150473323
    mean_abs_speed_mps: 1.0408434176014962
    minimum_clearance_m: 0.38635352181718463
    stop_count: 1
    reverse_distance_m: 0.0
  family:
    minimum_predicted_ttc_s: 0.666871300868393
    stop_count: 1
    interaction_clearance_m: 1.2831712065571983
stage: V2-04G
method: fixed_teb
episode_timeout_s: 80.0
tracker_message_count: 260
tracker_health_valid_fraction: 1.0
finite_ttc_sample_count: 8
ttc_status: OBSERVED_CONFLICT
context_message_count: 0
context_valid_count: 0
context_geometry_sequence: []
context_geometry_switch_count: 0
transaction_message_count: 0
transaction_valid_count: 0
transaction_activated_count: 0
transaction_fault_count: 0
transaction_backends: []
active_anchor_sequence:
- fixed_teb
active_anchor_switch_count: 0
typed_transaction_expected: false
typed_transaction_valid: true
training_used: false
runtime_policy_manifest_access: false
runtime_scene_labels_available: false
experiment_manager_validation_manifest_access: false
runner_fault_reason: ''
supervisor_profile_id: fixed_reference
context_geometry_sample_counts:
  BALANCED: 0
  CRUISE: 0
  STATIC_DENSE: 0
  CORRIDOR: 0
  MANEUVER: 0
context_geometry_sample_fractions:
  BALANCED: 0.0
  CRUISE: 0.0
  STATIC_DENSE: 0.0
  CORRIDOR: 0.0
  MANEUVER: 0.0
context_overlay_sample_counts:
  NONE: 0
  CROSSING: 0
  HEAD_ON: 0
  FOLLOW: 0
  OVERTAKE_OR_YIELD: 0
context_overlay_sample_fractions:
  NONE: 0.0
  CROSSING: 0.0
  HEAD_ON: 0.0
  FOLLOW: 0.0
  OVERTAKE_OR_YIELD: 0.0
experiment_manager_calibration_manifest_access: true
mode_measurement_window: post_readiness_goal_execution_only
clearance_audit:
  schema_version: '2.0'
  stage: V2-04G
  evaluator_only_gazebo_truth_used: true
  runtime_policy_received_truth: false
  minimum_signed_scan_clearance_m: 0.38635352181718463
  minimum_truth_box_clearance_m: 0.37399889112950413
  classification: CLEARANCE_POSITIVE
  minimum_scan_detail:
    stamp_s: 12.088
    robot_x_m: 10.205821772202503
    robot_y_m: 0.0
    signed_scan_clearance_m: 0.38635352181718463
    clipped_scan_clearance_m: 0.38635352181718463
    raw_range_m: 1.0114890336990356
    ray_index: 68
    ray_angle_rad: -2.547353368252516
    footprint_boundary_range_m: 0.625135511881851
  minimum_truth_detail:
    stamp_s: 11.888
    clearance_m: 0.37399889112950413
    closest_model: crossing-agent
    model_x_m: 9.0
    model_y_m: -0.9543080242500004
  contact_count: 0
mechanism_message_count: 0
mechanism_topology_locked_sample_count: 0
mechanism_corridor_centerline_sample_count: 0
mechanism_maneuver_reverse_sample_count: 0
mechanism_topology_switch_count: 0

