schema_version: '2.0'
architecture_generation: v2
evaluator_id: fam_teb_v2_02_evaluator_1
formal_result: false
runtime_ready: false
scene_id: v2-04g-r1-cruise-s4922
family: CRUISE
split: calibration
seed: 4922
instance_sha256: fb144928129298bb68603d9f4d3bfd5e36859b11edb5e6e942a22ebccff0d4c0
raw_trace_sha256: 0501f16194af039c55f4804c6a533b5d8d92031ad65554dfb891917370f8761e
termination: SUCCESS
metrics:
  common:
    success: true
    collision: false
    navigation_time_s: 32.199999999999996
    path_length_m: 35.136276283429424
    mean_abs_speed_mps: 1.09122524404886
    minimum_clearance_m: 2.6977684908345445
    stop_count: 1
    reverse_distance_m: 0.0
  family:
    lateral_rms_m: 0.017302945001178828
    heading_oscillation_rad: 0.0
    unnecessary_deceleration_count: 1
stage: V2-04G-R1
method: rule_multi_anchor
episode_timeout_s: 55.0
tracker_message_count: 478
tracker_health_valid_fraction: 1.0
finite_ttc_sample_count: 0
ttc_status: NO_CONFLICT_IN_HORIZON
context_message_count: 161
context_valid_count: 161
context_geometry_sequence:
- BALANCED
- CRUISE
context_geometry_switch_count: 1
transaction_message_count: 162
transaction_valid_count: 162
transaction_activated_count: 162
transaction_fault_count: 0
transaction_backends:
- simulation_teb_dynamic_reconfigure
active_anchor_sequence:
- anchor_balanced
- anchor_cruise
active_anchor_switch_count: 1
typed_transaction_expected: true
typed_transaction_valid: true
training_used: false
runtime_policy_manifest_access: false
runtime_scene_labels_available: false
experiment_manager_validation_manifest_access: false
runner_fault_reason: ''
supervisor_profile_id: g2_mechanism_aggressive
context_geometry_sample_counts:
  BALANCED: 10
  CRUISE: 151
  STATIC_DENSE: 0
  CORRIDOR: 0
  MANEUVER: 0
context_geometry_sample_fractions:
  BALANCED: 0.062111801242236024
  CRUISE: 0.937888198757764
  STATIC_DENSE: 0.0
  CORRIDOR: 0.0
  MANEUVER: 0.0
context_overlay_sample_counts:
  NONE: 161
  CROSSING: 0
  HEAD_ON: 0
  FOLLOW: 0
  OVERTAKE_OR_YIELD: 0
context_overlay_sample_fractions:
  NONE: 1.0
  CROSSING: 0.0
  HEAD_ON: 0.0
  FOLLOW: 0.0
  OVERTAKE_OR_YIELD: 0.0
experiment_manager_calibration_manifest_access: true
mode_measurement_window: post_readiness_goal_execution_only
clearance_audit:
  schema_version: '2.0'
  stage: V2-04G-R1
  evaluator_only_gazebo_truth_used: true
  runtime_policy_received_truth: false
  minimum_signed_scan_clearance_m: 2.6977684908345445
  minimum_truth_box_clearance_m: 2.7255868801834655
  classification: CLEARANCE_POSITIVE
  minimum_scan_detail:
    stamp_s: 16.966
    robot_x_m: 12.011729520240877
    robot_y_m: 0.0
    signed_scan_clearance_m: 2.6977684908345445
    clipped_scan_clearance_m: 2.6977684908345445
    raw_range_m: 3.0481371879577637
    ray_index: 534
    ray_angle_rad: 1.5249161254614592
    footprint_boundary_range_m: 0.35036869712321894
  minimum_truth_detail:
    stamp_s: 17.666
    clearance_m: 2.7255868801834655
    closest_model: cruise-left
    model_x_m: 12.038210423
    model_y_m: 3.477637939
  contact_count: 0
mechanism_message_count: 161
mechanism_join_valid_count: 161
mechanism_join_valid_fraction: 1.0
mechanism_join_reason_counts:
  EXACT_SEQUENCE_JOIN: 161
mechanism_topology_locked_sample_count: 0
mechanism_corridor_centerline_sample_count: 0
mechanism_maneuver_reverse_sample_count: 0
mechanism_topology_switch_count: 0

