schema_version: '2.0'
architecture_generation: v2
evaluator_id: fam_teb_v2_02_evaluator_1
formal_result: false
runtime_ready: false
scene_id: v2-04g-r4-r1-corridor-s5100
family: CORRIDOR
split: calibration
seed: 5100
instance_sha256: 560bea5a0983ffb8575035e92aad1914cf8be69df552a77ff58ef3b0b66e6a7e
raw_trace_sha256: acab712aaeca015de381eca81f3ca0ef659f930edb47215ff7ff2e893754efb2
termination: SUCCESS
metrics:
  common:
    success: true
    collision: false
    navigation_time_s: 11.200000000000001
    path_length_m: 10.208422982396387
    mean_abs_speed_mps: 0.9114470796931089
    minimum_clearance_m: 0.46160174429810497
    stop_count: 1
    reverse_distance_m: 0.0
  family:
    lateral_rms_m: 0.08620170453457515
    heading_oscillation_rad: 1.4865297477207446
    emergency_contact_count: 0
stage: V2-04G-R4-R1
method: rule_multi_anchor
episode_timeout_s: 45.0
tracker_message_count: 170
tracker_health_valid_fraction: 1.0
finite_ttc_sample_count: 0
ttc_status: NO_CONFLICT_IN_HORIZON
context_message_count: 56
context_valid_count: 56
context_geometry_sequence:
- CORRIDOR
context_geometry_switch_count: 0
transaction_message_count: 58
transaction_valid_count: 58
transaction_activated_count: 58
transaction_fault_count: 0
transaction_backends:
- simulation_teb_dynamic_reconfigure
active_anchor_sequence:
- anchor_corridor
active_anchor_switch_count: 0
typed_transaction_expected: true
typed_transaction_valid: true
training_used: false
runtime_policy_manifest_access: false
runtime_scene_labels_available: false
experiment_manager_validation_manifest_access: false
runner_fault_reason: ''
supervisor_profile_id: r4r1_clearance_m030
context_geometry_sample_counts:
  BALANCED: 0
  CRUISE: 0
  STATIC_DENSE: 0
  CORRIDOR: 56
  MANEUVER: 0
context_geometry_sample_fractions:
  BALANCED: 0.0
  CRUISE: 0.0
  STATIC_DENSE: 0.0
  CORRIDOR: 1.0
  MANEUVER: 0.0
context_overlay_sample_counts:
  NONE: 56
  CROSSING: 0
  HEAD_ON: 0
  FOLLOW: 0
  OVERTAKE_OR_YIELD: 0
context_overlay_sample_fractions:
  NONE: 1.0
  CROSSING: 0.0
  HEAD_ON: 0.0
  FOLLOW: 0.0
  OVERTAKE_OR_YIELD: 0.0
experiment_manager_calibration_manifest_access: true
mode_measurement_window: post_readiness_goal_execution_only
clearance_audit:
  schema_version: '2.0'
  stage: V2-04G-R4-R1
  evaluator_only_gazebo_truth_used: true
  runtime_policy_received_truth: false
  minimum_signed_scan_clearance_m: 0.46160174429810497
  minimum_truth_box_clearance_m: 0.4787218667379735
  classification: CLEARANCE_POSITIVE
  minimum_scan_detail:
    stamp_s: 15.41
    robot_x_m: 10.153648979687269
    robot_y_m: 0.02734504027245596
    signed_scan_clearance_m: 0.46160174429810497
    clipped_scan_clearance_m: 0.46160174429810497
    raw_range_m: 0.8131517767906189
    ray_index: 550
    ray_angle_rad: 1.6647365372627974
    footprint_boundary_range_m: 0.35155003249251393
  minimum_truth_detail:
    stamp_s: 14.61
    clearance_m: 0.4787218667379735
    closest_model: corridor-left
    model_x_m: 5.008676189
    model_y_m: 1.104320079
  contact_count: 0
mechanism_message_count: 56
mechanism_join_valid_count: 56
mechanism_join_valid_fraction: 1.0
mechanism_join_reason_counts:
  EXACT_SEQUENCE_JOIN: 56
mechanism_topology_locked_sample_count: 0
mechanism_corridor_centerline_sample_count: 56
mechanism_maneuver_reverse_sample_count: 0
mechanism_topology_switch_count: 0

