schema_version: '2.0'
architecture_generation: v2
evaluator_id: fam_teb_v2_02_evaluator_1
formal_result: false
runtime_ready: false
scene_id: v2-04g-r1-maneuver-s4934
family: MANEUVER
split: calibration
seed: 4934
instance_sha256: ec65a3abd75522b8c57051740fb382054a8adf75c43cd244e511fa46e8d4f4cb
raw_trace_sha256: 6eaf266963b013e2a4d06f596a8531f04fd92f3dec060cb00261a3ee7a03ac46
termination: SUCCESS
metrics:
  common:
    success: true
    collision: false
    navigation_time_s: 28.700000000000003
    path_length_m: 4.0291278940553665
    mean_abs_speed_mps: 0.14050253966790308
    minimum_clearance_m: 0.41290626948943254
    stop_count: 6
    reverse_distance_m: 2.1877575075873206
  family:
    gear_switch_count: 5
    gear_switch_while_moving_count: 4
    reverse_distance_m: 2.1877575075873206
stage: V2-04G-R1
method: rule_multi_anchor
episode_timeout_s: 60.0
tracker_message_count: 426
tracker_health_valid_fraction: 1.0
finite_ttc_sample_count: 0
ttc_status: NO_CONFLICT_IN_HORIZON
context_message_count: 144
context_valid_count: 144
context_geometry_sequence:
- BALANCED
- MANEUVER
- STATIC_DENSE
context_geometry_switch_count: 2
transaction_message_count: 145
transaction_valid_count: 145
transaction_activated_count: 145
transaction_fault_count: 0
transaction_backends:
- simulation_teb_dynamic_reconfigure
active_anchor_sequence:
- anchor_balanced
- anchor_maneuver_forward
- anchor_static_dense
active_anchor_switch_count: 2
typed_transaction_expected: true
typed_transaction_valid: true
training_used: false
runtime_policy_manifest_access: false
runtime_scene_labels_available: false
experiment_manager_validation_manifest_access: false
runner_fault_reason: ''
supervisor_profile_id: g2_mechanism_aggressive
context_geometry_sample_counts:
  BALANCED: 10
  CRUISE: 0
  STATIC_DENSE: 111
  CORRIDOR: 0
  MANEUVER: 23
context_geometry_sample_fractions:
  BALANCED: 0.06944444444444445
  CRUISE: 0.0
  STATIC_DENSE: 0.7708333333333334
  CORRIDOR: 0.0
  MANEUVER: 0.1597222222222222
context_overlay_sample_counts:
  NONE: 144
  CROSSING: 0
  HEAD_ON: 0
  FOLLOW: 0
  OVERTAKE_OR_YIELD: 0
context_overlay_sample_fractions:
  NONE: 1.0
  CROSSING: 0.0
  HEAD_ON: 0.0
  FOLLOW: 0.0
  OVERTAKE_OR_YIELD: 0.0
experiment_manager_calibration_manifest_access: true
mode_measurement_window: post_readiness_goal_execution_only
clearance_audit:
  schema_version: '2.0'
  stage: V2-04G-R1
  evaluator_only_gazebo_truth_used: true
  runtime_policy_received_truth: false
  minimum_signed_scan_clearance_m: 0.41290626948943254
  minimum_truth_box_clearance_m: 0.41119678007128596
  classification: CLEARANCE_POSITIVE
  minimum_scan_detail:
    stamp_s: 34.468
    robot_x_m: 0.4410279080187934
    robot_y_m: -0.002173887624389952
    signed_scan_clearance_m: 0.41290626948943254
    clipped_scan_clearance_m: 0.41290626948943254
    raw_range_m: 0.9525889158248901
    ray_index: 31
    ray_angle_rad: -2.8706880705431104
    footprint_boundary_range_m: 0.5396826463354576
  minimum_truth_detail:
    stamp_s: 19.368
    clearance_m: 0.41119678007128596
    closest_model: bay-left
    model_x_m: 3.007080116
    model_y_m: 1.481297055
  contact_count: 0
mechanism_message_count: 143
mechanism_join_valid_count: 143
mechanism_join_valid_fraction: 1.0
mechanism_join_reason_counts:
  EXACT_SEQUENCE_JOIN: 143
mechanism_topology_locked_sample_count: 110
mechanism_corridor_centerline_sample_count: 0
mechanism_maneuver_reverse_sample_count: 0
mechanism_topology_switch_count: 0

