schema_version: '2.0'
architecture_generation: v2
evaluator_id: fam_teb_v2_02_evaluator_1
formal_result: false
runtime_ready: false
scene_id: v2-04e-dynamic-s4702
family: DYNAMIC
split: calibration
seed: 4702
instance_sha256: 03793196acc75dbda211f4234d909813dfb1d3509702fd0fc7798fe7dc6ad126
raw_trace_sha256: c9ab4dde5d3f1f1398aa6a820ae39a1cb6b7ee56642629372c0ac6c10f06142b
termination: SUCCESS
metrics:
  common:
    success: true
    collision: false
    navigation_time_s: 25.799999999999997
    path_length_m: 19.53269791110003
    mean_abs_speed_mps: 0.7570936488926684
    minimum_clearance_m: 2.335266351814342
    stop_count: 2
    reverse_distance_m: 0.8137426001942756
  family:
    minimum_predicted_ttc_s: null
    stop_count: 2
    interaction_clearance_m: 2.335266351814342
stage: V2-04E
method: rule_multi_anchor
episode_timeout_s: 80.0
tracker_message_count: 385
tracker_health_valid_fraction: 1.0
finite_ttc_sample_count: 0
ttc_status: NO_CONFLICT_IN_HORIZON
context_message_count: 132
context_valid_count: 132
context_geometry_sequence:
- BALANCED
- CRUISE
context_geometry_switch_count: 1
transaction_message_count: 131
transaction_valid_count: 131
transaction_activated_count: 131
transaction_fault_count: 0
transaction_backends:
- simulation_teb_dynamic_reconfigure
active_anchor_sequence:
- anchor_balanced
- anchor_cruise
active_anchor_switch_count: 1
typed_transaction_expected: true
typed_transaction_valid: true
training_used: false
runtime_policy_manifest_access: false
runtime_scene_labels_available: false
experiment_manager_validation_manifest_access: false
runner_fault_reason: ''
supervisor_profile_id: repair_b_sensitive_maneuver
context_geometry_sample_counts:
  BALANCED: 6
  CRUISE: 126
  STATIC_DENSE: 0
  CORRIDOR: 0
  MANEUVER: 0
context_geometry_sample_fractions:
  BALANCED: 0.045454545454545456
  CRUISE: 0.9545454545454546
  STATIC_DENSE: 0.0
  CORRIDOR: 0.0
  MANEUVER: 0.0
context_overlay_sample_counts:
  NONE: 132
  CROSSING: 0
  HEAD_ON: 0
  FOLLOW: 0
  OVERTAKE_OR_YIELD: 0
context_overlay_sample_fractions:
  NONE: 1.0
  CROSSING: 0.0
  HEAD_ON: 0.0
  FOLLOW: 0.0
  OVERTAKE_OR_YIELD: 0.0
experiment_manager_calibration_manifest_access: true

