schema_version: '2.0'
architecture_generation: v2
evaluator_id: fam_teb_v2_02_evaluator_1
formal_result: false
runtime_ready: false
scene_id: v2-04g-r1-dynamic-conflict-s4925
family: DYNAMIC
split: calibration
seed: 4925
instance_sha256: bf1074349346c57e311eed8cb1efee4cee5e9859e8ff6aa34c5ecde8965f2ac7
raw_trace_sha256: ac0ef92c1670d92817e608682d33c28914c0c4fd8777a5f50c2028293fbaa5db
termination: SUCCESS
metrics:
  common:
    success: true
    collision: false
    navigation_time_s: 17.4
    path_length_m: 18.103220826583694
    mean_abs_speed_mps: 1.040495087840051
    minimum_clearance_m: 0.4625316834281732
    stop_count: 1
    reverse_distance_m: 0.0
  family:
    minimum_predicted_ttc_s: 0.8711119960819432
    stop_count: 1
    interaction_clearance_m: 1.3515269654670168
stage: V2-04G-R1
method: fixed_teb
episode_timeout_s: 80.0
tracker_message_count: 260
tracker_health_valid_fraction: 1.0
finite_ttc_sample_count: 3
ttc_status: OBSERVED_CONFLICT
context_message_count: 0
context_valid_count: 0
context_geometry_sequence: []
context_geometry_switch_count: 0
transaction_message_count: 0
transaction_valid_count: 0
transaction_activated_count: 0
transaction_fault_count: 0
transaction_backends: []
active_anchor_sequence:
- fixed_teb
active_anchor_switch_count: 0
typed_transaction_expected: false
typed_transaction_valid: true
training_used: false
runtime_policy_manifest_access: false
runtime_scene_labels_available: false
experiment_manager_validation_manifest_access: false
runner_fault_reason: ''
supervisor_profile_id: fixed_reference
context_geometry_sample_counts:
  BALANCED: 0
  CRUISE: 0
  STATIC_DENSE: 0
  CORRIDOR: 0
  MANEUVER: 0
context_geometry_sample_fractions:
  BALANCED: 0.0
  CRUISE: 0.0
  STATIC_DENSE: 0.0
  CORRIDOR: 0.0
  MANEUVER: 0.0
context_overlay_sample_counts:
  NONE: 0
  CROSSING: 0
  HEAD_ON: 0
  FOLLOW: 0
  OVERTAKE_OR_YIELD: 0
context_overlay_sample_fractions:
  NONE: 0.0
  CROSSING: 0.0
  HEAD_ON: 0.0
  FOLLOW: 0.0
  OVERTAKE_OR_YIELD: 0.0
experiment_manager_calibration_manifest_access: true
mode_measurement_window: post_readiness_goal_execution_only
clearance_audit:
  schema_version: '2.0'
  stage: V2-04G-R1
  evaluator_only_gazebo_truth_used: true
  runtime_policy_received_truth: false
  minimum_signed_scan_clearance_m: 0.4625316834281732
  minimum_truth_box_clearance_m: 0.41741373290532097
  classification: CLEARANCE_POSITIVE
  minimum_scan_detail:
    stamp_s: 12.158
    robot_x_m: 10.28437206113812
    robot_y_m: 0.0
    signed_scan_clearance_m: 0.4625316834281732
    clipped_scan_clearance_m: 0.4625316834281732
    raw_range_m: 1.0794010162353516
    ray_index: 65
    ray_angle_rad: -2.5735696954652667
    footprint_boundary_range_m: 0.6168693328071784
  minimum_truth_detail:
    stamp_s: 11.958
    clearance_m: 0.41741373290532097
    closest_model: crossing-agent
    model_x_m: 9.0
    model_y_m: -0.9546667716250004
  contact_count: 0
mechanism_message_count: 0
mechanism_join_valid_count: 0
mechanism_join_valid_fraction: null
mechanism_join_reason_counts: {}
mechanism_topology_locked_sample_count: 0
mechanism_corridor_centerline_sample_count: 0
mechanism_maneuver_reverse_sample_count: 0
mechanism_topology_switch_count: 0

