schema_version: '2.0'
architecture_generation: v2
evaluator_id: fam_teb_v2_02_evaluator_1
formal_result: false
runtime_ready: false
scene_id: v2-04g-r1-maneuver-s4933
family: MANEUVER
split: calibration
seed: 4933
instance_sha256: 99d3c1523628e58b1cfc45cd68624733bc6a7a8df0ba33fa8d7b6a8d2a3b17ff
raw_trace_sha256: 08326b8f17589f82bfa58c45937a8b63a6e580ea7d0f4a8a1a74a6cc4d760af7
termination: SUCCESS
metrics:
  common:
    success: true
    collision: false
    navigation_time_s: 28.599999999999998
    path_length_m: 4.023878670327253
    mean_abs_speed_mps: 0.1408392932854151
    minimum_clearance_m: 0.4164985782853158
    stop_count: 6
    reverse_distance_m: 2.157318195327965
  family:
    gear_switch_count: 5
    gear_switch_while_moving_count: 4
    reverse_distance_m: 2.157318195327965
stage: V2-04G-R1
method: rule_multi_anchor
episode_timeout_s: 60.0
tracker_message_count: 425
tracker_health_valid_fraction: 1.0
finite_ttc_sample_count: 0
ttc_status: NO_CONFLICT_IN_HORIZON
context_message_count: 143
context_valid_count: 143
context_geometry_sequence:
- MANEUVER
- STATIC_DENSE
context_geometry_switch_count: 1
transaction_message_count: 145
transaction_valid_count: 145
transaction_activated_count: 145
transaction_fault_count: 0
transaction_backends:
- simulation_teb_dynamic_reconfigure
active_anchor_sequence:
- anchor_maneuver_forward
- anchor_static_dense
active_anchor_switch_count: 1
typed_transaction_expected: true
typed_transaction_valid: true
training_used: false
runtime_policy_manifest_access: false
runtime_scene_labels_available: false
experiment_manager_validation_manifest_access: false
runner_fault_reason: ''
supervisor_profile_id: g2_mechanism_aggressive
context_geometry_sample_counts:
  BALANCED: 0
  CRUISE: 0
  STATIC_DENSE: 110
  CORRIDOR: 0
  MANEUVER: 33
context_geometry_sample_fractions:
  BALANCED: 0.0
  CRUISE: 0.0
  STATIC_DENSE: 0.7692307692307693
  CORRIDOR: 0.0
  MANEUVER: 0.23076923076923078
context_overlay_sample_counts:
  NONE: 143
  CROSSING: 0
  HEAD_ON: 0
  FOLLOW: 0
  OVERTAKE_OR_YIELD: 0
context_overlay_sample_fractions:
  NONE: 1.0
  CROSSING: 0.0
  HEAD_ON: 0.0
  FOLLOW: 0.0
  OVERTAKE_OR_YIELD: 0.0
experiment_manager_calibration_manifest_access: true
mode_measurement_window: post_readiness_goal_execution_only
clearance_audit:
  schema_version: '2.0'
  stage: V2-04G-R1
  evaluator_only_gazebo_truth_used: true
  runtime_policy_received_truth: false
  minimum_signed_scan_clearance_m: 0.4164985782853158
  minimum_truth_box_clearance_m: 0.42521827317979927
  classification: CLEARANCE_POSITIVE
  minimum_scan_detail:
    stamp_s: 17.118
    robot_x_m: 0.03818314758366042
    robot_y_m: 0.422515081506799
    signed_scan_clearance_m: 0.4164985782853158
    clipped_scan_clearance_m: 0.4164985782853158
    raw_range_m: 0.9555318355560303
    ray_index: 390
    ray_angle_rad: 0.2665324192494154
    footprint_boundary_range_m: 0.5390332572707145
  minimum_truth_detail:
    stamp_s: 18.418
    clearance_m: 0.42521827317979927
    closest_model: bay-left
    model_x_m: 3.001465966
    model_y_m: 1.493831697
  contact_count: 0
mechanism_message_count: 143
mechanism_join_valid_count: 143
mechanism_join_valid_fraction: 1.0
mechanism_join_reason_counts:
  EXACT_SEQUENCE_JOIN: 143
mechanism_topology_locked_sample_count: 110
mechanism_corridor_centerline_sample_count: 0
mechanism_maneuver_reverse_sample_count: 0
mechanism_topology_switch_count: 0

