schema_version: '2.0'
architecture_generation: v2
evaluator_id: fam_teb_v2_02_evaluator_1
formal_result: false
runtime_ready: false
scene_id: v2-04g-r6-i5-dynamic-conflict-multi-s5162
family: DYNAMIC
split: calibration
seed: 5162
instance_sha256: f92b56f78de28add16b416e5d669969302e41abbf62cd2562f33413c8de32939
raw_trace_sha256: 656f2e1303066ce88ab794559e7e141acd4bb6b93d5c78c2a54c25b69f807659
termination: ABORTED
metrics:
  common:
    success: false
    collision: false
    navigation_time_s: 79.89999999999999
    path_length_m: 81.26967118166799
    mean_abs_speed_mps: 1.0170498121547944
    minimum_clearance_m: 0.7683967585862663
    stop_count: 2
    reverse_distance_m: 0.0
  family:
    minimum_predicted_ttc_s: 1.0839056908169986
    stop_count: 2
    interaction_clearance_m: 0.8545199456145471
stage: V2-04G-R6-I5
method: rule_multi_anchor
episode_timeout_s: 80.0
tracker_message_count: 1181
tracker_health_valid_fraction: 1.0
finite_ttc_sample_count: 32
ttc_status: OBSERVED_CONFLICT
context_message_count: 400
context_valid_count: 400
context_geometry_sequence:
- BALANCED
- CRUISE
context_geometry_switch_count: 1
transaction_message_count: 402
transaction_valid_count: 402
transaction_activated_count: 402
transaction_fault_count: 0
transaction_backends:
- simulation_teb_dynamic_reconfigure
active_anchor_sequence:
- anchor_balanced
- anchor_cruise
active_anchor_switch_count: 1
typed_transaction_expected: true
typed_transaction_valid: true
training_used: false
runtime_policy_manifest_access: false
runtime_scene_labels_available: false
experiment_manager_validation_manifest_access: false
runner_fault_reason: timeout
supervisor_profile_id: r6_semantics_circle_contact
context_geometry_sample_counts:
  BALANCED: 4
  CRUISE: 396
  STATIC_DENSE: 0
  CORRIDOR: 0
  MANEUVER: 0
context_geometry_sample_fractions:
  BALANCED: 0.01
  CRUISE: 0.99
  STATIC_DENSE: 0.0
  CORRIDOR: 0.0
  MANEUVER: 0.0
context_overlay_sample_counts:
  NONE: 381
  CROSSING: 7
  HEAD_ON: 0
  FOLLOW: 0
  OVERTAKE_OR_YIELD: 12
context_overlay_sample_fractions:
  NONE: 0.9525
  CROSSING: 0.0175
  HEAD_ON: 0.0
  FOLLOW: 0.0
  OVERTAKE_OR_YIELD: 0.03
experiment_manager_calibration_manifest_access: true
mode_measurement_window: post_readiness_goal_execution_only
clearance_audit:
  schema_version: '2.0'
  stage: V2-04G-R6-I5
  evaluator_only_gazebo_truth_used: true
  runtime_policy_received_truth: false
  minimum_signed_scan_clearance_m: 0.7683967585862663
  minimum_truth_box_clearance_m: 0.7492574940599143
  classification: CLEARANCE_POSITIVE
  minimum_scan_detail:
    stamp_s: 15.488
    robot_x_m: 5.952075967189557
    robot_y_m: -0.08066832618778755
    signed_scan_clearance_m: 0.7683967585862663
    clipped_scan_clearance_m: 0.7683967585862663
    raw_range_m: 1.3905225992202759
    ray_index: 426
    ray_angle_rad: 0.5811283458024263
    footprint_boundary_range_m: 0.6221258406340096
  minimum_truth_detail:
    stamp_s: 15.188
    clearance_m: 0.7492574940599143
    closest_model: crossing-agent-a
    model_x_m: 7.5
    model_y_m: 0.6020000000000003
  contact_count: 0
  profile_id: r6_semantics_circle_contact
  scene_id: v2-04g-r6-i5-dynamic-conflict-multi-s5162
  seed: 5162
  attempt: 1
mechanism_message_count: 400
mechanism_join_valid_count: 400
mechanism_join_valid_fraction: 1.0
mechanism_join_reason_counts:
  EXACT_SEQUENCE_JOIN: 400
mechanism_topology_locked_sample_count: 0
mechanism_corridor_centerline_sample_count: 0
mechanism_maneuver_reverse_sample_count: 0
mechanism_topology_switch_count: 0
profile_id: r6_semantics_circle_contact
attempt: 1

