attempt: 1
backend_alive_after_restore: true
failure_reason: ''
identity:
  attempt: 1
  profile_id: r6_semantics_circle_contact
  scene_id: v2-04g-r6-i5-dynamic-conflict-multi-s5162
  seed: 5162
  stage: V2-04G-R6-I5
independent_readback_canonical_json: '{"parameters":[{"name":"max_vel_x","type":"double","value":0.9},{"name":"max_vel_theta","type":"double","value":0.75},{"name":"acc_lim_x","type":"double","value":0.6},{"name":"acc_lim_theta","type":"double","value":0.6},{"name":"min_obstacle_dist","type":"double","value":0.375},{"name":"inflation_dist","type":"double","value":0.725},{"name":"weight_obstacle","type":"double","value":75.0},{"name":"weight_viapoint","type":"double","value":2.5},{"name":"weight_optimaltime","type":"double","value":0.75},{"name":"dynamic_obstacle_inflation_dist","type":"double","value":0.75},{"name":"weight_dynamic_obstacle","type":"double","value":60.0},{"name":"weight_dynamic_obstacle_inflation","type":"double","value":0.3},{"name":"weight_velocity_obstacle_ratio","type":"double","value":5.0},{"name":"max_vel_x_backwards","type":"double","value":0.3},{"name":"max_global_plan_lookahead_dist","type":"double","value":6.0},{"name":"global_plan_viapoint_sep","type":"double","value":0.35},{"name":"include_dynamic_obstacles","type":"bool","value":true},{"name":"max_number_classes","type":"int","value":2},{"name":"selection_cost_hysteresis","type":"double","value":0.95},{"name":"switching_blocking_period","type":"double","value":0.5}],"profile_kind":"teb_startup_profile","schema_version":"2.0"}'
independent_readback_match: true
independent_readback_sha256: a823790068f2470a2a5b2c9b7c4c0047764fe586e9550da6632f57cd4c244456
independent_readback_t_s: 88.932
profile_id: r6_semantics_circle_contact
record_type: r6_two_phase_teardown_receipt
restore_requested_while_backend_alive: true
restore_t_ack_s: 88.93
restore_t_active_s: 88.93
restore_t_readback_s: 88.93
restore_t_request_s: 88.902
scene_id: v2-04g-r6-i5-dynamic-conflict-multi-s5162
schema_version: '2.0'
seed: 5162
stage: V2-04G-R6-I5
startup_profile_canonical_json: '{"parameters":[{"name":"max_vel_x","type":"double","value":0.9},{"name":"max_vel_theta","type":"double","value":0.75},{"name":"acc_lim_x","type":"double","value":0.6},{"name":"acc_lim_theta","type":"double","value":0.6},{"name":"min_obstacle_dist","type":"double","value":0.375},{"name":"inflation_dist","type":"double","value":0.725},{"name":"weight_obstacle","type":"double","value":75.0},{"name":"weight_viapoint","type":"double","value":2.5},{"name":"weight_optimaltime","type":"double","value":0.75},{"name":"dynamic_obstacle_inflation_dist","type":"double","value":0.75},{"name":"weight_dynamic_obstacle","type":"double","value":60.0},{"name":"weight_dynamic_obstacle_inflation","type":"double","value":0.3},{"name":"weight_velocity_obstacle_ratio","type":"double","value":5.0},{"name":"max_vel_x_backwards","type":"double","value":0.3},{"name":"max_global_plan_lookahead_dist","type":"double","value":6.0},{"name":"global_plan_viapoint_sep","type":"double","value":0.35},{"name":"include_dynamic_obstacles","type":"bool","value":true},{"name":"max_number_classes","type":"int","value":2},{"name":"selection_cost_hysteresis","type":"double","value":0.95},{"name":"switching_blocking_period","type":"double","value":0.5}],"profile_kind":"teb_startup_profile","schema_version":"2.0"}'
startup_profile_sha256: a823790068f2470a2a5b2c9b7c4c0047764fe586e9550da6632f57cd4c244456
status: pass
supervisor_config_sha256: d5e35cfe84082b229ae6e656c2d3aaa7a10c8c61b696184bda8dc90e47a762da
transaction_ack_canonical_json: '{"parameters":[{"name":"max_vel_x","type":"double","value":0.9},{"name":"max_vel_theta","type":"double","value":0.75},{"name":"acc_lim_x","type":"double","value":0.6},{"name":"acc_lim_theta","type":"double","value":0.6},{"name":"min_obstacle_dist","type":"double","value":0.375},{"name":"inflation_dist","type":"double","value":0.725},{"name":"weight_obstacle","type":"double","value":75.0},{"name":"weight_viapoint","type":"double","value":2.5},{"name":"weight_optimaltime","type":"double","value":0.75},{"name":"dynamic_obstacle_inflation_dist","type":"double","value":0.75},{"name":"weight_dynamic_obstacle","type":"double","value":60.0},{"name":"weight_dynamic_obstacle_inflation","type":"double","value":0.3},{"name":"weight_velocity_obstacle_ratio","type":"double","value":5.0},{"name":"max_vel_x_backwards","type":"double","value":0.3},{"name":"max_global_plan_lookahead_dist","type":"double","value":6.0},{"name":"global_plan_viapoint_sep","type":"double","value":0.35},{"name":"include_dynamic_obstacles","type":"bool","value":true},{"name":"max_number_classes","type":"int","value":2},{"name":"selection_cost_hysteresis","type":"double","value":0.95},{"name":"switching_blocking_period","type":"double","value":0.5}],"profile_kind":"teb_startup_profile","schema_version":"2.0"}'
transaction_ack_sha256: a823790068f2470a2a5b2c9b7c4c0047764fe586e9550da6632f57cd4c244456
transaction_acknowledged: true
transaction_readback_canonical_json: '{"parameters":[{"name":"max_vel_x","type":"double","value":0.9},{"name":"max_vel_theta","type":"double","value":0.75},{"name":"acc_lim_x","type":"double","value":0.6},{"name":"acc_lim_theta","type":"double","value":0.6},{"name":"min_obstacle_dist","type":"double","value":0.375},{"name":"inflation_dist","type":"double","value":0.725},{"name":"weight_obstacle","type":"double","value":75.0},{"name":"weight_viapoint","type":"double","value":2.5},{"name":"weight_optimaltime","type":"double","value":0.75},{"name":"dynamic_obstacle_inflation_dist","type":"double","value":0.75},{"name":"weight_dynamic_obstacle","type":"double","value":60.0},{"name":"weight_dynamic_obstacle_inflation","type":"double","value":0.3},{"name":"weight_velocity_obstacle_ratio","type":"double","value":5.0},{"name":"max_vel_x_backwards","type":"double","value":0.3},{"name":"max_global_plan_lookahead_dist","type":"double","value":6.0},{"name":"global_plan_viapoint_sep","type":"double","value":0.35},{"name":"include_dynamic_obstacles","type":"bool","value":true},{"name":"max_number_classes","type":"int","value":2},{"name":"selection_cost_hysteresis","type":"double","value":0.95},{"name":"switching_blocking_period","type":"double","value":0.5}],"profile_kind":"teb_startup_profile","schema_version":"2.0"}'
transaction_readback_match: true
transaction_readback_sha256: a823790068f2470a2a5b2c9b7c4c0047764fe586e9550da6632f57cd4c244456
service_response_success: true

