schema_version: '2.0'
architecture_generation: v2
evaluator_id: fam_teb_v2_02_evaluator_1
formal_result: false
runtime_ready: false
scene_id: v2-04e-corridor-s4704
family: CORRIDOR
split: calibration
seed: 4704
instance_sha256: 4f2a480112ff419dc62e0c69e88c0b062a24bcf49a7e5024d18edd9a2c1a7750
raw_trace_sha256: 9a62da65140be55b77daeabd43de42ef4b7a2f81c0a085a3320a66090f03af54
termination: SUCCESS
metrics:
  common:
    success: true
    collision: false
    navigation_time_s: 17.8
    path_length_m: 10.089415028805085
    mean_abs_speed_mps: 0.5668200567868548
    minimum_clearance_m: 0.43485376377519935
    stop_count: 1
    reverse_distance_m: 0.0
  family:
    lateral_rms_m: 0.08329156267824411
    heading_oscillation_rad: 1.6857343476222093
    emergency_contact_count: 0
stage: V2-04E
method: rule_multi_anchor
episode_timeout_s: 45.0
tracker_message_count: 266
tracker_health_valid_fraction: 1.0
finite_ttc_sample_count: 0
ttc_status: NO_CONFLICT_IN_HORIZON
context_message_count: 92
context_valid_count: 92
context_geometry_sequence:
- CORRIDOR
context_geometry_switch_count: 0
transaction_message_count: 90
transaction_valid_count: 90
transaction_activated_count: 90
transaction_fault_count: 0
transaction_backends:
- simulation_teb_dynamic_reconfigure
active_anchor_sequence:
- anchor_corridor
active_anchor_switch_count: 0
typed_transaction_expected: true
typed_transaction_valid: true
training_used: false
runtime_policy_manifest_access: false
runtime_scene_labels_available: false
experiment_manager_validation_manifest_access: false
runner_fault_reason: ''
supervisor_profile_id: repair_a_balanced
context_geometry_sample_counts:
  BALANCED: 0
  CRUISE: 0
  STATIC_DENSE: 0
  CORRIDOR: 92
  MANEUVER: 0
context_geometry_sample_fractions:
  BALANCED: 0.0
  CRUISE: 0.0
  STATIC_DENSE: 0.0
  CORRIDOR: 1.0
  MANEUVER: 0.0
context_overlay_sample_counts:
  NONE: 92
  CROSSING: 0
  HEAD_ON: 0
  FOLLOW: 0
  OVERTAKE_OR_YIELD: 0
context_overlay_sample_fractions:
  NONE: 1.0
  CROSSING: 0.0
  HEAD_ON: 0.0
  FOLLOW: 0.0
  OVERTAKE_OR_YIELD: 0.0
experiment_manager_calibration_manifest_access: true

