schema_version: '2.0'
architecture_generation: v2
evaluator_id: fam_teb_v2_02_evaluator_1
formal_result: false
runtime_ready: false
scene_id: v2-04e-cruise-s4701
family: CRUISE
split: calibration
seed: 4701
instance_sha256: 6d1045fa8f0e36bbb8e76c1e359a649c4b468b7a0323d96ac10bac07e3efe61d
raw_trace_sha256: 3f11cfae0f90d7e3d0f5be9d5be5fc0a69f65c1cc31b592d3271f9c971537ed4
termination: SUCCESS
metrics:
  common:
    success: true
    collision: false
    navigation_time_s: 35.8
    path_length_m: 35.083183276761154
    mean_abs_speed_mps: 0.9799744874206275
    minimum_clearance_m: 2.677700541734218
    stop_count: 1
    reverse_distance_m: 0.0
  family:
    lateral_rms_m: 0.00857526445263132
    heading_oscillation_rad: 0.0
    unnecessary_deceleration_count: 0
stage: V2-04E
method: rule_multi_anchor
episode_timeout_s: 55.0
tracker_message_count: 531
tracker_health_valid_fraction: 1.0
finite_ttc_sample_count: 0
ttc_status: NO_CONFLICT_IN_HORIZON
context_message_count: 182
context_valid_count: 179
context_geometry_sequence:
- BALANCED
- CRUISE
- BALANCED
- CRUISE
- BALANCED
- CRUISE
- BALANCED
context_geometry_switch_count: 6
transaction_message_count: 180
transaction_valid_count: 177
transaction_activated_count: 177
transaction_fault_count: 3
transaction_backends:
- simulation_teb_dynamic_reconfigure
active_anchor_sequence:
- anchor_balanced
- anchor_cruise
- anchor_balanced
- anchor_cruise
- anchor_balanced
- anchor_cruise
- anchor_balanced
active_anchor_switch_count: 6
typed_transaction_expected: true
typed_transaction_valid: true
training_used: false
runtime_policy_manifest_access: false
runtime_scene_labels_available: false
experiment_manager_validation_manifest_access: false
runner_fault_reason: ''
supervisor_profile_id: repair_a_balanced
context_geometry_sample_counts:
  BALANCED: 94
  CRUISE: 85
  STATIC_DENSE: 0
  CORRIDOR: 0
  MANEUVER: 0
context_geometry_sample_fractions:
  BALANCED: 0.5251396648044693
  CRUISE: 0.4748603351955307
  STATIC_DENSE: 0.0
  CORRIDOR: 0.0
  MANEUVER: 0.0
context_overlay_sample_counts:
  NONE: 179
  CROSSING: 0
  HEAD_ON: 0
  FOLLOW: 0
  OVERTAKE_OR_YIELD: 0
context_overlay_sample_fractions:
  NONE: 1.0
  CROSSING: 0.0
  HEAD_ON: 0.0
  FOLLOW: 0.0
  OVERTAKE_OR_YIELD: 0.0
experiment_manager_calibration_manifest_access: true

