schema_version: '2.0'
architecture_generation: v2
evaluator_id: fam_teb_v2_02_evaluator_1
formal_result: false
runtime_ready: false
scene_id: v2-04g-r4-dynamic-conflict-s5064
family: DYNAMIC
split: calibration
seed: 5064
instance_sha256: 28be38d57f5bc67a5ea0f6798502c65fb2b552725b96e3cd6eb0f7d966054506
raw_trace_sha256: e08b0573252be1964f88abe2c89e95639416f30ae4bb7fff92fd66fbcef0d2ab
termination: SUCCESS
metrics:
  common:
    success: true
    collision: false
    navigation_time_s: 20.0
    path_length_m: 18.21611306537614
    mean_abs_speed_mps: 0.9107611015822847
    minimum_clearance_m: 1.4538086497270504
    stop_count: 1
    reverse_distance_m: 0.0
  family:
    minimum_predicted_ttc_s: 4.168692342895136
    stop_count: 1
    interaction_clearance_m: 5.898057677053829
stage: V2-04G-R4
method: rule_multi_anchor
episode_timeout_s: 80.0
tracker_message_count: 298
tracker_health_valid_fraction: 1.0
finite_ttc_sample_count: 4
ttc_status: OBSERVED_CONFLICT
context_message_count: 100
context_valid_count: 100
context_geometry_sequence:
- BALANCED
- CRUISE
context_geometry_switch_count: 1
transaction_message_count: 102
transaction_valid_count: 102
transaction_activated_count: 102
transaction_fault_count: 0
transaction_backends:
- simulation_teb_dynamic_reconfigure
active_anchor_sequence:
- anchor_balanced
- anchor_cruise
active_anchor_switch_count: 1
typed_transaction_expected: true
typed_transaction_valid: true
training_used: false
runtime_policy_manifest_access: false
runtime_scene_labels_available: false
experiment_manager_validation_manifest_access: false
runner_fault_reason: ''
supervisor_profile_id: r2_control_g2
context_geometry_sample_counts:
  BALANCED: 4
  CRUISE: 96
  STATIC_DENSE: 0
  CORRIDOR: 0
  MANEUVER: 0
context_geometry_sample_fractions:
  BALANCED: 0.04
  CRUISE: 0.96
  STATIC_DENSE: 0.0
  CORRIDOR: 0.0
  MANEUVER: 0.0
context_overlay_sample_counts:
  NONE: 87
  CROSSING: 9
  HEAD_ON: 0
  FOLLOW: 0
  OVERTAKE_OR_YIELD: 4
context_overlay_sample_fractions:
  NONE: 0.87
  CROSSING: 0.09
  HEAD_ON: 0.0
  FOLLOW: 0.0
  OVERTAKE_OR_YIELD: 0.04
experiment_manager_calibration_manifest_access: true
mode_measurement_window: post_readiness_goal_execution_only
clearance_audit:
  schema_version: '2.0'
  stage: V2-04G-R4
  evaluator_only_gazebo_truth_used: true
  runtime_policy_received_truth: false
  minimum_signed_scan_clearance_m: 1.4538086497270504
  minimum_truth_box_clearance_m: 1.4358400991926594
  classification: CLEARANCE_POSITIVE
  minimum_scan_detail:
    stamp_s: 12.614
    robot_x_m: 5.973301014579417
    robot_y_m: -0.03129957969929412
    signed_scan_clearance_m: 1.4538086497270504
    clipped_scan_clearance_m: 1.4538086497270504
    raw_range_m: 2.0724077224731445
    ray_index: 425
    ray_angle_rad: 0.5723895700648427
    footprint_boundary_range_m: 0.6185990727460942
  minimum_truth_detail:
    stamp_s: 12.614
    clearance_m: 1.4358400991926594
    closest_model: crossing-agent
    model_x_m: 8.0
    model_y_m: 1.3252084536250006
  contact_count: 0
mechanism_message_count: 100
mechanism_join_valid_count: 100
mechanism_join_valid_fraction: 1.0
mechanism_join_reason_counts:
  EXACT_SEQUENCE_JOIN: 100
mechanism_topology_locked_sample_count: 0
mechanism_corridor_centerline_sample_count: 0
mechanism_maneuver_reverse_sample_count: 0
mechanism_topology_switch_count: 0

