schema_version: '2.0'
architecture_generation: v2
evaluator_id: fam_teb_v2_02_evaluator_1
formal_result: false
runtime_ready: false
scene_id: v2-04g-r4-r1-static-s5097
family: STATIC_DENSE
split: calibration
seed: 5097
instance_sha256: fb26f941cc1a1fa4cbaaac25209ddabe862dd105ed59fd5ec33e53523360980c
raw_trace_sha256: a546ffd80df799342022a05342355802a97786aa83e38a3d0c9f93035ac28d22
termination: SUCCESS
metrics:
  common:
    success: true
    collision: false
    navigation_time_s: 20.200000000000003
    path_length_m: 14.6743821898619
    mean_abs_speed_mps: 0.7266856007374948
    minimum_clearance_m: 0.41920801234197574
    stop_count: 2
    reverse_distance_m: 0.5127719724653229
  family:
    topology_switch_count: 0
    global_replan_count: 40
    recovery_count: 0
stage: V2-04G-R4-R1
method: fixed_teb
episode_timeout_s: 50.0
tracker_message_count: 302
tracker_health_valid_fraction: 1.0
finite_ttc_sample_count: 54
ttc_status: OBSERVED_CONFLICT
context_message_count: 0
context_valid_count: 0
context_geometry_sequence: []
context_geometry_switch_count: 0
transaction_message_count: 0
transaction_valid_count: 0
transaction_activated_count: 0
transaction_fault_count: 0
transaction_backends: []
active_anchor_sequence:
- fixed_teb
active_anchor_switch_count: 0
typed_transaction_expected: false
typed_transaction_valid: true
training_used: false
runtime_policy_manifest_access: false
runtime_scene_labels_available: false
experiment_manager_validation_manifest_access: false
runner_fault_reason: ''
supervisor_profile_id: fixed_reference
context_geometry_sample_counts:
  BALANCED: 0
  CRUISE: 0
  STATIC_DENSE: 0
  CORRIDOR: 0
  MANEUVER: 0
context_geometry_sample_fractions:
  BALANCED: 0.0
  CRUISE: 0.0
  STATIC_DENSE: 0.0
  CORRIDOR: 0.0
  MANEUVER: 0.0
context_overlay_sample_counts:
  NONE: 0
  CROSSING: 0
  HEAD_ON: 0
  FOLLOW: 0
  OVERTAKE_OR_YIELD: 0
context_overlay_sample_fractions:
  NONE: 0.0
  CROSSING: 0.0
  HEAD_ON: 0.0
  FOLLOW: 0.0
  OVERTAKE_OR_YIELD: 0.0
experiment_manager_calibration_manifest_access: true
mode_measurement_window: post_readiness_goal_execution_only
clearance_audit:
  schema_version: '2.0'
  stage: V2-04G-R4-R1
  evaluator_only_gazebo_truth_used: true
  runtime_policy_received_truth: false
  minimum_signed_scan_clearance_m: 0.41920801234197574
  minimum_truth_box_clearance_m: 0.4266290917612568
  classification: CLEARANCE_POSITIVE
  minimum_scan_detail:
    stamp_s: 7.622
    robot_x_m: 3.1023980987078525
    robot_y_m: 0.28405775483527196
    signed_scan_clearance_m: 0.41920801234197574
    clipped_scan_clearance_m: 0.41920801234197574
    raw_range_m: 0.7692088484764099
    ray_index: 180
    ray_angle_rad: -1.5686104856431484
    footprint_boundary_range_m: 0.35000083613443417
  minimum_truth_detail:
    stamp_s: 9.522
    clearance_m: 0.4266290917612568
    closest_model: pillar-2
    model_x_m: 5.822178963
    model_y_m: 0.764141308
  contact_count: 0
mechanism_message_count: 0
mechanism_join_valid_count: 0
mechanism_join_valid_fraction: null
mechanism_join_reason_counts: {}
mechanism_topology_locked_sample_count: 0
mechanism_corridor_centerline_sample_count: 0
mechanism_maneuver_reverse_sample_count: 0
mechanism_topology_switch_count: 0

