WARNING: Package name "gazebo_ros_2Dmap_plugin" does not follow the naming conventions. It should start with a lower case letter and only contain lower case letters, digits, underscores, and dashes.
... logging to /home/robot/.ros/log/86f07c10-7eee-11f1-91bc-3382cc4c3ed1/roslaunch-WP-1296818.log
Checking log directory for disk usage. This may take a while.
Press Ctrl-C to interrupt
[31mWARNING: disk usage in log directory [/home/robot/.ros/log] is over 1GB.
It's recommended that you use the 'rosclean' command.[0m
]2;/home/robot/robot_ws_base_rl/src/simulation/m2_gazebo/launch/m2_v2_typed_teb.launch
WARNING: Package name "gazebo_ros_2Dmap_plugin" does not follow the naming conventions. It should start with a lower case letter and only contain lower case letters, digits, underscores, and dashes.
xacro: in-order processing became default in ROS Melodic. You can drop the option.
[1mstarted roslaunch server http://WP:41549/[0m

SUMMARY
========

PARAMETERS
 * /gazebo/enable_ros_network: True
 * /m2_gazebo/simulation_only: True
 * /m2_robot_state_publisher/publish_frequency: 30.0
 * /move_base/TebLocalPlannerROS/acc_lim_theta: 0.6
 * /move_base/TebLocalPlannerROS/acc_lim_x: 0.6
 * /move_base/TebLocalPlannerROS/allow_init_with_backwards_motion: True
 * /move_base/TebLocalPlannerROS/cmd_angle_instead_rotvel: False
 * /move_base/TebLocalPlannerROS/costmap_obstacles_behind_robot_dist: 1.5
 * /move_base/TebLocalPlannerROS/dt_hysteresis: 0.1
 * /move_base/TebLocalPlannerROS/dt_ref: 0.3
 * /move_base/TebLocalPlannerROS/dynamic_obstacle_inflation_dist: 0.75
 * /move_base/TebLocalPlannerROS/enable_homotopy_class_planning: False
 * /move_base/TebLocalPlannerROS/enable_multithreading: True
 * /move_base/TebLocalPlannerROS/feasibility_check_no_poses: 5
 * /move_base/TebLocalPlannerROS/footprint_model/type: polygon
 * /move_base/TebLocalPlannerROS/footprint_model/vertices: [[0.52, 0.35], [0...
 * /move_base/TebLocalPlannerROS/global_plan_overwrite_orientation: True
 * /move_base/TebLocalPlannerROS/global_plan_viapoint_sep: 0.35
 * /move_base/TebLocalPlannerROS/include_costmap_obstacles: True
 * /move_base/TebLocalPlannerROS/include_dynamic_obstacles: True
 * /move_base/TebLocalPlannerROS/inflation_dist: 0.725
 * /move_base/TebLocalPlannerROS/map_frame: odom
 * /move_base/TebLocalPlannerROS/max_global_plan_lookahead_dist: 6.0
 * /move_base/TebLocalPlannerROS/max_number_classes: 2
 * /move_base/TebLocalPlannerROS/max_samples: 500
 * /move_base/TebLocalPlannerROS/max_vel_theta: 0.75
 * /move_base/TebLocalPlannerROS/max_vel_x: 0.9
 * /move_base/TebLocalPlannerROS/max_vel_x_backwards: 0.3
 * /move_base/TebLocalPlannerROS/max_vel_y: 0.0
 * /move_base/TebLocalPlannerROS/min_obstacle_dist: 0.375
 * /move_base/TebLocalPlannerROS/min_turning_radius: 1.2
 * /move_base/TebLocalPlannerROS/obstacle_poses_affected: 15
 * /move_base/TebLocalPlannerROS/odom_topic: /odom
 * /move_base/TebLocalPlannerROS/selection_cost_hysteresis: 0.95
 * /move_base/TebLocalPlannerROS/switching_blocking_period: 0.5
 * /move_base/TebLocalPlannerROS/teb_autosize: True
 * /move_base/TebLocalPlannerROS/weight_acc_lim_theta: 1.0
 * /move_base/TebLocalPlannerROS/weight_acc_lim_x: 1.0
 * /move_base/TebLocalPlannerROS/weight_adapt_factor: 2.0
 * /move_base/TebLocalPlannerROS/weight_dynamic_obstacle: 60.0
 * /move_base/TebLocalPlannerROS/weight_dynamic_obstacle_inflation: 0.3
 * /move_base/TebLocalPlannerROS/weight_inflation: 0.1
 * /move_base/TebLocalPlannerROS/weight_kinematics_forward_drive: 10.0
 * /move_base/TebLocalPlannerROS/weight_kinematics_nh: 1000.0
 * /move_base/TebLocalPlannerROS/weight_kinematics_turning_radius: 10.0
 * /move_base/TebLocalPlannerROS/weight_max_vel_theta: 1.0
 * /move_base/TebLocalPlannerROS/weight_max_vel_x: 2.0
 * /move_base/TebLocalPlannerROS/weight_obstacle: 75.0
 * /move_base/TebLocalPlannerROS/weight_optimaltime: 0.75
 * /move_base/TebLocalPlannerROS/weight_velocity_obstacle_ratio: 5.0
 * /move_base/TebLocalPlannerROS/weight_viapoint: 2.5
 * /move_base/TebLocalPlannerROS/wheelbase: 0.65
 * /move_base/base_global_planner: navfn/NavfnROS
 * /move_base/base_local_planner: teb_local_planner...
 * /move_base/clearing_rotation_allowed: False
 * /move_base/controller_frequency: 10.0
 * /move_base/controller_patience: 5.0
 * /move_base/global_costmap/footprint: [[0.52, 0.35], [0...
 * /move_base/global_costmap/footprint_padding: 0.05
 * /move_base/global_costmap/global_frame: odom
 * /move_base/global_costmap/height: 30.0
 * /move_base/global_costmap/inflation_layer/cost_scaling_factor: 4.0
 * /move_base/global_costmap/inflation_layer/enabled: True
 * /move_base/global_costmap/inflation_layer/inflation_radius: 0.55
 * /move_base/global_costmap/obstacle_layer/enabled: True
 * /move_base/global_costmap/obstacle_layer/observation_sources: scan
 * /move_base/global_costmap/obstacle_layer/scan/clearing: True
 * /move_base/global_costmap/obstacle_layer/scan/data_type: LaserScan
 * /move_base/global_costmap/obstacle_layer/scan/inf_is_valid: True
 * /move_base/global_costmap/obstacle_layer/scan/marking: True
 * /move_base/global_costmap/obstacle_layer/scan/obstacle_range: 12.0
 * /move_base/global_costmap/obstacle_layer/scan/raytrace_range: 15.0
 * /move_base/global_costmap/obstacle_layer/scan/sensor_frame: laser_link
 * /move_base/global_costmap/obstacle_layer/scan/topic: /scan
 * /move_base/global_costmap/plugins: [{'name': 'obstac...
 * /move_base/global_costmap/publish_frequency: 2.0
 * /move_base/global_costmap/resolution: 0.05
 * /move_base/global_costmap/robot_base_frame: base_link
 * /move_base/global_costmap/rolling_window: True
 * /move_base/global_costmap/transform_tolerance: 0.3
 * /move_base/global_costmap/update_frequency: 5.0
 * /move_base/global_costmap/width: 80.0
 * /move_base/local_costmap/footprint: [[0.52, 0.35], [0...
 * /move_base/local_costmap/footprint_padding: 0.05
 * /move_base/local_costmap/global_frame: odom
 * /move_base/local_costmap/height: 12.0
 * /move_base/local_costmap/inflation_layer/cost_scaling_factor: 4.0
 * /move_base/local_costmap/inflation_layer/enabled: True
 * /move_base/local_costmap/inflation_layer/inflation_radius: 0.55
 * /move_base/local_costmap/obstacle_layer/enabled: True
 * /move_base/local_costmap/obstacle_layer/observation_sources: scan
 * /move_base/local_costmap/obstacle_layer/scan/clearing: True
 * /move_base/local_costmap/obstacle_layer/scan/data_type: LaserScan
 * /move_base/local_costmap/obstacle_layer/scan/inf_is_valid: True
 * /move_base/local_costmap/obstacle_layer/scan/marking: True
 * /move_base/local_costmap/obstacle_layer/scan/obstacle_range: 12.0
 * /move_base/local_costmap/obstacle_layer/scan/raytrace_range: 15.0
 * /move_base/local_costmap/obstacle_layer/scan/sensor_frame: laser_link
 * /move_base/local_costmap/obstacle_layer/scan/topic: /scan
 * /move_base/local_costmap/plugins: [{'name': 'obstac...
 * /move_base/local_costmap/publish_frequency: 5.0
 * /move_base/local_costmap/resolution: 0.05
 * /move_base/local_costmap/robot_base_frame: base_link
 * /move_base/local_costmap/rolling_window: True
 * /move_base/local_costmap/transform_tolerance: 0.3
 * /move_base/local_costmap/update_frequency: 10.0
 * /move_base/local_costmap/width: 12.0
 * /move_base/oscillation_distance: 0.2
 * /move_base/oscillation_timeout: 10.0
 * /move_base/planner_frequency: 1.0
 * /move_base/planner_patience: 5.0
 * /move_base/recovery_behavior_enabled: False
 * /move_base/shutdown_costmaps: False
 * /nav_world_model/allow_unfrozen_simulation_candidate: True
 * /nav_world_model/config: /home/robot/robot...
 * /robot_description: <?xml version="1....
 * /rosdistro: noetic
 * /rosversion: 1.17.4
 * /use_sim_time: True
 * /v2_scan_transport/delay_s: 0.06
 * /v2_scan_transport/input_topic: /v2/scan_raw
 * /v2_scan_transport/jitter_s: 0.01
 * /v2_scan_transport/noise_stddev_m: 0.01
 * /v2_scan_transport/output_topic: /scan
 * /v2_scan_transport/seed: 4305

NODES
  /
    gazebo (gazebo_ros/gzserver)
    m2_robot_state_publisher (robot_state_publisher/robot_state_publisher)
    move_base (move_base/move_base)
    nav_world_model (nav_world_model/nav_world_model_node.py)
    spawn_m2 (gazebo_ros/spawn_model)
    v2_scan_transport (m2_gazebo/v2_scan_transport.py)

auto-starting new master
[1mprocess[master]: started with pid [1296878][0m
[1mROS_MASTER_URI=http://127.0.0.1:11311[0m
]2;/home/robot/robot_ws_base_rl/src/simulation/m2_gazebo/launch/m2_v2_typed_teb.launch http://127.0.0.1:11311
[1msetting /run_id to 86f07c10-7eee-11f1-91bc-3382cc4c3ed1[0m
WARNING: Package name "gazebo_ros_2Dmap_plugin" does not follow the naming conventions. It should start with a lower case letter and only contain lower case letters, digits, underscores, and dashes.
[1mprocess[rosout-1]: started with pid [1296911][0m
started core service [/rosout]
[1mprocess[gazebo-2]: started with pid [1296918][0m
[1mprocess[spawn_m2-3]: started with pid [1296922][0m
[1mprocess[m2_robot_state_publisher-4]: started with pid [1296924][0m
[1mprocess[v2_scan_transport-5]: started with pid [1296925][0m
[1mprocess[move_base-6]: started with pid [1296926][0m
[1mprocess[nav_world_model-7]: started with pid [1296928][0m
WARNING: Package name "gazebo_ros_2Dmap_plugin" does not follow the naming conventions. It should start with a lower case letter and only contain lower case letters, digits, underscores, and dashes.
WARNING: Package name "gazebo_ros_2Dmap_plugin" does not follow the naming conventions. It should start with a lower case letter and only contain lower case letters, digits, underscores, and dashes.
[INFO] [1783969836.641567, 0.000000]: Loading model XML from ros parameter robot_description
[INFO] [1783969836.645303, 0.000000]: Waiting for service /gazebo/spawn_urdf_model
[INFO] [1783969837.251306, 0.000000]: Calling service /gazebo/spawn_urdf_model
[INFO] [1783969837.554064, 0.178000]: Spawn status: SpawnModel: Successfully spawned entity
[WARN] [1783969837.864939, 0.352000]: V2-03 world model rejected scan: Lookup would require extrapolation 0.012000000s into the past.  Requested time 0.246000000 but the earliest data is at time 0.258000000, when looking up transform from frame [laser_link] to frame [odom]
[1m[spawn_m2-3] process has finished cleanly
log file: /home/robot/.ros/log/86f07c10-7eee-11f1-91bc-3382cc4c3ed1/spawn_m2-3*.log[0m
[ERROR] [1783969870.651201011, 33.086000000]: TebOptimalPlanner::getVelocityCommand() - timediff<=0 is invalid!
[WARN] [1783969870.651296996, 33.086000000]: TebLocalPlannerROS: velocity command invalid. Resetting planner...
[move_base-6] killing on exit
[nav_world_model-7] killing on exit
[gazebo-2] killing on exit
[m2_robot_state_publisher-4] killing on exit
[v2_scan_transport-5] killing on exit
[INFO] [1783969837.973297538, 0.460000000]: global_costmap: Using plugin "obstacle_layer"
[INFO] [1783969837.975717708, 0.462000000]:     Subscribed to Topics: scan
[INFO] [1783969837.980598701, 0.466000000]: global_costmap: Using plugin "inflation_layer"
[INFO] [1783969837.992553648, 0.480000000]: local_costmap: Using plugin "obstacle_layer"
[INFO] [1783969837.993320717, 0.480000000]:     Subscribed to Topics: scan
[INFO] [1783969837.998159205, 0.484000000]: local_costmap: Using plugin "inflation_layer"
[INFO] [1783969838.009716491, 0.496000000]: Created local_planner teb_local_planner/TebLocalPlannerROS
[INFO] [1783969838.027418640, 0.514000000]: Footprint model 'polygon' loaded for trajectory optimization.
[INFO] [1783969838.027532240, 0.514000000]: Parallel planning in distinctive topologies disabled.
[INFO] [1783969838.027543233, 0.514000000]: No costmap conversion plugin specified. All occupied costmap cells are treaten as point obstacles.
[INFO] [1783969838.118014141, 0.604000000]: Recovery behavior will clear layer 'obstacles'
[INFO] [1783969838.119013148, 0.606000000]: Recovery behavior will clear layer 'obstacles'
[INFO] [1783969838.170420028, 0.658000000]: odom received!
[INFO] [1783969874.453371640, 36.882000000]: GOAL Reached!
[INFO] [1783969836.770080958]: Finished loading Gazebo ROS API Plugin.
[INFO] [1783969836.770883474]: waitForService: Service [/gazebo/set_physics_properties] has not been advertised, waiting...
[INFO] [1783969837.181776754, 0.012000000]: waitForService: Service [/gazebo/set_physics_properties] is now available.
[INFO] [1783969837.260217662, 0.088000000]: Physics dynamic reconfigure ready.
[INFO] [1783969837.422540974, 0.178000000]: <initialOrientationAsReference> is unset, using default value of false to comply with REP 145 (world as orientation reference)
[INFO] [1783969837.422569269, 0.178000000]: <robotNamespace> set to: //
[INFO] [1783969837.422577771, 0.178000000]: <topicName> set to: imu/data
[INFO] [1783969837.422583276, 0.178000000]: <frameName> set to: imu_link
[INFO] [1783969837.422599166, 0.178000000]: <updateRateHZ> set to: 50
[INFO] [1783969837.422607144, 0.178000000]: <gaussianNoise> set to: 0
[INFO] [1783969837.422622734, 0.178000000]: <xyzOffset> set to: 0 0 0
[INFO] [1783969837.422635081, 0.178000000]: <rpyOffset> set to: 0 -0 0
[INFO] [1783969837.555356048, 0.178000000]: Laser Plugin: Using the 'robotNamespace' param: '/'
[INFO] [1783969837.555378777, 0.178000000]: Starting Laser Plugin (ns = /)
[INFO] [1783969837.556455023, 0.178000000]: Laser Plugin (ns = /)  <tf_prefix_>, set to ""
[INFO] [1783969837.687608096, 0.178000000]: M2 simulation-only Ackermann interface loaded; cmd_angle_instead_rotvel=false; v2_actuator_dynamics=true
[rosout-1] killing on exit
[master] killing on exit
shutting down processing monitor...
... shutting down processing monitor complete
[1mdone[0m
