schema_version: '2.0'
architecture_generation: v2
evaluator_id: fam_teb_v2_02_evaluator_1
formal_result: false
runtime_ready: false
scene_id: v2-04g-r5-readiness-dynamic-conflict-s5111
family: DYNAMIC
split: calibration
seed: 5111
instance_sha256: e8dceb37120cb734ab6a3659840a5c9bfe53ab3da35a3f7c47eb214a4e067e56
raw_trace_sha256: e23990fbfd6e3f80f6abe8f841b90eb096204cbdf55d0d66ca52bc28f99b7bbc
termination: SUCCESS
metrics:
  common:
    success: true
    collision: false
    navigation_time_s: 19.400000000000002
    path_length_m: 18.182856445997857
    mean_abs_speed_mps: 0.9373726074381479
    minimum_clearance_m: 1.661492443468028
    stop_count: 1
    reverse_distance_m: 0.0
  family:
    minimum_predicted_ttc_s: null
    stop_count: 1
    interaction_clearance_m: 1.661492443468028
stage: V2-04G-R5
method: rule_multi_anchor
episode_timeout_s: 80.0
tracker_message_count: 290
tracker_health_valid_fraction: 1.0
finite_ttc_sample_count: 0
ttc_status: NO_CONFLICT_IN_HORIZON
context_message_count: 97
context_valid_count: 97
context_geometry_sequence:
- BALANCED
- CRUISE
context_geometry_switch_count: 1
transaction_message_count: 99
transaction_valid_count: 99
transaction_activated_count: 99
transaction_fault_count: 0
transaction_backends:
- simulation_teb_dynamic_reconfigure
active_anchor_sequence:
- anchor_balanced
- anchor_cruise
active_anchor_switch_count: 1
typed_transaction_expected: true
typed_transaction_valid: true
training_used: false
runtime_policy_manifest_access: false
runtime_scene_labels_available: false
experiment_manager_validation_manifest_access: false
runner_fault_reason: ''
supervisor_profile_id: r5_ttc_h450
context_geometry_sample_counts:
  BALANCED: 4
  CRUISE: 93
  STATIC_DENSE: 0
  CORRIDOR: 0
  MANEUVER: 0
context_geometry_sample_fractions:
  BALANCED: 0.041237113402061855
  CRUISE: 0.9587628865979382
  STATIC_DENSE: 0.0
  CORRIDOR: 0.0
  MANEUVER: 0.0
context_overlay_sample_counts:
  NONE: 79
  CROSSING: 14
  HEAD_ON: 0
  FOLLOW: 0
  OVERTAKE_OR_YIELD: 4
context_overlay_sample_fractions:
  NONE: 0.8144329896907216
  CROSSING: 0.14432989690721648
  HEAD_ON: 0.0
  FOLLOW: 0.0
  OVERTAKE_OR_YIELD: 0.041237113402061855
experiment_manager_calibration_manifest_access: true
mode_measurement_window: post_readiness_goal_execution_only
clearance_audit:
  schema_version: '2.0'
  stage: V2-04G-R5
  evaluator_only_gazebo_truth_used: true
  runtime_policy_received_truth: false
  minimum_signed_scan_clearance_m: 1.661492443468028
  minimum_truth_box_clearance_m: 1.6251341291519297
  classification: CLEARANCE_POSITIVE
  minimum_scan_detail:
    stamp_s: 12.888
    robot_x_m: 5.8740329640199
    robot_y_m: 0.16817572774990033
    signed_scan_clearance_m: 1.661492443468028
    clipped_scan_clearance_m: 1.661492443468028
    raw_range_m: 2.2668299674987793
    ray_index: 421
    ray_angle_rad: 0.5374344671145082
    footprint_boundary_range_m: 0.6053375240307511
  minimum_truth_detail:
    stamp_s: 12.988
    clearance_m: 1.6251341291519297
    closest_model: crossing-agent
    model_x_m: 8.0
    model_y_m: 1.8102550471250005
  contact_count: 0
mechanism_message_count: 97
mechanism_join_valid_count: 97
mechanism_join_valid_fraction: 1.0
mechanism_join_reason_counts:
  EXACT_SEQUENCE_JOIN: 97
mechanism_topology_locked_sample_count: 0
mechanism_corridor_centerline_sample_count: 0
mechanism_maneuver_reverse_sample_count: 0
mechanism_topology_switch_count: 0

