schema_version: '2.0'
architecture_generation: v2
evaluator_id: fam_teb_v2_02_evaluator_1
formal_result: false
runtime_ready: false
scene_id: v2-04g-r4-r1-maneuver-s5103
family: MANEUVER
split: calibration
seed: 5103
instance_sha256: d93ae01c64d6f5e4a8b706d311dc6508961e56f1eb2da7ed76fef7285d6efc54
raw_trace_sha256: f6fe5d4a4194cbdf1ca720f5bd640fa5e743decb2c7f08b627374feae84dcbc6
termination: SUCCESS
metrics:
  common:
    success: true
    collision: false
    navigation_time_s: 36.1
    path_length_m: 11.379221694126429
    mean_abs_speed_mps: 0.3153863640909526
    minimum_clearance_m: 0.24567518784104436
    stop_count: 6
    reverse_distance_m: 9.329674175825618
  family:
    gear_switch_count: 5
    gear_switch_while_moving_count: 2
    reverse_distance_m: 9.329674175825618
stage: V2-04G-R4-R1
method: rule_multi_anchor
episode_timeout_s: 60.0
tracker_message_count: 534
tracker_health_valid_fraction: 1.0
finite_ttc_sample_count: 0
ttc_status: NO_CONFLICT_IN_HORIZON
context_message_count: 181
context_valid_count: 181
context_geometry_sequence:
- MANEUVER
- STATIC_DENSE
context_geometry_switch_count: 1
transaction_message_count: 182
transaction_valid_count: 182
transaction_activated_count: 182
transaction_fault_count: 0
transaction_backends:
- simulation_teb_dynamic_reconfigure
active_anchor_sequence:
- anchor_maneuver_reverse
- anchor_static_dense
active_anchor_switch_count: 1
typed_transaction_expected: true
typed_transaction_valid: true
training_used: false
runtime_policy_manifest_access: false
runtime_scene_labels_available: false
experiment_manager_validation_manifest_access: false
runner_fault_reason: ''
supervisor_profile_id: r4r1_aggressive_control_m028
context_geometry_sample_counts:
  BALANCED: 0
  CRUISE: 0
  STATIC_DENSE: 140
  CORRIDOR: 0
  MANEUVER: 41
context_geometry_sample_fractions:
  BALANCED: 0.0
  CRUISE: 0.0
  STATIC_DENSE: 0.7734806629834254
  CORRIDOR: 0.0
  MANEUVER: 0.2265193370165746
context_overlay_sample_counts:
  NONE: 181
  CROSSING: 0
  HEAD_ON: 0
  FOLLOW: 0
  OVERTAKE_OR_YIELD: 0
context_overlay_sample_fractions:
  NONE: 1.0
  CROSSING: 0.0
  HEAD_ON: 0.0
  FOLLOW: 0.0
  OVERTAKE_OR_YIELD: 0.0
experiment_manager_calibration_manifest_access: true
mode_measurement_window: post_readiness_goal_execution_only
clearance_audit:
  schema_version: '2.0'
  stage: V2-04G-R4-R1
  evaluator_only_gazebo_truth_used: true
  runtime_policy_received_truth: false
  minimum_signed_scan_clearance_m: 0.24567518784104436
  minimum_truth_box_clearance_m: 0.254854888387973
  classification: CLEARANCE_POSITIVE
  minimum_scan_detail:
    stamp_s: 22.428
    robot_x_m: -3.5511530325692537
    robot_y_m: 0.565034410159316
    signed_scan_clearance_m: 0.24567518784104436
    clipped_scan_clearance_m: 0.24567518784104436
    raw_range_m: 0.8510128855705261
    ray_index: 298
    ray_angle_rad: -0.5374349486082792
    footprint_boundary_range_m: 0.6053376977294818
  minimum_truth_detail:
    stamp_s: 24.128
    clearance_m: 0.254854888387973
    closest_model: bay-left
    model_x_m: 3.009892275
    model_y_m: 1.517933711
  contact_count: 0
mechanism_message_count: 181
mechanism_join_valid_count: 181
mechanism_join_valid_fraction: 1.0
mechanism_join_reason_counts:
  EXACT_SEQUENCE_JOIN: 181
mechanism_topology_locked_sample_count: 140
mechanism_corridor_centerline_sample_count: 0
mechanism_maneuver_reverse_sample_count: 41
mechanism_topology_switch_count: 0

