schema_version: '2.0'
architecture_generation: v2
evaluator_id: fam_teb_v2_02_evaluator_1
formal_result: false
runtime_ready: false
scene_id: v2-04g-r1-static-s4929
family: STATIC_DENSE
split: calibration
seed: 4929
instance_sha256: 32a3c44dc90735f4a1a9a4e768fb2bbdf9b9e89b6e1792d420cee0a4f3429beb
raw_trace_sha256: cbc211ecc12824bf558a64e9fc18812a83541ff1d0cee5e81f9f409595046a82
termination: SUCCESS
metrics:
  common:
    success: true
    collision: false
    navigation_time_s: 22.1
    path_length_m: 14.636434187463776
    mean_abs_speed_mps: 0.6622966053477647
    minimum_clearance_m: 0.4970696921931735
    stop_count: 1
    reverse_distance_m: 0.0
  family:
    topology_switch_count: 1
    global_replan_count: 44
    recovery_count: 0
stage: V2-04G-R1
method: rule_multi_anchor
episode_timeout_s: 50.0
tracker_message_count: 330
tracker_health_valid_fraction: 1.0
finite_ttc_sample_count: 111
ttc_status: OBSERVED_CONFLICT
context_message_count: 111
context_valid_count: 110
context_geometry_sequence:
- BALANCED
- STATIC_DENSE
context_geometry_switch_count: 1
transaction_message_count: 112
transaction_valid_count: 111
transaction_activated_count: 111
transaction_fault_count: 1
transaction_backends:
- simulation_teb_dynamic_reconfigure
active_anchor_sequence:
- anchor_balanced
- anchor_static_dense
active_anchor_switch_count: 1
typed_transaction_expected: true
typed_transaction_valid: true
training_used: false
runtime_policy_manifest_access: false
runtime_scene_labels_available: false
experiment_manager_validation_manifest_access: false
runner_fault_reason: ''
supervisor_profile_id: g2_mechanism_aggressive
context_geometry_sample_counts:
  BALANCED: 18
  CRUISE: 0
  STATIC_DENSE: 92
  CORRIDOR: 0
  MANEUVER: 0
context_geometry_sample_fractions:
  BALANCED: 0.16363636363636364
  CRUISE: 0.0
  STATIC_DENSE: 0.8363636363636363
  CORRIDOR: 0.0
  MANEUVER: 0.0
context_overlay_sample_counts:
  NONE: 39
  CROSSING: 0
  HEAD_ON: 0
  FOLLOW: 0
  OVERTAKE_OR_YIELD: 71
context_overlay_sample_fractions:
  NONE: 0.35454545454545455
  CROSSING: 0.0
  HEAD_ON: 0.0
  FOLLOW: 0.0
  OVERTAKE_OR_YIELD: 0.6454545454545455
experiment_manager_calibration_manifest_access: true
mode_measurement_window: post_readiness_goal_execution_only
clearance_audit:
  schema_version: '2.0'
  stage: V2-04G-R1
  evaluator_only_gazebo_truth_used: true
  runtime_policy_received_truth: false
  minimum_signed_scan_clearance_m: 0.4970696921931735
  minimum_truth_box_clearance_m: 0.4952083734375313
  classification: CLEARANCE_POSITIVE
  minimum_scan_detail:
    stamp_s: 9.024
    robot_x_m: 2.7049545878784533
    robot_y_m: 0.48294317729112474
    signed_scan_clearance_m: 0.4970696921931735
    clipped_scan_clearance_m: 0.4970696921931735
    raw_range_m: 0.8496115803718567
    ray_index: 166
    ray_angle_rad: -1.6909533459693193
    footprint_boundary_range_m: 0.3525418881786832
  minimum_truth_detail:
    stamp_s: 8.024
    clearance_m: 0.4952083734375313
    closest_model: pillar-1
    model_x_m: 3.150683451
    model_y_m: -0.67989168
  contact_count: 0
mechanism_message_count: 111
mechanism_join_valid_count: 111
mechanism_join_valid_fraction: 1.0
mechanism_join_reason_counts:
  EXACT_SEQUENCE_JOIN: 111
mechanism_topology_locked_sample_count: 91
mechanism_corridor_centerline_sample_count: 0
mechanism_maneuver_reverse_sample_count: 0
mechanism_topology_switch_count: 0

